Error while reading tuple: (Sc_Prm.Ts, Sc_Prm.Pole_Pairs)
Retries: 1
Error while reading tuple: (Sc_Prm.Ts, Sc_Prm.Pole_Pairs)
Retries: 2
Step 0
Current: 2.000000
Frequency: 0.000000
Sc_IAmpl = 2.058104991912842
Sc_VAmpl = 16.930335998535156
Sc_IAmpl = 1.9928655624389648
Sc_VAmpl = 13.143439292907715
Sc_IAmpl = 2.016913414001465
Sc_VAmpl = 14.331581115722656
Sc_IAmpl = 2.0289413928985596
Sc_VAmpl = 12.070218086242676
Sc_IAmpl = 2.0008745193481445
Sc_VAmpl = 12.340758323669434
Sc_IAmpl = 1.9848352670669556
Sc_VAmpl = 12.082639694213867
Sc_IAmpl = 2.0088939666748047
Sc_VAmpl = 11.12566089630127
Sc_IAmpl = 2.0008745193481445
Sc_VAmpl = 12.356429100036621
Sc_IAmpl = 2.01290225982666
Sc_VAmpl = 11.88815975189209
Sc_IAmpl = 2.0209219455718994
Sc_VAmpl = 14.639934539794922
Rs[0] = 6.5044383025863555
Step 0
Voltage: 30.000000
Frequency: 300.000000
Error while writing tuple: (Sc_Injection_Flag,)
Retries: 1
Step 1
Voltage: 37.777778
Frequency: 300.000000
Step 2
Voltage: 45.555556
Frequency: 300.000000
Step 3
Voltage: 53.333333
Frequency: 300.000000
Step 4
Voltage: 61.111111
Frequency: 300.000000
Step 5
Voltage: 68.888889
Frequency: 300.000000
Step 6
Voltage: 76.666667
Frequency: 300.000000
Error while writing tuple: (Sc_Injection_Flag,)
Retries: 1
Step 7
Voltage: 84.444444
Frequency: 300.000000
Step 8
Voltage: 92.222222
Frequency: 300.000000
Step 9
Voltage: 100.000000
Frequency: 300.000000
Step 0
Speed: 1000.000000
Step 1
Speed: 1333.333333
Step 2
Speed: 1666.666667
Error while reading tuple: (Sc_IO_Data.Speed_Rot_Ref,)
Retries: 1
Step 3
Speed: 2000.000000
Step 4
Speed: 2333.333333
Step 5
Speed: 2666.666667
Step 6
Speed: 3000.000000
Step 7
Speed: 3333.333333
Step 8
Speed: 3666.666667
Step 9
Speed: 4000.000000
