Error while reading tuple: (Sc_Prm.Ts, Sc_Prm.Pole_Pairs)
Retries: 1
Error while reading tuple: (Sc_Prm.Ts, Sc_Prm.Pole_Pairs)
Retries: 2
Step 0
Current: 2.000000
Frequency: 0.000000
Sc_IAmpl = 1.9451345205307007
Sc_VAmpl = 15.892317771911621
Sc_IAmpl = 1.9687962532043457
Sc_VAmpl = 13.065789222717285
Sc_IAmpl = 2.0008745193481445
Sc_VAmpl = 13.558443069458008
Sc_IAmpl = 2.016913414001465
Sc_VAmpl = 12.834073066711426
Sc_IAmpl = 2.0008745193481445
Sc_VAmpl = 13.10167407989502
Sc_IAmpl = 2.01290225982666
Sc_VAmpl = 12.374347686767578
Sc_IAmpl = 1.9888436794281006
Sc_VAmpl = 14.632340431213379
Sc_IAmpl = 2.016913414001465
Sc_VAmpl = 13.145207405090332
Sc_IAmpl = 1.9888436794281006
Sc_VAmpl = 13.406362533569336
Sc_IAmpl = 2.0008745193481445
Sc_VAmpl = 13.16778564453125
Rs[0] = 6.778924778218298
Step 0
Voltage: 30.000000
Frequency: 300.000000
Step 1
Voltage: 37.777778
Frequency: 300.000000
Step 2
Voltage: 45.555556
Frequency: 300.000000
Step 3
Voltage: 53.333333
Frequency: 300.000000
Step 4
Voltage: 61.111111
Frequency: 300.000000
Step 5
Voltage: 68.888889
Frequency: 300.000000
Step 6
Voltage: 76.666667
Frequency: 300.000000
Step 7
Voltage: 84.444444
Frequency: 300.000000
Step 8
Voltage: 92.222222
Frequency: 300.000000
Step 9
Voltage: 100.000000
Frequency: 300.000000
Step 0
Speed: 1000.000000
Step 1
Speed: 1333.333333
Step 2
Speed: 1666.666667
Step 3
Speed: 2000.000000
Step 4
Speed: 2333.333333
Step 5
Speed: 2666.666667
Step 6
Speed: 3000.000000
Step 7
Speed: 3333.333333
Step 8
Speed: 3666.666667
Step 9
Speed: 4000.000000
