Error while reading tuple: (Sc_Prm.Ts, Sc_Prm.Pole_Pairs)
Retries: 1
Error while reading tuple: (Sc_Prm.Ts, Sc_Prm.Pole_Pairs)
Retries: 2
Step 0
Current: 2.000000
Frequency: 0.000000
Sc_IAmpl = 2.0088939666748047
Sc_VAmpl = 11.677633285522461
Sc_IAmpl = 2.0052969455718994
Sc_VAmpl = 13.908865928649902
Sc_IAmpl = 1.9968632459640503
Sc_VAmpl = 12.923027992248535
Sc_IAmpl = 1.99686861038208
Sc_VAmpl = 12.210256576538086
Sc_IAmpl = 2.0088939666748047
Sc_VAmpl = 11.73070240020752
Sc_IAmpl = 2.01290225982666
Sc_VAmpl = 13.214347839355469
Error while reading tuple: (Sc_VAmpl, Sc_IAmpl)
Retries: 1
Sc_IAmpl = 2.0008745193481445
Sc_VAmpl = 12.748625755310059
Sc_IAmpl = 2.0088939666748047
Sc_VAmpl = 12.274123191833496
Sc_IAmpl = 1.9968632459640503
Sc_VAmpl = 11.77281379699707
Sc_IAmpl = 1.9968632459640503
Sc_VAmpl = 12.539355278015137
Rs[0] = 6.239625464634115
Step 0
Voltage: 30.000000
Frequency: 300.000000
Step 1
Voltage: 37.777778
Frequency: 300.000000
Step 2
Voltage: 45.555556
Frequency: 300.000000
Step 3
Voltage: 53.333333
Frequency: 300.000000
Step 4
Voltage: 61.111111
Frequency: 300.000000
Step 5
Voltage: 68.888889
Frequency: 300.000000
Step 6
Voltage: 76.666667
Frequency: 300.000000
Step 7
Voltage: 84.444444
Frequency: 300.000000
Step 8
Voltage: 92.222222
Frequency: 300.000000
Step 9
Voltage: 100.000000
Frequency: 300.000000
Error while reading tuple: (Sc_VoltageInj,)
Retries: 1
Error while reading tuple: (Sc_VoltageInj,)
Retries: 2
Error while reading tuple: (Sc_VoltageInj,)
Retries: 3
Error while reading tuple: (Sc_VoltageInj,)
Retries: 4
Error while reading tuple: (Sc_VoltageInj,)
Retries: 5
