Error while reading tuple: (Sc_Prm.Ts, Sc_Prm.Pole_Pairs)
Retries: 1
Error while reading tuple: (Sc_Prm.Ts, Sc_Prm.Pole_Pairs)
Retries: 2
Step 0
Current: 2.000000
Frequency: 0.000000
Sc_IAmpl = 2.029073476791382
Sc_VAmpl = 13.15831184387207
Sc_IAmpl = 1.99686861038208
Sc_VAmpl = 13.079927444458008
Sc_IAmpl = 2.0048828125
Sc_VAmpl = 12.315933227539062
Sc_IAmpl = 2.016913414001465
Sc_VAmpl = 12.046829223632812
Sc_IAmpl = 2.0088939666748047
Sc_VAmpl = 12.081358909606934
Sc_IAmpl = 2.0008745193481445
Sc_VAmpl = 12.585936546325684
Sc_IAmpl = 1.9928548336029053
Sc_VAmpl = 13.091800689697266
Sc_IAmpl = 2.0209219455718994
Sc_VAmpl = 11.876678466796875
Sc_IAmpl = 2.0048828125
Sc_VAmpl = 12.886655807495117
Sc_IAmpl = 2.0048828125
Sc_VAmpl = 13.401719093322754
Rs[0] = 6.300724128913836
Step 0
Voltage: 30.000000
Frequency: 300.000000
Step 1
Voltage: 37.777778
Frequency: 300.000000
Step 2
Voltage: 45.555556
Frequency: 300.000000
Step 3
Voltage: 53.333333
Frequency: 300.000000
Step 4
Voltage: 61.111111
Frequency: 300.000000
Step 5
Voltage: 68.888889
Frequency: 300.000000
Step 6
Voltage: 76.666667
Frequency: 300.000000
Step 7
Voltage: 84.444444
Frequency: 300.000000
Step 8
Voltage: 92.222222
Frequency: 300.000000
Step 9
Voltage: 100.000000
Frequency: 300.000000
Step 0
Speed: 1000.000000
Step 1
Speed: 1333.333333
Step 2
Speed: 1666.666667
Step 3
Speed: 2000.000000
Step 4
Speed: 2333.333333
Step 5
Speed: 2666.666667
Step 6
Speed: 3000.000000
Step 7
Speed: 3333.333333
Step 8
Speed: 3666.666667
Step 9
Speed: 4000.000000
