Step 0
Current: 2.000000
Frequency: 0.000000
Error while reading tuple: (Sc_Current_Inj_Ampl,)
Retries: 1
Error while reading tuple: (Sc_Current_Inj_Ampl,)
Retries: 2
Error while writing tuple: (Sc_Current_Inj_Ampl, Sc_FrequencyInj)
Retries: 1
Sc_IAmpl = 1.964921474456787
Sc_VAmpl = 8.1072359085083
Sc_IAmpl = 1.9928548336029053
Sc_VAmpl = 7.949998378753662
Sc_IAmpl = 1.9968632459640503
Sc_VAmpl = 7.938209056854248
Sc_IAmpl = 2.0005064010620117
Sc_VAmpl = 8.439736366271973
Sc_IAmpl = 2.0048828125
Sc_VAmpl = 9.7479248046875
Sc_IAmpl = 1.9848352670669556
Sc_VAmpl = 6.97187614440918
Sc_IAmpl = 2.01290225982666
Sc_VAmpl = 8.250849723815918
Sc_IAmpl = 2.0209219455718994
Sc_VAmpl = 7.237473964691162
Sc_IAmpl = 2.032952308654785
Sc_VAmpl = 6.77349328994751
Sc_IAmpl = 1.9928548336029053
Sc_VAmpl = 7.951888084411621
Rs[0] = 2.9677672237038264
Step 0
Voltage: 30.000000
Frequency: 300.000000
Error while writing tuple: (Sc_VoltageInj, Sc_FrequencyInj)
Retries: 1
Step 1
Voltage: 38.888889
Frequency: 300.000000
Step 2
Voltage: 47.777778
Frequency: 300.000000
Error while writing tuple: (Sc_Injection_Flag,)
Retries: 1
Step 3
Voltage: 56.666667
Frequency: 300.000000
Error while writing tuple: (Sc_Injection_Flag,)
Retries: 1
Error while writing tuple: (Sc_Injection_Flag,)
Retries: 1
Step 4
Voltage: 65.555556
Frequency: 300.000000
Step 5
Voltage: 74.444444
Frequency: 300.000000
Step 6
Voltage: 83.333333
Frequency: 300.000000
Error while writing tuple: (Sc_Injection_Flag,)
Retries: 1
Error while writing tuple: (Sc_VoltageInj, Sc_FrequencyInj)
Retries: 1
Step 7
Voltage: 92.222222
Frequency: 300.000000
Error while writing tuple: (Sc_Injection_Flag,)
Retries: 1
Step 8
Voltage: 101.111111
Frequency: 300.000000
Error while writing tuple: (Sc_VoltageInj, Sc_FrequencyInj)
Retries: 1
Step 9
Voltage: 110.000000
Frequency: 300.000000
Error while writing tuple: (Sc_VoltageInj, Sc_FrequencyInj)
Retries: 1
Step 0
Speed: 1000.000000
Step 1
Speed: 1333.333333
Step 2
Speed: 1666.666667
Step 3
Speed: 2000.000000
Step 4
Speed: 2333.333333
Step 5
Speed: 2666.666667
Step 6
Speed: 3000.000000
Step 7
Speed: 3333.333333
Step 8
Speed: 3666.666667
Step 9
Speed: 4000.000000
