Error while reading tuple: (Sc_Prm.Ts, Sc_Prm.Pole_Pairs)
Retries: 1
Error while reading tuple: (Sc_Prm.Ts, Sc_Prm.Pole_Pairs)
Retries: 2
Step 0
Current: 2.000000
Frequency: 0.000000
Sc_IAmpl = 2.057115077972412
Sc_VAmpl = 8.830986976623535
Sc_IAmpl = 2.008904457092285
Sc_VAmpl = 12.204151153564453
Sc_IAmpl = 2.0048828125
Sc_VAmpl = 12.446625709533691
Sc_IAmpl = 2.0088939666748047
Sc_VAmpl = 10.956463813781738
Sc_IAmpl = 1.9928548336029053
Sc_VAmpl = 14.220808029174805
Sc_IAmpl = 2.0008745193481445
Sc_VAmpl = 11.742437362670898
Sc_IAmpl = 2.0008745193481445
Sc_VAmpl = 13.000532150268555
Sc_IAmpl = 2.01290225982666
Sc_VAmpl = 12.51699447631836
Sc_IAmpl = 2.0048828125
Sc_VAmpl = 12.524175643920898
Sc_IAmpl = 1.9968632459640503
Sc_VAmpl = 12.531350135803223
Rs[0] = 6.0219141500194935
Step 0
Voltage: 30.000000
Frequency: 300.000000
Step 1
Voltage: 37.777778
Frequency: 300.000000
Step 2
Voltage: 45.555556
Frequency: 300.000000
Step 3
Voltage: 53.333333
Frequency: 300.000000
Step 4
Voltage: 61.111111
Frequency: 300.000000
Step 5
Voltage: 68.888889
Frequency: 300.000000
Step 6
Voltage: 76.666667
Frequency: 300.000000
Step 7
Voltage: 84.444444
Frequency: 300.000000
Error while reading tuple: (Sc_IAmpl_Max, Sc_IAmpl_Min, Sc_VAmpl)
Retries: 1
Error while reading tuple: (Sc_IAmpl_Max, Sc_IAmpl_Min, Sc_VAmpl)
Retries: 2
Error while reading tuple: (Sc_IAmpl_Max, Sc_IAmpl_Min, Sc_VAmpl)
Retries: 3
Error while reading tuple: (Sc_IAmpl_Max, Sc_IAmpl_Min, Sc_VAmpl)
Retries: 4
Error while reading tuple: (Sc_IAmpl_Max, Sc_IAmpl_Min, Sc_VAmpl)
Retries: 5
