Error while reading tuple: (Sc_Prm.Ts, Sc_Prm.Pole_Pairs)
Retries: 1
Error while reading tuple: (Sc_Prm.Ts, Sc_Prm.Pole_Pairs)
Retries: 2
Step 0
Current: 2.000000
Frequency: 0.000000
Error while writing tuple: (Sc_Current_Inj_Ampl, Sc_FrequencyInj)
Retries: 1
Sc_IAmpl = 1.9888652563095093
Sc_VAmpl = 12.1900053024292
Sc_IAmpl = 1.9968632459640503
Sc_VAmpl = 12.279664039611816
Sc_IAmpl = 2.0048828125
Sc_VAmpl = 12.052145957946777
Sc_IAmpl = 2.0088939666748047
Sc_VAmpl = 10.811132431030273
Sc_IAmpl = 2.0530052185058594
Sc_VAmpl = 11.574712753295898
Sc_IAmpl = 2.01290225982666
Sc_VAmpl = 11.866066932678223
Sc_IAmpl = 2.0008745193481445
Sc_VAmpl = 14.862222671508789
Sc_IAmpl = 2.0048828125
Sc_VAmpl = 13.375649452209473
Sc_IAmpl = 2.0048828125
Sc_VAmpl = 11.64673137664795
Sc_IAmpl = 2.0209219455718994
Sc_VAmpl = 12.899149894714355
Rs[0] = 6.148063663119501
Step 0
Voltage: 30.000000
Frequency: 300.000000
Step 1
Voltage: 37.777778
Frequency: 300.000000
Step 2
Voltage: 45.555556
Frequency: 300.000000
Step 3
Voltage: 53.333333
Frequency: 300.000000
Step 4
Voltage: 61.111111
Frequency: 300.000000
Error while reading tuple: (Sc_IAmpl_Max, Sc_IAmpl_Min, Sc_VAmpl)
Retries: 1
Error while reading tuple: (Sc_IAmpl_Max, Sc_IAmpl_Min, Sc_VAmpl)
Retries: 2
Error while reading tuple: (Sc_IAmpl_Max, Sc_IAmpl_Min, Sc_VAmpl)
Retries: 3
Error while reading tuple: (Sc_IAmpl_Max, Sc_IAmpl_Min, Sc_VAmpl)
Retries: 4
Error while reading tuple: (Sc_IAmpl_Max, Sc_IAmpl_Min, Sc_VAmpl)
Retries: 5
