Error while reading tuple: (Sc_Prm.Ts, Sc_Prm.Pole_Pairs)
Retries: 1
Error while reading tuple: (Sc_Prm.Ts, Sc_Prm.Pole_Pairs)
Retries: 2
Step 0
Current: 2.000000
Frequency: 0.000000
Error while writing tuple: (Sc_Current_Inj_Ampl, Sc_FrequencyInj)
Retries: 1
Sc_IAmpl = 2.0008745193481445
Sc_VAmpl = 13.208950996398926
Sc_IAmpl = 1.9928548336029053
Sc_VAmpl = 12.994863510131836
Sc_IAmpl = 2.016913414001465
Sc_VAmpl = 12.269977569580078
Sc_IAmpl = 1.9928548336029053
Sc_VAmpl = 12.531537055969238
Sc_IAmpl = 1.9968632459640503
Sc_VAmpl = 12.022522926330566
Sc_IAmpl = 2.0129075050354004
Sc_VAmpl = 12.549811363220215
Sc_IAmpl = 1.9928548336029053
Sc_VAmpl = 12.54157543182373
Sc_IAmpl = 2.0048828125
Sc_VAmpl = 12.815589904785156
Sc_IAmpl = 2.0048828125
Sc_VAmpl = 12.338472366333008
Sc_IAmpl = 2.0008745193481445
Sc_VAmpl = 13.346320152282715
Rs[0] = 6.325679091694633
Step 0
Voltage: 30.000000
Frequency: 300.000000
Step 1
Voltage: 37.777778
Frequency: 300.000000
Step 2
Voltage: 45.555556
Frequency: 300.000000
Step 3
Voltage: 53.333333
Frequency: 300.000000
Step 4
Voltage: 61.111111
Frequency: 300.000000
Step 5
Voltage: 68.888889
Frequency: 300.000000
Step 6
Voltage: 76.666667
Frequency: 300.000000
Step 7
Voltage: 84.444444
Frequency: 300.000000
Step 8
Voltage: 92.222222
Frequency: 300.000000
Step 9
Voltage: 100.000000
Frequency: 300.000000
Step 0
Speed: 1000.000000
Step 1
Speed: 1333.333333
Step 2
Speed: 1666.666667
Step 3
Speed: 2000.000000
Step 4
Speed: 2333.333333
Step 5
Speed: 2666.666667
Step 6
Speed: 3000.000000
Step 7
Speed: 3333.333333
Step 8
Speed: 3666.666667
Step 9
Speed: 4000.000000
