Waiting for reset...
SR_Motor_Flags = 0x20
SR_Motor_Flags = 0x20
SR_Motor_Flags = 0x0
SR_Motor_Flags = 0x0
SR_Motor_Flags = 0x600
SR_Motor_Flags = 0x600
SR_Motor_Flags = 0x600
SR_Motor_Flags = 0x600
SR_Motor_Flags = 0x600
SR_Motor_Flags = 0x201
Step 0
Current: 2.000000
Frequency: 0.000000
Sc_IAmpl = 1.9888436794281006
Sc_VAmpl = 11.63350772857666
Sc_IAmpl = 2.0008745193481445
Sc_VAmpl = 12.563068389892578
Sc_IAmpl = 2.0048828125
Sc_VAmpl = 13.06701374053955
Sc_IAmpl = 2.0088939666748047
Sc_VAmpl = 12.353941917419434
Sc_IAmpl = 2.0048828125
Sc_VAmpl = 12.5879545211792
Sc_IAmpl = 1.9928548336029053
Sc_VAmpl = 12.626189231872559
Sc_IAmpl = 2.0048828125
Sc_VAmpl = 13.148728370666504
Sc_IAmpl = 1.9968632459640503
Sc_VAmpl = 12.621517181396484
Sc_IAmpl = 2.0209219455718994
Sc_VAmpl = 11.417839050292969
Sc_IAmpl = 2.0008745193481445
Sc_VAmpl = 12.674277305603027
Rs[0] = 6.22698814440332
Step 0
Voltage: 30.000000
Frequency: 300.000000
Step 1
Voltage: 37.777778
Frequency: 300.000000
Step 2
Voltage: 45.555556
Frequency: 300.000000
Step 3
Voltage: 53.333333
Frequency: 300.000000
Step 4
Voltage: 61.111111
Frequency: 300.000000
Step 5
Voltage: 68.888889
Frequency: 300.000000
Step 6
Voltage: 76.666667
Frequency: 300.000000
Step 7
Voltage: 84.444444
Frequency: 300.000000
Step 8
Voltage: 92.222222
Frequency: 300.000000
Step 9
Voltage: 100.000000
Frequency: 300.000000
Step 0
Speed: 1000.000000
Step 1
Speed: 1333.333333
Step 2
Speed: 1666.666667
Step 3
Speed: 2000.000000
Step 4
Speed: 2333.333333
Step 5
Speed: 2666.666667
Step 6
Speed: 3000.000000
Step 7
Speed: 3333.333333
Step 8
Speed: 3666.666667
Step 9
Speed: 4000.000000
