Error while reading tuple: (Sc_Prm.Ts, Sc_Prm.Pole_Pairs)
Retries: 1
Error while reading tuple: (Sc_Prm.Ts, Sc_Prm.Pole_Pairs)
Retries: 2
Step 0
Current: 2.000000
Frequency: 0.000000
Sc_IAmpl = 1.9814789295196533
Sc_VAmpl = 17.843975067138672
Sc_IAmpl = 2.0169239044189453
Sc_VAmpl = 11.218209266662598
Sc_IAmpl = 2.0008745193481445
Sc_VAmpl = 13.242971420288086
Sc_IAmpl = 2.024933099746704
Sc_VAmpl = 13.721532821655273
Sc_IAmpl = 2.0129075050354004
Sc_VAmpl = 13.001568794250488
Sc_IAmpl = 2.016913414001465
Sc_VAmpl = 12.275938987731934
Sc_IAmpl = 2.0048828125
Sc_VAmpl = 12.020146369934082
Sc_IAmpl = 1.9928548336029053
Sc_VAmpl = 12.799863815307617
Sc_IAmpl = 1.9968632459640503
Sc_VAmpl = 12.79286003112793
Sc_IAmpl = 2.01290225982666
Sc_VAmpl = 12.81952953338623
Rs[0] = 6.566626094834409
Step 0
Voltage: 30.000000
Frequency: 300.000000
Step 1
Voltage: 37.777778
Frequency: 300.000000
Step 2
Voltage: 45.555556
Frequency: 300.000000
Step 3
Voltage: 53.333333
Frequency: 300.000000
Step 4
Voltage: 61.111111
Frequency: 300.000000
Step 5
Voltage: 68.888889
Frequency: 300.000000
Step 6
Voltage: 76.666667
Frequency: 300.000000
Step 7
Voltage: 84.444444
Frequency: 300.000000
Step 8
Voltage: 92.222222
Frequency: 300.000000
Step 9
Voltage: 100.000000
Frequency: 300.000000
Step 0
Speed: 1000.000000
Step 1
Speed: 1333.333333
Step 2
Speed: 1666.666667
Step 3
Speed: 2000.000000
Step 4
Speed: 2333.333333
Step 5
Speed: 2666.666667
Step 6
Speed: 3000.000000
Step 7
Speed: 3333.333333
Step 8
Speed: 3666.666667
Step 9
Speed: 4000.000000
