Step 0
Current: 2.000000
Frequency: 0.000000
Error while reading tuple: (Sc_Current_Inj_Ampl,)
Retries: 1
Error while reading tuple: (Sc_Current_Inj_Ampl,)
Retries: 2
Sc_IAmpl = 2.008957862854004
Sc_VAmpl = 11.739690780639648
Sc_IAmpl = 2.0008745193481445
Sc_VAmpl = 11.681524276733398
Sc_IAmpl = 2.0088939666748047
Sc_VAmpl = 12.060221672058105
Sc_IAmpl = 2.0008745193481445
Sc_VAmpl = 12.048830032348633
Sc_IAmpl = 2.0048828125
Sc_VAmpl = 11.017889976501465
Sc_IAmpl = 2.016913414001465
Sc_VAmpl = 11.027589797973633
Sc_IAmpl = 2.0088939666748047
Sc_VAmpl = 12.7659912109375
Sc_IAmpl = 2.0048828125
Sc_VAmpl = 11.01353931427002
Sc_IAmpl = 2.01290225982666
Sc_VAmpl = 14.064228057861328
Sc_IAmpl = 1.9928548336029053
Sc_VAmpl = 11.84079360961914
Rs[0] = 5.944903500398725
Step 0
Voltage: 30.000000
Frequency: 300.000000
Step 1
Voltage: 37.777778
Frequency: 300.000000
Step 2
Voltage: 45.555556
Frequency: 300.000000
Step 3
Voltage: 53.333333
Frequency: 300.000000
Step 4
Voltage: 61.111111
Frequency: 300.000000
Step 5
Voltage: 68.888889
Frequency: 300.000000
Step 6
Voltage: 76.666667
Frequency: 300.000000
Step 7
Voltage: 84.444444
Frequency: 300.000000
Step 8
Voltage: 92.222222
Frequency: 300.000000
Step 9
Voltage: 100.000000
Frequency: 300.000000
Step 0
Speed: 1000.000000
Step 1
Speed: 1333.333333
Step 2
Speed: 1666.666667
Step 3
Speed: 2000.000000
Step 4
Speed: 2333.333333
Step 5
Speed: 2666.666667
Step 6
Speed: 3000.000000
Step 7
Speed: 3333.333333
Step 8
Speed: 3666.666667
Step 9
Speed: 4000.000000
