Error while reading tuple: (Sc_Prm.Ts, Sc_Prm.Pole_Pairs)
Retries: 1
Error while reading tuple: (Sc_Prm.Ts, Sc_Prm.Pole_Pairs)
Retries: 2
Step 0
Current: 2.000000
Frequency: 0.000000
Error while writing tuple: (Sc_Current_Inj_Ampl, Sc_FrequencyInj)
Retries: 1
Sc_IAmpl = 1.97281014919281
Sc_VAmpl = 13.819808006286621
Sc_IAmpl = 1.9808242321014404
Sc_VAmpl = 13.756431579589844
Sc_IAmpl = 2.016913414001465
Sc_VAmpl = 13.260454177856445
Sc_IAmpl = 2.0008745193481445
Sc_VAmpl = 13.265020370483398
Sc_IAmpl = 2.0209219455718994
Sc_VAmpl = 14.047133445739746
Sc_IAmpl = 2.0008745193481445
Sc_VAmpl = 14.537208557128906
Sc_IAmpl = 2.0048828125
Sc_VAmpl = 13.535724639892578
Sc_IAmpl = 2.0048828125
Sc_VAmpl = 12.800237655639648
Sc_IAmpl = 2.0048828125
Sc_VAmpl = 15.316388130187988
Sc_IAmpl = 1.9928548336029053
Sc_VAmpl = 13.785388946533203
Rs[0] = 6.905940453521448
Step 0
Voltage: 30.000000
Frequency: 300.000000
Error while writing tuple: (Sc_VoltageInj, Sc_FrequencyInj)
Retries: 1
Error while writing tuple: (Sc_Injection_Flag,)
Retries: 1
Error while writing tuple: (Sc_Injection_Flag,)
Retries: 2
Error while writing tuple: (Sc_Injection_Flag,)
Retries: 1
Step 1
Voltage: 37.777778
Frequency: 300.000000
Error while writing tuple: (Sc_VoltageInj, Sc_FrequencyInj)
Retries: 1
Error while reading tuple: (Sc_IAmpl_Max, Sc_IAmpl_Min, Sc_VAmpl)
Retries: 1
Step 2
Voltage: 45.555556
Frequency: 300.000000
Step 3
Voltage: 53.333333
Frequency: 300.000000
Error while writing tuple: (Sc_Injection_Flag,)
Retries: 1
Error while writing tuple: (Sc_VoltageInj, Sc_FrequencyInj)
Retries: 1
Error while reading tuple: (Sc_IAmpl_Max, Sc_IAmpl_Min, Sc_VAmpl)
Retries: 1
Step 4
Voltage: 61.111111
Frequency: 300.000000
Error while writing tuple: (Sc_VoltageInj, Sc_FrequencyInj)
Retries: 1
Error while writing tuple: (Sc_VoltageInj, Sc_FrequencyInj)
Retries: 1
Error while writing tuple: (Sc_Injection_Flag,)
Retries: 1
Error while writing tuple: (Sc_Injection_Flag,)
Retries: 1
Step 5
Voltage: 68.888889
Frequency: 300.000000
Error while writing tuple: (Sc_VoltageInj, Sc_FrequencyInj)
Retries: 1
Error while writing tuple: (Sc_Injection_Flag,)
Retries: 1
Step 6
Voltage: 76.666667
Frequency: 300.000000
Step 7
Voltage: 84.444444
Frequency: 300.000000
Error while writing tuple: (Sc_VoltageInj, Sc_FrequencyInj)
Retries: 1
Error while writing tuple: (Sc_Injection_Flag,)
Retries: 1
Error while reading tuple: (Sc_IAmpl_Max, Sc_IAmpl_Min, Sc_VAmpl)
Retries: 1
Error while reading tuple: (Sc_IAmpl_Max, Sc_IAmpl_Min, Sc_VAmpl)
Retries: 1
Step 8
Voltage: 92.222222
Frequency: 300.000000
Error while writing tuple: (Sc_Injection_Flag,)
Retries: 1
Step 9
Voltage: 100.000000
Frequency: 300.000000
Error while writing tuple: (Sc_VoltageInj, Sc_FrequencyInj)
Retries: 1
Error while writing tuple: (Sc_Injection_Flag,)
Retries: 1
Error while reading tuple: (Sc_IAmpl_Max, Sc_IAmpl_Min, Sc_VAmpl)
Retries: 1
Step 0
Speed: 1000.000000
Step 1
Speed: 1333.333333
Step 2
Speed: 1666.666667
Step 3
Speed: 2000.000000
Step 4
Speed: 2333.333333
Error while reading tuple: (Sc_Data.Speed_Rot_Est_El_Abs, Sc_Bemf_Ampl)
Retries: 1
Step 5
Speed: 2666.666667
Step 6
Speed: 3000.000000
Step 7
Speed: 3333.333333
Step 8
Speed: 3666.666667
Step 9
Speed: 4000.000000
Waiting for reset...
SR_Motor_Flags = 0x20
SR_Motor_Flags = 0x20
SR_Motor_Flags = 0x20
SR_Motor_Flags = 0x0
SR_Motor_Flags = 0x600
SR_Motor_Flags = 0x600
SR_Motor_Flags = 0x600
SR_Motor_Flags = 0x600
SR_Motor_Flags = 0x600
SR_Motor_Flags = 0x201
