Error while reading tuple: (Sc_Prm.Ts, Sc_Prm.Pole_Pairs)
Retries: 1
Error while reading tuple: (Sc_Prm.Ts, Sc_Prm.Pole_Pairs)
Retries: 2
Step 0
Current: 2.000000
Frequency: 0.000000
Error while writing tuple: (Sc_Injection_Flag,)
Retries: 1
Sc_IAmpl = 2.0008745193481445
Sc_VAmpl = 11.644549369812012
Sc_IAmpl = 2.0008745193481445
Sc_VAmpl = 12.69318962097168
Sc_IAmpl = 1.9888436794281006
Sc_VAmpl = 12.446893692016602
Sc_IAmpl = 1.9968632459640503
Sc_VAmpl = 11.714637756347656
Sc_IAmpl = 2.0048828125
Sc_VAmpl = 11.724053382873535
Sc_IAmpl = 2.0088939666748047
Sc_VAmpl = 13.746905326843262
Sc_IAmpl = 1.9968632459640503
Sc_VAmpl = 12.753691673278809
Sc_IAmpl = 2.0088939666748047
Sc_VAmpl = 13.510553359985352
Sc_IAmpl = 2.01290225982666
Sc_VAmpl = 12.538434028625488
Sc_IAmpl = 1.9968632459640503
Sc_VAmpl = 12.52811050415039
Rs[0] = 6.259806638228677
Step 0
Voltage: 30.000000
Frequency: 300.000000
Step 1
Voltage: 40.000000
Frequency: 300.000000
Step 2
Voltage: 50.000000
Frequency: 300.000000
Step 3
Voltage: 60.000000
Frequency: 300.000000
Step 4
Voltage: 70.000000
Frequency: 300.000000
Step 5
Voltage: 80.000000
Frequency: 300.000000
Step 6
Voltage: 90.000000
Frequency: 300.000000
Step 7
Voltage: 100.000000
Frequency: 300.000000
Error while reading tuple: (Sc_IAmpl_Max, Sc_IAmpl_Min, Sc_VAmpl)
Retries: 1
Error while reading tuple: (Sc_IAmpl_Max, Sc_IAmpl_Min, Sc_VAmpl)
Retries: 2
Error while reading tuple: (Sc_IAmpl_Max, Sc_IAmpl_Min, Sc_VAmpl)
Retries: 3
Error while reading tuple: (Sc_IAmpl_Max, Sc_IAmpl_Min, Sc_VAmpl)
Retries: 4
Error while reading tuple: (Sc_IAmpl_Max, Sc_IAmpl_Min, Sc_VAmpl)
Retries: 5
