Waiting for reset...
SR_Motor_Flags = 0x20
SR_Motor_Flags = 0x20
SR_Motor_Flags = 0x0
SR_Motor_Flags = 0x0
SR_Motor_Flags = 0x600
SR_Motor_Flags = 0x600
SR_Motor_Flags = 0x600
SR_Motor_Flags = 0x600
SR_Motor_Flags = 0x600
SR_Motor_Flags = 0x201
Step 0
Current: 2.000000
Frequency: 0.000000
Error while writing tuple: (Sc_Injection_Flag,)
Retries: 1
Error while writing tuple: (Sc_Injection_Flag,)
Retries: 1
Error while writing tuple: (Sc_Current_Inj_Ampl, Sc_FrequencyInj)
Retries: 1
Sc_IAmpl = 1.9848352670669556
Sc_VAmpl = 12.789603233337402
Sc_IAmpl = 1.9888436794281006
Sc_VAmpl = 12.495887756347656
Sc_IAmpl = 1.9888436794281006
Sc_VAmpl = 11.799897193908691
Sc_IAmpl = 2.0209219455718994
Sc_VAmpl = 12.591626167297363
Sc_IAmpl = 2.0081093311309814
Sc_VAmpl = 13.283398628234863
Sc_IAmpl = 2.0008745193481445
Sc_VAmpl = 13.128331184387207
Sc_IAmpl = 1.9848352670669556
Sc_VAmpl = 12.65725326538086
Sc_IAmpl = 1.9888436794281006
Sc_VAmpl = 13.147172927856445
Sc_IAmpl = 2.0048828125
Sc_VAmpl = 12.906692504882812
Sc_IAmpl = 2.0008745193481445
Sc_VAmpl = 12.456648826599121
Rs[0] = 6.371789194336477
Step 0
Voltage: 30.000000
Frequency: 300.000000
Error while writing tuple: (Sc_Injection_Flag,)
Retries: 1
Error while writing tuple: (Sc_VoltageInj, Sc_FrequencyInj)
Retries: 1
Error while writing tuple: (Sc_VoltageInj, Sc_FrequencyInj)
Retries: 1
Error while writing tuple: (Sc_VoltageInj, Sc_FrequencyInj)
Retries: 1
Step 1
Voltage: 37.777778
Frequency: 300.000000
Error while writing tuple: (Sc_VoltageInj, Sc_FrequencyInj)
Retries: 1
Step 2
Voltage: 45.555556
Frequency: 300.000000
Error while reading tuple: (Sc_IAmpl_Max, Sc_IAmpl_Min, Sc_VAmpl)
Retries: 1
Step 3
Voltage: 53.333333
Frequency: 300.000000
Error while writing tuple: (Sc_Injection_Flag,)
Retries: 1
Error while reading tuple: (Sc_IAmpl_Max, Sc_IAmpl_Min, Sc_VAmpl)
Retries: 1
Step 4
Voltage: 61.111111
Frequency: 300.000000
Error while writing tuple: (Sc_VoltageInj, Sc_FrequencyInj)
Retries: 1
Step 5
Voltage: 68.888889
Frequency: 300.000000
Error while writing tuple: (Sc_VoltageInj, Sc_FrequencyInj)
Retries: 1
Error while writing tuple: (Sc_VoltageInj, Sc_FrequencyInj)
Retries: 1
Step 6
Voltage: 76.666667
Frequency: 300.000000
Error while writing tuple: (Sc_VoltageInj, Sc_FrequencyInj)
Retries: 1
Step 7
Voltage: 84.444444
Frequency: 300.000000
Error while writing tuple: (Sc_VoltageInj, Sc_FrequencyInj)
Retries: 1
Error while writing tuple: (Sc_VoltageInj, Sc_FrequencyInj)
Retries: 1
Error while writing tuple: (Sc_VoltageInj, Sc_FrequencyInj)
Retries: 1
Error while writing tuple: (Sc_VoltageInj, Sc_FrequencyInj)
Retries: 1
Error while writing tuple: (Sc_Injection_Flag,)
Retries: 1
Error while writing tuple: (Sc_VoltageInj, Sc_FrequencyInj)
Retries: 1
Error while writing tuple: (Sc_VoltageInj, Sc_FrequencyInj)
Retries: 1
Step 8
Voltage: 92.222222
Frequency: 300.000000
Error while writing tuple: (Sc_Injection_Flag,)
Retries: 1
Error while writing tuple: (Sc_VoltageInj, Sc_FrequencyInj)
Retries: 1
Error while writing tuple: (Sc_Injection_Flag,)
Retries: 1
Error while writing tuple: (Sc_VoltageInj, Sc_FrequencyInj)
Retries: 1
Error while writing tuple: (Sc_VoltageInj, Sc_FrequencyInj)
Retries: 1
Error while writing tuple: (Sc_VoltageInj, Sc_FrequencyInj)
Retries: 1
Step 9
Voltage: 100.000000
Frequency: 300.000000
Error while writing tuple: (Sc_Injection_Flag,)
Retries: 1
Error while writing tuple: (Sc_VoltageInj, Sc_FrequencyInj)
Retries: 1
Error while writing tuple: (Sc_Injection_Flag,)
Retries: 1
Error while reading tuple: (Sc_IAmpl_Max, Sc_IAmpl_Min, Sc_VAmpl)
Retries: 1
Step 0
Speed: 1000.000000
Error while reading tuple: (Sc_IO_Data.Speed_Rot_Ref,)
Retries: 1
Step 1
Speed: 1333.333333
Error while reading tuple: (Sc_Data.Speed_Rot_Est_El_Abs, Sc_Bemf_Ampl)
Retries: 1
Step 2
Speed: 1666.666667
Step 3
Speed: 2000.000000
Step 4
Speed: 2333.333333
Step 5
Speed: 2666.666667
Step 6
Speed: 3000.000000
Step 7
Speed: 3333.333333
Error while reading tuple: (Sc_IO_Data.Speed_Rot_Ref,)
Retries: 1
Step 8
Speed: 3666.666667
Step 9
Speed: 4000.000000
