Error while reading tuple: (Sc_Prm.Ts, Sc_Prm.Pole_Pairs)
Retries: 1
Error while reading tuple: (Sc_Prm.Ts, Sc_Prm.Pole_Pairs)
Retries: 2
Step 0
Current: 2.000000
Frequency: 0.000000
Sc_IAmpl = 1.9888490438461304
Sc_VAmpl = 12.989479064941406
Sc_IAmpl = 1.9888436794281006
Sc_VAmpl = 12.262182235717773
Sc_IAmpl = 1.99686861038208
Sc_VAmpl = 10.780535697937012
Sc_IAmpl = 2.0088939666748047
Sc_VAmpl = 12.545313835144043
Sc_IAmpl = 2.0048828125
Sc_VAmpl = 12.551290512084961
Sc_IAmpl = 2.0088939666748047
Sc_VAmpl = 12.84742259979248
Sc_IAmpl = 1.9968632459640503
Sc_VAmpl = 12.818065643310547
Sc_IAmpl = 2.0008745193481445
Sc_VAmpl = 13.324809074401855
Sc_IAmpl = 2.0048828125
Sc_VAmpl = 12.367254257202148
Sc_IAmpl = 1.9888436794281006
Sc_VAmpl = 12.588920593261719
Rs[0] = 6.2573001964045964
Step 0
Voltage: 30.000000
Frequency: 300.000000
Step 1
Voltage: 37.777778
Frequency: 300.000000
Step 2
Voltage: 45.555556
Frequency: 300.000000
Error while writing tuple: (Sc_VoltageInj, Sc_FrequencyInj)
Retries: 1
Step 3
Voltage: 53.333333
Frequency: 300.000000
Step 4
Voltage: 61.111111
Frequency: 300.000000
Step 5
Voltage: 68.888889
Frequency: 300.000000
Step 6
Voltage: 76.666667
Frequency: 300.000000
Step 7
Voltage: 84.444444
Frequency: 300.000000
Step 8
Voltage: 92.222222
Frequency: 300.000000
Step 9
Voltage: 100.000000
Frequency: 300.000000
Step 0
Speed: 1000.000000
Step 1
Speed: 1333.333333
Step 2
Speed: 1666.666667
Step 3
Speed: 2000.000000
Step 4
Speed: 2333.333333
Step 5
Speed: 2666.666667
Step 6
Speed: 3000.000000
Step 7
Speed: 3333.333333
Step 8
Speed: 3666.666667
Step 9
Speed: 4000.000000
