###############################################################################
#
# IAR ANSI C/C++ Compiler V7.20.5.7591/W32 for ARM        06/Aug/2024  13:41:48
# Copyright 1999-2014 IAR Systems AB.
#
#    Cpu mode     =  thumb
#    Endian       =  little
#    Source file  =  
#        C:\Data\Python\Self_Commissioning_Bpm\source\XCategory\Application\Reveal_APIs\API013RemoteFunction\API013RemoteFunction.c
#    Command line =  
#        -I./ -I../cx/ -I../cx/inc/ -ICategory/ -ICategory/Application/
#        -ICategory/Application/ThermalModel/
#        -ICategory/Application/ThermalModel/ThermalModelCore_DD/
#        -ICategory/Application/ThermalModel/ThermalModelCore_sBPM/
#        -ICategory/Common/ -ICategory/Common/BoardDebugging/
#        -ICategory/Common/MasterCommander/
#        -ICategory/Common/MasterCommander/Source/
#        -ICategory/Common/MasterCommander/Source/HAL/
#        -ICategory/Common/SelfCommissioning/ -ICategory/Hbl/
#        -IProjectSpecific/ -IProjectSpecific/Application/
#        -IProjectSpecific/Application/API007App/
#        -IProjectSpecific/Application/ModeManagement/
#        -IProjectSpecific/Application/MotorSelector/
#        -IProjectSpecific/Application/ProductInfo/
#        -IProjectSpecific/Application/SRMcuSpeedMonitor/
#        -IProjectSpecific/Application/ThermalModel/
#        -IProjectSpecific/CommonCore/ -IProjectSpecific/Driver/
#        -IProjectSpecific/MasterCommander/ -IProjectSpecific/Mci/
#        -IProjectSpecific/Mci/Mcl/ -IProjectSpecific/Mci/Mcl/old_xls/
#        -IXCategory/ -IXCategory/Application/
#        -IXCategory/Application/MciParametersLoader/
#        -IXCategory/Application/Mode/ -IXCategory/Application/Reveal_APIs/
#        -IXCategory/Application/Reveal_APIs/API003Disc/
#        -IXCategory/Application/Reveal_APIs/API004Debug/
#        -IXCategory/Application/Reveal_APIs/API005LowLevel/
#        -IXCategory/Application/Reveal_APIs/API007Data/
#        -IXCategory/Application/Reveal_APIs/API009System/
#        -IXCategory/Application/Reveal_APIs/API010PollVar/
#        -IXCategory/Application/Reveal_APIs/API011AppCtr/
#        -IXCategory/Application/Reveal_APIs/API013RemoteFunction/
#        -IXCategory/Application/Reveal_APIs/API018Diagnostic/
#        -IXCategory/Application/Reveal_APIs/API019ProductInfo/
#        -IXCategory/Application/Reveal_APIs/API220MotorControl/
#        -IXCategory/Application/Reveal_APIs/API220MotorControl/API/
#        -IXCategory/Application/Reveal_APIs/API221MotionCtrl/
#        -IXCategory/Application/Reveal_APIs/SRAPI020Safety/
#        -IXCategory/Application/SFUpdater/ -IXCategory/Common/
#        -IXCategory/Common/Crc16/ -IXCategory/Common/Crc8/
#        -IXCategory/Common/Log/ -IXCategory/Common/Millis/
#        -IXCategory/Common/SettingFile/ -IXCategory/Common/SRClockMonitor/
#        -IXCategory/Common/SRData/ -IXCategory/Common/SRException/
#        -IXCategory/Common/SRFlow/ -IXCategory/Common/SRIsrMonitor/
#        -IXCategory/Common/SRMain/ -IXCategory/Common/SRMcuSpeedMonitor/
#        -IXCategory/Common/SRPowerMgr/ -IXCategory/Common/SRSignature/
#        -IXCategory/Common/SRSystemConfig/
#        -IXCategory/Common/SRTimerReference/ -IXCategory/Common/SystemConfig/
#        -IXCategory/Common/SystemTimers/ -IXCategory/Common/Utilities/
#        -IXCategory/Driver/ -IXCategory/Driver/API/
#        -IXCategory/Driver/API/Comparator/ -IXCategory/Driver/API/DataFlash/
#        -IXCategory/Driver/API/Dma/ -IXCategory/Driver/API/Flash/
#        -IXCategory/Driver/API/Gpio/ -IXCategory/Driver/API/Micro/
#        -IXCategory/Driver/API/Spi/ -IXCategory/Driver/API/SRMCAtod/
#        -IXCategory/Driver/API/SRMCInputCapture/
#        -IXCategory/Driver/API/SRMCPwm/ -IXCategory/Driver/API/TimerInterrupt/
#        -IXCategory/Driver/API/Uart/ -IXCategory/Driver/Comparator/
#        -IXCategory/Driver/DataFlash/ -IXCategory/Driver/Dma/
#        -IXCategory/Driver/Flash/ -IXCategory/Driver/Gpio/
#        -IXCategory/Driver/Micro/ -IXCategory/Driver/Spi/
#        -IXCategory/Driver/SRMCAtod/ -IXCategory/Driver/SRMCInputCapture/
#        -IXCategory/Driver/SRMCPwm/ -IXCategory/Driver/TimerInterrupt/
#        -IXCategory/Driver/Uart/ -IXCategory/Hbl/ -IXCategory/Hbl/Mci/
#        -IXCategory/Hbl/Mci/InverterTemp/ -IXCategory/Hbl/Mci/Mcl/
#        -IXCategory/Hbl/Mci/Mcl/Braking/ -IXCategory/Hbl/Mci/Mcl/MacroBlocks/
#        -IXCategory/Hbl/Mci/Mcl/MclFvt/ -IXCategory/Hbl/Mci/Mcl/MicroBlocks/
#        -IXCategory/Hbl/Mci/Mcl/MicroBlocks/ClrkPark/
#        -IXCategory/Hbl/Mci/Mcl/MicroBlocks/Filters/
#        -IXCategory/Hbl/Mci/Mcl/MicroBlocks/Math/
#        -IXCategory/Hbl/Mci/Mcl/MicroBlocks/ObserverPmsm/
#        -IXCategory/Hbl/Mci/Mcl/MicroBlocks/Pi/
#        -IXCategory/Hbl/Mci/Mcl/MicroBlocks/PwmModulation/
#        -IXCategory/Hbl/Mci/Mcl/ResistanceEstimation/
#        -IXCategory/Hbl/Mci/PowerModuleManager/
#        -IXCategory/Hbl/Mci/SpeedRefGen/ -IXCategory/Hbl/Mci/SurgeRelay/
#        -IXCategory/Hbl/SRMotorSafetyMgr/
#        -IXCategory/Hbl/SRMotorSafetyMgr/API/ -IXCategory/Service/
#        -IXCategory/Service/Reveal/ -IXCategory/Service/Win/ --remarks
#        --no_tbaa --debug --use_c++_inline --only_stdout --dlib_config
#        ..\cx\inc\DLib_Config_Normal.h -r -D
#        ENABLE_JUMP_TO_APPLICATION_WITHOUT_IAP_FIRMWARE -D
#        SET_FLASH_OPTION_CONFIGURATION -D ARM_MATH_CM4 -e --silent
#        --endian=little --cpu Cortex-M4 --fpu=VFPv4_sp -Ohs -o
#        API013RemoteFunction.obj -l ..\listings\API013RemoteFunction.lst
#        C:\Data\Python\Self_Commissioning_Bpm\source\XCategory\Application\Reveal_APIs\API013RemoteFunction\API013RemoteFunction.c
#    List file    =  ..\listings\API013RemoteFunction.lst
#    Object file  =  API013RemoteFunction.obj
#
###############################################################################

C:\Data\Python\Self_Commissioning_Bpm\source\XCategory\Application\Reveal_APIs\API013RemoteFunction\API013RemoteFunction.c
      1          /**
      2           * @file
      3           * @brief       Communications to control application-layer remote functions.
      4           *
      5           * @details     The same API013RemoteFunction module is used on the client and the server.
      6           *                  Client Declarations:
      7           *                      API013_CLIENT_FEATURE should be ENABLED
      8           *                      API013_SERVER_FEATURE should be DISABLED
      9           *                  Server Declarations:
     10           *                      API013_CLIENT_FEATURE should be DISABLED
     11           *                      API013_SERVER_FEATURE should be ENABLED
     12           *              Using the same module on the client and server helps ensure that the client and
     13           *              server are using the same type and version of the API.
     14           *
     15           *              API013RemoteFunction allows each client to control one or more remote function
     16           *              servers that each controls one or more remote functions. For each of the remote
     17           *              functions, the API manages three types of data:
     18           *                  - Controls
     19           *                  - Background Function
     20           *                  - Status (that can be handled as events)
     21           *                  - Data Acquisition
     22           *
     23           *              Control (Required by each Remote Function):
     24           *              Each remote function must support the following standard controls:
     25           *                  - Control Command 0 = Disable the remote function
     26           *                  - Control Command 1 = Enable the remote function
     27           *              The remote functions can have additional application-specific control commands
     28           *              with command-specific parameters.
     29           *
     30           *              Background Function (Optional for each Remote Function):
     31           *              Each remote function may provide a background function that will only be called
     32           *              while the remote function is enabled.
     33           *
     34           *              Status / Events (Optional for each Remote Function):
     35           *              Each remote function may implement a status message. If implemented, the first
     36           *              status byte must indicate whether the remote function is enabled (1) or disabled
     37           *              (0). The remote function may have additional application-specific status
     38           *              information.
     39           *              A remote function can generate an event by publishing a status message that was
     40           *              not requested by the client.
     41           *
     42           *              Data Acquisition (Optional for each Remote Function):
     43           *              A client may setup periodic publication of server data. A server will publish all
     44           *              available data channels from all enabled servers at each publication.
     45           *
     46           * @copyright   Copyright 2016-2017 Whirlpool Corporation.  All rights reserved - CONFIDENTIAL.
     47           */
     48          
     49          //  --- Include Files -------------------------------------------------------------------------------------------------
     50          
     51          // -- This Module --
     52          #include "SystemConfig.h"
     53          
     54          #ifndef API013_CLIENT_FEATURE
     55              // API013_CLIENT_FEATURE should be ENABLED for applications that control application-layer functions on remote boards.
     56              #error API013_CLIENT_FEATURE must be defined via SystemConfig.h as ENABLED or DISABLED.
     57          #endif
     58          #ifndef API013_SERVER_FEATURE
     59              // API013_SERVER_FEATURE should be ENABLED for applications that provide application-layer functions through communications.
     60              #error API013_SERVER_FEATURE must be defined via SystemConfig.h as ENABLED or DISABLED.
     61          #endif
     62          
     63          #if ((API013_CLIENT_FEATURE == ENABLED) || (API013_SERVER_FEATURE == ENABLED))
     64          // A single node cannot support both a client and a server
     65          CT_ASSERT((API013_CLIENT_FEATURE != ENABLED) || (API013_SERVER_FEATURE != ENABLED));
     66          
     67          #include "API013RemoteFunction.h"
     68          #include "API013RemoteFunction_prv.h"
     69          #include "RemoteFunctionInterface.h"
     70          
     71          // -- Other Modules --
     72          #if (API013_CLIENT_FEATURE == ENABLED)
     73              #include "Callback.h"
     74          #endif      // #if (API013_CLIENT_FEATURE == ENABLED)
     75          #include <limits.h>
     76          #include "Log.h"
     77          #include "Micro.h"
     78          #include <string.h>
     79          #include "Utilities.h"
     80          
     81          
     82          #if (API013_CLIENT_FEATURE == ENABLED)
     83              // The data element storage must be able to hold the maximum data elements transmitted in a single packet.
     84              CT_ASSERT(API013_MAX_STORED_DATA >= API013_MAX_PUBLISHED_DATA);
     85          #endif
     86          
     87          #if (API013_SERVER_FEATURE == ENABLED)
     88              CT_ASSERT(API013_MAX_PUBLISHED_DATA * sizeof(REMOTE_FUNCTION_DATA_TYPE) <= REVEAL_PAYLOAD_SIZE);
     89          #endif
     90          
     91          
     92          //  --- Private Properties --------------------------------------------------------------------------------------------
     93          
     94          
     95          // -- Private Constant Declarations --
     96          
     97          #if (API013_CLIENT_FEATURE == ENABLED)
     98              //! The number of remote functions controlled by the client.
     99              #define API013_NUM_OF_CLIENT_FUNCTIONS ELEMENTS_IN_ARRAY(API013_CLIENT_FUNCTIONS)
    100          #endif
    101          
    102          #if (API013_SERVER_FEATURE == ENABLED)
    103              //! The number of remote functions controlled by the server.
    104              #define API013_NUM_OF_SERVER_FUNCTIONS ELEMENTS_IN_ARRAY(API013_SERVER_FUNCTIONS)
    105          #endif
    106          
    107          //! The default period between publication of remote function data.
    108          #define DEFAULT_PUBLICATION_PERIOD 200
    109          
    110          //! The minimum period between publication of remote function data.
    111          #define MIN_PUBLICATION_PERIOD 100
    112          
    113          //! The name of this module for use by the Log module.
    114          #define MODULE_NAME MODULE_API013_REMOTE_FUNCTION
    115          
    116          
    117          // -- Private Enumerated Constant Declarations --
    118          
    119          //! All the API013 command and feedback OpCodes.
    120          typedef enum API013_OPCODE_ENUM
    121          {
    122              API013_CMD_SEND_FUNCTION_CONTROL    = 1,//!< API013_CMD_SEND_FUNCTION_CONTROL
    123              API013_CMD_REQUEST_FUNCTION_STATUS  = 2,//!< API013_CMD_REQUEST_FUNCTION_STATUS
    124              API013_CMD_SET_PUBLICATION_PERIOD   = 3,//!< API013_CMD_SET_PUBLICATION_PERIOD
    125          
    126              API013_FBK_PUBLISH_FUNCTION_STATUS  = 2,//!< API013_FBK_PUBLISH_FUNCTION_STATUS
    127              API013_FBK_PUBLISH_FUNCTION_DATA    = 3 //!< API013_FBK_PUBLISH_FUNCTION_DATA
    128          } API013_OPCODE_TYPE;
    129          
    130          //! A list of log message IDs that are generated by this module.
    131          typedef enum MODULE_API013_REMOTE_FUNCTION_LOG_MESSAGE_ID_ENUM
    132          {
    133              FEEDBACK_MESSAGE_NOT_HANDLED = 1
    134          } MODULE_API013_REMOTE_FUNCTION_LOG_MESSAGE_ID_TYPE;
    135          
    136          
    137          // -- Private Structure Type Declarations --
    138          
    139          #if (API013_CLIENT_FEATURE == ENABLED)
    140              //! Variables used to manage the synchronization and freshness of remote function data.
    141              typedef struct API013_DATA_STRUCT
    142              {
    143                  sint16 Value;
    144                  API013_CLIENT_FUNCTION_INDEX_TYPE Client_Function_Index;
    145                  uint8 Channel;
    146                  uint8 Sequence;
    147              } API013_STORED_DATA_TYPE;
    148          #endif      // #if (API013_CLIENT_FEATURE == ENABLED)
    149          
    150          //! A structure to hold most of the API013 variables.
    151          typedef struct API013_VARIABLES_STRUCT
    152          {
    153              #if (API013_CLIENT_FEATURE == ENABLED)
    154                  //! A structure that holds variables to manage the synchronization and freshness of the remote function data.
    155                  API013_STORED_DATA_TYPE Data[API013_MAX_STORED_DATA];
    156          
    157                  //! A place to store status
    158                  API013_FUNCTION_STATUS_TYPE Received_Status;
    159              #endif
    160          
    161              #if (API013_SERVER_FEATURE == ENABLED)
    162                  //! An array that contains a bit for each supported function that may be active.
    163                  //! Bit N in the array indicates that the FUNCTION_IDS[N] function is active.
    164                  uint8 Functions_Active[BIT_STORAGE_SIZE(API013_NUM_OF_SERVER_FUNCTIONS)];
    165          
    166                  //! The node to which the remote function data will be sent.
    167                  uint8 Data_Receiver_Node;
    168          
    169                  //! The countdown variable for the time between data publications.
    170                  uint8 Publication_Counter;
    171          
    172                  //! The number of calls to the background function between each data publication.
    173                  uint8 Publication_Period;
    174              #endif
    175          } API013_VARIABLES_TYPE;
    176          
    177          
    178          // -- Private Variable Definitions --
    179          
    180          #if (API013_CLIENT_FEATURE == ENABLED)
    181              // Declare variables for the Callback module.
    182              DEFINE_CALLBACK_CONTROL_STRUCTURE(API013_Callback, API013_MAX_CALLBACK_HANDLERS);
    183          #endif      // #if (API013_CLIENT_FEATURE == ENABLED)
    184          
    185          //! A structure that holds most of the API013 variables.

   \                                 In section .bss, align 4
    186          static API013_VARIABLES_TYPE Api013;
   \                     Api013:
   \   00000000                      DS8 4
    187          
    188          
    189          //  --- Private Function Prototypes -----------------------------------------------------------------------------------
    190          
    191          #if (API013_CLIENT_FEATURE == ENABLED)
    192              static uint8 FindDataIndex(API013_CLIENT_FUNCTION_INDEX_TYPE client_function_index, uint8 channel);
    193              static void StoreReceivedData(API013_CLIENT_FUNCTION_INDEX_TYPE client_function_index, uint8 channel, sint16 data);
    194              static API013_CLIENT_FUNCTION_INDEX_TYPE ConvertServerIndexToClientIndex(uint8 nodeID, uint8 serverSideID);
    195          #endif      // #if (API013_CLIENT_FEATURE == ENABLED)
    196          
    197          #if (API013_SERVER_FEATURE == ENABLED)
    198              static void PublishAllRemoteFunctionData(void);
    199              static void PublishPreparedData(REMOTE_FUNCTION_DATA_TYPE* data_elements, uint8 count);
    200              static BOOL_TYPE PublishRemoteFunctionStatus(uint8 destination, sint8 function_index, uint8* status, uint8 size);
    201              static void PublishSingleRemoteFunctionData(sint8 function_index);
    202              static REMOTE_FUNCTION_CONTROL_RESPONSE_TYPE RemoteFunctionDoControl(uint8 server_function_index, uint8 control, uint8* params, uint8 size);
    203              static uint8 RemoteFunctionGetData(sint8 function_index, REMOTE_FUNCTION_DATA_TYPE* data_elements);
    204              static BOOL_TYPE RemoteFunctionGetStatus(sint8 function_index, uint8** status, uint8* size);
    205              static BOOL_TYPE SetPublicationPeriod(uint16 milliseconds);
    206          #endif      // #if (API013_SERVER_FEATURE == ENABLED)
    207          
    208          
    209          //=====================================================================================================================
    210          //  --- Public Methods ------------------------------------------------------------------------------------------------
    211          //=====================================================================================================================
    212          
    213          
    214          //---------------------------------------------------------------------------------------------------------------------
    215          /**
    216           * Initialize the API013RemoteFunction module variables.
    217           */

   \                                 In section .text, align 2, keep-with-next
    218          void API013RemoteFunction__Initialize(void)
    219          {
   \                     API013RemoteFunction__Initialize: (+1)
   \   00000000   0xB500             PUSH     {LR}
   \   00000002   0xB081             SUB      SP,SP,#+4
    220              if (Micro__GetResetMode() == MICRO_RESET_MODE_COLD)
   \   00000004   0x.... 0x....      BL       Micro__GetResetMode
   \   00000008   0xB920             CBNZ.N   R0,??API013RemoteFunction__Initialize_0
    221              {
    222                  #if (API013_SERVER_FEATURE == ENABLED)
    223                      memset(&Api013, 0, sizeof(Api013));
   \   0000000A   0x....             LDR.N    R0,??DataTable3
   \   0000000C   0x2100             MOVS     R1,#+0
   \   0000000E   0x6001             STR      R1,[R0, #+0]
    224                      Api013.Data_Receiver_Node = WIN_ACU_ADDRESS;
   \   00000010   0x2101             MOVS     R1,#+1
   \   00000012   0x7041             STRB     R1,[R0, #+1]
    225                  #endif      // #if (API013_SERVER_FEATURE == ENABLED)
    226          
    227                  #if (API013_CLIENT_FEATURE == ENABLED)
    228                      Callback__Initialize(&API013_Callback);
    229                      #if (API013_SERVER_FEATURE == DISABLED)
    230                          memset(&Api013.Received_Status, 0, sizeof(Api013.Received_Status));
    231                      #endif
    232                      memset(&Api013.Data, UCHAR_MAX, sizeof(Api013.Data));
    233                  #endif      // #if (API013_CLIENT_FEATURE == ENABLED)
    234              }
    235          }
   \                     ??API013RemoteFunction__Initialize_0: (+1)
   \   00000014   0xB001             ADD      SP,SP,#+4
   \   00000016   0xBD00             POP      {PC}             ;; return
    236          
    237          
    238          //---------------------------------------------------------------------------------------------------------------------
    239          /**
    240           * Background function for the API013RemoteFunction module.
    241           * Periodically publish data elements from any background function that have data elements ready.
    242           */

   \                                 In section .text, align 2, keep-with-next
    243          void API013RemoteFunction__Background(void)
    244          {
   \                     API013RemoteFunction__Background: (+1)
   \   00000000   0xB510             PUSH     {R4,LR}
    245              #if (API013_SERVER_FEATURE == ENABLED)
    246                  sint8 index;
    247                  REMOTE_FUNCTION_BACKGROUND_TYPE background;
    248          
    249                  // Handle all active remote functions.
    250                  for (index = 0; index < API013_NUM_OF_SERVER_FUNCTIONS; index++)
                                               ^
Remark[Pe1873]: comparison between signed and unsigned operands
   \   00000002   0x....             LDR.N    R4,??DataTable3
    251                  {
    252                      // Check if the remote function is active.
    253                      if (Utilities__GetBitInArray(Api013.Functions_Active, index) == ACTIVE)
   \   00000004   0x2100             MOVS     R1,#+0
   \   00000006   0x4620             MOV      R0,R4
   \   00000008   0x.... 0x....      BL       Utilities__GetBitInArray
    254                      {
    255                          // Check if the remote function has a background function.
    256                          background = API013_SERVER_FUNCTIONS[index].Background_Function;
    257                          if (background != REMOTE_FUNCTION_BACKGROUND_NULL)
    258                          {
    259                              // Call the background function. Check if it self-terminated.
    260                              if (background() == INACTIVE)
    261                              {
    262                                  PublishSingleRemoteFunctionData(index);
    263                                  Utilities__SetBitInArray(Api013.Functions_Active, index, INACTIVE);
    264                              }
    265                          }
    266                      }
    267                  }
    268          
    269                  // Periodically publish data from active remote functions.
    270                  if (Api013.Publication_Period > 0)
   \   0000000C   0x78E0             LDRB     R0,[R4, #+3]
   \   0000000E   0xB168             CBZ.N    R0,??API013RemoteFunction__Background_0
    271                  {
    272                      if (Api013.Publication_Counter > 0)
   \   00000010   0x78A0             LDRB     R0,[R4, #+2]
   \   00000012   0x2800             CMP      R0,#+0
   \   00000014   0xBF1F             ITTTT    NE 
    273                      {
    274                          Api013.Publication_Counter--;
   \   00000016   0x1E40             SUBNE    R0,R0,#+1
   \   00000018   0x70A0             STRBNE   R0,[R4, #+2]
    275                      }
    276                      if (Api013.Publication_Counter == 0)
   \   0000001A   0x78A0             LDRBNE   R0,[R4, #+2]
   \   0000001C   0x2800             CMPNE    R0,#+0
   \   0000001E   0xD105             BNE.N    ??API013RemoteFunction__Background_0
    277                      {
    278                          // Publish data for all active remote functions.
    279                          PublishAllRemoteFunctionData();
   \   00000020   0x2100             MOVS     R1,#+0
   \   00000022   0x4620             MOV      R0,R4
   \   00000024   0x.... 0x....      BL       Utilities__GetBitInArray
    280                          Api013.Publication_Counter = Api013.Publication_Period;
   \   00000028   0x78E0             LDRB     R0,[R4, #+3]
   \   0000002A   0x70A0             STRB     R0,[R4, #+2]
    281                      }
    282                  }
    283              #endif      // #if (API013_SERVER_FEATURE == ENABLED)
    284          }
   \                     ??API013RemoteFunction__Background_0: (+1)
   \   0000002C   0xBD10             POP      {R4,PC}          ;; return
    285          
    286          
    287          //---------------------------------------------------------------------------------------------------------------------
    288          /**
    289           * This method parses API013 commands sent to a broadcast or exclusively to this node.
    290           * @param cmd = Pointer to the received command or feedback message.
    291           * @return REVEAL_RECIPE_STATUS_TYPE that expresses the result of the parsing.
    292           */

   \                                 In section .text, align 2, keep-with-next
    293          REVEAL_RECIPE_STATUS_TYPE API013RemoteFunction__CommandParser(REVEAL_MSG_TYPE* cmd)
    294          {
   \                     API013RemoteFunction__CommandParser: (+1)
   \   00000000   0xB530             PUSH     {R4,R5,LR}
   \   00000002   0x4604             MOV      R4,R0
   \   00000004   0xB081             SUB      SP,SP,#+4
    295              #if (API013_SERVER_FEATURE == ENABLED)
    296                  // React to the command message by OpCode.
    297                  REVEAL_RECIPE_STATUS_TYPE reveal_response = NVO_RS_UNSUP_INVALID_PARAM;
    298                  switch (cmd->op_code)
   \   00000006   0x7920             LDRB     R0,[R4, #+4]
   \   00000008   0xF000 0x001F      AND      R0,R0,#0x1F
   \   0000000C   0x2507             MOVS     R5,#+7
   \   0000000E   0x1E40             SUBS     R0,R0,#+1
   \   00000010   0x2801             CMP      R0,#+1
   \   00000012   0xD923             BLS.N    ??API013RemoteFunction__CommandParser_0
   \   00000014   0x1E80             SUBS     R0,R0,#+2
   \   00000016   0xD120             BNE.N    ??API013RemoteFunction__CommandParser_1
    299                  {
    300                      case API013_CMD_SEND_FUNCTION_CONTROL:
    301                          // Expected Payload:
    302                          //  Byte 0 = Server-side remote function index
    303                          //  Byte 1 = Control command code (0 = Disable, 1 = Enable, 2+ = function-specific command)
    304                          //  Byte 2+ = Command-specific parameters
    305                          if (cmd->size >= 2)
    306                          {
    307                              REMOTE_FUNCTION_CONTROL_RESPONSE_TYPE control_response = RemoteFunctionDoControl(cmd->payload[0], cmd->payload[1], &(cmd->payload[2]), (cmd->size - 2));
    308                              if ((control_response == REMOTE_FUNCTION_CONTROL_RESPONSE_INACTIVE) ||
    309                                  (control_response == REMOTE_FUNCTION_CONTROL_RESPONSE_ACTIVE))
    310                              {
    311                                  Api013.Data_Receiver_Node = cmd->node_id;
    312                                  reveal_response = NVO_RS_READY;
    313                              }
    314                          }
    315                          break;
    316          
    317                      case API013_CMD_REQUEST_FUNCTION_STATUS:
    318                          // Expected Payload:
    319                          //  Byte 0 = Server-side remote function index
    320                          if (cmd->size >= 1)
    321                          {
    322                              uint8 server_function_index = cmd->payload[0];
    323                              uint8* status;
    324                              uint8 status_size;
    325                              if (RemoteFunctionGetStatus(server_function_index, &status, &status_size) == TRUE)
    326                              {
    327                                  if (PublishRemoteFunctionStatus(cmd->node_id, server_function_index, status, status_size) == TRUE)
    328                                  {
    329                                      Api013.Data_Receiver_Node = cmd->node_id;
    330                                      reveal_response = NVO_RS_READY;
    331                                  }
    332                              }
    333                          }
    334                          break;
    335          
    336                      case API013_CMD_SET_PUBLICATION_PERIOD:
    337                          // Expected Payload:
    338                          //  Byte 0-1 = Big-endian millisecond period
    339                          if (cmd->size >= 2)
   \   00000018   0xF894 0x0048      LDRB     R0,[R4, #+72]
   \   0000001C   0x2802             CMP      R0,#+2
   \   0000001E   0xDB1D             BLT.N    ??API013RemoteFunction__CommandParser_0
    340                          {
    341                              uint16 milliseconds = Utilities__ConvertArrayTo16bits(cmd->payload);
   \   00000020   0x1D60             ADDS     R0,R4,#+5
   \   00000022   0x.... 0x....      BL       Utilities__ConvertArrayTo16bits
    342                              if (SetPublicationPeriod(milliseconds) == TRUE)
   \   00000026   0xB910             CBNZ.N   R0,??API013RemoteFunction__CommandParser_2
   \   00000028   0x....             LDR.N    R1,??DataTable3
   \   0000002A   0x70C8             STRB     R0,[R1, #+3]
   \   0000002C   0xE00D             B.N      ??API013RemoteFunction__CommandParser_3
   \                     ??API013RemoteFunction__CommandParser_2: (+1)
   \   0000002E   0x2864             CMP      R0,#+100
   \   00000030   0xDB14             BLT.N    ??API013RemoteFunction__CommandParser_0
   \   00000032   0x2119             MOVS     R1,#+25
   \   00000034   0xFB90 0xF1F1      SDIV     R1,R0,R1
   \   00000038   0xB289             UXTH     R1,R1
   \   0000003A   0x29FF             CMP      R1,#+255
   \   0000003C   0xDC0E             BGT.N    ??API013RemoteFunction__CommandParser_0
   \   0000003E   0x2219             MOVS     R2,#+25
   \   00000040   0x434A             MULS     R2,R2,R1
   \   00000042   0x4282             CMP      R2,R0
   \   00000044   0xD10A             BNE.N    ??API013RemoteFunction__CommandParser_0
   \   00000046   0x....             LDR.N    R0,??DataTable3
   \   00000048   0x70C1             STRB     R1,[R0, #+3]
    343                              {
    344                                  Api013.Data_Receiver_Node = cmd->node_id;
    345                                  reveal_response = NVO_RS_READY;
   \                     ??API013RemoteFunction__CommandParser_3: (+1)
   \   0000004A   0x2500             MOVS     R5,#+0
   \   0000004C   0x7820             LDRB     R0,[R4, #+0]
   \   0000004E   0x....             LDR.N    R1,??DataTable3
   \   00000050   0x0900             LSRS     R0,R0,#+4
   \   00000052   0x7048             STRB     R0,[R1, #+1]
    346                              }
    347                          }
    348                          break;
    349          
    350                      default:
    351                          reveal_response = NVO_RS_UNSUP_OP_CODE;
    352                          break;
    353                  }
    354          
    355                  return reveal_response;
   \   00000054   0xB001             ADD      SP,SP,#+4
   \   00000056   0x4628             MOV      R0,R5
   \   00000058   0xBD30             POP      {R4,R5,PC}
   \                     ??API013RemoteFunction__CommandParser_1: (+1)
   \   0000005A   0x2505             MOVS     R5,#+5
   \                     ??API013RemoteFunction__CommandParser_0: (+1)
   \   0000005C   0x4628             MOV      R0,R5
   \   0000005E   0xB001             ADD      SP,SP,#+4
   \   00000060   0xBD30             POP      {R4,R5,PC}       ;; return
    356              #else       // #if (API013_SERVER_FEATURE == ENABLED)
    357                  return NVO_RS_UNSUP_OP_CODE;
    358              #endif      // #if (API013_SERVER_FEATURE == ENABLED)
    359          }
    360          
    361          
    362          //---------------------------------------------------------------------------------------------------------------------
    363          /**
    364           * This method parses API013 feedbacks sent to a broadcast or exclusively to this node.
    365           * @param fbk = Pointer to the received acknowledged or not acknowledged message.
    366           */

   \                                 In section .text, align 2, keep-with-next
    367          void API013RemoteFunction__FeedbackParser(REVEAL_MSG_TYPE* fbk)
                                                                            ^
Remark[Pe826]: parameter "fbk" was never referenced
    368          {
    369              #if (API013_CLIENT_FEATURE == ENABLED)
    370                  switch ((API013_OPCODE_TYPE)fbk->op_code)
    371                  {
    372                      case API013_FBK_PUBLISH_FUNCTION_STATUS:
    373                          // Expected Payload:
    374                          //  Byte 0 = Server Function Index
    375                          //  Byte 1 = Disabled (0) or Enabled (1)
    376                          //  Bytes 2+ are optional for additional status information.
    377                          if (fbk->size >= 2)
    378                          {
    379                              API013_CLIENT_FUNCTION_INDEX_TYPE client_function_index = ConvertServerIndexToClientIndex(fbk->node_id, (fbk->payload[0]));
    380                              Api013.Received_Status.Client_Function_Index = client_function_index;
    381                              Api013.Received_Status.Enabled = fbk->payload[1];
    382                              Api013.Received_Status.Status = &fbk->payload[2];
    383                              Api013.Received_Status.Size = fbk->size - 2;
    384                              Callback__Notify(&API013_Callback, client_function_index);
    385                          }
    386                          break;
    387          
    388                      case API013_FBK_PUBLISH_FUNCTION_DATA:
    389                          // Expected Payload:
    390                          //  Byte 0 = Data ID = High nibble is server_function_index, Low nibble is data channel.
    391                          //  Byte 1 = High byte of sint16 data value.
    392                          //  Byte 2 = Low byte of sint16 data value.
    393                          //  Same three bytes repeat as required to send multiple values.
    394                          if (fbk->size >= sizeof(REMOTE_FUNCTION_DATA_TYPE))
    395                          {
    396                              uint8 count = fbk->size / sizeof(REMOTE_FUNCTION_DATA_TYPE);
    397                              REMOTE_FUNCTION_DATA_TYPE* source = (REMOTE_FUNCTION_DATA_TYPE*)(void*)fbk->payload;
    398                              for (uint8 i = 0; i < count; i++, source++)
    399                              {
    400                                  uint8 server_function_index = source->Channel_Id / API013_MAX_DATA_CHANNELS_PER_FUNCTION;
    401                                  API013_CLIENT_FUNCTION_INDEX_TYPE client_function_index = ConvertServerIndexToClientIndex(fbk->node_id, server_function_index);
    402                                  sint16 value = COMBINE_BYTES(source->Value_Hi_Byte, source->Value_Lo_Byte);
    403                                  uint8 channel_number = source->Channel_Id % API013_MAX_DATA_CHANNELS_PER_FUNCTION;
    404                                  StoreReceivedData(client_function_index, channel_number, value);
    405                              }
    406                          }
    407                          break;
    408          
    409                      default:
    410                          LOG_ADD_EXCEPTION(FEEDBACK_MESSAGE_NOT_HANDLED, fbk->op_code);
    411                          break;
    412                  }
    413              #else       // #if (API013_CLIENT_FEATURE == ENABLED)
    414                  LOG_ADD_EXCEPTION(FEEDBACK_MESSAGE_NOT_HANDLED, fbk->op_code);
    415              #endif      // #if (API013_CLIENT_FEATURE == ENABLED)
    416          }
   \                     API013RemoteFunction__FeedbackParser: (+1)
   \   00000000   0x4770             BX       LR               ;; return
    417          
    418          
    419          #if (API013_CLIENT_FEATURE == ENABLED)
    420          //---------------------------------------------------------------------------------------------------------------------
    421          /**
    422           * Send a command to control a remote function.
    423          
    424              @startuml{ControlBackgroundFunction_sq.png}
    425                  title API013 - Control Background Function
    426                  hide footbox
    427                  autonumber
    428          
    429                  participant ACU
    430                  participant "API013RemoteFunction\n(Client)" as Client
    431                  participant "API013RemoteFunction\n(Server)" as Server
    432                  participant FunctionX
    433          
    434                  ACU -> Client : API013RemoteFunction__SendControl(function, control, ...)
    435                  Client  -> Server : (39/4) ControlBackgroundFunction(function, control, ...)
    436                  Server -> FunctionX : FunctionX__Control(control, ...)
    437                  Client <-- Server : ACK
    438              @enduml
    439          
    440           * @param client_function_index = The client-side function index that identifies the remote function.
    441           * @param control = The control command byte to send to the remote function.
    442           * @param params = Pointer to bytes that make up parameters for the control command.
    443           *                  The memory must be valid during the function call.
    444           * @param size = Number of bytes in the params buffer.
    445           */
    446          BOOL_TYPE API013RemoteFunction__SendControl(API013_CLIENT_FUNCTION_INDEX_TYPE client_function_index, uint8 control, uint8* params, uint8 size)
    447          {
    448              REVEAL_COMMAND_TYPE* cmd = Reveal__NewCommand(API013RMTFCN_NUM, API013_CMD_SEND_FUNCTION_CONTROL, API013_CLIENT_FUNCTIONS[client_function_index].Communication_Node, size + 2);
    449              return (BOOL_TYPE)((Reveal__AddDataU8(cmd, API013_CLIENT_FUNCTIONS[client_function_index].Server_Function_Index) == PASS) &&
    450                                 (Reveal__AddDataU8(cmd, control) == PASS) &&
    451                                 (Reveal__AddDataU8Buffer(cmd, params, size) == PASS) &&
    452                                 (Reveal__QueueCommand(cmd) == TRUE));
    453          }
    454          
    455          
    456          //---------------------------------------------------------------------------------------------------------------------
    457          /**
    458           * Send a request for the current status of a specific function.
    459          
    460              @startuml{RequestBackgroundFunctionStatus_sq.png}
    461                  title API013 - Request Background Function Status
    462                  hide footbox
    463                  autonumber
    464          
    465                  participant ACU
    466                  participant "API013RemoteFunction\n(Client)" as Client
    467                  participant "API013RemoteFunction\n(Server)" as Server
    468                  participant FunctionX
    469          
    470                  ACU -> Client : API013RemoteFunction__RequestStatus(function_index)
    471                  Client  -> Server : (39/5) RequestBackgroundFunctionStatus(function_index)
    472                  Server  -> FunctionX : FunctionX__GetStatus(&status, &size)
    473                  Server <-- FunctionX : status, size
    474                  Client <-- Server : ACK
    475                  Client <-- Server : (39/5) PublishBackgroundFunctionStatus(function_index, enabled, status)
    476                  ACU <- Client : handler(&status, size)
    477              @enduml
    478          
    479           * @param client_function_index = The client-side function index that identifies the remote function.
    480           */
    481          void API013RemoteFunction__RequestStatus(API013_CLIENT_FUNCTION_INDEX_TYPE client_function_index)
    482          {
    483              Reveal__QueueMessageU8(API013RMTFCN_NUM, API013_CMD_REQUEST_FUNCTION_STATUS, API013_CLIENT_FUNCTIONS[client_function_index].Communication_Node, TRUE, FALSE, API013_CLIENT_FUNCTIONS[client_function_index].Server_Function_Index);
    484          }
    485          
    486          
    487          //---------------------------------------------------------------------------------------------------------------------
    488          /**
    489           * This function is called by the event handler to get a remote function's status information.
    490           * The status information will only be valid while the event handler is executing.
    491           * @return Pointer to a structure that contians status information for the remote function that
    492           *         triggerred the event handler.
    493           */
    494          const API013_FUNCTION_STATUS_TYPE* API013RemoteFunction__GetReceivedStatus(void)
    495          {
    496              return &Api013.Received_Status;
    497          }
    498          
    499          
    500          //---------------------------------------------------------------------------------------------------------------------
    501          /**
    502           * Get the most recently received value of the specified data.
    503           * Returns the same value if called again and no new value has been received.
    504           * @param client_function_index = The client-side function index that identifies the remote function.
    505           * @param channel = The index of the remote function data.
    506           * @param value = A pointer to where the value should be stored if it is available.
    507           * @return TRUE if the remote function data value was available and copied into *data; otherwise FALSE.
    508           */
    509          BOOL_TYPE API013RemoteFunction__GetData(API013_CLIENT_FUNCTION_INDEX_TYPE client_function_index, uint8 channel, sint16* value)
    510          {
    511              uint8 index;
    512          
    513              index = FindDataIndex(client_function_index, channel);
    514              if (index != UCHAR_MAX)
    515              {
    516                  *value = Api013.Data[index].Value;
    517                  return TRUE;
    518              }
    519          
    520              return FALSE;
    521          }
    522          
    523          
    524          //---------------------------------------------------------------------------------------------------------------------
    525          /**
    526           * Get the specified remote function data only if it is a new value that was not previously read.
    527           * @param client_function_index = The client-side function index that identifies the remote function.
    528           * @param channel = The index of the remote function data.
    529           * @param sync = The synchronization byte used to detect new values that were not previously read.
    530           * @param value = A pointer to where the value should be stored if it is available.
    531           * @return TRUE if the remote function data value was available, new, and copied into *data; otherwise FALSE.
    532           */
    533          BOOL_TYPE API013RemoteFunction__GetSynchronizedData(API013_CLIENT_FUNCTION_INDEX_TYPE client_function_index, uint8 channel, uint8* sync, uint16* value)
    534          {
    535              uint8 index;
    536          
    537              index = FindDataIndex(client_function_index, channel);
    538              if (index != UCHAR_MAX)
    539              {
    540                  if (Api013.Data[index].Sequence != *sync)
    541                  {
    542                      *sync = Api013.Data[index].Sequence;
    543                      *value = Api013.Data[index].Value;
    544                      return TRUE;
    545                  }
    546              }
    547          
    548              return FALSE;
    549          }
    550          
    551          
    552          //---------------------------------------------------------------------------------------------------------------------
    553          /**
    554           * Set the publication period for data elements that are generated periodically by remote functions.
    555          
    556              @startuml{SetPublicationPeriod_sq.png}
    557                  title API013 - Set Publication Period
    558                  hide footbox
    559                  autonumber
    560          
    561                  participant ACU
    562                  participant "API013RemoteFunction\n(Client)" as Client
    563                  participant "API013RemoteFunction\n(Server)" as Server
    564          
    565                  ACU -> Client : API013RemoteFunction__SetPublicationPeriod(milliseconds)
    566                  Client -> Server : (39/6) SetPublicationPeriod(milliseconds)
    567                  alt Milliseconds are Supported
    568                      Client <-- Server : ACK
    569                  else else
    570                      Client <-- Server : NAK
    571                  end alt
    572              @enduml
    573          
    574           * @param client_function_index = The client-side function index that identifies the remote function.
    575           * @param milliseconds = The target period between publication of data elements.
    576           */
    577          void API013RemoteFunction__SetPublicationPeriod(API013_CLIENT_FUNCTION_INDEX_TYPE client_function_index, uint16 milliseconds)
    578          {
    579              Reveal__QueueMessageU16(API013RMTFCN_NUM, API013_CMD_SET_PUBLICATION_PERIOD, API013_CLIENT_FUNCTIONS[client_function_index].Communication_Node, TRUE, FALSE, milliseconds);
    580          }
    581          
    582          
    583          //---------------------------------------------------------------------------------------------------------------------
    584          /**
    585           * Synchronize the receiver so that it can receive only new samples of the remote function data.
    586           * @param client_function_index = The client-side function index that identifies the remote function.
    587           * @param channel = The index of the remote function data.
    588           * @param sync = Pointer to a byte used to synchronize the caller with API013 messages.
    589           */
    590          void API013RemoteFunction__SynchronizeData(API013_CLIENT_FUNCTION_INDEX_TYPE client_function_index, uint8 channel, uint8* sync)
    591          {
    592              uint8 index;
    593          
    594              index = FindDataIndex(client_function_index, channel);
    595              if (index == UCHAR_MAX)
    596              {
    597                  // This remote function data has not been received, so if one is found, it will be new.
    598                  *sync = UCHAR_MAX;
    599              }
    600              else
    601              {
    602                  // This remote function data has been received.
    603                  *sync = Api013.Data[index].Sequence;
    604              }
    605          }
    606          
    607          
    608          //---------------------------------------------------------------------------------------------------------------------
    609          /**
    610           * Register for events generated by the API013_SERVER_FEATURE.
    611           * @param event_handler = Pointer to a function that handles API013_SERVER_FEATURE events.
    612           */
    613          void API013RemoteFunction__RegisterForEvents(API013_EVENT_HANDLER_TYPE event_handler)
    614          {
    615              Callback__Register(&API013_Callback, (CALLBACK_HANDLER_TYPE)(void*)event_handler);
    616          }
    617          
    618          
    619          //---------------------------------------------------------------------------------------------------------------------
    620          /**
    621           * Unregister for events generated by the API013_SERVER_FEATURE.
    622           * @param event_handler = Pointer to a function that handles API013_SERVER_FEATURE events.
    623           */
    624          void API013RemoteFunction__UnregisterForEvents(API013_EVENT_HANDLER_TYPE event_handler)
    625          {
    626              Callback__Unregister(&API013_Callback, (CALLBACK_HANDLER_TYPE)(void*)event_handler);
    627          }
    628          #endif      // #if (API013_CLIENT_FEATURE == ENABLED)
    629          
    630          
    631          #if (API013_SERVER_FEATURE == ENABLED)
    632          //---------------------------------------------------------------------------------------------------------------------
    633          /**
    634           * Send an event to the API013_CLIENT_FEATURE.
    635           * @param event = The event to send to the API013_CLIENT_FEATURE.
    636           */

   \                                 In section .text, align 2, keep-with-next
    637          void API013RemoteFunction__PublishStatus(uint8 server_function_index, uint8* status, uint8 size)
    638          {
   \                     API013RemoteFunction__PublishStatus: (+1)
   \   00000000   0xB5F0             PUSH     {R4-R7,LR}
   \   00000002   0xB081             SUB      SP,SP,#+4
   \   00000004   0x460C             MOV      R4,R1
   \   00000006   0x4615             MOV      R5,R2
    639              PublishRemoteFunctionStatus(Api013.Data_Receiver_Node, server_function_index, status, size);
   \   00000008   0xBB20             CBNZ.N   R0,??API013RemoteFunction__PublishStatus_0
   \   0000000A   0x....             LDR.N    R6,??DataTable3
   \   0000000C   0x7872             LDRB     R2,[R6, #+1]
   \   0000000E   0x1CAB             ADDS     R3,R5,#+2
   \   00000010   0xB2DB             UXTB     R3,R3
   \   00000012   0x2102             MOVS     R1,#+2
   \   00000014   0x200D             MOVS     R0,#+13
   \   00000016   0x.... 0x....      BL       Reveal__NewFeedback
   \   0000001A   0x4607             MOV      R7,R0
   \   0000001C   0x2100             MOVS     R1,#+0
   \   0000001E   0x.... 0x....      BL       Reveal__AddDataU8
   \   00000022   0x2801             CMP      R0,#+1
   \   00000024   0xD116             BNE.N    ??API013RemoteFunction__PublishStatus_0
   \   00000026   0x2100             MOVS     R1,#+0
   \   00000028   0x4630             MOV      R0,R6
   \   0000002A   0x.... 0x....      BL       Utilities__GetBitInArray
   \   0000002E   0x4601             MOV      R1,R0
   \   00000030   0x4638             MOV      R0,R7
   \   00000032   0x.... 0x....      BL       Reveal__AddDataU8
   \   00000036   0x2801             CMP      R0,#+1
   \   00000038   0xD10C             BNE.N    ??API013RemoteFunction__PublishStatus_0
   \   0000003A   0x462A             MOV      R2,R5
   \   0000003C   0x4621             MOV      R1,R4
   \   0000003E   0x4638             MOV      R0,R7
   \   00000040   0x.... 0x....      BL       Reveal__AddDataU8Buffer
   \   00000044   0x2801             CMP      R0,#+1
   \   00000046   0xD105             BNE.N    ??API013RemoteFunction__PublishStatus_0
   \   00000048   0x4638             MOV      R0,R7
   \   0000004A   0xB001             ADD      SP,SP,#+4
   \   0000004C   0xE8BD 0x40F0      POP      {R4-R7,LR}
   \   00000050   0x.... 0x....      B.W      Reveal__QueueCommand
    640          }
   \                     ??API013RemoteFunction__PublishStatus_0: (+1)
   \   00000054   0xB001             ADD      SP,SP,#+4
   \   00000056   0xBDF0             POP      {R4-R7,PC}       ;; return

   \                                 In section .text, align 4, keep-with-next
   \                     ??DataTable3:
   \   00000000   0x........         DC32     Api013
    641          #endif      // #if (API013_SERVER_FEATURE == ENABLED)
    642          
    643          
    644          //=====================================================================================================================
    645          //  --- Private Methods -----------------------------------------------------------------------------------------------
    646          //=====================================================================================================================
    647          
    648          
    649          #if (API013_CLIENT_FEATURE == ENABLED)
    650          //----------------------------------------------------------------------------------------------------------------------
    651          /**
    652           * Convert the server-side function index to a client-side function index.
    653           * @param node_id = The server communication node.
    654           * @param server_function_index = The server-side function index that identifies the remote function.
    655           * @return The client-side function index that identifies the remote function.
    656           */
    657          static API013_CLIENT_FUNCTION_INDEX_TYPE ConvertServerIndexToClientIndex(uint8 node_id, uint8 server_function_index)
    658          {
    659              for (uint8 index = 0; index < API013_NUM_OF_CLIENT_FUNCTIONS; index++)
    660              {
    661                  if ((API013_CLIENT_FUNCTIONS[index].Communication_Node == node_id) &&
    662                      (API013_CLIENT_FUNCTIONS[index].Server_Function_Index == server_function_index))
    663                  {
    664                      return (API013_CLIENT_FUNCTION_INDEX_TYPE)index;
    665                  }
    666              }
    667              return (API013_CLIENT_FUNCTION_INDEX_TYPE)API013_NUM_OF_CLIENT_FUNCTIONS;
    668          }
    669          
    670          
    671          //---------------------------------------------------------------------------------------------------------------------
    672          /**
    673           * Get the index to the data associated with the specified remote function and the specified data channel.
    674           * @param client_function_index = The client-side function index that identifies the remote function.
    675           * @param channel = The index of the data from the remote function.
    676           * @return The index to the stored data that corresponds with the client_function_index and channel.
    677           *         If there is no stored data, then it returns UCHAR_MAX.
    678           */
    679          static uint8 FindDataIndex(API013_CLIENT_FUNCTION_INDEX_TYPE client_function_index, uint8 channel)
    680          {
    681              for (uint8 index = 0; index < API013_MAX_STORED_DATA; index++)
    682              {
    683                  if ((Api013.Data[index].Client_Function_Index == client_function_index) &&
    684                      (Api013.Data[index].Channel == channel))
    685                  {
    686                      return index;
    687                  }
    688              }
    689              return UCHAR_MAX;
    690          }
    691          
    692          
    693          //---------------------------------------------------------------------------------------------------------------------
    694          /**
    695           * Insert a received value from a remote function into the array of all stored values.
    696           * Replace any previously stored value with the client_function_index and channel.
    697           * Maintain the array order so that the values are sorted from newest to oldest.
    698           * Drop the oldest value if it does not fit in the array.
    699           * Api013.Data[0] will contain the inserted analog input value when done.
    700           * @param client_function_index = The client-side function index that identifies the remote function.
    701           * @param channel = The remote function's channel for generating this value.
    702           * @param value = The new value to store.
    703           */
    704          static void StoreReceivedData(API013_CLIENT_FUNCTION_INDEX_TYPE client_function_index, uint8 channel, sint16 value)
    705          {
    706              // Look for the presence of the analog input ID in the existing stored data array.
    707              uint8 num_of_analog_inputs_to_shift = API013_MAX_STORED_DATA - 1;
    708              uint8 new_sequence_number = 0;                  // Assume this is the first occurrence in the stored data.
    709          
    710              // The last analog input must be checked to avoid unnecessarily losing the sequence number.
    711              for (uint8 i = 0; i < API013_MAX_STORED_DATA; i++)
    712              {
    713                  API013_STORED_DATA_TYPE* stored = &Api013.Data[i];
    714          
    715                  if ((stored->Channel == channel) &&
    716                      (stored->Client_Function_Index == client_function_index))
    717                  {
    718                      num_of_analog_inputs_to_shift = i;
    719                      if (stored->Sequence < UCHAR_MAX - 1)
    720                      {
    721                          new_sequence_number = stored->Sequence + 1;
    722                      }
    723                      else
    724                      {
    725                          new_sequence_number = 1;
    726                      }
    727                      break;                                  // Out of the for() loop.
    728                  }
    729              }
    730          
    731              // Shift the array elements.
    732              //      This will remove any previously stored copy of the analog input, and...
    733              //      it will make space for the new analog input at the start of the array.
    734              if (num_of_analog_inputs_to_shift > 0)
    735              {
    736                  memmove(&Api013.Data[1], &Api013.Data[0], num_of_analog_inputs_to_shift * sizeof(API013_STORED_DATA_TYPE));
    737              }
    738          
    739              // Store the new analog input at the start of the array.
    740              Api013.Data[0].Value = value;
    741              Api013.Data[0].Client_Function_Index = client_function_index;
    742              Api013.Data[0].Channel = channel;
    743              Api013.Data[0].Sequence = new_sequence_number;
    744          }
    745          #endif      // #if (API013_CLIENT_FEATURE == ENABLED)
    746          
    747          
    748          #if (API013_SERVER_FEATURE == ENABLED)
    749          //---------------------------------------------------------------------------------------------------------------------
    750          /**
    751           * Send a feedback message with all the data from all the remote functions active on this server.
    752           */
    753          static void PublishAllRemoteFunctionData(void)
    754          {
    755              REMOTE_FUNCTION_DATA_TYPE data_elements[API013_MAX_PUBLISHED_DATA];
    756          
    757              // Determine the size of the payload required for all the data elements.
    758              ACTIVE_TYPE active = INACTIVE;
    759              uint8 total = 0;
    760              for (uint8 index = 0; index < API013_NUM_OF_SERVER_FUNCTIONS; index++)
    761              {
    762                  if (Utilities__GetBitInArray(Api013.Functions_Active, index) == ACTIVE)
    763                  {
    764                      active = ACTIVE;
    765                      total += RemoteFunctionGetData(index, &data_elements[total]);
    766                  }
    767                  else if (active == ACTIVE)
    768                  {
    769                      // Support sequentially linked remote function indices where additional remote functions only provide additional data.
    770                      if ((API013_SERVER_FUNCTIONS[index].Background_Function == REMOTE_FUNCTION_BACKGROUND_NULL) &&
    771                          (API013_SERVER_FUNCTIONS[index].Do_Control_Function == REMOTE_FUNCTION_DO_CONTROL_NULL) &&
    772                          (API013_SERVER_FUNCTIONS[index].Get_Status_Function == REMOTE_FUNCTION_GET_STATUS_NULL))
    773                      {
    774                          total += RemoteFunctionGetData(index, &data_elements[total]);
    775                      }
    776                      else
    777                      {
    778                          active = INACTIVE;
    779                      }
    780                  }
    781              }
    782          
    783              if (total > 0)
    784              {
    785                  PublishPreparedData(data_elements, total);
    786              }
    787          }
    788          
    789          
    790          //---------------------------------------------------------------------------------------------------------------------
    791          /**
    792           * Publish a set of data elements to Reveal.
    793           * @param data_elements = The data that must be published.
    794           * @param count = The number of data elements in the 'data_elements' array.
    795           */
    796          static void PublishPreparedData(REMOTE_FUNCTION_DATA_TYPE* data_elements, uint8 count)
    797          {
    798          
    799              // Get a pointer to the feedback message.
    800              uint8 payload_size = count * sizeof(REMOTE_FUNCTION_DATA_TYPE);
    801              REVEAL_COMMAND_TYPE* msg = Reveal__NewFeedback(API013RMTFCN_NUM, API013_FBK_PUBLISH_FUNCTION_DATA, Api013.Data_Receiver_Node, payload_size);
    802              if (msg != NULL)
    803              {
    804                  Reveal__AddDataU8Buffer(msg, (uint8*)(void*)data_elements, payload_size);
    805                  Reveal__QueueCommand(msg);
    806              }
    807          }
    808          
    809          
    810          //---------------------------------------------------------------------------------------------------------------------
    811          /**
    812           * Publish the status of a specified remote function.
    813           * @param server_function_index = The server-side function index that identifies the remote function.
    814           * @param status = Pointer to the function status data.
    815           * @param size = Number of bytes in the function status data.
    816           * @return TRUE if the message was sent; otherwise FALSE.
    817           */
    818          static BOOL_TYPE PublishRemoteFunctionStatus(uint8 destination, sint8 server_function_index, uint8* status, uint8 size)
    819          {
    820              if (server_function_index < API013_NUM_OF_SERVER_FUNCTIONS)
                                               ^
Remark[Pe1873]: comparison between signed and unsigned operands
    821              {
    822                  REVEAL_COMMAND_TYPE* msg = Reveal__NewFeedback(API013RMTFCN_NUM, API013_FBK_PUBLISH_FUNCTION_STATUS, destination, size + 2);
    823                  return (BOOL_TYPE)((Reveal__AddDataU8(msg, server_function_index) == PASS) &&
    824                                     (Reveal__AddDataU8(msg, Utilities__GetBitInArray(Api013.Functions_Active, server_function_index)) == PASS) &&
    825                                     (Reveal__AddDataU8Buffer(msg, status, size) == PASS) &&
    826                                     (Reveal__QueueCommand(msg) == TRUE));
    827              }
    828          
    829              return FALSE;
    830          }
    831          
    832          
    833          //---------------------------------------------------------------------------------------------------------------------
    834          /**
    835           * Send a feedback message with the data elements from a single background function.
    836           * @param server_function_index = The server-side function index that identifies the remote function.
    837           */
    838          static void PublishSingleRemoteFunctionData(sint8 server_function_index)
    839          {
    840              REMOTE_FUNCTION_DATA_TYPE data_elements[API013_MAX_DATA_CHANNELS_PER_FUNCTION];
    841          
    842              // Get the data from the background function (if any).
    843              if (server_function_index < API013_NUM_OF_SERVER_FUNCTIONS)
                                               ^
Remark[Pe1873]: comparison between signed and unsigned operands
    844              {
    845                  uint8 count = RemoteFunctionGetData(server_function_index, data_elements);
    846          
    847                  if ((0 < count) && (count <= API013_MAX_DATA_CHANNELS_PER_FUNCTION))
    848                  {
    849                      PublishPreparedData(data_elements, count);
    850                  }
    851              }
    852          }
    853          
    854          
    855          //---------------------------------------------------------------------------------------------------------------------
    856          /**
    857           * Call the DoControl function for the specified function and pass the specified control.
    858           * @param server_function_index = The server-side function index that identifies the remote function.
    859           * @param control = The control that the function should execute.
    860           * @param params = Pointer to bytes that make up the parameters.
    861           * @param size = Number of bytes referenced in the parameters.
    862           * @retval REMOTE_FUNCTION_CONTROL_RESPONSE_INVALID = The function does not exist or the control is not supported.
    863           * @retval REMOTE_FUNCTION_CONTROL_RESPONSE_INACTIVE = The function evaluated the control and is now INACTIVE.
    864           * @retval REMOTE_FUNCTION_CONTROL_RESPONSE_ACTIVE = The function evaluated the control and is now ACTIVE.
    865           */
    866          static REMOTE_FUNCTION_CONTROL_RESPONSE_TYPE RemoteFunctionDoControl(uint8 server_function_index, uint8 control, uint8* params, uint8 size)
    867          {
    868              REMOTE_FUNCTION_CONTROL_RESPONSE_TYPE control_response = REMOTE_FUNCTION_CONTROL_RESPONSE_INVALID;
    869              if (server_function_index < API013_NUM_OF_SERVER_FUNCTIONS)
    870              {
    871                  REMOTE_FUNCTION_DO_CONTROL_TYPE do_control = API013_SERVER_FUNCTIONS[server_function_index].Do_Control_Function;
    872                  if (do_control != REMOTE_FUNCTION_DO_CONTROL_NULL)
    873                  {
    874                      control_response = do_control(control, params, size);
    875                      if ((control != REMOTE_FUNCTION_COMMAND_DISABLE) &&
    876                          (control_response == REMOTE_FUNCTION_CONTROL_RESPONSE_ACTIVE))
    877                      {
    878                          Utilities__SetBitInArray(Api013.Functions_Active, server_function_index, ACTIVE);
    879                      }
    880                      else
    881                      {
    882                          Utilities__SetBitInArray(Api013.Functions_Active, server_function_index, INACTIVE);
    883                      }
    884                  }
    885              }
    886          
    887              return (control_response);
    888          }
    889          
    890          
    891          //---------------------------------------------------------------------------------------------------------------------
    892          /**
    893           * Write the data elements of a specific function to an array.
    894           * @param server_function_index = The server-side function index that identifies the remote function.
    895           * @param data_elements = The array that holds the data.
    896           * @return The number of data elements that were added to the array.
    897           */
    898          static uint8 RemoteFunctionGetData(sint8 server_function_index, REMOTE_FUNCTION_DATA_TYPE* data_elements)
    899          {
    900              uint8 count = 0;
    901              REMOTE_FUNCTION_GET_DATA_TYPE get_data = API013_SERVER_FUNCTIONS[server_function_index].Get_Data_Function;
    902              if (get_data != REMOTE_FUNCTION_GET_DATA_NULL)
    903              {
    904                  get_data(API013_MAX_DATA_CHANNELS_PER_FUNCTION * server_function_index, data_elements, &count);
    905              }
    906          
    907              return count;
    908          }
    909          
    910          
    911          //---------------------------------------------------------------------------------------------------------------------
    912          /**
    913           * Get the status of the specified function.
    914           * @param server_function_index = The server-side function index that identifies the remote function.
    915           * @param status = Address to set to the buffer that holds the function status data.
    916           * @param size = Address to fill with the number of bytes in the function status data.
    917           * @return TRUE if the function status was successfully retrieved; otherwise, FALSE.
    918           */
    919          static BOOL_TYPE RemoteFunctionGetStatus(sint8 server_function_index, uint8** status, uint8* size)
    920          {
    921              if (server_function_index < API013_NUM_OF_SERVER_FUNCTIONS)
                                               ^
Remark[Pe1873]: comparison between signed and unsigned operands
    922              {
    923                  REMOTE_FUNCTION_GET_STATUS_TYPE get_status = API013_SERVER_FUNCTIONS[server_function_index].Get_Status_Function;
    924                  if (get_status != REMOTE_FUNCTION_GET_STATUS_NULL)
    925                  {
    926                      get_status(status, size);
    927                      return TRUE;
    928                  }
    929              }
    930          
    931              return FALSE;
    932          }
    933          
    934          
    935          //---------------------------------------------------------------------------------------------------------------------
    936          /**
    937           * Set the publication period that the server uses to publish remote function data.
    938           * @param milliseconds = Time between publications of remote function data in milliseconds.
    939           *              Set to 0 to disable publications of all remote function data.
    940           * @return TRUE if the publication period is supported by the server; otherwise FALSE.
    941           */
    942          static BOOL_TYPE SetPublicationPeriod(uint16 milliseconds)
    943          {
    944              uint16 calls_to_background;
    945          
    946              if (milliseconds == 0)
    947              {
    948                  Api013.Publication_Period = 0;                     // Disable data publications.
    949                  return TRUE;
    950              }
    951              else if (milliseconds >= MIN_PUBLICATION_PERIOD)
    952              {
    953                  calls_to_background = milliseconds / API013_MS_PER_BACKGROUND_CALL;
    954                  if ((calls_to_background <= UCHAR_MAX) &&
    955                      (calls_to_background* API013_MS_PER_BACKGROUND_CALL == milliseconds))
    956                  {
    957                      Api013.Publication_Period = calls_to_background;
    958                      return TRUE;
    959                  }
    960              }
    961          
    962              return FALSE;
    963          }
    964          #endif      // #if (API013_SERVER_FEATURE == ENABLED)
    965          
    966          #endif      // #if ((API013_CLIENT_FEATURE == ENABLED) || (API013_SERVER_FEATURE == ENABLED))
    967          

   Maximum stack usage in bytes:

   .cstack Function
   ------- --------
       8   API013RemoteFunction__Background
         8   -> Utilities__GetBitInArray
      16   API013RemoteFunction__CommandParser
        16   -> Utilities__ConvertArrayTo16bits
       0   API013RemoteFunction__FeedbackParser
       8   API013RemoteFunction__Initialize
         8   -> Micro__GetResetMode
      24   API013RemoteFunction__PublishStatus
        24   -> Reveal__AddDataU8
        24   -> Reveal__AddDataU8Buffer
        24   -> Reveal__NewFeedback
         0   -> Reveal__QueueCommand
        24   -> Utilities__GetBitInArray


   Section sizes:

   Bytes  Function/Label
   -----  --------------
       4  ??DataTable3
      46  API013RemoteFunction__Background
      98  API013RemoteFunction__CommandParser
       2  API013RemoteFunction__FeedbackParser
      24  API013RemoteFunction__Initialize
      88  API013RemoteFunction__PublishStatus
       4  Api013

 
   4 bytes in section .bss
 262 bytes in section .text
 
 262 bytes of CODE memory
   4 bytes of DATA memory

Errors: none
Warnings: none
