###############################################################################
#
# IAR ANSI C/C++ Compiler V7.20.5.7591/W32 for ARM        06/Aug/2024  13:41:36
# Copyright 1999-2014 IAR Systems AB.
#
#    Cpu mode     =  thumb
#    Endian       =  little
#    Source file  =  
#        C:\Data\Python\Self_Commissioning_Bpm\source\ProjectSpecific\Application\API007App\API007App.c
#    Command line =  
#        -I./ -I../cx/ -I../cx/inc/ -ICategory/ -ICategory/Application/
#        -ICategory/Application/ThermalModel/
#        -ICategory/Application/ThermalModel/ThermalModelCore_DD/
#        -ICategory/Application/ThermalModel/ThermalModelCore_sBPM/
#        -ICategory/Common/ -ICategory/Common/BoardDebugging/
#        -ICategory/Common/MasterCommander/
#        -ICategory/Common/MasterCommander/Source/
#        -ICategory/Common/MasterCommander/Source/HAL/
#        -ICategory/Common/SelfCommissioning/ -ICategory/Hbl/
#        -IProjectSpecific/ -IProjectSpecific/Application/
#        -IProjectSpecific/Application/API007App/
#        -IProjectSpecific/Application/ModeManagement/
#        -IProjectSpecific/Application/MotorSelector/
#        -IProjectSpecific/Application/ProductInfo/
#        -IProjectSpecific/Application/SRMcuSpeedMonitor/
#        -IProjectSpecific/Application/ThermalModel/
#        -IProjectSpecific/CommonCore/ -IProjectSpecific/Driver/
#        -IProjectSpecific/MasterCommander/ -IProjectSpecific/Mci/
#        -IProjectSpecific/Mci/Mcl/ -IProjectSpecific/Mci/Mcl/old_xls/
#        -IXCategory/ -IXCategory/Application/
#        -IXCategory/Application/MciParametersLoader/
#        -IXCategory/Application/Mode/ -IXCategory/Application/Reveal_APIs/
#        -IXCategory/Application/Reveal_APIs/API003Disc/
#        -IXCategory/Application/Reveal_APIs/API004Debug/
#        -IXCategory/Application/Reveal_APIs/API005LowLevel/
#        -IXCategory/Application/Reveal_APIs/API007Data/
#        -IXCategory/Application/Reveal_APIs/API009System/
#        -IXCategory/Application/Reveal_APIs/API010PollVar/
#        -IXCategory/Application/Reveal_APIs/API011AppCtr/
#        -IXCategory/Application/Reveal_APIs/API013RemoteFunction/
#        -IXCategory/Application/Reveal_APIs/API018Diagnostic/
#        -IXCategory/Application/Reveal_APIs/API019ProductInfo/
#        -IXCategory/Application/Reveal_APIs/API220MotorControl/
#        -IXCategory/Application/Reveal_APIs/API220MotorControl/API/
#        -IXCategory/Application/Reveal_APIs/API221MotionCtrl/
#        -IXCategory/Application/Reveal_APIs/SRAPI020Safety/
#        -IXCategory/Application/SFUpdater/ -IXCategory/Common/
#        -IXCategory/Common/Crc16/ -IXCategory/Common/Crc8/
#        -IXCategory/Common/Log/ -IXCategory/Common/Millis/
#        -IXCategory/Common/SettingFile/ -IXCategory/Common/SRClockMonitor/
#        -IXCategory/Common/SRData/ -IXCategory/Common/SRException/
#        -IXCategory/Common/SRFlow/ -IXCategory/Common/SRIsrMonitor/
#        -IXCategory/Common/SRMain/ -IXCategory/Common/SRMcuSpeedMonitor/
#        -IXCategory/Common/SRPowerMgr/ -IXCategory/Common/SRSignature/
#        -IXCategory/Common/SRSystemConfig/
#        -IXCategory/Common/SRTimerReference/ -IXCategory/Common/SystemConfig/
#        -IXCategory/Common/SystemTimers/ -IXCategory/Common/Utilities/
#        -IXCategory/Driver/ -IXCategory/Driver/API/
#        -IXCategory/Driver/API/Comparator/ -IXCategory/Driver/API/DataFlash/
#        -IXCategory/Driver/API/Dma/ -IXCategory/Driver/API/Flash/
#        -IXCategory/Driver/API/Gpio/ -IXCategory/Driver/API/Micro/
#        -IXCategory/Driver/API/Spi/ -IXCategory/Driver/API/SRMCAtod/
#        -IXCategory/Driver/API/SRMCInputCapture/
#        -IXCategory/Driver/API/SRMCPwm/ -IXCategory/Driver/API/TimerInterrupt/
#        -IXCategory/Driver/API/Uart/ -IXCategory/Driver/Comparator/
#        -IXCategory/Driver/DataFlash/ -IXCategory/Driver/Dma/
#        -IXCategory/Driver/Flash/ -IXCategory/Driver/Gpio/
#        -IXCategory/Driver/Micro/ -IXCategory/Driver/Spi/
#        -IXCategory/Driver/SRMCAtod/ -IXCategory/Driver/SRMCInputCapture/
#        -IXCategory/Driver/SRMCPwm/ -IXCategory/Driver/TimerInterrupt/
#        -IXCategory/Driver/Uart/ -IXCategory/Hbl/ -IXCategory/Hbl/Mci/
#        -IXCategory/Hbl/Mci/InverterTemp/ -IXCategory/Hbl/Mci/Mcl/
#        -IXCategory/Hbl/Mci/Mcl/Braking/ -IXCategory/Hbl/Mci/Mcl/MacroBlocks/
#        -IXCategory/Hbl/Mci/Mcl/MclFvt/ -IXCategory/Hbl/Mci/Mcl/MicroBlocks/
#        -IXCategory/Hbl/Mci/Mcl/MicroBlocks/ClrkPark/
#        -IXCategory/Hbl/Mci/Mcl/MicroBlocks/Filters/
#        -IXCategory/Hbl/Mci/Mcl/MicroBlocks/Math/
#        -IXCategory/Hbl/Mci/Mcl/MicroBlocks/ObserverPmsm/
#        -IXCategory/Hbl/Mci/Mcl/MicroBlocks/Pi/
#        -IXCategory/Hbl/Mci/Mcl/MicroBlocks/PwmModulation/
#        -IXCategory/Hbl/Mci/Mcl/ResistanceEstimation/
#        -IXCategory/Hbl/Mci/PowerModuleManager/
#        -IXCategory/Hbl/Mci/SpeedRefGen/ -IXCategory/Hbl/Mci/SurgeRelay/
#        -IXCategory/Hbl/SRMotorSafetyMgr/
#        -IXCategory/Hbl/SRMotorSafetyMgr/API/ -IXCategory/Service/
#        -IXCategory/Service/Reveal/ -IXCategory/Service/Win/ --remarks
#        --no_tbaa --debug --use_c++_inline --only_stdout --dlib_config
#        ..\cx\inc\DLib_Config_Normal.h -r -D
#        ENABLE_JUMP_TO_APPLICATION_WITHOUT_IAP_FIRMWARE -D
#        SET_FLASH_OPTION_CONFIGURATION -D ARM_MATH_CM4 -e --silent
#        --endian=little --cpu Cortex-M4 --fpu=VFPv4_sp -Ohs -o API007App.obj
#        -l ..\listings\API007App.lst
#        C:\Data\Python\Self_Commissioning_Bpm\source\ProjectSpecific\Application\API007App\API007App.c
#    List file    =  ..\listings\API007App.lst
#    Object file  =  API007App.obj
#
###############################################################################

C:\Data\Python\Self_Commissioning_Bpm\source\ProjectSpecific\Application\API007App\API007App.c
      1           /**
      2           *  @file       
      3           *
      4           *  @brief      API007App module implementation
      5           *
      6           *  @details    This module takes care of reading and writing mechanism to the memory for bulk data storage.
      7           *
      8           *  @section    Applicable_Documents
      9           *                  List here all the applicable documents if needed. <tr>
     10           *
     11           *
     12           *  @copyright  Copyright 2013-$Date: 2013/09/13 10:23:07EDT $. Whirlpool Corporation. All rights reserved - CONFIDENTIAL
     13           */
     14          //---------------------------------------------------------------------------------------------------------------------
     15          //---------------------------------------------------------------------------------------------------------------------
     16          
     17          //-------------------------------------- Include Files ----------------------------------------------------------------
     18          #include "C_Extensions.h"
     19          #include "Log.h"
     20          #include "API007Data.h"

  PACKED typedef struct
         ^
"C:\Data\Python\Self_Commissioning_Bpm\source\XCategory\Common\SettingFile\SettingFile.h",39  Remark[Pe082]: 
          storage class is not first
     21          #include "API007App_prm.h"
     22          #include "Reveal.h"
     23          #include "Crc16.h"
     24          #include "Micro.h"
     25          #include "Mode.h"
     26          #include "String.h"
     27          #include "SystemTimers.h"

  PACKED typedef struct
         ^
"C:\Data\Python\Self_Commissioning_Bpm\source\XCategory\Common\SystemTimers\SystemTimers.h",48  Remark[Pe082]: 
          storage class is not first

  PACKED typedef struct
         ^
"C:\Data\Python\Self_Commissioning_Bpm\source\XCategory\Common\SystemTimers\SystemTimers.h",59  Remark[Pe082]: 
          storage class is not first
     28          #include "Micro.h"
     29          #include "DataFlash.h"
     30          #include "API007App_prv.h"
     31          #include "API007App.h"
     32          
     33          
     34          #if (API007DATA_BULK_DATA_FEATURE == ENABLED)
     35          
     36          //-------------------------------------- PUBLIC (Variables) -----------------------------------------------------------
     37          //-------------------------------------- PRIVATE (Variables, Constants & Defines) -------------------------------------
     38          typedef enum
     39          {
     40          	API007APP_MACHINE_REQ_INIT  = 0,
     41          	API007APP_MACHINE_REQ_SETUP = 1,
     42          	API007APP_MACHINE_REQ_ID0 = 2,
     43          	API007APP_MACHINE_REQ_ID1 = 3,
     44          	API007APP_MACHINE_REQ_ID2 = 4,
     45          	API007APP_MACHINE_REQ_ID3 = 5,
     46          	API007APP_MACHINE_REQ_ID4 = 6,
     47              API007APP_MACHINE_REQ_ID5 = 7,
     48              API007APP_MACHINE_REQ_ID6 = 8,
     49          
     50          	API007APP_MACHINE_REQ_ID_MAX
     51          } API007APP_MACHINE_REQUESTOR_TYPE;
     52          
     53          //Add here segments Definition with segment ID's
     54          #define API007APP_SEG0      0
     55          #define API007APP_SEG1      1
     56          #define API007APP_SEG2      2
     57          #define API007APP_SEG3      3
     58          #define API007APP_SEG4      4
     59          #define API007APP_SEG6      6
     60          
     61          
     62          //! Max size of segment on server
     63          #define API007APP_SERVER_DATA_SEGMENT0_MAX_SIZE         50
     64          
     65          #define TIMER_MACHINE_REQUESTOR_SETUP     		250
     66          #define TIMER_MACHINE_REQUESTOR_DATAS     		500
     67          
     68          #define API007DATA_INVALID_SEGMENT_INDEX        255
     69          #define MESSAGE_RESPONSE_TIMER                  5000
     70          #define MESSAGE_RESPONSE_TIMER_REQ              5000
     71          
     72          
     73          //! list of module Log messages
     74          typedef enum
     75          {
     76               INVALID_CRC_FAILED = 1                          //!< data: INVALID_CRC_FAILED
     77          } MODULE_API007APP_LOG_MESSAGE_ID_TYPE;
     78          #define MODULE_NAME MODULE_API007APP
     79          
     80          typedef enum
     81          {
     82              API007APP_RX_STATE_IDLE = 0,
     83              API007APP_RX_STATE_WRITE = 1,
     84              API007APP_RX_STATE_WAIT = 2,
     85              API007APP_RX_STATE_COMPLETE = 3,
     86              API007APP_RX_STATE_ERROR = 4
     87          } API007APP_RX_STATE_TYPE;
     88          
     89          //! Flags to check the flow of the data sent by ACU to MCU.
     90          typedef union API007_DATA_FLOW_CHECK_STRUCT
     91          {
     92              struct
     93              {
     94                  uint8 Friction_Factory_Received		:1;
     95                  uint8 Friction_Lifetime_Received	:1;
     96                  uint8 Floor_Displ_Ref_Received		:1;
     97                  uint8 Vib_Map_Cross_Spd_Received	:1;
     98                  uint8 Unused						:4;
     99              } Bits;
    100          
    101              uint8 All;
    102          } API007_DATA_FLOW_CHECK_TYPE;
    103          

   \                                 In section .bss, align 4
    104          static API007_SEGMENT_INFO_TYPE Segment_Info;
   \                     Segment_Info:
   \   00000000                      DS8 8
    105          

   \                                 In section .bss, align 4
    106          static API007_DATA_FLOW_CHECK_TYPE Data_Flow_Check;
    107          
    108          
    109          #define BASELINE_ARRAY_DIM						(BASELINE_ARRAY_MAX_SIZE * sizeof(uint16))
    110          
    111          #define BASELINE_MAX_SIZE 						(BASELINE_ARRAY_MAX_SIZE * sizeof(uint16))
    112          #define BASELINE_MAX_SIZE_CRC					(BASELINE_MAX_SIZE + 2)
    113          
    114          #define STATS_EXTRACT_ARRAY_MAX_SIZE             17U
    115          #define STATS_EXTRACTS_ARRAY_MAX_SIZE_CRC        (STATS_EXTRACT_ARRAY_MAX_SIZE + 2)
    116          
    117          
    118          static uint8 Array_CpyExtrAccelVibMap[4];
    119          static uint8 Array_StatsExtrData[STATS_EXTRACT_ARRAY_MAX_SIZE];
    120          static uint16 Message_States_Timer;
    121          static API007APP_MACHINE_REQUESTOR_TYPE State_Machine_Requestor;
   \                     State_Machine_Requestor:
   \   00000000                      DS8 1
   \   00000001                      DS8 1
   \   00000002                      DS8 2
   \   00000004                      DS8 2
   \   00000006                      DS8 2
   \   00000008                      DS8 4
   \   0000000C                      DS8 4

   \                                 In section .bss, align 4
   \                     Array_StatsExtrData:
   \   00000000                      DS8 20
    122          
    123          static uint16 Message_Response_Request;
    124          static API007APP_RX_STATE_TYPE API007APP_Rx_State;

   \                                 In section .bss, align 2
   \   00000000                      DS8 2
    125          static uint16 API007APP_Rx_Size;
    126          static uint8*  Pnt_Rx_Buffer;
    127          
    128          
    129          #if (MONITORING_NVDATA_SEGMENTS == ENABLED)
    130          extern uint32 API007_CLIENT_NV_DATA$$Base;
    131          extern uint32 API007_CLIENT_NV_DATA$$Limit;
    132          
    133          static uint8 * const  API007_CLIENT_NV_DATA_START =               (uint8 * )(&API007_CLIENT_NV_DATA$$Base);
    134          static const uint32   API007_CLIENT_NV_DATA_LIMIT =               (uint32)(&API007_CLIENT_NV_DATA$$Limit);
    135          
    136          extern uint32 API007_CLIENT_NV_DATA_DEFAULTS$$Base;
    137          extern uint32 API007_CLIENT_NV_DATA_DEFAULTS$$Limit;
    138          static uint8 * const  API007_CLIENT_NV_DATA_DEFAULTS_START =               (uint8 * )(&API007_CLIENT_NV_DATA_DEFAULTS$$Base);
    139          static const uint32   API007_CLIENT_NV_DATA_DEFAULTS_LIMIT =               (uint32)(&API007_CLIENT_NV_DATA_DEFAULTS$$Limit);
    140          #endif
    141          
    142          
    143          #define API007_CLIENT_NV_DATA_SIZE ((uint8)(API007_CLIENT_NV_DATA_LIMIT - (uint32)API007_CLIENT_NV_DATA_START))
    144          
    145          #define API007_CLIENT_NV_DATA_DEFAULTS_SIZE ((uint8)(API007_CLIENT_NV_DATA_DEFAULTS_LIMIT - (uint32)API007_CLIENT_NV_DATA_DEFAULTS_START))
    146          
    147          //! Possible states of Client state machine.
    148          typedef enum
    149          {
    150              REQUEST_SEGMENT_INFO,
    151              WAITING_FOR_SERVER_ALIVE,
    152              WAITING_FOR_SEGMENT_INFO,
    153              REQUEST_DATA,
    154              WAIT_FOR_DATA_RECEPTION,
    155              RESTORE_DEFAULTS,
    156              MONITOR_DATA_CHANGES,
    157              SEND_UPDATED_DATA,
    158              WAITING_FOR_SERVER_COMPLETED_WRITING,
    159              NUM_OF_CLIENT_STATE_MACHINE_STATES
    160          }API007APP_CLIENT_STATE_MACHINE;
    161          
    162          //! Defines number of loops that Client waits for data. After timeout elapsed Client restores default values.
    163          #define WATING_FOR_DATA_TIMEOUT_LOOPS       250
    164          
    165          //! Crc check call rate
    166          #define CRC_CHECK_CALL_RATE      50
    167          
    168          
    169          typedef enum INDEX_EXTRACTION_STATISTICS
    170          {
    171              INDEX_EXTR_UNBALANCE_LOW_SPEED_0               = 0,
    172              INDEX_EXTR_UNBALANCE_LOW_SPEED_1               = 1,
    173              INDEX_EXTR_FRICTION_HIGH_SPEED_0               = 2,
    174              INDEX_EXTR_FRICTION_HIGH_SPEED_1               = 3,
    175              INDEX_EXTR_VISCOUS_FRICTION_HIGH_SPEED_0       = 4,
    176              INDEX_EXTR_VISCOUS_FRICTION_HIGH_SPEED_1       = 5,
    177              INDEX_EXTR_MAX_CABINET_ACCELERATION_0          = 6,
    178              INDEX_EXTR_MAX_CABINET_ACCELERATION_1          = 7,
    179              INDEX_EXTR_SPEED_AT_MAX_CABINET_ACCELERATION_0       = 8,
    180              INDEX_EXTR_SPEED_AT_MAX_CABINET_ACCELERATION_1       = 9,
    181              INDEX_EXTR_MAX_FLOOR_DISPLACEMENT_0                 = 10,
    182              INDEX_EXTR_MAX_FLOOR_DISPLACEMENT_1                 = 11,
    183          
    184              INDEX_EXTR_REBAL_CNT_LOW_SPEED               = 12,
    185              INDEX_EXTR_REBAL_CNT_HIGH_SPEED              = 13,
    186              INDEX_EXTR_CEM_EVENT_COUNT                   = 14,
    187              INDEX_EXTR_SOFT_CAB_HIT_COUNT                = 15,
    188              INDEX_EXTR_HARD_CAB_HIT_COUNT                =16,
    189              EXTRACTION_STATISTICS_SIZE
    190          } INDEX_EXTRACTION_STATISTICS_TYPE;
    191          //-------------------------------------- PRIVATE (Function Prototypes) ------------------------------------------------
    192          //=====================================================================================================================
    193          static void PrepareExtStatisticsData (void);
    194          static void ResetInitDatas (void);
    195          
    196          //-------------------------------------- Public Functions -------------------------------------------------------------
    197          //=====================================================================================================================
    198          
    199          //---------------------------------------------------------------------------------------------------------------------
    200          /**
    201           *  @brief      It Initializes the module API007App and its variables
    202           *
    203           */

   \                                 In section .text, align 2, keep-with-next
    204          void API007App__Initialize(void)
    205          {
   \                     API007App__Initialize: (+1)
   \   00000000   0xB510             PUSH     {R4,LR}
    206          	if (SystemTimers__GetState(Message_States_Timer) == SYSTEMTIMERS_STATE_INVALID)
   \   00000002   0x....             LDR.N    R4,??DataTable7
   \   00000004   0x8860             LDRH     R0,[R4, #+2]
   \   00000006   0x.... 0x....      BL       SystemTimers__GetState
   \   0000000A   0x2804             CMP      R0,#+4
   \   0000000C   0xD103             BNE.N    ??API007App__Initialize_0
    207          	{
    208          		Message_States_Timer  = SystemTimers__GetHandle(SYSTEMTIMERS_TYPE_DOWN_COUNTER);
   \   0000000E   0x2000             MOVS     R0,#+0
   \   00000010   0x.... 0x....      BL       SystemTimers__GetHandle
   \   00000014   0x8060             STRH     R0,[R4, #+2]
    209          	}
    210          
    211          	ResetInitDatas();
   \                     ??API007App__Initialize_0: (+1)
   \   00000016   0x8860             LDRH     R0,[R4, #+2]
   \   00000018   0xF64F 0x71FF      MOVW     R1,#+65535
   \   0000001C   0x4288             CMP      R0,R1
   \   0000001E   0xD004             BEQ.N    ??API007App__Initialize_1
   \   00000020   0x21FA             MOVS     R1,#+250
   \   00000022   0x.... 0x....      BL       SystemTimers__SetMs
   \   00000026   0x2000             MOVS     R0,#+0
   \   00000028   0xE000             B.N      ??API007App__Initialize_2
   \                     ??API007App__Initialize_1: (+1)
   \   0000002A   0x2009             MOVS     R0,#+9
   \                     ??API007App__Initialize_2: (+1)
   \   0000002C   0x7020             STRB     R0,[R4, #+0]
   \   0000002E   0x2000             MOVS     R0,#+0
   \   00000030   0x60E0             STR      R0,[R4, #+12]
   \   00000032   0xF241 0x3088      MOVW     R0,#+5000
   \   00000036   0x80A0             STRH     R0,[R4, #+4]
   \   00000038   0x2000             MOVS     R0,#+0
   \   0000003A   0x7060             STRB     R0,[R4, #+1]
    212          }
   \   0000003C   0xBD10             POP      {R4,PC}          ;; return
    213          
    214          
    215          //----------------------------------------------------------------------------------------------------------
    216          /**
    217           * @brief Writing and Reading handlers
    218           *
    219           */
    220          

   \                                 In section .text, align 4, keep-with-next
    221          void API007App__Handler (void)
    222          {
   \                     API007App__Handler: (+1)
   \   00000000   0xB510             PUSH     {R4,LR}
    223          	if (BIT_TEST(Reveal__GetNodestatus(), WIN_ACU_ADDRESS) == TRUE)
   \   00000002   0x....             LDR.N    R4,??DataTable7
   \   00000004   0x.... 0x....      BL       Reveal__GetNodestatus
   \   00000008   0x0780             LSLS     R0,R0,#+30
   \   0000000A   0x8860             LDRH     R0,[R4, #+2]
   \   0000000C   0xD55D             BPL.N    ??API007App__Handler_1
    224          	{
    225          		if (SystemTimers__GetState(Message_States_Timer) == SYSTEMTIMERS_STATE_DONE)
   \   0000000E   0x.... 0x....      BL       SystemTimers__GetState
   \   00000012   0x2802             CMP      R0,#+2
   \   00000014   0xD14F             BNE.N    ??API007App__Handler_2
    226          		{
    227          			Message_Response_Request--;
   \   00000016   0x88A0             LDRH     R0,[R4, #+4]
   \   00000018   0x1E40             SUBS     R0,R0,#+1
   \   0000001A   0x80A0             STRH     R0,[R4, #+4]
    228          
    229          			if (State_Machine_Requestor == API007APP_MACHINE_REQ_INIT)
   \   0000001C   0x7820             LDRB     R0,[R4, #+0]
   \   0000001E   0xBB08             CBNZ.N   R0,??API007App__Handler_3
    230          			{
    231          				if (Mode__GetMode() == MODE_NORMAL)
   \   00000020   0x.... 0x....      BL       Mode__GetMode
   \   00000024   0x2800             CMP      R0,#+0
   \   00000026   0xD162             BNE.N    ??API007App__Handler_4
    232          				{
    233          					API007__RequestSegmentsList (WIN_ACU_ADDRESS);
   \   00000028   0x2001             MOVS     R0,#+1
   \   0000002A   0x.... 0x....      BL       API007__RequestSegmentsList
    234          					API007__RequestInfoSegment (WIN_ACU_ADDRESS, API007APP_SEG0);
   \   0000002E   0x2100             MOVS     R1,#+0
   \   00000030   0x2001             MOVS     R0,#+1
   \   00000032   0x.... 0x....      BL       API007__RequestInfoSegment
    235          					API007__RequestInfoSegment (WIN_ACU_ADDRESS, API007APP_SEG1);
   \   00000036   0x2101             MOVS     R1,#+1
   \   00000038   0x2001             MOVS     R0,#+1
   \   0000003A   0x.... 0x....      BL       API007__RequestInfoSegment
    236          
    237          					API007__RequestInfoSegment (WIN_ACU_ADDRESS, API007APP_SEG3);
   \   0000003E   0x2103             MOVS     R1,#+3
   \   00000040   0x2001             MOVS     R0,#+1
   \   00000042   0x.... 0x....      BL       API007__RequestInfoSegment
    238          					API007__RequestInfoSegment (WIN_ACU_ADDRESS, API007APP_SEG4);
   \   00000046   0x2104             MOVS     R1,#+4
   \   00000048   0x2001             MOVS     R0,#+1
   \   0000004A   0x.... 0x....      BL       API007__RequestInfoSegment
    239          					API007__RequestInfoSegment (WIN_ACU_ADDRESS, API007APP_SEG6);
   \   0000004E   0x2106             MOVS     R1,#+6
   \   00000050   0x2001             MOVS     R0,#+1
   \   00000052   0x.... 0x....      BL       API007__RequestInfoSegment
    240          
    241          					SystemTimers__SetMs(Message_States_Timer, TIMER_MACHINE_REQUESTOR_SETUP);
   \   00000056   0x8860             LDRH     R0,[R4, #+2]
   \   00000058   0x21FA             MOVS     R1,#+250
   \   0000005A   0x.... 0x....      BL       SystemTimers__SetMs
    242          					State_Machine_Requestor = API007APP_MACHINE_REQ_SETUP;
   \   0000005E   0x2001             MOVS     R0,#+1
   \   00000060   0x7020             STRB     R0,[R4, #+0]
    243          				}
    244          			}
    245          			else if (State_Machine_Requestor >= API007APP_MACHINE_REQ_SETUP)
    246          			{
    247          				switch (State_Machine_Requestor)
    248          				{
    249          					case API007APP_MACHINE_REQ_SETUP:
    250          					{
    251          						API007__RequestGetDataSegment(WIN_ACU_ADDRESS, API007APP_SEG0);
    252          						SystemTimers__SetMs(Message_States_Timer, TIMER_MACHINE_REQUESTOR_SETUP);
    253          					}
    254          					break;
    255          					case API007APP_MACHINE_REQ_ID0:
    256          					{
    257          						API007__RequestGetDataSegment(WIN_ACU_ADDRESS, API007APP_SEG1);
    258          						SystemTimers__SetMs(Message_States_Timer, TIMER_MACHINE_REQUESTOR_DATAS);
    259          					}
    260          					break;
    261          					case API007APP_MACHINE_REQ_ID1:
    262          					{
    263          						API007__RequestGetDataSegment(WIN_ACU_ADDRESS, API007APP_SEG3);
    264          						SystemTimers__SetMs(Message_States_Timer, TIMER_MACHINE_REQUESTOR_DATAS);
    265          					}
    266          					break;
    267          					case API007APP_MACHINE_REQ_ID3:
    268          					{
    269          						API007__RequestGetDataSegment(WIN_ACU_ADDRESS, API007APP_SEG4);
    270          						SystemTimers__SetMs(Message_States_Timer, TIMER_MACHINE_REQUESTOR_DATAS);
    271          					}
    272          					break;
    273          					case API007APP_MACHINE_REQ_ID4:
    274          					{
    275          						API007__RequestGetDataSegment(WIN_ACU_ADDRESS, API007APP_SEG6);
    276          						SystemTimers__SetMs(Message_States_Timer, TIMER_MACHINE_REQUESTOR_DATAS);
    277          					}
    278          					break;
    279          					case API007APP_MACHINE_REQ_ID6:
    280          					{
    281          						State_Machine_Requestor = API007APP_MACHINE_REQ_ID_MAX;
    282          					}
    283          					break;
   \   00000062   0xBD10             POP      {R4,PC}
   \                     ??API007App__Handler_3: (+1)
   \   00000064   0x1E40             SUBS     R0,R0,#+1
   \   00000066   0x2808             CMP      R0,#+8
   \   00000068   0xD841             BHI.N    ??API007App__Handler_4
   \   0000006A   0xE8DF 0xF000      TBB      [PC, R0]
   \                     ??API007App__Handler_0:
   \   0000006E   0x05 0x0B          DC8      0x5,0xB,0xE,0x40
   \              0x0E 0x40    
   \   00000072   0x10 0x12          DC8      0x10,0x12,0x40,0x1D
   \              0x40 0x1D    
   \   00000076   0x20 0x00          DC8      0x20,0x0
   \                     ??API007App__Handler_5: (+1)
   \   00000078   0x2100             MOVS     R1,#+0
   \   0000007A   0x2001             MOVS     R0,#+1
   \   0000007C   0x.... 0x....      BL       API007__RequestGetDataSegment
   \   00000080   0x21FA             MOVS     R1,#+250
   \   00000082   0xE00C             B.N      ??API007App__Handler_6
   \                     ??API007App__Handler_7: (+1)
   \   00000084   0x2101             MOVS     R1,#+1
   \   00000086   0x2001             MOVS     R0,#+1
   \   00000088   0xE005             B.N      ??API007App__Handler_8
   \                     ??API007App__Handler_9: (+1)
   \   0000008A   0x2103             MOVS     R1,#+3
   \   0000008C   0xE002             B.N      ??API007App__Handler_10
   \                     ??API007App__Handler_11: (+1)
   \   0000008E   0x2104             MOVS     R1,#+4
   \   00000090   0xE000             B.N      ??API007App__Handler_10
   \                     ??API007App__Handler_12: (+1)
   \   00000092   0x2106             MOVS     R1,#+6
   \                     ??API007App__Handler_10: (+1)
   \   00000094   0x2001             MOVS     R0,#+1
   \                     ??API007App__Handler_8: (+1)
   \   00000096   0x.... 0x....      BL       API007__RequestGetDataSegment
   \   0000009A   0xF44F 0x71FA      MOV      R1,#+500
   \                     ??API007App__Handler_6: (+1)
   \   0000009E   0x8860             LDRH     R0,[R4, #+2]
   \   000000A0   0xE8BD 0x4010      POP      {R4,LR}
   \   000000A4   0x.... 0x....      B.W      SystemTimers__SetMs
   \                     ??API007App__Handler_13: (+1)
   \   000000A8   0x2009             MOVS     R0,#+9
   \   000000AA   0x7020             STRB     R0,[R4, #+0]
   \   000000AC   0xBD10             POP      {R4,PC}
    284          					case API007APP_MACHINE_REQ_ID_MAX:
    285          					{
    286          						Message_Response_Request = MESSAGE_RESPONSE_TIMER_REQ;
    287          					}
    288          					break;
    289          
    290          					default:
    291          						break;
    292          				}
    293          			}
    294          		}
    295          		else if ((State_Machine_Requestor < API007APP_MACHINE_REQ_ID_MAX) && (Message_Response_Request == 0))
    296          		{
    297          			State_Machine_Requestor = API007APP_MACHINE_REQ_INIT;
    298          			Message_Response_Request = MESSAGE_RESPONSE_TIMER_REQ;
   \                     ??API007App__Handler_14: (+1)
   \   000000AE   0xF241 0x3088      MOVW     R0,#+5000
   \   000000B2   0x80A0             STRH     R0,[R4, #+4]
   \   000000B4   0xBD10             POP      {R4,PC}
   \                     ??API007App__Handler_2: (+1)
   \   000000B6   0x7820             LDRB     R0,[R4, #+0]
   \   000000B8   0x2809             CMP      R0,#+9
   \   000000BA   0xDA18             BGE.N    ??API007App__Handler_4
   \   000000BC   0x88A0             LDRH     R0,[R4, #+4]
   \   000000BE   0xB9B0             CBNZ.N   R0,??API007App__Handler_4
   \   000000C0   0x7020             STRB     R0,[R4, #+0]
   \   000000C2   0xF241 0x3088      MOVW     R0,#+5000
   \   000000C6   0x80A0             STRH     R0,[R4, #+4]
   \   000000C8   0xBD10             POP      {R4,PC}
    299          		}
    300          	}
    301          	else
    302          	{
    303          		ResetInitDatas();
   \                     ??API007App__Handler_1: (+1)
   \   000000CA   0xF64F 0x71FF      MOVW     R1,#+65535
   \   000000CE   0x4288             CMP      R0,R1
   \   000000D0   0xD004             BEQ.N    ??API007App__Handler_15
   \   000000D2   0x21FA             MOVS     R1,#+250
   \   000000D4   0x.... 0x....      BL       SystemTimers__SetMs
   \   000000D8   0x2000             MOVS     R0,#+0
   \   000000DA   0xE000             B.N      ??API007App__Handler_16
   \                     ??API007App__Handler_15: (+1)
   \   000000DC   0x2009             MOVS     R0,#+9
   \                     ??API007App__Handler_16: (+1)
   \   000000DE   0x7020             STRB     R0,[R4, #+0]
   \   000000E0   0x2000             MOVS     R0,#+0
   \   000000E2   0x60E0             STR      R0,[R4, #+12]
   \   000000E4   0xF241 0x3088      MOVW     R0,#+5000
   \   000000E8   0x80A0             STRH     R0,[R4, #+4]
   \   000000EA   0x2000             MOVS     R0,#+0
   \   000000EC   0x7060             STRB     R0,[R4, #+1]
    304          	}
    305          }
   \                     ??API007App__Handler_4: (+1)
   \   000000EE   0xBD10             POP      {R4,PC}          ;; return
    306          
    307          
    308          //---------------------------------------------------------------------------------------------------------------------
    309          /**
    310           * @brief Exposes the information about a segment_id in this node.
    311           * @param segment_id   Segment ID for a single logical block of data.
    312           * @return pointer to the information about the requested segment_id.
    313           */

   \                                 In section .text, align 2, keep-with-next
    314          API007_SEGMENT_INFO_TYPE * API007App__GetSegmentInfo(API007APP_SEGMENT_ID segment_id)
    315          {
    316          	Segment_Info.crc = 0;
   \                     API007App__GetSegmentInfo: (+1)
   \   00000000   0x....             LDR.N    R1,??DataTable7_1
   \   00000002   0x2200             MOVS     R2,#+0
   \   00000004   0x800A             STRH     R2,[R1, #+0]
    317          
    318              switch (segment_id)
   \   00000006   0x2804             CMP      R0,#+4
   \   00000008   0xD003             BEQ.N    ??API007App__GetSegmentInfo_0
   \   0000000A   0x2806             CMP      R0,#+6
   \   0000000C   0xD005             BEQ.N    ??API007App__GetSegmentInfo_1
    319              {
    320                  case API007APP_SEGMENT_0:
    321                  case API007APP_SEGMENT_2:
    322                  case API007APP_SEGMENT_3:
    323          
    324                  break;
    325          
    326                  case API007APP_SEGMENT_4:
    327                  {
    328                  	Segment_Info.segment_role = API007_SEGMENT_ROLE_SERVER;
    329                      Segment_Info.size = sizeof(float32);  	//last 2 byte are used for storing the Crc value
    330                  }
    331                  break;
    332          
    333                  case API007APP_SEGMENT_6:
    334                  {
    335                      Segment_Info.segment_role = API007_SEGMENT_ROLE_SERVER;
    336                      Segment_Info.size = STATS_EXTRACT_ARRAY_MAX_SIZE;    //last 2 byte are used for storing the Crc value
    337                  }
    338                  break;
    339          
    340                  default:
    341                      break;
    342              }
    343          
    344              return (&Segment_Info);
   \   0000000E   0x4608             MOV      R0,R1
   \   00000010   0x4770             BX       LR
   \                     ??API007App__GetSegmentInfo_0: (+1)
   \   00000012   0x2001             MOVS     R0,#+1
   \   00000014   0x7108             STRB     R0,[R1, #+4]
   \   00000016   0x2004             MOVS     R0,#+4
   \   00000018   0xE002             B.N      ??API007App__GetSegmentInfo_2
   \                     ??API007App__GetSegmentInfo_1: (+1)
   \   0000001A   0x2001             MOVS     R0,#+1
   \   0000001C   0x7108             STRB     R0,[R1, #+4]
   \   0000001E   0x2011             MOVS     R0,#+17
   \                     ??API007App__GetSegmentInfo_2: (+1)
   \   00000020   0x8048             STRH     R0,[R1, #+2]
   \   00000022   0x4608             MOV      R0,R1
   \   00000024   0x4770             BX       LR               ;; return
    345          }
    346          
    347          //----------------------------------------------------------------------------------------------------------
    348          /**
    349           * @brief This method prepares the segment_id ready to read segment_id data from the defined segment_id ID address
    350           *
    351           */

   \                                 In section .text, align 4, keep-with-next
    352          BOOL_TYPE API007App__PrepareSegment(API007APP_SEGMENT_ID segment_id,uint16 index,uint16 size)
                                                                                            ^
Remark[Pe826]: parameter "index" was never referenced

  BOOL_TYPE API007App__PrepareSegment(API007APP_SEGMENT_ID segment_id,uint16 index,uint16 size)
                                                                                          ^
"C:\Data\Python\Self_Commissioning_Bpm\source\ProjectSpecific\Application\API007App\API007App.c",352  Remark[Pe826]: 
          parameter "size" was never referenced
    353          {
    354              BOOL_TYPE ret = FALSE;
   \                     API007App__PrepareSegment: (+1)
   \   00000000   0x2100             MOVS     R1,#+0
    355          
    356              switch (segment_id)
   \   00000002   0x2806             CMP      R0,#+6
   \   00000004   0xD806             BHI.N    ??API007App__PrepareSegment_1
   \   00000006   0xE8DF 0xF000      TBB      [PC, R0]
   \                     ??API007App__PrepareSegment_0:
   \   0000000A   0x04 0x04          DC8      0x4,0x4,0x4,0x4
   \              0x04 0x04    
   \   0000000E   0x04 0x05          DC8      0x4,0x5,0x4,0x0
   \              0x04 0x00    
    357              {
    358                  case API007APP_SEGMENT_0:
    359                  case API007APP_SEGMENT_1:
    360                  case API007APP_SEGMENT_2:
    361                  case API007APP_SEGMENT_3:
    362                  case API007APP_SEGMENT_4:
    363                  case API007APP_SEGMENT_6:
    364                      //Set address pointer to read a memory.
    365                      ret = TRUE;
   \                     ??API007App__PrepareSegment_2: (+1)
   \   00000012   0x2101             MOVS     R1,#+1
    366                      break;
    367          
    368                  default:
    369                      break;
    370              }
    371          
    372              return (ret);
   \                     ??API007App__PrepareSegment_1: (+1)
   \   00000014   0x4608             MOV      R0,R1
   \   00000016   0x4770             BX       LR               ;; return
    373          }
    374          
    375          
    376          //----------------------------------------------------------------------------------------------------------
    377          /**
    378           * @brief This method write the segment_id data received from a server to the defined segment_id ID location.
    379           * @param buffer contains the Wide package that contains the message
    380           */

   \                                 In section .text, align 2, keep-with-next
    381          uint8* API007App__IsDataReady(API007APP_SEGMENT_ID segment, uint16 index)
                                                                                    ^
Remark[Pe826]: parameter "index" was never referenced
    382          {
    383          	float32 extr_accel_vibmap;
                 	        ^
Warning[Pe177]: variable "extr_accel_vibmap" was declared but never referenced
    384          
    385              uint8* ret_pnt = NULL;
   \                     API007App__IsDataReady: (+1)
   \   00000000   0x2100             MOVS     R1,#+0
    386          
    387          
    388              switch (segment)
   \   00000002   0x2806             CMP      R0,#+6
   \   00000004   0xBF08             IT       EQ 
    389              {
    390                  case API007APP_SEGMENT_0:
    391          
    392          			break;
    393          
    394                  case API007APP_SEGMENT_2:
    395          
    396          			break;
    397          
    398                  case API007APP_SEGMENT_3:
    399          
    400          			break;
    401          
    402              	case API007APP_SEGMENT_4:
    403          
    404                      break;
    405          
    406                  case API007APP_SEGMENT_6:
    407                      {
    408                          PrepareExtStatisticsData();
    409                          ret_pnt = (&Array_StatsExtrData[0]);
   \   00000006   0x....             LDREQ.N  R1,??DataTable7_2
    410                      }
    411                      break;
    412          
    413                  default:
    414                      ret_pnt = (NULL);
    415                      break;
    416              }
    417          
    418              return (ret_pnt);
   \   00000008   0x4608             MOV      R0,R1
   \   0000000A   0x4770             BX       LR               ;; return
    419          }
    420          
    421          
    422          

   \                                 In section .text, align 2, keep-with-next
    423          BOOL_TYPE API007App__WriteSegmentData(API007APP_SEGMENT_ID segment_id ,uint16 index ,uint8 * data ,uint8 size)
                                                                                               ^
Remark[Pe826]: parameter "index" was never referenced
    424          {
    425          BOOL_TYPE ret_value = FALSE;
    426          
    427              if (API007APP_Rx_State == API007APP_RX_STATE_IDLE)
   \                     API007App__WriteSegmentData: (+1)
   \   00000000   0x....             LDR.N    R3,??DataTable7
   \   00000002   0xF893 0xC001      LDRB     R12,[R3, #+1]
   \   00000006   0x2100             MOVS     R1,#+0
   \   00000008   0xF1BC 0x0F00      CMP      R12,#+0
   \   0000000C   0xD103             BNE.N    ??API007App__WriteSegmentData_0
    428              {
    429                  // API007APP_Rx_Segment = segment_id;
    430                  // API007APP_Rx_Segment_Index = GetSegmentIndex(segment_id);
    431                  if (segment_id != API007DATA_INVALID_SEGMENT_INDEX)
   \   0000000E   0x28FF             CMP      R0,#+255
   \   00000010   0xBF1C             ITT      NE 
    432                  {
    433          			API007APP_Rx_Size = size;
    434          			API007APP_Rx_State = API007APP_RX_STATE_IDLE;
    435          
    436          			Pnt_Rx_Buffer = data;
   \   00000012   0x60DA             STRNE    R2,[R3, #+12]
    437          
    438          			// API007Data__WriteRequestCompleted(APPI007APP_SERVER_NODE_ID);
    439          			ret_value = TRUE;
   \   00000014   0x2101             MOVNE    R1,#+1
    440                  }
    441                  else
    442                  {
    443                      // Publish error that segment ID not found for this node
    444                      // API007Data__SendError(address, segment, API007_ERROR_SEGMENT_NOT_FOUND);
    445                  }
    446              }
    447              else
    448              {   // Publish an error busy writing
    449                  // API007Data__SendError(address, segment, API007_ERROR_BUSY_WRITING);
    450              }
    451          
    452              return ret_value;
   \                     ??API007App__WriteSegmentData_0: (+1)
   \   00000016   0x4608             MOV      R0,R1
   \   00000018   0x4770             BX       LR               ;; return
    453          }
    454          
    455          
    456          
    457          
    458          //----------------------------------------------------------------------------------------------------------
    459          /**
    460           * brief Received End of Transmission command from external node segment_id (server) ID side.
    461           * @param node
    462           */

   \                                 In section .text, align 2, keep-with-next
    463          void API007App__ReceivedTransmissionCompleted (API007APP_SEGMENT_ID segment_id)
    464          {
    465              switch (segment_id)
    466              {
    467                  case API007APP_SEGMENT_0:
    468          #if (API007APP_SERVER_FEATURE == ENABLED)
    469          #endif //(API007APP_SERVER_FEATURE == ENABLED)
    470                      break;
    471          
    472                  default:
    473          
    474                      break;
    475              }
    476           }
   \                     API007App__ReceivedTransmissionCompleted: (+1)
   \   00000000   0x4770             BX       LR               ;; return
    477          
    478          //----------------------------------------------------------------------------------------------------------
    479          /**
    480           * @brief This method manages the status of the writing mechanism
    481           *        The writing scheme could be writing on the External EEPROM or Internal Flash memory or RAM memory
    482           *
    483           * @param segment_id
    484           * @return
    485           */

   \                                 In section .text, align 4, keep-with-next
    486          BOOL_TYPE API007App__IsWriteEngineFree(API007APP_SEGMENT_ID segment_id)
    487          {
   \                     API007App__IsWriteEngineFree: (+1)
   \   00000000   0xB510             PUSH     {R4,LR}
    488          float32 ExtrAccelVibMap;
    489          BOOL_TYPE ret_value = FALSE;
    490          
    491              if (Pnt_Rx_Buffer != NULL)
   \   00000002   0x....             LDR.N    R4,??DataTable7
   \   00000004   0x68E1             LDR      R1,[R4, #+12]
   \   00000006   0x4602             MOV      R2,R0
   \   00000008   0xB082             SUB      SP,SP,#+8
   \   0000000A   0x2000             MOVS     R0,#+0
   \   0000000C   0xB3B1             CBZ.N    R1,??API007App__IsWriteEngineFree_1
    492          	{
    493          		switch (segment_id)
   \   0000000E   0x2A06             CMP      R2,#+6
   \   00000010   0xD832             BHI.N    ??API007App__IsWriteEngineFree_2
   \   00000012   0xE8DF 0xF002      TBB      [PC, R2]
   \                     ??API007App__IsWriteEngineFree_0:
   \   00000016   0x04 0x0D          DC8      0x4,0xD,0x31,0x16
   \              0x31 0x16    
   \   0000001A   0x1F 0x31          DC8      0x1F,0x31,0x2C,0x0
   \              0x2C 0x00    
    494          		{                  					//Copy/Write the received segment ID data from Rx_Buffer to defined memory location.
    495          			case API007APP_SEGMENT_0:
    496          			{
    497          			   Data_Flow_Check.Bits.Friction_Factory_Received = 1;
   \                     ??API007App__IsWriteEngineFree_3: (+1)
   \   0000001E   0x7A20             LDRB     R0,[R4, #+8]
   \   00000020   0xF040 0x0001      ORR      R0,R0,#0x1
   \   00000024   0x7220             STRB     R0,[R4, #+8]
    498          			   State_Machine_Requestor=API007APP_MACHINE_REQ_ID0;
    499          			   ret_value = TRUE;
    500          			}
    501          			break;
    502          
    503          			case API007APP_SEGMENT_1:
    504          			   Data_Flow_Check.Bits.Friction_Lifetime_Received = 1;
    505          			   State_Machine_Requestor=API007APP_MACHINE_REQ_ID1;
    506          			   ret_value = TRUE;
    507          			   break;
    508          
    509          			case API007APP_SEGMENT_3:
    510          			   Data_Flow_Check.Bits.Floor_Displ_Ref_Received = 1;
    511          			   State_Machine_Requestor=API007APP_MACHINE_REQ_ID3;
    512          			   ret_value = TRUE;
    513          			   break;
    514          
    515          			case API007APP_SEGMENT_4:
    516          				memcpy((void*)&ExtrAccelVibMap, Pnt_Rx_Buffer, sizeof(float32));
    517          				Data_Flow_Check.Bits.Vib_Map_Cross_Spd_Received = 1;
    518          				State_Machine_Requestor=API007APP_MACHINE_REQ_ID4;
    519          				ret_value = TRUE;
    520          			   break;
    521          
    522          	         case API007APP_SEGMENT_6:
    523          	            State_Machine_Requestor=API007APP_MACHINE_REQ_ID6;
    524          	            ret_value = TRUE;
    525          	               break;
    526          
    527          			default:
    528          			   State_Machine_Requestor=API007APP_MACHINE_REQ_ID_MAX;
    529          			   break;
    530          		}
    531          	}
    532          
    533              return ret_value;
   \   00000026   0xB002             ADD      SP,SP,#+8
   \   00000028   0x2002             MOVS     R0,#+2
   \   0000002A   0x7020             STRB     R0,[R4, #+0]
   \   0000002C   0x2001             MOVS     R0,#+1
   \   0000002E   0xBD10             POP      {R4,PC}
   \                     ??API007App__IsWriteEngineFree_4: (+1)
   \   00000030   0x7A20             LDRB     R0,[R4, #+8]
   \   00000032   0xF040 0x0002      ORR      R0,R0,#0x2
   \   00000036   0x7220             STRB     R0,[R4, #+8]
   \   00000038   0xB002             ADD      SP,SP,#+8
   \   0000003A   0x2003             MOVS     R0,#+3
   \   0000003C   0x7020             STRB     R0,[R4, #+0]
   \   0000003E   0x2001             MOVS     R0,#+1
   \   00000040   0xBD10             POP      {R4,PC}
   \                     ??API007App__IsWriteEngineFree_5: (+1)
   \   00000042   0x7A20             LDRB     R0,[R4, #+8]
   \   00000044   0xF040 0x0004      ORR      R0,R0,#0x4
   \   00000048   0x7220             STRB     R0,[R4, #+8]
   \   0000004A   0xB002             ADD      SP,SP,#+8
   \   0000004C   0x2005             MOVS     R0,#+5
   \   0000004E   0x7020             STRB     R0,[R4, #+0]
   \   00000050   0x2001             MOVS     R0,#+1
   \   00000052   0xBD10             POP      {R4,PC}
   \                     ??API007App__IsWriteEngineFree_6: (+1)
   \   00000054   0x2204             MOVS     R2,#+4
   \   00000056   0xA800             ADD      R0,SP,#+0
   \   00000058   0x.... 0x....      BL       __aeabi_memcpy
   \   0000005C   0x7A20             LDRB     R0,[R4, #+8]
   \   0000005E   0xF040 0x0008      ORR      R0,R0,#0x8
   \   00000062   0x7220             STRB     R0,[R4, #+8]
   \   00000064   0xB002             ADD      SP,SP,#+8
   \   00000066   0x2006             MOVS     R0,#+6
   \   00000068   0x7020             STRB     R0,[R4, #+0]
   \   0000006A   0x2001             MOVS     R0,#+1
   \   0000006C   0xBD10             POP      {R4,PC}
   \                     ??API007App__IsWriteEngineFree_7: (+1)
   \   0000006E   0x2008             MOVS     R0,#+8
   \   00000070   0x7020             STRB     R0,[R4, #+0]
   \   00000072   0xB002             ADD      SP,SP,#+8
   \   00000074   0x2001             MOVS     R0,#+1
   \   00000076   0xBD10             POP      {R4,PC}
   \                     ??API007App__IsWriteEngineFree_2: (+1)
   \   00000078   0x2109             MOVS     R1,#+9
   \   0000007A   0x7021             STRB     R1,[R4, #+0]
   \                     ??API007App__IsWriteEngineFree_1: (+1)
   \   0000007C   0xB002             ADD      SP,SP,#+8
   \   0000007E   0xBD10             POP      {R4,PC}          ;; return
    534          }
    535          
    536          //----------------------------------------------------------------------------------------------------------
    537          /**
    538           *
    539           * @param segment_id
    540           * @param role
    541           * @param size
    542           * @param crc
    543           */

   \                                 In section .text, align 2, keep-with-next
    544          void API007App__SetSegmentInfo(uint8 segment_id, API007_SEGMENT_ROLE_TYPE role, uint16 size, uint16 crc)
                                                      ^
Remark[Pe826]: parameter "segment_id" was never referenced
    545          {
    546              Segment_Info.crc = crc;
   \                     API007App__SetSegmentInfo: (+1)
   \   00000000   0x....             LDR.N    R0,??DataTable7_1
   \   00000002   0x8003             STRH     R3,[R0, #+0]
    547              Segment_Info.segment_role = role;
   \   00000004   0x7101             STRB     R1,[R0, #+4]
    548              Segment_Info.size = size;
   \   00000006   0x8042             STRH     R2,[R0, #+2]
    549          }
   \   00000008   0x4770             BX       LR               ;; return
    550          
    551          //----------------------------------------------------------------------------------------------------------
    552          /**
    553           *
    554           * @param node
    555           */

   \                                 In section .text, align 2, keep-with-next
    556          void API007App__ServerwriteCompleted(uint8 node)
                                                            ^
Remark[Pe826]: parameter "node" was never referenced

  static uint8 Array_CpyExtrAccelVibMap[4];
               ^
"C:\Data\Python\Self_Commissioning_Bpm\source\ProjectSpecific\Application\API007App\API007App.c",118  Warning[Pe177]: 
          variable "Array_CpyExtrAccelVibMap" was declared but never referenced

  static uint16 API007APP_Rx_Size;
                ^
"C:\Data\Python\Self_Commissioning_Bpm\source\ProjectSpecific\Application\API007App\API007App.c",125  Warning[Pe550]: 
          variable "API007APP_Rx_Size" was set but never used
    557          {
    558              API007Data__SendTransmissionComplete(APPI007APP_SERVER_NODE_ID);
   \                     API007App__ServerwriteCompleted: (+1)
   \   00000000   0x2000             MOVS     R0,#+0
   \   00000002   0x.... 0x....      B.W      API007Data__SendTransmissionComplete
    559          }
    560          
    561          

   \                                 In section .text, align 2, keep-with-next
    562          BOOL_TYPE API007App__AreAllDataReceived(void)
    563          {
    564          	BOOL_TYPE ret_value;
    565          
    566          	ret_value = FALSE;
    567          
    568          	if (Data_Flow_Check.Bits.Friction_Factory_Received && Data_Flow_Check.Bits.Friction_Lifetime_Received &&
    569          		Data_Flow_Check.Bits.Floor_Displ_Ref_Received && Data_Flow_Check.Bits.Vib_Map_Cross_Spd_Received)
   \                     API007App__AreAllDataReceived: (+1)
   \   00000000   0x....             LDR.N    R1,??DataTable7
   \   00000002   0x7A09             LDRB     R1,[R1, #+8]
   \   00000004   0x2000             MOVS     R0,#+0
   \   00000006   0xF001 0x010F      AND      R1,R1,#0xF
   \   0000000A   0x290F             CMP      R1,#+15
   \   0000000C   0xBF08             IT       EQ 
    570          	{
    571          		ret_value = TRUE;
   \   0000000E   0x2001             MOVEQ    R0,#+1
    572          	}
    573          
    574          	return ret_value;
   \   00000010   0x4770             BX       LR               ;; return
    575          }

   \                                 In section .text, align 4, keep-with-next
   \                     ??DataTable7:
   \   00000000   0x........         DC32     State_Machine_Requestor

   \                                 In section .text, align 4, keep-with-next
   \                     ??DataTable7_1:
   \   00000000   0x........         DC32     Segment_Info

   \                                 In section .text, align 4, keep-with-next
   \                     ??DataTable7_2:
   \   00000000   0x........         DC32     Array_StatsExtrData
    576          
    577          //=====================================================================================================================
    578          //  --- Private Functions ---------------------------------------------------------------------------------------------
    579          //=====================================================================================================================
    580          
    581          static void ResetInitDatas (void)
    582          {
    583          	if (Message_States_Timer != SYSTEMTIMERS_FAIL)
    584          	{
    585          		SystemTimers__SetMs(Message_States_Timer, TIMER_MACHINE_REQUESTOR_SETUP);
    586          		State_Machine_Requestor = API007APP_MACHINE_REQ_INIT;
    587          	}
    588          	else
    589          	{
    590          		State_Machine_Requestor = API007APP_MACHINE_REQ_ID_MAX;
    591          	}
    592          
    593          	Pnt_Rx_Buffer = NULL;
    594          	Message_Response_Request = MESSAGE_RESPONSE_TIMER_REQ;
    595          	API007APP_Rx_State = API007APP_RX_STATE_IDLE;
    596          }
    597          
    598          static void PrepareExtStatisticsData(void)
    599          {
    600          
    601          
    602          }
    603          
    604          #endif
    605          
    606          
    607          

   Maximum stack usage in bytes:

   .cstack Function
   ------- --------
       0   API007App__AreAllDataReceived
       0   API007App__GetSegmentInfo
       8   API007App__Handler
         8   -> API007__RequestGetDataSegment
         8   -> API007__RequestInfoSegment
         8   -> API007__RequestSegmentsList
         8   -> Mode__GetMode
         8   -> Reveal__GetNodestatus
         8   -> SystemTimers__GetState
         0   -> SystemTimers__SetMs
         8   -> SystemTimers__SetMs
       8   API007App__Initialize
         8   -> SystemTimers__GetHandle
         8   -> SystemTimers__GetState
         8   -> SystemTimers__SetMs
       0   API007App__IsDataReady
      16   API007App__IsWriteEngineFree
        16   -> __aeabi_memcpy
       0   API007App__PrepareSegment
       0   API007App__ReceivedTransmissionCompleted
       0   API007App__ServerwriteCompleted
         0   -> API007Data__SendTransmissionComplete
       0   API007App__SetSegmentInfo
       0   API007App__WriteSegmentData


   Section sizes:

   Bytes  Function/Label
   -----  --------------
       4  ??DataTable7
       4  ??DataTable7_1
       4  ??DataTable7_2
       2  API007APP_Rx_Size
      18  API007App__AreAllDataReceived
      38  API007App__GetSegmentInfo
     240  API007App__Handler
      62  API007App__Initialize
      12  API007App__IsDataReady
     128  API007App__IsWriteEngineFree
      24  API007App__PrepareSegment
       2  API007App__ReceivedTransmissionCompleted
       6  API007App__ServerwriteCompleted
      10  API007App__SetSegmentInfo
      26  API007App__WriteSegmentData
      20  Array_StatsExtrData
       8  Segment_Info
      16  State_Machine_Requestor
          API007APP_Rx_State
          Message_States_Timer
          Message_Response_Request
          Data_Flow_Check
          Pnt_Rx_Buffer

 
  46 bytes in section .bss
 578 bytes in section .text
 
 578 bytes of CODE memory
  46 bytes of DATA memory

Errors: none
Warnings: 3
