###############################################################################
#
# IAR ANSI C/C++ Compiler V7.20.5.7591/W32 for ARM        06/Aug/2024  13:41:49
# Copyright 1999-2014 IAR Systems AB.
#
#    Cpu mode     =  thumb
#    Endian       =  little
#    Source file  =  
#        C:\Data\Python\Self_Commissioning_Bpm\source\XCategory\Application\Reveal_APIs\API019ProductInfo\API019ProductInfo.c
#    Command line =  
#        -I./ -I../cx/ -I../cx/inc/ -ICategory/ -ICategory/Application/
#        -ICategory/Application/ThermalModel/
#        -ICategory/Application/ThermalModel/ThermalModelCore_DD/
#        -ICategory/Application/ThermalModel/ThermalModelCore_sBPM/
#        -ICategory/Common/ -ICategory/Common/BoardDebugging/
#        -ICategory/Common/MasterCommander/
#        -ICategory/Common/MasterCommander/Source/
#        -ICategory/Common/MasterCommander/Source/HAL/
#        -ICategory/Common/SelfCommissioning/ -ICategory/Hbl/
#        -IProjectSpecific/ -IProjectSpecific/Application/
#        -IProjectSpecific/Application/API007App/
#        -IProjectSpecific/Application/ModeManagement/
#        -IProjectSpecific/Application/MotorSelector/
#        -IProjectSpecific/Application/ProductInfo/
#        -IProjectSpecific/Application/SRMcuSpeedMonitor/
#        -IProjectSpecific/Application/ThermalModel/
#        -IProjectSpecific/CommonCore/ -IProjectSpecific/Driver/
#        -IProjectSpecific/MasterCommander/ -IProjectSpecific/Mci/
#        -IProjectSpecific/Mci/Mcl/ -IProjectSpecific/Mci/Mcl/old_xls/
#        -IXCategory/ -IXCategory/Application/
#        -IXCategory/Application/MciParametersLoader/
#        -IXCategory/Application/Mode/ -IXCategory/Application/Reveal_APIs/
#        -IXCategory/Application/Reveal_APIs/API003Disc/
#        -IXCategory/Application/Reveal_APIs/API004Debug/
#        -IXCategory/Application/Reveal_APIs/API005LowLevel/
#        -IXCategory/Application/Reveal_APIs/API007Data/
#        -IXCategory/Application/Reveal_APIs/API009System/
#        -IXCategory/Application/Reveal_APIs/API010PollVar/
#        -IXCategory/Application/Reveal_APIs/API011AppCtr/
#        -IXCategory/Application/Reveal_APIs/API013RemoteFunction/
#        -IXCategory/Application/Reveal_APIs/API018Diagnostic/
#        -IXCategory/Application/Reveal_APIs/API019ProductInfo/
#        -IXCategory/Application/Reveal_APIs/API220MotorControl/
#        -IXCategory/Application/Reveal_APIs/API220MotorControl/API/
#        -IXCategory/Application/Reveal_APIs/API221MotionCtrl/
#        -IXCategory/Application/Reveal_APIs/SRAPI020Safety/
#        -IXCategory/Application/SFUpdater/ -IXCategory/Common/
#        -IXCategory/Common/Crc16/ -IXCategory/Common/Crc8/
#        -IXCategory/Common/Log/ -IXCategory/Common/Millis/
#        -IXCategory/Common/SettingFile/ -IXCategory/Common/SRClockMonitor/
#        -IXCategory/Common/SRData/ -IXCategory/Common/SRException/
#        -IXCategory/Common/SRFlow/ -IXCategory/Common/SRIsrMonitor/
#        -IXCategory/Common/SRMain/ -IXCategory/Common/SRMcuSpeedMonitor/
#        -IXCategory/Common/SRPowerMgr/ -IXCategory/Common/SRSignature/
#        -IXCategory/Common/SRSystemConfig/
#        -IXCategory/Common/SRTimerReference/ -IXCategory/Common/SystemConfig/
#        -IXCategory/Common/SystemTimers/ -IXCategory/Common/Utilities/
#        -IXCategory/Driver/ -IXCategory/Driver/API/
#        -IXCategory/Driver/API/Comparator/ -IXCategory/Driver/API/DataFlash/
#        -IXCategory/Driver/API/Dma/ -IXCategory/Driver/API/Flash/
#        -IXCategory/Driver/API/Gpio/ -IXCategory/Driver/API/Micro/
#        -IXCategory/Driver/API/Spi/ -IXCategory/Driver/API/SRMCAtod/
#        -IXCategory/Driver/API/SRMCInputCapture/
#        -IXCategory/Driver/API/SRMCPwm/ -IXCategory/Driver/API/TimerInterrupt/
#        -IXCategory/Driver/API/Uart/ -IXCategory/Driver/Comparator/
#        -IXCategory/Driver/DataFlash/ -IXCategory/Driver/Dma/
#        -IXCategory/Driver/Flash/ -IXCategory/Driver/Gpio/
#        -IXCategory/Driver/Micro/ -IXCategory/Driver/Spi/
#        -IXCategory/Driver/SRMCAtod/ -IXCategory/Driver/SRMCInputCapture/
#        -IXCategory/Driver/SRMCPwm/ -IXCategory/Driver/TimerInterrupt/
#        -IXCategory/Driver/Uart/ -IXCategory/Hbl/ -IXCategory/Hbl/Mci/
#        -IXCategory/Hbl/Mci/InverterTemp/ -IXCategory/Hbl/Mci/Mcl/
#        -IXCategory/Hbl/Mci/Mcl/Braking/ -IXCategory/Hbl/Mci/Mcl/MacroBlocks/
#        -IXCategory/Hbl/Mci/Mcl/MclFvt/ -IXCategory/Hbl/Mci/Mcl/MicroBlocks/
#        -IXCategory/Hbl/Mci/Mcl/MicroBlocks/ClrkPark/
#        -IXCategory/Hbl/Mci/Mcl/MicroBlocks/Filters/
#        -IXCategory/Hbl/Mci/Mcl/MicroBlocks/Math/
#        -IXCategory/Hbl/Mci/Mcl/MicroBlocks/ObserverPmsm/
#        -IXCategory/Hbl/Mci/Mcl/MicroBlocks/Pi/
#        -IXCategory/Hbl/Mci/Mcl/MicroBlocks/PwmModulation/
#        -IXCategory/Hbl/Mci/Mcl/ResistanceEstimation/
#        -IXCategory/Hbl/Mci/PowerModuleManager/
#        -IXCategory/Hbl/Mci/SpeedRefGen/ -IXCategory/Hbl/Mci/SurgeRelay/
#        -IXCategory/Hbl/SRMotorSafetyMgr/
#        -IXCategory/Hbl/SRMotorSafetyMgr/API/ -IXCategory/Service/
#        -IXCategory/Service/Reveal/ -IXCategory/Service/Win/ --remarks
#        --no_tbaa --debug --use_c++_inline --only_stdout --dlib_config
#        ..\cx\inc\DLib_Config_Normal.h -r -D
#        ENABLE_JUMP_TO_APPLICATION_WITHOUT_IAP_FIRMWARE -D
#        SET_FLASH_OPTION_CONFIGURATION -D ARM_MATH_CM4 -e --silent
#        --endian=little --cpu Cortex-M4 --fpu=VFPv4_sp -Ohs -o
#        API019ProductInfo.obj -l ..\listings\API019ProductInfo.lst
#        C:\Data\Python\Self_Commissioning_Bpm\source\XCategory\Application\Reveal_APIs\API019ProductInfo\API019ProductInfo.c
#    List file    =  ..\listings\API019ProductInfo.lst
#    Object file  =  API019ProductInfo.obj
#
###############################################################################

C:\Data\Python\Self_Commissioning_Bpm\source\XCategory\Application\Reveal_APIs\API019ProductInfo\API019ProductInfo.c
      1          /**
      2           *  @file
      3           *
      4           *  @brief      API019 implementation.
      5           *
      6           *  @copyright  Copyright 2015-2017 Whirlpool Corporation. All rights reserved - CONFIDENTIAL
      7           */
      8          
      9          //  --- Include Files -------------------------------------------------------------------------------------------------
     10          #include "SystemConfig.h"
     11          #include "API019ProductInfo.h"

  PACKED typedef struct API019_APPLIANCE_DATA_STRUCT
         ^
"C:\Data\Python\Self_Commissioning_Bpm\source\XCategory\Application\Reveal_APIs\API019ProductInfo\API019ProductInfo_Defs.h",42  Remark[Pe082]: 
          storage class is not first

  PACKED typedef struct API019_BOARD_DATA_STRUCT
         ^
"C:\Data\Python\Self_Commissioning_Bpm\source\XCategory\Application\Reveal_APIs\API019ProductInfo\API019ProductInfo_Defs.h",50  Remark[Pe082]: 
          storage class is not first

  PACKED typedef struct API019_TEST_DATA_STRUCT
         ^
"C:\Data\Python\Self_Commissioning_Bpm\source\XCategory\Application\Reveal_APIs\API019ProductInfo\API019ProductInfo_Defs.h",143  Remark[Pe082]: 
          storage class is not first

  PACKED typedef struct API019_SERVICE_DATA_STRUCT
         ^
"C:\Data\Python\Self_Commissioning_Bpm\source\XCategory\Application\Reveal_APIs\API019ProductInfo\API019ProductInfo_Defs.h",152  Remark[Pe082]: 
          storage class is not first

  PACKED typedef struct API019_PROJECT_DATA_STRUCT
         ^
"C:\Data\Python\Self_Commissioning_Bpm\source\XCategory\Application\Reveal_APIs\API019ProductInfo\API019ProductInfo_Defs.h",188  Remark[Pe082]: 
          storage class is not first
     12          
     13          #if (API019PRODUCTINFO_FEATURE == ENABLED)
     14          #include "Millis.h"
     15          #include "ProductInfo.h"
     16          #include "String.h"
     17          #include "SRSignature.h"
     18          
     19          #if (CALIBRATION_DATA_FEATURE == ENABLED)
     20              #include "Calibration.h"
     21          #endif
     22          
     23          #if (SYSTEM_ACU_HANDLING == ENABLED)
     24              #include "Micro.h"
     25              #include "Utilities.h"
     26              #include "SettingFile.h"
     27          #endif
     28          
     29          #if (SYSTEM_ACU_HANDLING == ENABLED || NVDATA_STORE_STATIC_FEATURE == ENABLED)
     30              #include "NVData.h"
     31          #endif
     32          
     33          //  --- Private Declarations ------------------------------------------------------------------------------------------
     34          // The Data shall come from the Flash
     35          #pragma location = "_static_cfg_segment"

   \                                 In section _static_cfg_segment, align 4
     36          static API019_APPLIANCE_DATA_TYPE API019_Appliance_Data;
     37          
     38          #pragma location = "_static_cfg_segment"
     39          static API019_BOARD_DATA_TYPE API019_Board_Data[API019_NUM_BOARDS];
   \                     API019_Board_Data:
   \   00000000                      DS8 44
   \   0000002C                      DS8 44
   \   00000058                      DS8 84
   \   000000AC                      DS8 84
     40          
     41          #define API019_NUM_EOL_DATA_TEST    3
     42          #pragma location = "_static_cfg_segment"
     43          static API019_TEST_DATA_TYPE API019_EOL_Test_Data[API019_NUM_EOL_DATA_TEST];
     44          
     45          #ifndef API019_NUM_FVT_DATA_TEST
     46          #define API019_NUM_FVT_DATA_TEST    3
     47          #endif
     48          CT_ASSERT(API019_NUM_FVT_DATA_TEST > 0);
     49          #pragma location = "_static_cfg_segment"
     50          static API019_TEST_DATA_TYPE API019_FVT_Data[API019_NUM_FVT_DATA_TEST];
     51          
     52          #if (SYSTEM_ACU_HANDLING == ENABLED)
     53              #pragma location = "_statistics_segment"
     54              static API019_SERVICE_DATA_TYPE API019_Service_Test_Data;
     55          
     56              uint32 API019_Timer;
     57          #endif
     58          
     59          //  --- Private Definitions -------------------------------------------------------------------------------------------
     60          
     61          //  --- Private Function Prototypes -----------------------------------------------------------------------------------
     62          static PASS_FAIL_TYPE PublishApplianceData  (uint8 address);
     63          static PASS_FAIL_TYPE PublishBoardData      (uint8 address, uint8 board_index);
     64          static PASS_FAIL_TYPE PublishProjectData    (uint8 address, API019_BOARD_TYPE board_index, API019_PROJECT_TYPE project_index);
     65          static PASS_FAIL_TYPE PublishTestData       (uint8 address, API019PRODUCTINFO_OPCODE_TYPE opcode,
     66                                                       uint8 index, API019_TEST_DATA_TYPE * test_data);
     67          static void           UpdateTestData        (uint8 * incoming_data, API019_TEST_DATA_TYPE * test_data);
     68          static void           UpdateMaskedArray     (uint8 * data, uint8 * value, uint8 * mask, uint8 size);
     69          static PASS_FAIL_TYPE PublishSignatureData  (uint8 address, API019PRODUCTINFO_OPCODE_TYPE opcode);
     70          
     71          #if (SYSTEM_ACU_HANDLING == ENABLED)
     72              static PASS_FAIL_TYPE PublishServicetData(uint8 address);
     73          #endif
     74          
     75          //=====================================================================================================================
     76          //-------------------------------------- Public Functions -------------------------------------------------------------
     77          //=====================================================================================================================
     78          //---------------------------------------------------------------------------------------------------------------------
     79          /**
     80           * @brief      It Initializes the module API019ProductInfo and its variables
     81           *
     82           */

   \                                 In section .text, align 2, keep-with-next
     83          void API019ProductInfo__Initialize(void)
     84          {
   \                     API019ProductInfo__Initialize: (+1)
   \   00000000   0xB510             PUSH     {R4,LR}
     85              uint8 index;
     86          
     87              #if (SYSTEM_ACU_HANDLING == ENABLED)
     88          
     89                  if (Micro__GetResetMode() == MICRO_RESET_MODE_COLD)
     90                  {
     91                      if ((NVData__GetLastRestoreStatus()->Bit.Statistics_Data_Recovered != NVDATA_RESTORE_OKAY) &&
     92                          (NVData__GetLastRestoreStatus()->Bit.Statistics_Data_Recovered != NVDATA_RESTORE_OKAY_BACKUP))
     93                      {
     94                          // Set Default:
     95                          memset(&API019_Service_Test_Data,0,sizeof(API019_SERVICE_DATA_TYPE));
     96                      }
     97                  }
     98          
     99                  API019_Timer = Millis__GetFreeRunningCounter();
    100              #endif
    101              API019_Appliance_Data.Appliance_Number_Boadrs = API019_NUM_BOARDS;
   \   00000002   0x.... 0x....      LDR.W    R4,??DataTable7
   \   00000006   0x2001             MOVS     R0,#+1
   \   00000008   0xF884 0x0054      STRB     R0,[R4, #+84]
    102          
    103              for (index=0; index < API019_NUM_BOARDS; index++)
    104              {
    105                  API019_Board_Data[index].Board_Num_Projects = ProductInfo__GetNumProjects((API019_BOARD_TYPE)index);
   \   0000000C   0x2000             MOVS     R0,#+0
   \   0000000E   0x.... 0x....      BL       ProductInfo__GetNumProjects
   \   00000012   0xF884 0x002B      STRB     R0,[R4, #+43]
    106              }
    107          }
   \   00000016   0xBD10             POP      {R4,PC}          ;; return
    108          
    109          //----------------------------------------------------------------------------------------------------------
    110          /**
    111           * @brief This method parses messages target to the API019 sent to a broadcast or exclusively to this node for Reveal 4.x.
    112           * @param buffer contains the Wide package that contains the message
    113           * @return REVEAL_RECIPE_STATUS_TYPE that express the result of the parsing.
    114           */

   \                                 In section .text, align 4, keep-with-next
    115          REVEAL_RECIPE_STATUS_TYPE API019ProductInfo__CommandParser(REVEAL_MSG_TYPE * buffer)
    116          {
   \                     API019ProductInfo__CommandParser: (+1)
   \   00000000   0xE92D 0x41F0      PUSH     {R4-R8,LR}
   \   00000004   0x4605             MOV      R5,R0
    117              REVEAL_RECIPE_STATUS_TYPE retval;
    118              uint8 aux8;
    119              retval = NVO_RS_READY;
   \   00000006   0x2400             MOVS     R4,#+0
    120          
    121              switch ((API019PRODUCTINFO_OPCODE_TYPE)buffer->op_code)
   \   00000008   0x7928             LDRB     R0,[R5, #+4]
   \   0000000A   0xF000 0x001F      AND      R0,R0,#0x1F
   \   0000000E   0x1E40             SUBS     R0,R0,#+1
   \   00000010   0x280F             CMP      R0,#+15
   \   00000012   0xF200 0x81C1      BHI.W    ??API019ProductInfo__CommandParser_1
   \   00000016   0xE8DF 0xF010      TBH      [PC, R0, LSL #+1]
   \                     ??API019ProductInfo__CommandParser_0:
   \   0000001A   0x0010 0x001E      DC16     0x10,0x1E,0x31,0x5F
   \              0x0031 0x005F
   \   00000022   0x007A 0x01BF      DC16     0x7A,0x1BF,0x1BF,0x9F
   \              0x01BF 0x009F
   \   0000002A   0x00BA 0x00CC      DC16     0xBA,0xCC,0x11D,0x137
   \              0x011D 0x0137
   \   00000032   0x014F 0x01BF      DC16     0x14F,0x1BF,0x1BF,0x19E
   \              0x01BF 0x019E
    122              {
    123                  case API019PRODUCTINFO_OP_REQ_PUB_APPLIANCE_DATA:
    124                      if (PublishApplianceData(buffer->node_id) == FAIL)
   \                     ??API019ProductInfo__CommandParser_2: (+1)
   \   0000003A   0x7828             LDRB     R0,[R5, #+0]
   \   0000003C   0x0902             LSRS     R2,R0,#+4
   \   0000003E   0x2329             MOVS     R3,#+41
   \   00000040   0x2101             MOVS     R1,#+1
   \   00000042   0x2013             MOVS     R0,#+19
   \   00000044   0x.... 0x....      BL       Reveal__NewFeedback
   \   00000048   0x0005             MOVS     R5,R0
   \   0000004A   0xF000 0x8131      BEQ.W    ??API019ProductInfo__CommandParser_3
   \   0000004E   0x2229             MOVS     R2,#+41
   \   00000050   0x.... 0x....      LDR.W    R1,??DataTable7_1
   \   00000054   0xE194             B.N      ??API019ProductInfo__CommandParser_4
    125                      {
    126                          retval = NVO_RS_UNSUP_INVALID_PARAM;
    127                      }
    128                      break;
    129                  case API019PRODUCTINFO_OP_SET_APPLIANCE_DATA:
    130                      if (buffer->size == sizeof(API019_APPLIANCE_DATA_TYPE))
   \                     ??API019ProductInfo__CommandParser_5: (+1)
   \   00000056   0xF895 0x0048      LDRB     R0,[R5, #+72]
   \   0000005A   0x2829             CMP      R0,#+41
   \   0000005C   0xF040 0x8128      BNE.W    ??API019ProductInfo__CommandParser_3
    131                      {
    132                          memcpy(&API019_Appliance_Data,buffer->payload,sizeof(API019_APPLIANCE_DATA_TYPE));
   \   00000060   0x.... 0x....      LDR.W    R7,??DataTable7
   \   00000064   0x2229             MOVS     R2,#+41
   \   00000066   0x1D69             ADDS     R1,R5,#+5
   \   00000068   0xF107 0x002C      ADD      R0,R7,#+44
   \   0000006C   0x.... 0x....      BL       __aeabi_memcpy
    133                          API019_Appliance_Data.Appliance_Number_Boadrs = API019_NUM_BOARDS;
   \   00000070   0x2001             MOVS     R0,#+1
   \   00000072   0xF887 0x0054      STRB     R0,[R7, #+84]
    134                          API019_APPLIANCE_DATA_SET();
    135                      }
    136                      else
    137                      {
    138                          retval = NVO_RS_UNSUP_INVALID_PARAM;
    139                      }
    140                      break;
    141                  case API019PRODUCTINFO_OP_REQ_PUB_BOARD_DATA:
    142                      if (PublishBoardData(buffer->node_id, buffer->payload[0]) == FAIL)
    143                      {
    144                          retval = NVO_RS_UNSUP_INVALID_PARAM;
    145                      }
    146                      break;
    147                  case API019PRODUCTINFO_OP_SET_BOARD_DATA:
    148                      if (buffer->size == (sizeof(API019_BOARD_DATA_TYPE) + 1))
    149                      {
    150                          if (buffer->payload[0] < API019_NUM_BOARDS)
    151                          {
    152                              memcpy(&API019_Board_Data[buffer->payload[0]],&buffer->payload[1],sizeof(API019_BOARD_DATA_TYPE));
    153          
    154                              API019_Board_Data[buffer->payload[0]].Board_Num_Projects = ProductInfo__GetNumProjects((API019_BOARD_TYPE)(buffer->payload[0]));
    155                          }
    156                      }
    157                      else
    158                      {
    159                          retval = NVO_RS_UNSUP_INVALID_PARAM;
    160                      }
    161          
    162                      break;
    163                  case API019PRODUCTINFO_OP_REQ_PUB_PROJECT_DATA:
    164                      if (PublishProjectData(buffer->node_id, (API019_BOARD_TYPE)buffer->payload[0], (API019_PROJECT_TYPE)buffer->payload[1]) == FAIL)
    165                      {
    166                          retval = NVO_RS_UNSUP_INVALID_PARAM;
    167                      }
    168                      break;
    169          
    170                  #if (SYSTEM_ACU_HANDLING == ENABLED)
    171          
    172          
    173                      case API019PRODUCTINFO_OP_REQ_PUB_SERVICE_DATA:
    174                          if (PublishServicetData(buffer->node_id) == FAIL)
    175                          {
    176                              retval = NVO_RS_BUSY;
    177                          }
    178                          break;
    179                      case API019PRODUCTINFO_OP_SET_SERVICE_DATA:
    180                          if (buffer->size == sizeof(API019_SERVICE_DATA_TYPE))
    181                          {
    182          
    183                              //
    184                              API019_Service_Test_Data.Tester_ID = buffer->payload[0];
    185          
    186                              API019_Service_Test_Data.Tester_Version[0] = buffer->payload[1];
    187                              API019_Service_Test_Data.Tester_Version[1] = buffer->payload[2];
    188                              API019_Service_Test_Data.Tester_Version[2] = buffer->payload[3];
    189                              aux8 = sizeof(API019_Service_Test_Data.Test_Date);
    190                              memcpy(API019_Service_Test_Data.Test_Date,&buffer->payload[4],aux8);
    191                              aux8 += 4;
    192          
    193                              API019_Service_Test_Data.Test_Age = Utilities__ConvertArrayTo32bits(&buffer->payload[aux8]);
    194                              aux8 += 4;
    195          
    196                              API019_Service_Test_Data.Test_Duration = Utilities__ConvertArrayTo16bits(&buffer->payload[aux8]);
    197                              aux8 += 2;
    198          
    199                              memcpy(API019_Service_Test_Data.Test_Result,&buffer->payload[aux8],sizeof(API019_Service_Test_Data.Test_Result));
    200                              API019_Service_Test_Data.Test_Age = 0;
    201          
    202                              if (NVData__ForceBlockingStore() != PASS)
    203                              {
    204                                  retval = NVO_RS_BUSY;
    205                              }
    206                          }
    207                          else
    208                          {
    209                              retval = NVO_RS_UNSUP_INVALID_PARAM;
    210                          }
    211                          break;
    212                  #endif
    213                  case API019PRODUCTINFO_OP_REQ_PUB_FVT_DATA:
    214          
    215                      if (buffer->payload[0] < API019_NUM_FVT_DATA_TEST)
    216                      {
    217                          if (PublishTestData(buffer->node_id, API019PRODUCTINFO_OP_REQ_PUB_FVT_DATA,buffer->payload[0], &API019_FVT_Data[buffer->payload[0]]) == FAIL)
    218                          {
    219                              retval = NVO_RS_BUSY;
    220                          }
    221                      }
    222                      else
    223                      {
    224                          retval = NVO_RS_UNSUP_INVALID_PARAM;
    225                      }
    226                      break;
    227                  case API019PRODUCTINFO_OP_SET_FVT_DATA:
    228                      if (buffer->size == (sizeof(API019_TEST_DATA_TYPE)+1))
    229                      {
    230                          if (buffer->payload[0] < API019_NUM_FVT_DATA_TEST)
    231                          {
    232                              UpdateTestData(&buffer->payload[1], &API019_FVT_Data[buffer->payload[0]]);
    233                          }
    234                          else
    235                          {
    236                              retval = NVO_RS_UNSUP_INVALID_PARAM;
    237                          }
    238                      }
    239                      else
    240                      {
    241                          retval = NVO_RS_UNSUP_INVALID_PARAM;
    242                      }
    243                      break;
    244                  case API019PRODUCTINFO_OP_SET_FVT_DATA_RESULT:
    245                      aux8 = sizeof(API019_FVT_Data[0].Test_Result);
    246                      if ( buffer->size == ((2*aux8) + 1))
    247                      {
    248                          // Byte 0 index
    249                          // Byte 1 to size+!       = Data
    250                          // Byte size+! to 2xsize+1 = MAsk
    251                          if (buffer->payload[0] < API019_NUM_FVT_DATA_TEST)
    252                          {
    253                              UpdateMaskedArray(API019_FVT_Data[buffer->payload[0]].Test_Result,&buffer->payload[1], &buffer->payload[aux8+1], aux8);
    254                          }
    255                      }
    256          
    257                      break;
    258                  case API019PRODUCTINFO_OP_REQ_PUB_EOL_DATA:
    259                      if (buffer->payload[0] < API019_NUM_EOL_DATA_TEST)
    260                      {
    261                          if (PublishTestData(buffer->node_id, API019PRODUCTINFO_OP_REQ_PUB_EOL_DATA,buffer->payload[0], &API019_EOL_Test_Data[buffer->payload[0]]) == FAIL)
    262                          {
    263                              retval = NVO_RS_BUSY;
    264                          }
    265                      }
    266                      else
    267                      {
    268                          retval = NVO_RS_UNSUP_INVALID_PARAM;
    269                      }
    270                      break;
    271                  case API019PRODUCTINFO_OP_SET_EOL_DATA:
    272                      if (buffer->size == (sizeof(API019_TEST_DATA_TYPE)+1))
    273                      {
    274                          if (buffer->payload[0] < API019_NUM_EOL_DATA_TEST)
    275                          {
    276                              UpdateTestData(&buffer->payload[1], &API019_EOL_Test_Data[buffer->payload[0]]);
    277                          }
    278                          else
    279                          {
    280                              retval = NVO_RS_UNSUP_INVALID_PARAM;
    281                          }
    282                      }
    283                      else
    284                      {
    285                          retval = NVO_RS_UNSUP_INVALID_PARAM;
    286                      }
    287          
    288                      break;
    289                  case API019PRODUCTINFO_OP_SET_EOL_DATA_RESULT:
    290                      aux8 = sizeof(API019_EOL_Test_Data[0].Test_Result);
    291                      if ( buffer->size == ((2*aux8) + 1))
    292                      {
    293                          // Byte 0 index
    294                          // Byte 1 to size+!       = Data
    295                          // Byte size+! to 2xsize+1 = MAsk
    296                          if (buffer->payload[0] < API019_NUM_EOL_DATA_TEST)
    297                          {
    298                              UpdateMaskedArray(API019_EOL_Test_Data[buffer->payload[0]].Test_Result,&buffer->payload[1], &buffer->payload[aux8+1], aux8);
    299                          }
    300                      }
    301                      break;
    302          #if (CALIBRATION_DATA_FEATURE == ENABLED)
    303                  case API019PRODUCTINFO_OP_SET_CALIB_DATA:
    304                      // Expected payload:
    305                      //      First byte = Calibration Item ID
    306                      //      Additional bytes = Calibration data
    307                      if (buffer->size >= 2)
    308                      {
    309                          CALIBRATION_ITEM_ID_TYPE cal_item = (CALIBRATION_ITEM_ID_TYPE)(buffer->payload[0]);
    310                          uint8 data_length = Calibration__GetDataSize(cal_item);
    311                          if ((data_length > 0) &&
    312                              (buffer->size == data_length + 1))
    313                          {
    314                              uint8* data_ptr = Calibration__GetDataPointer(cal_item);
    315                              memcpy(data_ptr, &buffer->payload[1], data_length);
    316                          }
    317                          else
    318                          {
    319                              retval = NVO_RS_UNSUP_INVALID_PARAM;
    320                          }
    321                      }
    322                      else
    323                      {
    324                          retval = NVO_RS_UNSUP_INVALID_PARAM;
    325                      }
    326                      break;
    327                  case API019PRODUCTINFO_OP_REQ_PUB_CALIB_DATA:
    328                      // Expected payload:
    329                      //      First byte = Calibration Item ID
    330                      if (buffer->size >= 1)
    331                      {
    332                          CALIBRATION_ITEM_ID_TYPE cal_item = (CALIBRATION_ITEM_ID_TYPE)(buffer->payload[0]);
    333                          uint8 data_length = Calibration__GetDataSize(cal_item);
    334                          if (data_length > 0)
    335                          {
    336                              uint8* data_ptr = Calibration__GetDataPointer(cal_item);
    337                              REVEAL_COMMAND_TYPE* msg = Reveal__NewFeedback(API019PRODUCTINFO_NUM, API019PRODUCTINFO_OP_REQ_PUB_CALIB_DATA, buffer->node_id, data_length + 1);
    338                              if ((msg == NULL) ||
    339                                  (Reveal__AddDataU8(msg, cal_item) == FAIL) ||
    340                                  (Reveal__AddDataU8Buffer(msg, data_ptr, data_length) == FAIL) ||
    341                                  (Reveal__QueueCommand(msg) == FALSE))
    342                              {
    343                                  retval = NVO_RS_BUSY;
    344                              }
    345                          }
    346                          else
    347                          {
    348                              retval = NVO_RS_UNSUP_INVALID_PARAM;
    349                          }
    350                      }
    351                      else
    352                      {
    353                          retval = NVO_RS_UNSUP_INVALID_PARAM;
    354                      }
    355                      break;
    356          #endif // #if (CALIBRATION_DATA_FEATURE == ENABLED)
    357                  case API019PRODUCTINFO_OP_REQ_PUB_CLASS_B_SIGN:
    358                      if (PublishSignatureData(buffer->node_id, API019PRODUCTINFO_OP_REQ_PUB_CLASS_B_SIGN) == FAIL)
    359                      {
    360                          retval = NVO_RS_BUSY;
    361                      }
    362                      break;
    363                  case API019PRODUCTINFO_OP_STORE_DATA:
    364                      #if (NVDATA_STORE_STATIC_FEATURE == ENABLED)
    365                          if (NVData__StoreStaticData() != PASS)
    366                          {
    367                              //Failed to store the static data
    368                              retval = NVO_RS_BUSY;
    369                          }
    370                      #else
    371                          retval = NVO_RS_UNSUP_OP_CODE;
    372                      #endif
    373                      break;
    374                  default:
    375          			retval = NVO_RS_UNSUP_OP_CODE;
    376                      break;
    377              }
    378          
    379              return (retval);
   \   00000076   0x4620             MOV      R0,R4
   \   00000078   0xE8BD 0x81F0      POP      {R4-R8,PC}
   \                     ??API019ProductInfo__CommandParser_6: (+1)
   \   0000007C   0x.... 0x....      LDR.W    R7,??DataTable7
   \   00000080   0x796E             LDRB     R6,[R5, #+5]
   \   00000082   0xF897 0x0054      LDRB     R0,[R7, #+84]
   \   00000086   0x4286             CMP      R6,R0
   \   00000088   0xF080 0x8112      BCS.W    ??API019ProductInfo__CommandParser_3
   \   0000008C   0x202C             MOVS     R0,#+44
   \   0000008E   0xFB10 0x7706      SMLABB   R7,R0,R6,R7
   \   00000092   0x2103             MOVS     R1,#+3
   \   00000094   0xF897 0x002B      LDRB     R0,[R7, #+43]
   \   00000098   0xF100 0x032D      ADD      R3,R0,#+45
   \   0000009C   0x7828             LDRB     R0,[R5, #+0]
   \   0000009E   0x0902             LSRS     R2,R0,#+4
   \   000000A0   0xB2DB             UXTB     R3,R3
   \   000000A2   0x2013             MOVS     R0,#+19
   \   000000A4   0x.... 0x....      BL       Reveal__NewFeedback
   \   000000A8   0x0005             MOVS     R5,R0
   \   000000AA   0xF000 0x8101      BEQ.W    ??API019ProductInfo__CommandParser_3
   \   000000AE   0x4631             MOV      R1,R6
   \   000000B0   0x.... 0x....      BL       Reveal__AddDataU8
   \   000000B4   0x222C             MOVS     R2,#+44
   \   000000B6   0x4639             MOV      R1,R7
   \   000000B8   0x4628             MOV      R0,R5
   \   000000BA   0x.... 0x....      BL       Reveal__AddDataU8Buffer
   \   000000BE   0x4630             MOV      R0,R6
   \   000000C0   0x.... 0x....      BL       ProductInfo__GetProjectIDs
   \   000000C4   0x2800             CMP      R0,#+0
   \   000000C6   0xF000 0x815D      BEQ.W    ??API019ProductInfo__CommandParser_7
   \   000000CA   0xF897 0x202B      LDRB     R2,[R7, #+43]
   \   000000CE   0x4601             MOV      R1,R0
   \   000000D0   0x4628             MOV      R0,R5
   \   000000D2   0x.... 0x....      BL       Reveal__AddDataU8Buffer
   \   000000D6   0xE155             B.N      ??API019ProductInfo__CommandParser_7
   \                     ??API019ProductInfo__CommandParser_8: (+1)
   \   000000D8   0xF895 0x0048      LDRB     R0,[R5, #+72]
   \   000000DC   0x282D             CMP      R0,#+45
   \   000000DE   0xF040 0x80E7      BNE.W    ??API019ProductInfo__CommandParser_3
   \   000000E2   0x7968             LDRB     R0,[R5, #+5]
   \   000000E4   0x2800             CMP      R0,#+0
   \   000000E6   0xF040 0x8158      BNE.W    ??API019ProductInfo__CommandParser_9
   \   000000EA   0x....             LDR.N    R7,??DataTable7
   \   000000EC   0x262C             MOVS     R6,#+44
   \   000000EE   0x222C             MOVS     R2,#+44
   \   000000F0   0x1DA9             ADDS     R1,R5,#+6
   \   000000F2   0x4638             MOV      R0,R7
   \   000000F4   0x.... 0x....      BL       __aeabi_memcpy
   \   000000F8   0x7968             LDRB     R0,[R5, #+5]
   \   000000FA   0x.... 0x....      BL       ProductInfo__GetNumProjects
   \   000000FE   0x7969             LDRB     R1,[R5, #+5]
   \   00000100   0xFB16 0x7101      SMLABB   R1,R6,R1,R7
   \   00000104   0xF881 0x002B      STRB     R0,[R1, #+43]
   \   00000108   0x4620             MOV      R0,R4
   \   0000010A   0xE8BD 0x81F0      POP      {R4-R8,PC}
   \                     ??API019ProductInfo__CommandParser_10: (+1)
   \   0000010E   0x79AE             LDRB     R6,[R5, #+6]
   \   00000110   0x796F             LDRB     R7,[R5, #+5]
   \   00000112   0x7828             LDRB     R0,[R5, #+0]
   \   00000114   0x0905             LSRS     R5,R0,#+4
   \   00000116   0x4631             MOV      R1,R6
   \   00000118   0x4638             MOV      R0,R7
   \   0000011A   0x.... 0x....      BL       ProductInfo__GetProjectData
   \   0000011E   0xEA5F 0x0800      MOVS     R8,R0
   \   00000122   0xF000 0x80C5      BEQ.W    ??API019ProductInfo__CommandParser_3
   \   00000126   0xF898 0x0023      LDRB     R0,[R8, #+35]
   \   0000012A   0xF040 0x0001      ORR      R0,R0,#0x1
   \   0000012E   0xF888 0x0023      STRB     R0,[R8, #+35]
   \   00000132   0x2336             MOVS     R3,#+54
   \   00000134   0x462A             MOV      R2,R5
   \   00000136   0x2105             MOVS     R1,#+5
   \   00000138   0x2013             MOVS     R0,#+19
   \   0000013A   0x.... 0x....      BL       Reveal__NewFeedback
   \   0000013E   0x0005             MOVS     R5,R0
   \   00000140   0xF000 0x80B6      BEQ.W    ??API019ProductInfo__CommandParser_3
   \   00000144   0x4639             MOV      R1,R7
   \   00000146   0x.... 0x....      BL       Reveal__AddDataU8
   \   0000014A   0x4631             MOV      R1,R6
   \   0000014C   0x4628             MOV      R0,R5
   \   0000014E   0x.... 0x....      BL       Reveal__AddDataU8
   \   00000152   0x2234             MOVS     R2,#+52
   \   00000154   0x4641             MOV      R1,R8
   \   00000156   0xE112             B.N      ??API019ProductInfo__CommandParser_11
   \                     ??API019ProductInfo__CommandParser_12: (+1)
   \   00000158   0x796F             LDRB     R7,[R5, #+5]
   \   0000015A   0x2F03             CMP      R7,#+3
   \   0000015C   0xF280 0x80A8      BGE.W    ??API019ProductInfo__CommandParser_3
   \   00000160   0x....             LDR.N    R0,??DataTable7
   \   00000162   0xEBC7 0x01C7      RSB      R1,R7,R7, LSL #+3
   \   00000166   0xEB00 0x0081      ADD      R0,R0,R1, LSL #+2
   \   0000016A   0xF100 0x06AC      ADD      R6,R0,#+172
   \   0000016E   0x7828             LDRB     R0,[R5, #+0]
   \   00000170   0x0902             LSRS     R2,R0,#+4
   \   00000172   0x231D             MOVS     R3,#+29
   \   00000174   0x2108             MOVS     R1,#+8
   \   00000176   0x2013             MOVS     R0,#+19
   \   00000178   0x.... 0x....      BL       Reveal__NewFeedback
   \   0000017C   0x0005             MOVS     R5,R0
   \   0000017E   0xF000 0x8107      BEQ.W    ??API019ProductInfo__CommandParser_13
   \   00000182   0x4639             MOV      R1,R7
   \   00000184   0x.... 0x....      BL       Reveal__AddDataU8
   \   00000188   0x221C             MOVS     R2,#+28
   \   0000018A   0x4631             MOV      R1,R6
   \   0000018C   0xE0F7             B.N      ??API019ProductInfo__CommandParser_11
   \                     ??API019ProductInfo__CommandParser_14: (+1)
   \   0000018E   0xF895 0x0048      LDRB     R0,[R5, #+72]
   \   00000192   0x281D             CMP      R0,#+29
   \   00000194   0xF040 0x808C      BNE.W    ??API019ProductInfo__CommandParser_3
   \   00000198   0x796F             LDRB     R7,[R5, #+5]
   \   0000019A   0x2F03             CMP      R7,#+3
   \   0000019C   0xF280 0x8088      BGE.W    ??API019ProductInfo__CommandParser_3
   \   000001A0   0x....             LDR.N    R0,??DataTable7
   \   000001A2   0xEBC7 0x03C7      RSB      R3,R7,R7, LSL #+3
   \   000001A6   0xEB00 0x0083      ADD      R0,R0,R3, LSL #+2
   \   000001AA   0x221C             MOVS     R2,#+28
   \   000001AC   0x1DA9             ADDS     R1,R5,#+6
   \   000001AE   0x30AC             ADDS     R0,R0,#+172
   \   000001B0   0xE079             B.N      ??API019ProductInfo__CommandParser_15
   \                     ??API019ProductInfo__CommandParser_16: (+1)
   \   000001B2   0xF895 0x0048      LDRB     R0,[R5, #+72]
   \   000001B6   0x2821             CMP      R0,#+33
   \   000001B8   0xF040 0x80EF      BNE.W    ??API019ProductInfo__CommandParser_9
   \   000001BC   0x796F             LDRB     R7,[R5, #+5]
   \   000001BE   0x2F03             CMP      R7,#+3
   \   000001C0   0xF280 0x80EB      BGE.W    ??API019ProductInfo__CommandParser_9
   \   000001C4   0x....             LDR.N    R0,??DataTable7
   \   000001C6   0xEBC7 0x01C7      RSB      R1,R7,R7, LSL #+3
   \   000001CA   0xEB00 0x0081      ADD      R0,R0,R1, LSL #+2
   \   000001CE   0x30B8             ADDS     R0,R0,#+184
   \   000001D0   0xF105 0x0116      ADD      R1,R5,#+22
   \   000001D4   0x1DAA             ADDS     R2,R5,#+6
   \   000001D6   0x2304             MOVS     R3,#+4
   \                     ??API019ProductInfo__CommandParser_17: (+1)
   \   000001D8   0x780E             LDRB     R6,[R1, #+0]
   \   000001DA   0x7817             LDRB     R7,[R2, #+0]
   \   000001DC   0x7805             LDRB     R5,[R0, #+0]
   \   000001DE   0xEA67 0x0606      ORN      R6,R7,R6
   \   000001E2   0x4035             ANDS     R5,R6,R5
   \   000001E4   0x7005             STRB     R5,[R0, #+0]
   \   000001E6   0xF811 0x6B01      LDRB     R6,[R1], #+1
   \   000001EA   0xF812 0x7B01      LDRB     R7,[R2], #+1
   \   000001EE   0x403E             ANDS     R6,R7,R6
   \   000001F0   0x4335             ORRS     R5,R6,R5
   \   000001F2   0x7005             STRB     R5,[R0, #+0]
   \   000001F4   0x780E             LDRB     R6,[R1, #+0]
   \   000001F6   0x7817             LDRB     R7,[R2, #+0]
   \   000001F8   0x7845             LDRB     R5,[R0, #+1]
   \   000001FA   0xEA67 0x0606      ORN      R6,R7,R6
   \   000001FE   0x4035             ANDS     R5,R6,R5
   \   00000200   0x7045             STRB     R5,[R0, #+1]
   \   00000202   0xF811 0x6B01      LDRB     R6,[R1], #+1
   \   00000206   0xF812 0x7B01      LDRB     R7,[R2], #+1
   \   0000020A   0x403E             ANDS     R6,R7,R6
   \   0000020C   0x4335             ORRS     R5,R6,R5
   \   0000020E   0x7045             STRB     R5,[R0, #+1]
   \   00000210   0x780E             LDRB     R6,[R1, #+0]
   \   00000212   0x7817             LDRB     R7,[R2, #+0]
   \   00000214   0x7885             LDRB     R5,[R0, #+2]
   \   00000216   0xEA67 0x0606      ORN      R6,R7,R6
   \   0000021A   0x4035             ANDS     R5,R6,R5
   \   0000021C   0x7085             STRB     R5,[R0, #+2]
   \   0000021E   0xF811 0x6B01      LDRB     R6,[R1], #+1
   \   00000222   0xF812 0x7B01      LDRB     R7,[R2], #+1
   \   00000226   0x403E             ANDS     R6,R7,R6
   \   00000228   0x4335             ORRS     R5,R6,R5
   \   0000022A   0x7085             STRB     R5,[R0, #+2]
   \   0000022C   0x780E             LDRB     R6,[R1, #+0]
   \   0000022E   0x7817             LDRB     R7,[R2, #+0]
   \   00000230   0x78C5             LDRB     R5,[R0, #+3]
   \   00000232   0xEA67 0x0606      ORN      R6,R7,R6
   \   00000236   0x4035             ANDS     R5,R6,R5
   \   00000238   0x70C5             STRB     R5,[R0, #+3]
   \   0000023A   0xF811 0x6B01      LDRB     R6,[R1], #+1
   \   0000023E   0xF812 0x7B01      LDRB     R7,[R2], #+1
   \   00000242   0x403E             ANDS     R6,R7,R6
   \   00000244   0x4335             ORRS     R5,R6,R5
   \   00000246   0x70C5             STRB     R5,[R0, #+3]
   \   00000248   0x1D00             ADDS     R0,R0,#+4
   \   0000024A   0x1E5B             SUBS     R3,R3,#+1
   \   0000024C   0xD1C4             BNE.N    ??API019ProductInfo__CommandParser_17
   \   0000024E   0x4620             MOV      R0,R4
   \   00000250   0xE8BD 0x81F0      POP      {R4-R8,PC}
   \                     ??API019ProductInfo__CommandParser_18: (+1)
   \   00000254   0x796F             LDRB     R7,[R5, #+5]
   \   00000256   0x2F03             CMP      R7,#+3
   \   00000258   0xDA2A             BGE.N    ??API019ProductInfo__CommandParser_3
   \   0000025A   0x....             LDR.N    R0,??DataTable7
   \   0000025C   0xEBC7 0x01C7      RSB      R1,R7,R7, LSL #+3
   \   00000260   0xEB00 0x0081      ADD      R0,R0,R1, LSL #+2
   \   00000264   0xF100 0x0658      ADD      R6,R0,#+88
   \   00000268   0x7828             LDRB     R0,[R5, #+0]
   \   0000026A   0x0902             LSRS     R2,R0,#+4
   \   0000026C   0x231D             MOVS     R3,#+29
   \   0000026E   0x210B             MOVS     R1,#+11
   \   00000270   0x2013             MOVS     R0,#+19
   \   00000272   0x.... 0x....      BL       Reveal__NewFeedback
   \   00000276   0x0005             MOVS     R5,R0
   \   00000278   0xF000 0x808A      BEQ.W    ??API019ProductInfo__CommandParser_13
   \   0000027C   0x4639             MOV      R1,R7
   \   0000027E   0x.... 0x....      BL       Reveal__AddDataU8
   \   00000282   0x221C             MOVS     R2,#+28
   \   00000284   0x4631             MOV      R1,R6
   \   00000286   0xE07A             B.N      ??API019ProductInfo__CommandParser_11
   \                     ??API019ProductInfo__CommandParser_19: (+1)
   \   00000288   0xF895 0x0048      LDRB     R0,[R5, #+72]
   \   0000028C   0x281D             CMP      R0,#+29
   \   0000028E   0xD10F             BNE.N    ??API019ProductInfo__CommandParser_3
   \   00000290   0x796F             LDRB     R7,[R5, #+5]
   \   00000292   0x2F03             CMP      R7,#+3
   \   00000294   0xDA0C             BGE.N    ??API019ProductInfo__CommandParser_3
   \   00000296   0x....             LDR.N    R0,??DataTable7
   \   00000298   0xEBC7 0x03C7      RSB      R3,R7,R7, LSL #+3
   \   0000029C   0xEB00 0x0083      ADD      R0,R0,R3, LSL #+2
   \   000002A0   0x221C             MOVS     R2,#+28
   \   000002A2   0x1DA9             ADDS     R1,R5,#+6
   \   000002A4   0x3058             ADDS     R0,R0,#+88
   \                     ??API019ProductInfo__CommandParser_15: (+1)
   \   000002A6   0x.... 0x....      BL       __aeabi_memcpy
   \   000002AA   0x4620             MOV      R0,R4
   \   000002AC   0xE8BD 0x81F0      POP      {R4-R8,PC}
   \                     ??API019ProductInfo__CommandParser_3: (+1)
   \   000002B0   0x2407             MOVS     R4,#+7
   \   000002B2   0x4620             MOV      R0,R4
   \   000002B4   0xE8BD 0x81F0      POP      {R4-R8,PC}
   \                     ??API019ProductInfo__CommandParser_20: (+1)
   \   000002B8   0xF895 0x0048      LDRB     R0,[R5, #+72]
   \   000002BC   0x2821             CMP      R0,#+33
   \   000002BE   0xD16C             BNE.N    ??API019ProductInfo__CommandParser_9
   \   000002C0   0x796F             LDRB     R7,[R5, #+5]
   \   000002C2   0x2F03             CMP      R7,#+3
   \   000002C4   0xDA69             BGE.N    ??API019ProductInfo__CommandParser_9
   \   000002C6   0x....             LDR.N    R0,??DataTable7
   \   000002C8   0xEBC7 0x01C7      RSB      R1,R7,R7, LSL #+3
   \   000002CC   0xEB00 0x0081      ADD      R0,R0,R1, LSL #+2
   \   000002D0   0x3064             ADDS     R0,R0,#+100
   \   000002D2   0xF105 0x0116      ADD      R1,R5,#+22
   \   000002D6   0x1DAA             ADDS     R2,R5,#+6
   \   000002D8   0x2304             MOVS     R3,#+4
   \                     ??API019ProductInfo__CommandParser_21: (+1)
   \   000002DA   0x780E             LDRB     R6,[R1, #+0]
   \   000002DC   0x7817             LDRB     R7,[R2, #+0]
   \   000002DE   0x7805             LDRB     R5,[R0, #+0]
   \   000002E0   0xEA67 0x0606      ORN      R6,R7,R6
   \   000002E4   0x4035             ANDS     R5,R6,R5
   \   000002E6   0x7005             STRB     R5,[R0, #+0]
   \   000002E8   0xF811 0x6B01      LDRB     R6,[R1], #+1
   \   000002EC   0xF812 0x7B01      LDRB     R7,[R2], #+1
   \   000002F0   0x403E             ANDS     R6,R7,R6
   \   000002F2   0x4335             ORRS     R5,R6,R5
   \   000002F4   0x7005             STRB     R5,[R0, #+0]
   \   000002F6   0x780E             LDRB     R6,[R1, #+0]
   \   000002F8   0x7817             LDRB     R7,[R2, #+0]
   \   000002FA   0x7845             LDRB     R5,[R0, #+1]
   \   000002FC   0xEA67 0x0606      ORN      R6,R7,R6
   \   00000300   0x4035             ANDS     R5,R6,R5
   \   00000302   0x7045             STRB     R5,[R0, #+1]
   \   00000304   0xF811 0x6B01      LDRB     R6,[R1], #+1
   \   00000308   0xF812 0x7B01      LDRB     R7,[R2], #+1
   \   0000030C   0x403E             ANDS     R6,R7,R6
   \   0000030E   0x4335             ORRS     R5,R6,R5
   \   00000310   0x7045             STRB     R5,[R0, #+1]
   \   00000312   0x780E             LDRB     R6,[R1, #+0]
   \   00000314   0x7817             LDRB     R7,[R2, #+0]
   \   00000316   0x7885             LDRB     R5,[R0, #+2]
   \   00000318   0xEA67 0x0606      ORN      R6,R7,R6
   \   0000031C   0x4035             ANDS     R5,R6,R5
   \   0000031E   0x7085             STRB     R5,[R0, #+2]
   \   00000320   0xF811 0x6B01      LDRB     R6,[R1], #+1
   \   00000324   0xF812 0x7B01      LDRB     R7,[R2], #+1
   \   00000328   0x403E             ANDS     R6,R7,R6
   \   0000032A   0x4335             ORRS     R5,R6,R5
   \   0000032C   0x7085             STRB     R5,[R0, #+2]
   \   0000032E   0x780E             LDRB     R6,[R1, #+0]
   \   00000330   0x7817             LDRB     R7,[R2, #+0]
   \   00000332   0x78C5             LDRB     R5,[R0, #+3]
   \   00000334   0xEA67 0x0606      ORN      R6,R7,R6
   \   00000338   0x4035             ANDS     R5,R6,R5
   \   0000033A   0x70C5             STRB     R5,[R0, #+3]
   \   0000033C   0xF811 0x6B01      LDRB     R6,[R1], #+1
   \   00000340   0xF812 0x7B01      LDRB     R7,[R2], #+1
   \   00000344   0x403E             ANDS     R6,R7,R6
   \   00000346   0x4335             ORRS     R5,R6,R5
   \   00000348   0x70C5             STRB     R5,[R0, #+3]
   \   0000034A   0x1D00             ADDS     R0,R0,#+4
   \   0000034C   0x1E5B             SUBS     R3,R3,#+1
   \   0000034E   0xD1C4             BNE.N    ??API019ProductInfo__CommandParser_21
   \   00000350   0x4620             MOV      R0,R4
   \   00000352   0xE8BD 0x81F0      POP      {R4-R8,PC}
   \                     ??API019ProductInfo__CommandParser_22: (+1)
   \   00000356   0x7828             LDRB     R0,[R5, #+0]
   \   00000358   0x0905             LSRS     R5,R0,#+4
   \   0000035A   0x.... 0x....      BL       SRSignature__GetClassBSignatureSize
   \   0000035E   0x1C43             ADDS     R3,R0,#+1
   \   00000360   0xB2DB             UXTB     R3,R3
   \   00000362   0x462A             MOV      R2,R5
   \   00000364   0x2110             MOVS     R1,#+16
   \   00000366   0x2013             MOVS     R0,#+19
   \   00000368   0x.... 0x....      BL       Reveal__NewFeedback
   \   0000036C   0x0005             MOVS     R5,R0
   \   0000036E   0xD00F             BEQ.N    ??API019ProductInfo__CommandParser_13
   \   00000370   0x.... 0x....      BL       SRSignature__GetClassBSignatureSize
   \   00000374   0x4606             MOV      R6,R0
   \   00000376   0x.... 0x....      BL       SRSignature__GetClassBSignature
   \   0000037A   0x4601             MOV      R1,R0
   \   0000037C   0x4632             MOV      R2,R6
   \                     ??API019ProductInfo__CommandParser_11: (+1)
   \   0000037E   0x4628             MOV      R0,R5
   \                     ??API019ProductInfo__CommandParser_4: (+1)
   \   00000380   0x.... 0x....      BL       Reveal__AddDataU8Buffer
   \                     ??API019ProductInfo__CommandParser_7: (+1)
   \   00000384   0x4628             MOV      R0,R5
   \   00000386   0x.... 0x....      BL       Reveal__QueueCommand
   \   0000038A   0x4620             MOV      R0,R4
   \   0000038C   0xE8BD 0x81F0      POP      {R4-R8,PC}
   \                     ??API019ProductInfo__CommandParser_13: (+1)
   \   00000390   0x2401             MOVS     R4,#+1
   \   00000392   0x4620             MOV      R0,R4
   \   00000394   0xE8BD 0x81F0      POP      {R4-R8,PC}
   \                     ??API019ProductInfo__CommandParser_1: (+1)
   \   00000398   0x2405             MOVS     R4,#+5
   \                     ??API019ProductInfo__CommandParser_9: (+1)
   \   0000039A   0x4620             MOV      R0,R4
   \   0000039C   0xE8BD 0x81F0      POP      {R4-R8,PC}       ;; return
    380          }
    381          
    382          //----------------------------------------------------------------------------------------------------------
    383          /**
    384           * @brief This method parses feedbacks to the API019ProductInfo sent to a broadcast or exclusively to this node.
    385           * @param buffer contains the Wide package that contains the message
    386           */

   \                                 In section .text, align 2, keep-with-next
    387          void API019ProductInfo__FeedbackParser(REVEAL_MSG_TYPE * buffer)
    388          {
    389          
    390              switch ((API019PRODUCTINFO_OPCODE_TYPE)buffer->op_code)
   \                     API019ProductInfo__FeedbackParser: (+1)
   \   00000000   0x7901             LDRB     R1,[R0, #+4]
   \   00000002   0xF001 0x011F      AND      R1,R1,#0x1F
   \   00000006   0x2901             CMP      R1,#+1
   \   00000008   0xD000             BEQ.N    ??API019ProductInfo__FeedbackParser_0
   \   0000000A   0x4770             BX       LR
    391              {
    392                  case API019PRODUCTINFO_OP_REQ_PUB_APPLIANCE_DATA:
    393                      if (buffer->size == sizeof(API019_APPLIANCE_DATA_TYPE))
   \                     ??API019ProductInfo__FeedbackParser_0: (+1)
   \   0000000C   0xB510             PUSH     {R4,LR}
   \   0000000E   0xF890 0x1048      LDRB     R1,[R0, #+72]
   \   00000012   0x2929             CMP      R1,#+41
   \   00000014   0xD109             BNE.N    ??API019ProductInfo__FeedbackParser_1
    394                      {
    395                          memcpy(&API019_Appliance_Data,buffer->payload,sizeof(API019_APPLIANCE_DATA_TYPE));
   \   00000016   0x....             LDR.N    R4,??DataTable7
   \   00000018   0x1D41             ADDS     R1,R0,#+5
   \   0000001A   0x2229             MOVS     R2,#+41
   \   0000001C   0xF104 0x002C      ADD      R0,R4,#+44
   \   00000020   0x.... 0x....      BL       __aeabi_memcpy
    396                          API019_Appliance_Data.Appliance_Number_Boadrs = API019_NUM_BOARDS;
   \   00000024   0x2001             MOVS     R0,#+1
   \   00000026   0xF884 0x0054      STRB     R0,[R4, #+84]
    397                          API019_APPLIANCE_DATA_SET();
    398                      }
    399                      break;
    400                  case API019PRODUCTINFO_OP_SET_APPLIANCE_DATA:
    401                      break;
    402                  case API019PRODUCTINFO_OP_REQ_PUB_BOARD_DATA:
    403                      #if (API019_BOARD_DATA_FEEDBACK == ENABLED)
    404                          if(buffer->size > (1+sizeof(API019_BOARD_DATA_TYPE)))   //the buffer has at least one PROJECT ID
    405                          {
    406                              ProductInfo__BoardDataFeedback(buffer->node_id,buffer->payload[0],
    407                                                                          (API019_BOARD_DATA_TYPE *)((void *)&buffer->payload[1]),
    408                                                                          (API019_PROJECT_TYPE *)((void *)&buffer->payload[1+sizeof(API019_BOARD_DATA_TYPE)]));
    409                          }
    410                          else
    411                          {
    412                              ProductInfo__BoardDataFeedback(buffer->node_id,buffer->payload[0],
    413                                                                                          (API019_BOARD_DATA_TYPE *)((void *)&buffer->payload[1]),
    414                                                                                          (API019_PROJECT_TYPE *)NULL);
    415                          }
    416                      #endif
    417                      break;
    418                  case API019PRODUCTINFO_OP_SET_BOARD_DATA:
    419                      break;
    420                  case API019PRODUCTINFO_OP_REQ_PUB_PROJECT_DATA:
    421                      #if (API019_BOARD_DATA_FEEDBACK == ENABLED)
    422                          ProductInfo__ProjectDataFeedback(buffer->node_id,buffer->payload[0],
    423                                                           (API019_PROJECT_TYPE)buffer->payload[1],
    424                                                           (API019_PROJECT_DATA_TYPE *)((void *)&buffer->payload[2]));
    425                      #endif
    426                      break;
    427                  case API019PRODUCTINFO_OP_REQ_PUB_SERVICE_DATA:
    428                      break;
    429                  case API019PRODUCTINFO_OP_SET_SERVICE_DATA:
    430                      break;
    431                  case API019PRODUCTINFO_OP_REQ_PUB_FVT_DATA:
    432                      break;
    433                  case API019PRODUCTINFO_OP_SET_FVT_DATA:
    434                      break;
    435                  case API019PRODUCTINFO_OP_SET_FVT_DATA_RESULT:
    436                      break;
    437                  case API019PRODUCTINFO_OP_REQ_PUB_EOL_DATA:
    438                      break;
    439                  case API019PRODUCTINFO_OP_SET_EOL_DATA:
    440                      break;
    441                  case API019PRODUCTINFO_OP_SET_EOL_DATA_RESULT:
    442          
    443                      break;
    444                  default:
    445                      break;
    446              }
    447          }
   \                     ??API019ProductInfo__FeedbackParser_1: (+1)
   \   0000002A   0xBD10             POP      {R4,PC}          ;; return
    448          
    449          //----------------------------------------------------------------------------------------------------------
    450          /**
    451           * @brief This method handles callbacks from Reveal when and ACK is received for this API
    452           * @param address
    453           * @param api
    454           * @param opcode
    455           * @param reasoncode
    456           */

   \                                 In section .text, align 2, keep-with-next
    457          void API019ProductInfo__AckParser(uint8 address,uint8 api,uint8 opcode, REVEAL_RECIPE_STATUS_TYPE reasoncode)
                                                         ^
Remark[Pe826]: parameter "address" was never referenced

  void API019ProductInfo__AckParser(uint8 address,uint8 api,uint8 opcode, REVEAL_RECIPE_STATUS_TYPE reasoncode)
                                                        ^
"C:\Data\Python\Self_Commissioning_Bpm\source\XCategory\Application\Reveal_APIs\API019ProductInfo\API019ProductInfo.c",457  Remark[Pe826]: 
          parameter "api" was never referenced

  void API019ProductInfo__AckParser(uint8 address,uint8 api,uint8 opcode, REVEAL_RECIPE_STATUS_TYPE reasoncode)
                                                                  ^
"C:\Data\Python\Self_Commissioning_Bpm\source\XCategory\Application\Reveal_APIs\API019ProductInfo\API019ProductInfo.c",457  Remark[Pe826]: 
          parameter "opcode" was never referenced
    458          {
    459              switch (reasoncode)
    460              {
    461                  case NVO_RS_READY:
    462                      break;
    463          		case NVO_RS_BUSY:
    464                      break;
    465          		case NVO_RS_REJECTED:
    466                      break;
    467          		//...
    468                  default:
    469                      break;
    470              }
    471          }
   \                     API019ProductInfo__AckParser: (+1)
   \   00000000   0x4770             BX       LR               ;; return
    472          
    473          //----------------------------------------------------------------------------------------------------------
    474          /**
    475           * @brief This method handle processes for the API019ProductInfo on 25ms time bases.
    476           */

   \                                 In section .text, align 2, keep-with-next
    477          void API019ProductInfo__Handler25ms(void)
    478          {
    479              #if (SYSTEM_ACU_HANDLING == ENABLED)
    480                  if ((Millis__GetFreeRunningCounter() - API019_Timer) > 1000)
    481                  {
    482                      API019_Timer += 1000;
    483                      API019_Service_Test_Data.Test_Age++;
    484                  }
    485              #endif
    486          }
   \                     API019ProductInfo__Handler25ms: (+1)
   \   00000000   0x4770             BX       LR               ;; return
    487          
    488          //----------------------------------------------------------------------------------------------------------
    489          /**
    490           *
    491           * @return
    492           */

   \                                 In section .text, align 2, keep-with-next
    493          API019_SERVICE_DATA_TYPE * API019ProductInfo__GetServiceDataReference(void)
    494          {
    495              #if (SYSTEM_ACU_HANDLING == ENABLED)
    496                  return (&API019_Service_Test_Data);
    497              #else
    498                  return (NULL);
   \                     API019ProductInfo__GetServiceDataReference: (+1)
   \   00000000   0x2000             MOVS     R0,#+0
   \   00000002   0x4770             BX       LR               ;; return
    499              #endif
    500          }
    501          
    502          //----------------------------------------------------------------------------------------------------------
    503          /**
    504           *
    505           * @param index
    506           * @return
    507           */

   \                                 In section .text, align 2, keep-with-next
    508          API019_TEST_DATA_TYPE * API019ProductInfo__GetEOLDataReference(uint8 index)
    509          {
    510              if (index < API019_NUM_EOL_DATA_TEST)
   \                     API019ProductInfo__GetEOLDataReference: (+1)
   \   00000000   0x2803             CMP      R0,#+3
   \   00000002   0xDA06             BGE.N    ??API019ProductInfo__GetEOLDataReference_0
    511              {
    512                  return (&API019_EOL_Test_Data[index]);
   \   00000004   0x....             LDR.N    R1,??DataTable7
   \   00000006   0xEBC0 0x02C0      RSB      R2,R0,R0, LSL #+3
   \   0000000A   0xEB01 0x0082      ADD      R0,R1,R2, LSL #+2
   \   0000000E   0x3058             ADDS     R0,R0,#+88
   \   00000010   0x4770             BX       LR
    513              }
    514              else
    515              {
    516                  return (NULL);
   \                     ??API019ProductInfo__GetEOLDataReference_0: (+1)
   \   00000012   0x2000             MOVS     R0,#+0
   \   00000014   0x4770             BX       LR               ;; return
    517              }
    518          }
    519          
    520          //----------------------------------------------------------------------------------------------------------
    521          /**
    522           * @brief   Returns a reference to an instance of FVT data
    523           * @param   index
    524           * @return
    525           */

   \                                 In section .text, align 2, keep-with-next
    526          API019_TEST_DATA_TYPE const * API019ProductInfo__GetFVTDataReference(uint8 index)
    527          {
    528              if (index < API019_NUM_FVT_DATA_TEST)
   \                     API019ProductInfo__GetFVTDataReference: (+1)
   \   00000000   0x2803             CMP      R0,#+3
   \   00000002   0xDA06             BGE.N    ??API019ProductInfo__GetFVTDataReference_0
    529              {
    530                  return (&API019_FVT_Data[index]);
   \   00000004   0x....             LDR.N    R1,??DataTable7
   \   00000006   0xEBC0 0x02C0      RSB      R2,R0,R0, LSL #+3
   \   0000000A   0xEB01 0x0082      ADD      R0,R1,R2, LSL #+2
   \   0000000E   0x30AC             ADDS     R0,R0,#+172
   \   00000010   0x4770             BX       LR
    531              }
    532              else
    533              {
    534                  return (NULL);
   \                     ??API019ProductInfo__GetFVTDataReference_0: (+1)
   \   00000012   0x2000             MOVS     R0,#+0
   \   00000014   0x4770             BX       LR               ;; return
    535              }
    536          }
    537          
    538          
    539          //----------------------------------------------------------------------------------------------------------
    540          /**
    541           *  @brief      Get a pointer to constant API019_Appliance_Data.
    542           *
    543           *  @return     API019_APPLIANCE_DATA_TYPE const * - Pointer to constant appliance data.
    544           */

   \                                 In section .text, align 2, keep-with-next
    545          API019_APPLIANCE_DATA_TYPE const * API019ProductInfo__GetApplianceData(void)
    546          {
    547              return &API019_Appliance_Data;
   \                     API019ProductInfo__GetApplianceData: (+1)
   \   00000000   0x....             LDR.N    R0,??DataTable7_1
   \   00000002   0x4770             BX       LR               ;; return
    548          }
    549          
    550          //----------------------------------------------------------------------------------------------------------
    551          /**
    552           *  @brief      Set API019_Appliance_Data to appliance_data.
    553           *
    554           *  @param      API019_APPLIANCE_DATA_TYPE const * - Pointer to constant appliance data.
    555           *
    556           *  @return PASS_FAIL_TYPE
    557           *      @retval PASS(1) - Successfully able to set the appliance data
    558           *      @retval FAIL(0) - Failed to set the appliance data
    559           */

   \                                 In section .text, align 2, keep-with-next
    560          PASS_FAIL_TYPE API019ProductInfo__SetApplianceData(API019_APPLIANCE_DATA_TYPE const * appliance_data)
    561          {
   \                     API019ProductInfo__SetApplianceData: (+1)
   \   00000000   0xB510             PUSH     {R4,LR}
    562              PASS_FAIL_TYPE status = FAIL;
    563              memcpy(&API019_Appliance_Data, appliance_data, sizeof(API019_APPLIANCE_DATA_TYPE));
   \   00000002   0x....             LDR.N    R4,??DataTable7
   \   00000004   0x4601             MOV      R1,R0
   \   00000006   0x2229             MOVS     R2,#+41
   \   00000008   0xF104 0x002C      ADD      R0,R4,#+44
   \   0000000C   0x.... 0x....      BL       __aeabi_memcpy
    564              API019_Appliance_Data.Appliance_Number_Boadrs = API019_NUM_BOARDS;
   \   00000010   0x2001             MOVS     R0,#+1
   \   00000012   0xF884 0x0054      STRB     R0,[R4, #+84]
    565          
    566              #if (NVDATA_STORE_STATIC_FEATURE == ENABLED)
    567                  status = NVData__StoreStaticData();
    568              #else
    569                  status = PASS;
    570              #endif
    571          
    572              return (status);
   \   00000016   0xBD10             POP      {R4,PC}          ;; return
    573          }
    574          
    575          //----------------------------------------------------------------------------------------------------------
    576          /**
    577           *  @brief      Get a pointer to constant API019_Board_Data for board_type.
    578           *
    579           *  @return     API019_BOARD_DATA_TYPE const * - Pointer to constant board data for board_type.
    580           */

   \                                 In section .text, align 2, keep-with-next
    581          API019_BOARD_DATA_TYPE const * API019ProductInfo__GetBoardData(uint8 board_type)
    582          {
    583              if (board_type < API019_NUM_BOARDS)
   \                     API019ProductInfo__GetBoardData: (+1)
   \   00000000   0xB908             CBNZ.N   R0,??API019ProductInfo__GetBoardData_0
    584              {
    585                  return (&API019_Board_Data[board_type]);
   \   00000002   0x....             LDR.N    R0,??DataTable7
   \   00000004   0x4770             BX       LR
    586              }
    587              else
    588              {
    589                  return (NULL);
   \                     ??API019ProductInfo__GetBoardData_0: (+1)
   \   00000006   0x2000             MOVS     R0,#+0
   \   00000008   0x4770             BX       LR               ;; return
    590              }
    591          }

   \                                 In section .text, align 4, keep-with-next
   \                     ??DataTable7:
   \   00000000   0x........         DC32     API019_Board_Data

   \                                 In section .text, align 4, keep-with-next
   \                     ??DataTable7_1:
   \   00000000   0x........         DC32     API019_Board_Data+0x2C
    592          
    593          #if (API019_BOARD_DATA_FEEDBACK == ENABLED)
    594          //----------------------------------------------------------------------------------------------------------
    595          /**
    596           * @brief Queues a Reveal Command requesting API019PRODUCTINFO_OP_REQ_PUB_BOARD_DATA
    597           * @param node_address
    598           * @param board_type
    599           * @retval PASS Command queued successfully
    600           * @retval FAIL Command was not queued
    601           */
    602          PASS_FAIL_TYPE API019ProductInfo__RequestBoardData(uint8 node_address, uint8 board_type)
    603          {
    604              REVEAL_COMMAND_TYPE * ptr;
    605              ptr = Reveal__NewCommand(API019PRODUCTINFO_NUM, API019PRODUCTINFO_OP_REQ_PUB_BOARD_DATA, node_address, 1);
    606          
    607              if (ptr != (REVEAL_COMMAND_TYPE *) NULL)
    608              {
    609                  Reveal__AddDataU8(ptr, (uint8)board_type);
    610                  Reveal__QueueCommand(ptr);
    611                  return (PASS);
    612              }
    613              else
    614              {
    615                  return (FAIL);
    616              }
    617          }
    618          
    619          //----------------------------------------------------------------------------------------------------------
    620          /**
    621           * @brief Queues a Reveal Command requesting API019PRODUCTINFO_OP_REQ_PUB_PROJECT_DATA
    622           * @param node_address
    623           * @param board_type
    624           * @param project_id
    625           * @retval PASS Command queued successfully
    626           * @retval FAIL Command was not queued
    627           */
    628          PASS_FAIL_TYPE API019ProductInfo__RequestProjectData(uint8 node_address, uint8 board_type, API019_PROJECT_TYPE project_id)
    629          {
    630              REVEAL_COMMAND_TYPE * ptr;
    631              ptr = Reveal__NewCommand(API019PRODUCTINFO_NUM, API019PRODUCTINFO_OP_REQ_PUB_PROJECT_DATA, node_address,2);
    632          
    633              if (ptr != (REVEAL_COMMAND_TYPE *) NULL)
    634              {
    635                  Reveal__AddDataU8(ptr, (uint8)board_type);
    636                  Reveal__AddDataU8(ptr, (uint8)project_id);
    637                  Reveal__QueueCommand(ptr);
    638                  return (PASS);
    639              }
    640              else
    641              {
    642                  return (FAIL);
    643              }
    644          }
    645          #endif
    646          //=====================================================================================================================
    647          //-------------------------------------- Private Functions ------------------------------------------------------------
    648          //=====================================================================================================================
    649          //----------------------------------------------------------------------------------------------------------
    650          /**
    651           *
    652           * @param address
    653           * @return
    654           */
    655          static PASS_FAIL_TYPE PublishApplianceData(uint8 address)
    656          {
    657              REVEAL_COMMAND_TYPE * ptr;
    658              ptr = Reveal__NewFeedback(API019PRODUCTINFO_NUM, API019PRODUCTINFO_OP_REQ_PUB_APPLIANCE_DATA, address,sizeof(API019_APPLIANCE_DATA_TYPE));
    659          
    660              if (ptr != (REVEAL_COMMAND_TYPE *) NULL)
    661              {
    662                  Reveal__AddDataU8Buffer(ptr, (uint8*)&API019_Appliance_Data,sizeof(API019_APPLIANCE_DATA_TYPE));    //lint !e928 cast from pointer to pointer [MISRA 2004 Rule 11.4]
    663                  Reveal__QueueCommand(ptr);
    664                  return (PASS);
    665              }
    666              else
    667              {
    668                  return (FAIL);
    669              }
    670          }
    671          
    672          //----------------------------------------------------------------------------------------------------------
    673          /**
    674           *
    675           * @param address
    676           * @param board_index
    677           * @return
    678           */
    679          static PASS_FAIL_TYPE PublishBoardData(uint8 address, uint8 board_index)
    680          {
    681              REVEAL_COMMAND_TYPE * ptr;
    682              PASS_FAIL_TYPE retval;
    683              retval = FAIL;
    684              if (board_index < API019_Appliance_Data.Appliance_Number_Boadrs)
    685              {
    686                  ptr = Reveal__NewFeedback(API019PRODUCTINFO_NUM, API019PRODUCTINFO_OP_REQ_PUB_BOARD_DATA, address,sizeof(API019_BOARD_DATA_TYPE)+1 + API019_Board_Data[board_index].Board_Num_Projects);
    687          
    688                  if (ptr != (REVEAL_COMMAND_TYPE *) NULL)
    689                  {
    690                      Reveal__AddDataU8(ptr,board_index);
    691                      Reveal__AddDataU8Buffer(ptr, (uint8*)&API019_Board_Data[board_index],sizeof(API019_BOARD_DATA_TYPE));   //lint !e928 cast from pointer to pointer [MISRA 2004 Rule 11.4]
    692          
    693                      API019_PROJECT_TYPE *project_type_pt = ProductInfo__GetProjectIDs((API019_BOARD_TYPE)board_index);
    694          
    695                      if(project_type_pt != NULL)
    696                      {
    697                          Reveal__AddDataU8Buffer(ptr, (uint8*)project_type_pt, API019_Board_Data[board_index].Board_Num_Projects);   //lint !e928 cast from pointer to pointer [MISRA 2004 Rule 11.4]
    698                      }
    699          
    700                      Reveal__QueueCommand(ptr);
    701                      retval = PASS;
    702                  }
    703              }
    704              return (retval);
    705          }
    706          
    707          //----------------------------------------------------------------------------------------------------------
    708          /**
    709           * @brief - This function prepares the Project data
    710           * @param address
    711           * @param board_index
    712           * @param project_index
    713           * @return
    714           */
    715          static PASS_FAIL_TYPE PublishProjectData(uint8 address, API019_BOARD_TYPE board_index, API019_PROJECT_TYPE project_index)
    716          {
    717              REVEAL_COMMAND_TYPE * ptr;
    718              API019_PROJECT_DATA_TYPE * pt_data;
    719          
    720              PASS_FAIL_TYPE retval;
    721              retval = FAIL;
    722              pt_data = NULL;
    723          
    724          
    725              #if (SETTINGFILE_MASTER_FILE_FEATURE == ENABLED)
    726                  API019_PROJECT_DATA_TYPE settingfileprojectdata;
    727                  SETTINGFILE_LOADER_TYPE load_sf_data;
    728          
    729                  if (project_index == API019_PROJECT_SETTINGFILE)
    730                  {
    731                      //Setting File information is available only with the ACU board
    732          
    733                      //Clear the variable
    734                      memset(&settingfileprojectdata, 0, sizeof(settingfileprojectdata));
    735          
    736                      //Project_Name
    737                      strcpy(settingfileprojectdata.Project_Name, "Setting FL");
    738          
    739                      //Project_Release_Number
    740                      if (SettingFile__BasicLoader(SF_PTR_ACU_SERIAL_NUMBER, SF_DISPL_PART_NUMBER, &load_sf_data) == PASS)
    741                      {
    742                          memcpy(settingfileprojectdata.Project_Release_Number, load_sf_data.Data, sizeof(settingfileprojectdata.Project_Release_Number));
    743          
    744                      }
    745                      else
    746                      {
    747                          memset(settingfileprojectdata.Project_Release_Number,' ' ,sizeof(settingfileprojectdata.Project_Release_Number));
    748                      }
    749          
    750          
    751                      //Project_Release_Date[8]
    752                      //Release Hour
    753                      //Release Minute
    754                      if (SettingFile__BasicLoader(SF_PTR_ACU_SERIAL_NUMBER, SF_DISPL_PROJECT_TIMESTAMP, &load_sf_data) == PASS)
    755                      {
    756                          memcpy(settingfileprojectdata.Project_Release_Date, load_sf_data.Data, sizeof(settingfileprojectdata.Project_Release_Date));
    757          
    758                          #define SF_DISPLACEMENT_TIMESTAMP_TIME_INDEX        8
    759                          #define PROJECT_CLASSB_ID_TIMESTAMP_TIME_SIZE       6
    760                          memcpy(settingfileprojectdata.Project_ClassB_Id, &load_sf_data.Data[SF_DISPLACEMENT_TIMESTAMP_TIME_INDEX], PROJECT_CLASSB_ID_TIMESTAMP_TIME_SIZE);
    761          
    762                          //Fill the rest of the string with the NULL character
    763                          #define PROJECT_CLASSB_ID_UNUSED_BYTES              5
    764                          #define PROJECT_CLASSB_ID_UNUSED_BYTES_INDEX        6
    765          
    766                          memset(&settingfileprojectdata.Project_ClassB_Id[PROJECT_CLASSB_ID_UNUSED_BYTES_INDEX], ' ', PROJECT_CLASSB_ID_UNUSED_BYTES);
    767          
    768                      }
    769                      else
    770                      {
    771                          memset(settingfileprojectdata.Project_Release_Date,' ' ,sizeof(settingfileprojectdata.Project_Release_Date));
    772                      }
    773          
    774                      //GESE Project_Release_Version
    775                      if (SettingFile__BasicLoader(SF_PTR_ACU_SERIAL_NUMBER, SF_DISPL_GESE_VERSION, &load_sf_data) == PASS)
    776                      {
    777                          memcpy(settingfileprojectdata.Project_Release_Version, load_sf_data.Data, sizeof(settingfileprojectdata.Project_Release_Version));
    778                      }
    779          
    780                      // Project Status
    781                      if (SettingFile__BasicLoader(SF_PTR_ACU_SERIAL_NUMBER, SF_DISPL_PROJECT_STATUS, &load_sf_data) == PASS)
    782                      {
    783                          memcpy(&settingfileprojectdata.Micro_Vendor, load_sf_data.Data, sizeof(settingfileprojectdata.Micro_Vendor));
    784                      }
    785          
    786                      //Platform_Type
    787                      //Product_Type
    788                      if (SettingFile__BasicLoader(SF_PTR_ACU_SERIAL_NUMBER, SF_DISPL_PLATFORM_PRODUCT_TYPE, &load_sf_data) == PASS)
    789                      {
    790                          #define SF_PLATFORM_TYPE_INDEX          0
    791                          #define SF_PRODUCT_TYPE_INDEX           1
    792          
    793                          settingfileprojectdata.Platform_Type = (API019_PLATFORM_TYPE)load_sf_data.Data[SF_PLATFORM_TYPE_INDEX];
    794                          settingfileprojectdata.Product_Type = load_sf_data.Data[SF_PRODUCT_TYPE_INDEX];
    795                      }
    796          
    797                      // Set the Endianess bit from C_Extensions.h
    798                      settingfileprojectdata.Product_Cfg1 = MICRO_IS_LITTLE_ENDIAN;
    799          
    800                      //ClassB_CRC
    801                      if (SettingFile__BasicLoader(SF_PTR_ACU_SERIAL_NUMBER, SF_DISPL_CLASSB_CRC, &load_sf_data) == PASS)
    802                      {
    803                          settingfileprojectdata.ClassB_CRC = *(uint16 *)(void *)(load_sf_data.Data);
    804                      }
    805          
    806                      pt_data = &settingfileprojectdata;
    807                  }
    808                  else
    809              #endif
    810                  {
    811                      pt_data = ProductInfo__GetProjectData(board_index, project_index);
    812                      if (pt_data != NULL)
    813                      {
    814                          // Set the Endianess bit from C_Extensions.h
    815                          pt_data->Product_Cfg1 &= (0xFE); // Clear bit
    816                          pt_data->Product_Cfg1 |= (0x01 & MICRO_IS_LITTLE_ENDIAN); // Set bit according to macro.
    817                      }
    818                  }
    819          
    820                  if (pt_data != NULL)
    821                  {
    822                      //Prepare the Reveal message
    823                      ptr = Reveal__NewFeedback(API019PRODUCTINFO_NUM, API019PRODUCTINFO_OP_REQ_PUB_PROJECT_DATA, address,sizeof(API019_PROJECT_DATA_TYPE)+2);
    824          
    825                      if (ptr != (REVEAL_COMMAND_TYPE *) NULL)
    826                      {
    827                          Reveal__AddDataU8(ptr,board_index);
    828                          Reveal__AddDataU8(ptr,project_index);
    829                          Reveal__AddDataU8Buffer(ptr, (uint8*)pt_data,sizeof(API019_PROJECT_DATA_TYPE));     //lint !e928 cast from pointer to pointer [MISRA 2004 Rule 11.4]
    830                          Reveal__QueueCommand(ptr);
    831                          retval = PASS;
    832                      }
    833                  }
    834          
    835          
    836              return (retval);
    837          }
    838          
    839          /**
    840           *
    841           * @param address
    842           * @param opcode
    843           * @param test_data
    844           * @return
    845           */
    846          static PASS_FAIL_TYPE PublishTestData(uint8 address, API019PRODUCTINFO_OPCODE_TYPE opcode, uint8 index,API019_TEST_DATA_TYPE * test_data)
    847          {
    848              REVEAL_COMMAND_TYPE * ptr;
    849              PASS_FAIL_TYPE retval;
    850          
    851              retval = FAIL;
    852          
    853              ptr = Reveal__NewFeedback(API019PRODUCTINFO_NUM, opcode, address,sizeof(API019_TEST_DATA_TYPE)+1);
    854          
    855              if (ptr != (REVEAL_COMMAND_TYPE *) NULL)
    856              {
    857                  Reveal__AddDataU8(ptr, index);
    858                  Reveal__AddDataU8Buffer(ptr, (uint8*)test_data,sizeof(API019_TEST_DATA_TYPE));      //lint !e928 cast from pointer to pointer [MISRA 2004 Rule 11.4]
    859                  Reveal__QueueCommand(ptr);
    860                  retval = PASS;
    861              }
    862          
    863              return (retval);
    864          }
    865          
    866          #if (SYSTEM_ACU_HANDLING == ENABLED)
    867          /**
    868           *
    869           * @param address
    870           * @return
    871           */
    872          static PASS_FAIL_TYPE PublishServicetData(uint8 address)
    873          {
    874              REVEAL_COMMAND_TYPE * ptr;
    875              PASS_FAIL_TYPE retval;
    876          
    877              retval = FAIL;
    878          
    879              ptr = Reveal__NewFeedback(API019PRODUCTINFO_NUM, API019PRODUCTINFO_OP_REQ_PUB_SERVICE_DATA, address,sizeof(API019_SERVICE_DATA_TYPE));
    880          
    881              if (ptr != (REVEAL_COMMAND_TYPE *) NULL)
    882              {
    883          
    884          
    885                  Reveal__AddDataU8(ptr, API019_Service_Test_Data.Tester_ID);
    886                  Reveal__AddDataU8(ptr, API019_Service_Test_Data.Tester_Version[0]);
    887                  Reveal__AddDataU8(ptr, API019_Service_Test_Data.Tester_Version[1]);
    888                  Reveal__AddDataU8(ptr, API019_Service_Test_Data.Tester_Version[2]);
    889                  Reveal__AddDataU8Buffer(ptr, (uint8*)API019_Service_Test_Data.Test_Date,sizeof(API019_Service_Test_Data.Test_Date));        //lint !e926 Suppress Info: cast from pointer to pointer [MISRA 2004 Rule 11.4]
    890                  Reveal__AddDataU32(ptr, API019_Service_Test_Data.Test_Age);
    891                  Reveal__AddDataU16(ptr, API019_Service_Test_Data.Test_Duration);
    892                  Reveal__AddDataU8Buffer(ptr, (uint8*)API019_Service_Test_Data.Test_Result,sizeof(API019_Service_Test_Data.Test_Result));    //lint !e926 Suppress Info: cast from pointer to pointer [MISRA 2004 Rule 11.4]
    893                  Reveal__QueueCommand(ptr);
    894                  retval = PASS;
    895              }
    896          
    897              return (retval);
    898          }
    899          #endif
    900          
    901          /**
    902           *
    903           * @param buffer
    904           * @param test_data
    905           * @return
    906           */
    907          static void UpdateTestData(uint8 * incoming_data, API019_TEST_DATA_TYPE * test_data)
    908          {
    909              memcpy(test_data,incoming_data,sizeof(API019_TEST_DATA_TYPE));
    910          }
    911          
    912          static void UpdateMaskedArray(uint8 * data, uint8 * value, uint8 * mask, uint8 size)
    913          {
    914          
    915              uint8 aux;
    916              uint8 index;
    917          
    918              for (index=0; index< size; index++)
    919              {
    920                  aux = mask[index] & (~value[index]);
                                              ^
Remark[Pa091]: operator operates on value promoted to int (with possibly
          unexpected result)
    921                  data[index] = data[index] & (~aux);
                                                      ^
Remark[Pa091]: operator operates on value promoted to int (with possibly
          unexpected result)
    922                  data[index] = data[index] | (mask[index] & value[index]);
    923              }
    924          
    925          }
    926          
    927          /**
    928           *
    929           * @param address
    930           * @param opcode
    931           * @param cal_data
    932           * @return
    933           */
    934          static PASS_FAIL_TYPE PublishSignatureData(uint8 address, API019PRODUCTINFO_OPCODE_TYPE opcode)
    935          {
    936              REVEAL_COMMAND_TYPE * ptr;
    937              PASS_FAIL_TYPE retval;
    938          
    939              retval = FAIL;
    940          
    941              ptr = Reveal__NewFeedback(API019PRODUCTINFO_NUM, opcode, address, (SRSignature__GetClassBSignatureSize() + 1));
    942          
    943              if (ptr != (REVEAL_COMMAND_TYPE *) NULL)
    944              {
    945                  Reveal__AddDataU8Buffer(ptr, SRSignature__GetClassBSignature(), SRSignature__GetClassBSignatureSize());
    946                  Reveal__QueueCommand(ptr);
    947                  retval = PASS;
    948              }
    949          
    950              return (retval);
    951          }
    952          
    953          #endif //API019PRODUCTINFO_FEATURE

   Maximum stack usage in bytes:

   .cstack Function
   ------- --------
       0   API019ProductInfo__AckParser
      24   API019ProductInfo__CommandParser
        24   -> ProductInfo__GetNumProjects
        24   -> ProductInfo__GetProjectData
        24   -> ProductInfo__GetProjectIDs
        24   -> Reveal__AddDataU8
        24   -> Reveal__AddDataU8Buffer
        24   -> Reveal__NewFeedback
        24   -> Reveal__QueueCommand
        24   -> SRSignature__GetClassBSignature
        24   -> SRSignature__GetClassBSignatureSize
        24   -> __aeabi_memcpy
       8   API019ProductInfo__FeedbackParser
         8   -> __aeabi_memcpy
       0   API019ProductInfo__GetApplianceData
       0   API019ProductInfo__GetBoardData
       0   API019ProductInfo__GetEOLDataReference
       0   API019ProductInfo__GetFVTDataReference
       0   API019ProductInfo__GetServiceDataReference
       0   API019ProductInfo__Handler25ms
       8   API019ProductInfo__Initialize
         8   -> ProductInfo__GetNumProjects
       8   API019ProductInfo__SetApplianceData
         8   -> __aeabi_memcpy


   Section sizes:

   Bytes  Function/Label
   -----  --------------
       4  ??DataTable7
       4  ??DataTable7_1
       2  API019ProductInfo__AckParser
     928  API019ProductInfo__CommandParser
      44  API019ProductInfo__FeedbackParser
       4  API019ProductInfo__GetApplianceData
      10  API019ProductInfo__GetBoardData
      22  API019ProductInfo__GetEOLDataReference
      22  API019ProductInfo__GetFVTDataReference
       4  API019ProductInfo__GetServiceDataReference
       2  API019ProductInfo__Handler25ms
      24  API019ProductInfo__Initialize
      24  API019ProductInfo__SetApplianceData
     256  API019_Board_Data
          API019_Appliance_Data
          API019_EOL_Test_Data
          API019_FVT_Data

 
 1 094 bytes in section .text
   256 bytes in section _static_cfg_segment
 
 1 094 bytes of CODE memory
   256 bytes of DATA memory

Errors: none
Warnings: none
