###############################################################################
#
# IAR ANSI C/C++ Compiler V7.20.5.7591/W32 for ARM        06/Aug/2024  13:41:41
# Copyright 1999-2014 IAR Systems AB.
#
#    Cpu mode     =  thumb
#    Endian       =  little
#    Source file  =  
#        C:\Data\Python\Self_Commissioning_Bpm\source\XCategory\Application\Reveal_APIs\API003Disc\API003Disc.c
#    Command line =  
#        -I./ -I../cx/ -I../cx/inc/ -ICategory/ -ICategory/Application/
#        -ICategory/Application/ThermalModel/
#        -ICategory/Application/ThermalModel/ThermalModelCore_DD/
#        -ICategory/Application/ThermalModel/ThermalModelCore_sBPM/
#        -ICategory/Common/ -ICategory/Common/BoardDebugging/
#        -ICategory/Common/MasterCommander/
#        -ICategory/Common/MasterCommander/Source/
#        -ICategory/Common/MasterCommander/Source/HAL/
#        -ICategory/Common/SelfCommissioning/ -ICategory/Hbl/
#        -IProjectSpecific/ -IProjectSpecific/Application/
#        -IProjectSpecific/Application/API007App/
#        -IProjectSpecific/Application/ModeManagement/
#        -IProjectSpecific/Application/MotorSelector/
#        -IProjectSpecific/Application/ProductInfo/
#        -IProjectSpecific/Application/SRMcuSpeedMonitor/
#        -IProjectSpecific/Application/ThermalModel/
#        -IProjectSpecific/CommonCore/ -IProjectSpecific/Driver/
#        -IProjectSpecific/MasterCommander/ -IProjectSpecific/Mci/
#        -IProjectSpecific/Mci/Mcl/ -IProjectSpecific/Mci/Mcl/old_xls/
#        -IXCategory/ -IXCategory/Application/
#        -IXCategory/Application/MciParametersLoader/
#        -IXCategory/Application/Mode/ -IXCategory/Application/Reveal_APIs/
#        -IXCategory/Application/Reveal_APIs/API003Disc/
#        -IXCategory/Application/Reveal_APIs/API004Debug/
#        -IXCategory/Application/Reveal_APIs/API005LowLevel/
#        -IXCategory/Application/Reveal_APIs/API007Data/
#        -IXCategory/Application/Reveal_APIs/API009System/
#        -IXCategory/Application/Reveal_APIs/API010PollVar/
#        -IXCategory/Application/Reveal_APIs/API011AppCtr/
#        -IXCategory/Application/Reveal_APIs/API013RemoteFunction/
#        -IXCategory/Application/Reveal_APIs/API018Diagnostic/
#        -IXCategory/Application/Reveal_APIs/API019ProductInfo/
#        -IXCategory/Application/Reveal_APIs/API220MotorControl/
#        -IXCategory/Application/Reveal_APIs/API220MotorControl/API/
#        -IXCategory/Application/Reveal_APIs/API221MotionCtrl/
#        -IXCategory/Application/Reveal_APIs/SRAPI020Safety/
#        -IXCategory/Application/SFUpdater/ -IXCategory/Common/
#        -IXCategory/Common/Crc16/ -IXCategory/Common/Crc8/
#        -IXCategory/Common/Log/ -IXCategory/Common/Millis/
#        -IXCategory/Common/SettingFile/ -IXCategory/Common/SRClockMonitor/
#        -IXCategory/Common/SRData/ -IXCategory/Common/SRException/
#        -IXCategory/Common/SRFlow/ -IXCategory/Common/SRIsrMonitor/
#        -IXCategory/Common/SRMain/ -IXCategory/Common/SRMcuSpeedMonitor/
#        -IXCategory/Common/SRPowerMgr/ -IXCategory/Common/SRSignature/
#        -IXCategory/Common/SRSystemConfig/
#        -IXCategory/Common/SRTimerReference/ -IXCategory/Common/SystemConfig/
#        -IXCategory/Common/SystemTimers/ -IXCategory/Common/Utilities/
#        -IXCategory/Driver/ -IXCategory/Driver/API/
#        -IXCategory/Driver/API/Comparator/ -IXCategory/Driver/API/DataFlash/
#        -IXCategory/Driver/API/Dma/ -IXCategory/Driver/API/Flash/
#        -IXCategory/Driver/API/Gpio/ -IXCategory/Driver/API/Micro/
#        -IXCategory/Driver/API/Spi/ -IXCategory/Driver/API/SRMCAtod/
#        -IXCategory/Driver/API/SRMCInputCapture/
#        -IXCategory/Driver/API/SRMCPwm/ -IXCategory/Driver/API/TimerInterrupt/
#        -IXCategory/Driver/API/Uart/ -IXCategory/Driver/Comparator/
#        -IXCategory/Driver/DataFlash/ -IXCategory/Driver/Dma/
#        -IXCategory/Driver/Flash/ -IXCategory/Driver/Gpio/
#        -IXCategory/Driver/Micro/ -IXCategory/Driver/Spi/
#        -IXCategory/Driver/SRMCAtod/ -IXCategory/Driver/SRMCInputCapture/
#        -IXCategory/Driver/SRMCPwm/ -IXCategory/Driver/TimerInterrupt/
#        -IXCategory/Driver/Uart/ -IXCategory/Hbl/ -IXCategory/Hbl/Mci/
#        -IXCategory/Hbl/Mci/InverterTemp/ -IXCategory/Hbl/Mci/Mcl/
#        -IXCategory/Hbl/Mci/Mcl/Braking/ -IXCategory/Hbl/Mci/Mcl/MacroBlocks/
#        -IXCategory/Hbl/Mci/Mcl/MclFvt/ -IXCategory/Hbl/Mci/Mcl/MicroBlocks/
#        -IXCategory/Hbl/Mci/Mcl/MicroBlocks/ClrkPark/
#        -IXCategory/Hbl/Mci/Mcl/MicroBlocks/Filters/
#        -IXCategory/Hbl/Mci/Mcl/MicroBlocks/Math/
#        -IXCategory/Hbl/Mci/Mcl/MicroBlocks/ObserverPmsm/
#        -IXCategory/Hbl/Mci/Mcl/MicroBlocks/Pi/
#        -IXCategory/Hbl/Mci/Mcl/MicroBlocks/PwmModulation/
#        -IXCategory/Hbl/Mci/Mcl/ResistanceEstimation/
#        -IXCategory/Hbl/Mci/PowerModuleManager/
#        -IXCategory/Hbl/Mci/SpeedRefGen/ -IXCategory/Hbl/Mci/SurgeRelay/
#        -IXCategory/Hbl/SRMotorSafetyMgr/
#        -IXCategory/Hbl/SRMotorSafetyMgr/API/ -IXCategory/Service/
#        -IXCategory/Service/Reveal/ -IXCategory/Service/Win/ --remarks
#        --no_tbaa --debug --use_c++_inline --only_stdout --dlib_config
#        ..\cx\inc\DLib_Config_Normal.h -r -D
#        ENABLE_JUMP_TO_APPLICATION_WITHOUT_IAP_FIRMWARE -D
#        SET_FLASH_OPTION_CONFIGURATION -D ARM_MATH_CM4 -e --silent
#        --endian=little --cpu Cortex-M4 --fpu=VFPv4_sp -Ohs -o API003Disc.obj
#        -l ..\listings\API003Disc.lst
#        C:\Data\Python\Self_Commissioning_Bpm\source\XCategory\Application\Reveal_APIs\API003Disc\API003Disc.c
#    List file    =  ..\listings\API003Disc.lst
#    Object file  =  API003Disc.obj
#
###############################################################################

C:\Data\Python\Self_Commissioning_Bpm\source\XCategory\Application\Reveal_APIs\API003Disc\API003Disc.c
      1          /**
      2           *  @file
      3           *
      4           *  @brief      This module handles the API 003 messages which implements the Discovery functionality.
      5           *
      6           *
      7           *  $Header: API003Disc.c 1.2 2015/03/17 18:45:03EDT MANOEL GARBUIO DE SOUZA (SOUZAMG) Exp  $
      8           *
      9           *  @copyright  Copyright 2011-$Date: 2015/03/17 18:45:03EDT $. Whirlpool Corporation. All rights reserved - CONFIDENTIAL
     10           */
     11          //---------------------------------------------------------------------------------------------------------------------
     12          //---------------------------------------------------------------------------------------------------------------------
     13          
     14          //-------------------------------------- Include Files ----------------------------------------------------------------
     15          #include "SystemConfig.h"
     16          
     17          #if (API003DISC_FEATURE == ENABLED)
     18          #include "API003Disc.h" 
     19          #include "API003Disc_prv.h"

  PACKED typedef struct
         ^
"C:\Data\Python\Self_Commissioning_Bpm\source\XCategory\Common\SettingFile\SettingFile.h",39  Remark[Pe082]: 
          storage class is not first

  PACKED typedef struct API019_APPLIANCE_DATA_STRUCT
         ^
"C:\Data\Python\Self_Commissioning_Bpm\source\XCategory\Application\Reveal_APIs\API019ProductInfo\API019ProductInfo_Defs.h",42  Remark[Pe082]: 
          storage class is not first

  PACKED typedef struct API019_BOARD_DATA_STRUCT
         ^
"C:\Data\Python\Self_Commissioning_Bpm\source\XCategory\Application\Reveal_APIs\API019ProductInfo\API019ProductInfo_Defs.h",50  Remark[Pe082]: 
          storage class is not first

  PACKED typedef struct API019_TEST_DATA_STRUCT
         ^
"C:\Data\Python\Self_Commissioning_Bpm\source\XCategory\Application\Reveal_APIs\API019ProductInfo\API019ProductInfo_Defs.h",143  Remark[Pe082]: 
          storage class is not first

  PACKED typedef struct API019_SERVICE_DATA_STRUCT
         ^
"C:\Data\Python\Self_Commissioning_Bpm\source\XCategory\Application\Reveal_APIs\API019ProductInfo\API019ProductInfo_Defs.h",152  Remark[Pe082]: 
          storage class is not first

  PACKED typedef struct API019_PROJECT_DATA_STRUCT
         ^
"C:\Data\Python\Self_Commissioning_Bpm\source\XCategory\Application\Reveal_APIs\API019ProductInfo\API019ProductInfo_Defs.h",188  Remark[Pe082]: 
          storage class is not first
     20          
     21          #if (API005LOWLEVEL_FEATURE == ENABLED)
     22              #include "API005LowLevel.h"
     23          #endif
     24          #if (API006HMI_FEATURE == ENABLED)
     25              #include "API006Hmi.h"
     26          #endif
     27          #include "API007Data.h"
     28          #if (API009SYSTEM_FEATURE == ENABLED)
     29              #include "API009System.h"
     30          #endif
     31          #if (API010POLLVAR_FEATURE == ENABLED)
     32              #include "API010PollVar.h"
     33          #endif
     34          #include "API011AppCtrl.h"
     35          #if (API012EXP_FEATURE == ENABLED)
     36              #include "API012Exp.h"
     37          #endif
     38          #if ((API013_CLIENT_FEATURE == ENABLED) || (API013_SERVER_FEATURE == ENABLED))
     39              #include "API013RemoteFunction.h"
     40          #endif
     41          #if ((API018_CLIENT_FEATURE == ENABLED) || (API018_SERVER_FEATURE == ENABLED))
     42              #include "API018Diagnostic.h"
     43          #endif
     44          #if (API019PRODUCTINFO_FEATURE == ENABLED)
     45              #include "API019ProductInfo.h"
     46          #endif
     47          #if (API020SAFETY_FEATURE == ENABLED)
     48              #include "SRAPI020Safety.h"
     49          #endif
     50          #if (API201_DEVICE_SECURITY_FEATURE == ENABLED)
     51              #include "API201DeviceSecurity.h"
     52          #endif
     53          #if ((API221_CLIENT_FEATURE == ENABLED) || (API221_SERVER_FEATURE == ENABLED))
     54              #include "API221MotionCtrl.h"
     55          #endif
     56          #include "Reveal.h"
     57          #include <String.h>
     58          #include "Utilities.h"
     59          //-------------------------------------- PUBLIC (Variables) -----------------------------------------------------------
     60          
     61          #ifndef API003_FIREWALL_FEATURE
     62              #define API003_FIREWALL_FEATURE DISABLED
     63          #endif
     64          
     65          #ifndef API003DISC__RECEIVED_REVEAL_NODES
     66              #define API003DISC__RECEIVED_REVEAL_NODES(node,password)
     67          #endif
     68          
     69          #ifndef API003DISC__RECEIVED_API_INFO
     70              #define API003DISC__RECEIVED_API_INFO(node,api,type_16bits,version_16bits,num_instances)
     71          #endif
     72          
     73          
     74          #ifndef API003DISC__RECEIVED_API_INSTANCE_INFO
     75              #define API003DISC__RECEIVED_API_INSTANCE_INFO(bnode, api, instance, type_16bits,version_16bits)
     76          #endif
     77          
     78          
     79          #ifndef API003DISC__RECEIVED_APIS
     80              #define API003DISC__RECEIVED_APIS(node,api_array,api_array_size)
     81          #endif
     82          //-------------------------------------- PRIVATE (Variables, Constants & Defines) -------------------------------------
     83          typedef enum
     84          {
     85              API003_OP_FIND_REVEAL_NODES = 1,
     86              API003_OP_PUB_REVEAL_NODES,
     87              API003_OP_GET_APIS,
     88              API003_OP_PUB_APIS,
     89              API003_OP_GET_INFO,
     90              API003_OP_PUB_INFO,
     91              API003_OP_GET_INSTANCES,
     92              API003_OP_PUB_INSTANCES
     93          }API003DISC_OPCODES_TYPE;
     94          
     95          /**
     96           * This array defines the description of each api in this system.
     97           * The structure is defined in Reveal_defs.h is looks like:
     98           * <pre>
     99           *  typedef struct
    100           *  {
    101           *      unsigned char id;           // API number
    102           *      unsigned short int type;    // API type
    103           *      unsigned short int version; // API version
    104           *      unsigned char instances;    // API number of instances (1 means no other instances, 2 or more means other instances)
    105           *  } REVEAL_API_INFO_TYPE;
    106           * </pre>
    107           */

   \                                 In section .text, align 4, keep-with-next
    108          static const REVEAL_API_INFO_TYPE API003_APIS[] =
   \                     API003_APIS:
   \   00000000   0x01 0x00          DC8 1, 0
   \   00000002   0x0003 0x0002      DC16 3, 2
   \   00000006   0x01 0x00          DC8 1, 0, 7, 0
   \              0x07 0x00    
   \   0000000A   0x0005 0x0000      DC16 5, 0
   \   0000000E   0x01 0x00          DC8 1, 0, 9, 0
   \              0x09 0x00    
   \   00000012   0x0005 0x0001      DC16 5, 1
   \   00000016   0x01 0x00          DC8 1, 0, 10, 0
   \              0x0A 0x00    
   \   0000001A   0x0004 0x0003      DC16 4, 3
   \   0000001E   0x01 0x00          DC8 1, 0, 11, 0
   \              0x0B 0x00    
   \   00000022   0x0006 0x0000      DC16 6, 0
   \   00000026   0x01 0x00          DC8 1, 0, 13, 0
   \              0x0D 0x00    
   \   0000002A   0x0001 0x0001      DC16 1, 1
   \   0000002E   0x01 0x00          DC8 1, 0, 19, 0
   \              0x13 0x00    
   \   00000032   0x0005 0x0000      DC16 5, 0
   \   00000036   0x01 0x00          DC8 1, 0, 20, 0
   \              0x14 0x00    
   \   0000003A   0x0050 0x0000      DC16 80, 0
   \   0000003E   0x01 0x00          DC8 1, 0, 221, 0
   \              0xDD 0x00    
   \   00000042   0x0001 0x0001      DC16 1, 1
   \   00000046   0x01 0x00          DC8 1, 0, 3, 0
   \              0x03 0x00    
   \   0000004A   0x0003 0x0001      DC16 3, 1
   \   0000004E   0x01 0x00          DC8 1, 0
    109          {
    110          //  {API Number             ,API Type               ,API Version                ,API Instances              },
    111              {API001CORE_NUM         ,API001CORE_TYPE        ,API001CORE_VERSION         ,API001CORE_INSTANCES       },
    112          #if (API005LOWLEVEL_FEATURE == ENABLED)
    113              {API005LOWLEVEL_NUM     ,API005LOWLEVEL_TYPE    ,API005LOWLEVEL_VERSION     ,API005LOWLEVEL_INSTANCES   },
    114          #endif
    115          #if (API006HMI_FEATURE == ENABLED)
    116              {API006HMI_NUM          ,API006HMI_TYPE         ,API006HMI_VERSION          ,API006HMI_INSTANCES        },
    117          #endif
    118              {API007DATA_NUM         ,API007DATA_TYPE        ,API007DATA_VERSION         ,API007DATA_INSTANCES       },
    119          #if (API009SYSTEM_FEATURE == ENABLED)
    120              {API009SYSTEM_NUM       ,API009SYSTEM_TYPE      ,API009SYSTEM_VERSION       ,API009SYSTEM_INSTANCES     },
    121          #endif
    122          #if (API010POLLVAR_FEATURE == ENABLED)
    123              {API010POLLVAR_NUM      ,API010POLLVAR_TYPE     ,API010POLLVAR_VERSION      ,API010POLLVAR_INSTANCES    },
    124          #endif
    125              {API011APPCTRL_NUM      ,API011APPCTRL_TYPE     ,API011APPCTRL_VERSION      ,API011APPCTRL_INSTANCES    },
    126          #if (API012EXP_FEATURE == ENABLED)
    127              {API012EXP_NUM          ,API012EXP_TYPE         ,API012EXP_VERSION          ,API012EXP_INSTANCES        },
    128          #endif
    129          #if ((API013_CLIENT_FEATURE == ENABLED) || (API013_SERVER_FEATURE == ENABLED))
    130              {API013RMTFCN_NUM       ,API013RMTFCN_TYPE      ,API013RMTFCN_VERSION       ,API013RMTFCN_INSTANCES     },
    131          #endif
    132          #if ((API018_CLIENT_FEATURE == ENABLED) || (API018_SERVER_FEATURE == ENABLED))
    133              {API018DIAGNOSTIC_NUM   ,API018DIAGNOSTIC_TYPE  ,API018DIAGNOSTIC_VERSION   ,API018DIAGNOSTIC_INSTANCES },
    134          #endif
    135          #if (API019PRODUCTINFO_FEATURE == ENABLED)
    136              {API019PRODUCTINFO_NUM  ,API019PRODUCTINFO_TYPE ,API019PRODUCTINFO_VERSION  ,API019PRODUCTINFO_INSTANCES},
    137          #endif
    138          #if (API020SAFETY_FEATURE == ENABLED)
    139              {API020SAFETY_NUM       ,API020SAFETY_TYPE      ,API020SAFETY_VERSION       ,API020SAFETY_INSTANCES     },
    140          #endif
    141          #if (API201_DEVICE_SECURITY_FEATURE == ENABLED)
    142              {API201DEVICESECURITY_NUM,API201DEVICESECURITY_TYPE,API201DEVICESECURITY_VERSION,API201DEVICESECURITY_INSTANCES},
    143          #endif
    144          #if ((API221_CLIENT_FEATURE == ENABLED) || (API221_SERVER_FEATURE == ENABLED))
    145              {API221MOTIONCTRL_NUM   ,API221MOTIONCTRL_TYPE  ,API221MOTIONCTRL_VERSION   ,API221MOTIONCTRL_INSTANCES },
    146          #endif
    147              {API003DISC_NUM         ,API003DISC_TYPE        ,API003DISC_VERSION         ,API003DISC_INSTANCES       }
    148          };
    149          
    150          #define API003_NUM_APIS_REG (sizeof(API003_APIS)/sizeof(REVEAL_API_INFO_TYPE))
    151          
    152          #if (API003_NUM_INSTANCES > 0)
    153              static const REVEAL_INSTACNE_INFO_TYPE API003_INSTANCES[API003_NUM_INSTANCES] = {API003_INSTANCE_LIST};
    154          #endif
    155          
    156          #if (API003_FIREWALL_FEATURE == ENABLED)
    157              static static uint16 API03_Firewall_Password[15];
    158          #endif
    159          //-------------------------------------- PRIVATE (Function Prototypes) ------------------------------------------------
    160          
    161          
    162          //=====================================================================================================================
    163          //-------------------------------------- Public Functions -------------------------------------------------------------
    164          //=====================================================================================================================
    165          static void PublishRevealNodes(void);
    166          static uint8 GetAPIIndex(uint8 api);
    167          #if (API003_NUM_INSTANCES > 0)
    168              static void PublishInstanceInfo(uint8 index,uint8 address);
    169          #endif
    170          //---------------------------------------------------------------------------------------------------------------------
    171          /**
    172           * @brief      It Initializes the module API003Disc and its variables
    173           *
    174           */

   \                                 In section .text, align 2, keep-with-next
    175          void API003Disc__Initialize(void)
    176          {
   \                     API003Disc__Initialize: (+1)
   \   00000000   0xB510             PUSH     {R4,LR}
    177              #if (API003_FIREWALL_FEATURE == ENABLED)
    178                  memset((uint8 *)API03_Firewall_Password,0xFF,sizeof(API03_Firewall_Password));
    179              #endif
    180              PublishRevealNodes();
   \   00000002   0x2302             MOVS     R3,#+2
   \   00000004   0x220F             MOVS     R2,#+15
   \   00000006   0x2102             MOVS     R1,#+2
   \   00000008   0x2003             MOVS     R0,#+3
   \   0000000A   0x.... 0x....      BL       Reveal__NewFeedback
   \   0000000E   0x0004             MOVS     R4,R0
   \   00000010   0xD008             BEQ.N    ??API003Disc__Initialize_0
   \   00000012   0xF241 0x2134      MOVW     R1,#+4660
   \   00000016   0x.... 0x....      BL       Reveal__AddDataU16
   \   0000001A   0x4620             MOV      R0,R4
   \   0000001C   0xE8BD 0x4010      POP      {R4,LR}
   \   00000020   0x.... 0x....      B.W      Reveal__QueueCommand
    181          }
   \                     ??API003Disc__Initialize_0: (+1)
   \   00000024   0xBD10             POP      {R4,PC}          ;; return
    182          
    183          //---------------------------------------------------------------------------------------------------------------------
    184          /**
    185           * @brief This method parses messages target to the API003Disc sent to a broadcast or exclusively to this node.
    186           * @param buffer contains the Wide package that contains the message
    187           * @return REVEAL_RECIPE_STATUS_TYPE that express the result of the parsing.
    188           */

   \                                 In section .text, align 4, keep-with-next
    189          REVEAL_RECIPE_STATUS_TYPE API003Disc__CommandParser(REVEAL_MSG_TYPE * buffer)
    190          {
   \                     API003Disc__CommandParser: (+1)
   \   00000000   0xE92D 0x47F0      PUSH     {R4-R10,LR}
   \   00000004   0x4605             MOV      R5,R0
    191              REVEAL_RECIPE_STATUS_TYPE retval;
    192              uint8 count;
    193              uint8 index;
    194              uint8 aux;
    195              REVEAL_COMMAND_TYPE * ptr;
    196          
    197              retval = NVO_RS_READY;
   \   00000006   0xF04F 0x0800      MOV      R8,#+0
    198              switch ((API003DISC_OPCODES_TYPE)buffer->op_code)
   \   0000000A   0x7928             LDRB     R0,[R5, #+4]
   \   0000000C   0xF000 0x001F      AND      R0,R0,#0x1F
   \   00000010   0x2801             CMP      R0,#+1
   \   00000012   0xD004             BEQ.N    ??API003Disc__CommandParser_0
   \   00000014   0x2803             CMP      R0,#+3
   \   00000016   0xD010             BEQ.N    ??API003Disc__CommandParser_1
   \   00000018   0x2805             CMP      R0,#+5
   \   0000001A   0xD028             BEQ.N    ??API003Disc__CommandParser_2
   \   0000001C   0xE091             B.N      ??API003Disc__CommandParser_3
    199              {
    200                  case API003_OP_FIND_REVEAL_NODES:
    201                      PublishRevealNodes();
   \                     ??API003Disc__CommandParser_0: (+1)
   \   0000001E   0x2302             MOVS     R3,#+2
   \   00000020   0x220F             MOVS     R2,#+15
   \   00000022   0x2102             MOVS     R1,#+2
   \   00000024   0x2003             MOVS     R0,#+3
   \   00000026   0x.... 0x....      BL       Reveal__NewFeedback
   \   0000002A   0x0005             MOVS     R5,R0
   \   0000002C   0xF000 0x808B      BEQ.W    ??API003Disc__CommandParser_4
   \   00000030   0xF241 0x2134      MOVW     R1,#+4660
   \   00000034   0x.... 0x....      BL       Reveal__AddDataU16
   \   00000038   0xE013             B.N      ??API003Disc__CommandParser_5
    202                      break;
    203                  case API003_OP_GET_APIS:
    204                      //API003_OP_PUB_APIS
    205                      ptr = Reveal__NewFeedback(API003DISC_NUM,API003_OP_PUB_APIS,buffer->node_id,API003_NUM_APIS_REG);
   \                     ??API003Disc__CommandParser_1: (+1)
   \   0000003A   0x7828             LDRB     R0,[R5, #+0]
   \   0000003C   0x0902             LSRS     R2,R0,#+4
   \   0000003E   0x230A             MOVS     R3,#+10
   \   00000040   0x2104             MOVS     R1,#+4
   \   00000042   0x2003             MOVS     R0,#+3
   \   00000044   0x.... 0x....      BL       Reveal__NewFeedback
   \   00000048   0x0005             MOVS     R5,R0
    206          
    207                      if (ptr!=(REVEAL_COMMAND_TYPE *)NULL)
   \   0000004A   0xF000 0x807C      BEQ.W    ??API003Disc__CommandParser_4
    208                      {
    209                          for (count=0; count< API003_NUM_APIS_REG; count++)
   \   0000004E   0x.... 0x....      ADR.W    R6,API003_APIS
   \   00000052   0x270A             MOVS     R7,#+10
    210                          {
    211                              Reveal__AddDataU8(ptr,(uint8 )API003_APIS[count].id);
   \                     ??API003Disc__CommandParser_6: (+1)
   \   00000054   0xF816 0x1B08      LDRB     R1,[R6], #+8
   \   00000058   0x4628             MOV      R0,R5
   \   0000005A   0x.... 0x....      BL       Reveal__AddDataU8
    212                          }
   \   0000005E   0x1E7F             SUBS     R7,R7,#+1
   \   00000060   0xD1F8             BNE.N    ??API003Disc__CommandParser_6
    213                          Reveal__QueueCommand(ptr);
   \                     ??API003Disc__CommandParser_5: (+1)
   \   00000062   0x4628             MOV      R0,R5
   \   00000064   0x.... 0x....      BL       Reveal__QueueCommand
    214                      }
    215                      break;
    216                  case API003_OP_GET_INFO:
    217                      //API003_OP_PUB_INFO
    218                      if (buffer->payload[0] == 0xFF)
    219                      {
    220                          for (count=0; count<API003_NUM_APIS_REG; count++)
    221                          {
    222                              API003Disc__PublishAPIInfo(count,buffer->node_id);
    223                          }
    224                      }
    225                      else
    226                      {
    227                          count = buffer->sdu_length - 2; // sdu excluding API and Opcode
    228                          for (index = 0; index< count; index++)
    229                          {
    230                              aux = GetAPIIndex(buffer->payload[index]);
    231                              if (aux != 0xFF)
    232                              {
    233                                  API003Disc__PublishAPIInfo(aux,buffer->node_id);
    234                              }
    235                          }
    236                      }
    237                      break;
    238                  case API003_OP_GET_INSTANCES:
    239                      //API003_OP_PUB_INSTANCES
    240                      #if (API003_NUM_INSTANCES > 0)
    241                          //const REVEAL_INSTACNE_INFO_TYPE API003_INSTANCES[API003_NUM_INSTANCES] = {API003_INSTANCE_LIST};
    242                          if (buffer->payload[0] == 0xFF)
    243                          {
    244                              for (count=0; count<API003_NUM_INSTANCES; count++)
    245                              {
    246                                  PublishInstanceInfo(count,buffer->node_id);
    247                              }
    248                          }
    249                          else
    250                          {
    251                              count = buffer->sdu_length - 2; // sdu excluding API and Opcode
    252                              for (index = 0; index< count; index++)
    253                              {
    254                                  for (count=0; count<API003_NUM_INSTANCES; count++)
    255                                  {
    256                                      if (API003_INSTANCES[count].api_id == buffer->payload[index])
    257                                      {
    258                                          PublishInstanceInfo(count,buffer->node_id);
    259                                      }
    260                                  }
    261                              }
    262                          }
    263          
    264                      #else
    265                          retval = NVO_RS_UNSUP_OP_CODE;
    266                      #endif
    267          
    268                      break;
    269                  default:
    270          			retval = NVO_RS_UNSUP_OP_CODE;
    271                      break;
    272              }
    273          
    274              return (retval);
   \   00000068   0x4640             MOV      R0,R8
   \   0000006A   0xE8BD 0x87F0      POP      {R4-R10,PC}
   \                     ??API003Disc__CommandParser_2: (+1)
   \   0000006E   0x7968             LDRB     R0,[R5, #+5]
   \   00000070   0x28FF             CMP      R0,#+255
   \   00000072   0xD123             BNE.N    ??API003Disc__CommandParser_7
   \   00000074   0x.... 0x....      ADR.W    R6,API003_APIS
   \   00000078   0x270A             MOVS     R7,#+10
   \                     ??API003Disc__CommandParser_8: (+1)
   \   0000007A   0x7828             LDRB     R0,[R5, #+0]
   \   0000007C   0x0902             LSRS     R2,R0,#+4
   \   0000007E   0x2306             MOVS     R3,#+6
   \   00000080   0x2106             MOVS     R1,#+6
   \   00000082   0x2003             MOVS     R0,#+3
   \   00000084   0x.... 0x....      BL       Reveal__NewFeedback
   \   00000088   0x0004             MOVS     R4,R0
   \   0000008A   0xD011             BEQ.N    ??API003Disc__CommandParser_9
   \   0000008C   0x7831             LDRB     R1,[R6, #+0]
   \   0000008E   0x.... 0x....      BL       Reveal__AddDataU8
   \   00000092   0x8871             LDRH     R1,[R6, #+2]
   \   00000094   0x4620             MOV      R0,R4
   \   00000096   0x.... 0x....      BL       Reveal__AddDataU16
   \   0000009A   0x88B1             LDRH     R1,[R6, #+4]
   \   0000009C   0x4620             MOV      R0,R4
   \   0000009E   0x.... 0x....      BL       Reveal__AddDataU16
   \   000000A2   0x79B1             LDRB     R1,[R6, #+6]
   \   000000A4   0x4620             MOV      R0,R4
   \   000000A6   0x.... 0x....      BL       Reveal__AddDataU8
   \   000000AA   0x4620             MOV      R0,R4
   \   000000AC   0x.... 0x....      BL       Reveal__QueueCommand
   \                     ??API003Disc__CommandParser_9: (+1)
   \   000000B0   0x3608             ADDS     R6,R6,#+8
   \   000000B2   0x1E7F             SUBS     R7,R7,#+1
   \   000000B4   0xD1E1             BNE.N    ??API003Disc__CommandParser_8
   \   000000B6   0x4640             MOV      R0,R8
   \   000000B8   0xE8BD 0x87F0      POP      {R4-R10,PC}
   \                     ??API003Disc__CommandParser_7: (+1)
   \   000000BC   0x7868             LDRB     R0,[R5, #+1]
   \   000000BE   0x1E80             SUBS     R0,R0,#+2
   \   000000C0   0xFA5F 0xF980      UXTB     R9,R0
   \   000000C4   0xF1B9 0x0F00      CMP      R9,#+0
   \   000000C8   0xD03D             BEQ.N    ??API003Disc__CommandParser_4
   \   000000CA   0x1D6E             ADDS     R6,R5,#+5
   \   000000CC   0x.... 0x....      ADR.W    R7,API003_APIS
   \                     ??API003Disc__CommandParser_10: (+1)
   \   000000D0   0x7830             LDRB     R0,[R6, #+0]
   \   000000D2   0x2400             MOVS     R4,#+0
   \   000000D4   0xEA4F 0x0107      MOV.W    R1,R7
   \                     ??API003Disc__CommandParser_11: (+1)
   \   000000D8   0xF811 0x2B08      LDRB     R2,[R1], #+8
   \   000000DC   0x4282             CMP      R2,R0
   \   000000DE   0xBF1E             ITTT     NE 
   \   000000E0   0x1C64             ADDNE    R4,R4,#+1
   \   000000E2   0xF811 0x2B08      LDRBNE   R2,[R1], #+8
   \   000000E6   0x4282             CMPNE    R2,R0
   \   000000E8   0xD004             BEQ.N    ??API003Disc__CommandParser_12
   \   000000EA   0x1C62             ADDS     R2,R4,#+1
   \   000000EC   0xB2D4             UXTB     R4,R2
   \   000000EE   0x2C0A             CMP      R4,#+10
   \   000000F0   0xD3F2             BCC.N    ??API003Disc__CommandParser_11
   \   000000F2   0xE021             B.N      ??API003Disc__CommandParser_13
   \                     ??API003Disc__CommandParser_12: (+1)
   \   000000F4   0xB2E4             UXTB     R4,R4
   \   000000F6   0x2CFF             CMP      R4,#+255
   \   000000F8   0xD01E             BEQ.N    ??API003Disc__CommandParser_13
   \   000000FA   0x7828             LDRB     R0,[R5, #+0]
   \   000000FC   0x0902             LSRS     R2,R0,#+4
   \   000000FE   0x2306             MOVS     R3,#+6
   \   00000100   0x2106             MOVS     R1,#+6
   \   00000102   0x2003             MOVS     R0,#+3
   \   00000104   0x.... 0x....      BL       Reveal__NewFeedback
   \   00000108   0xEA5F 0x0A00      MOVS     R10,R0
   \   0000010C   0xD014             BEQ.N    ??API003Disc__CommandParser_13
   \   0000010E   0xF817 0x1034      LDRB     R1,[R7, R4, LSL #+3]
   \   00000112   0x.... 0x....      BL       Reveal__AddDataU8
   \   00000116   0xEB07 0x04C4      ADD      R4,R7,R4, LSL #+3
   \   0000011A   0x4650             MOV      R0,R10
   \   0000011C   0x8861             LDRH     R1,[R4, #+2]
   \   0000011E   0x.... 0x....      BL       Reveal__AddDataU16
   \   00000122   0x88A1             LDRH     R1,[R4, #+4]
   \   00000124   0x4650             MOV      R0,R10
   \   00000126   0x.... 0x....      BL       Reveal__AddDataU16
   \   0000012A   0x79A1             LDRB     R1,[R4, #+6]
   \   0000012C   0x4650             MOV      R0,R10
   \   0000012E   0x.... 0x....      BL       Reveal__AddDataU8
   \   00000132   0x4650             MOV      R0,R10
   \   00000134   0x.... 0x....      BL       Reveal__QueueCommand
   \                     ??API003Disc__CommandParser_13: (+1)
   \   00000138   0x1C76             ADDS     R6,R6,#+1
   \   0000013A   0xF1B9 0x0901      SUBS     R9,R9,#+1
   \   0000013E   0xD002             BEQ.N    ??API003Disc__CommandParser_4
   \   00000140   0xE7C6             B.N      ??API003Disc__CommandParser_10
   \                     ??API003Disc__CommandParser_3: (+1)
   \   00000142   0xF04F 0x0805      MOV      R8,#+5
   \                     ??API003Disc__CommandParser_4: (+1)
   \   00000146   0x4640             MOV      R0,R8
   \   00000148   0xE8BD 0x87F0      POP      {R4-R10,PC}      ;; return
    275          }
    276          
    277          //---------------------------------------------------------------------------------------------------------------------
    278          /**
    279           * @brief This method parses feedbacks to the API003Disc sent to a broadcast or exclusively to this node.
    280           * @param buffer contains the Wide package that contains the message
    281           */

   \                                 In section .text, align 2, keep-with-next
    282          void API003Disc__FeedbackParser(REVEAL_MSG_TYPE * buffer)
    283          {
    284              switch ((API003DISC_OPCODES_TYPE)buffer->op_code)
    285              {
    286          #if (API003_FIREWALL_FEATURE == ENABLED)
    287                  case API003_OP_PUB_REVEAL_NODES:
    288                      if (buffer->payload == 2)
    289                      {
    290                          API03_Firewall_Password[buffer->node_id] = Utilities__ConvertArrayTo16bits(buffer->payload);
    291                          API003DISC__RECEIVED_REVEAL_NODES(buffer->node_id,Utilities__ConvertArrayTo16bits(buffer->payload))
    292                      }
    293                      break;
    294          #endif
    295                  case API003_OP_PUB_INFO:
    296                      API003DISC__RECEIVED_API_INFO(buffer->node_id,buffer->payload[0],Utilities__ConvertArrayTo16bits(&buffer->payload[1]),Utilities__ConvertArrayTo16bits(&buffer->payload[3]),buffer->payload[5]);
    297                      break;
    298                  case API003_OP_PUB_APIS:
    299                      API003DISC__RECEIVED_APIS(buffer->node_id,&buffer->payload[0],buffer->size-2);
    300                      break;
    301                  case API003_OP_PUB_INSTANCES:
    302                      API003DISC__RECEIVED_API_INSTANCE_INFO(buffer->node_id,buffer->payload[0],buffer->payload[1],Utilities__ConvertArrayTo16bits(&buffer->payload[2]),Utilities__ConvertArrayTo16bits(&buffer->payload[4]));
    303                      break;
    304                  default:
    305                      break;
    306              }
    307          }
   \                     API003Disc__FeedbackParser: (+1)
   \   00000000   0x4770             BX       LR               ;; return
    308          
    309          //---------------------------------------------------------------------------------------------------------------------
    310          /**
    311           * @brief This method exposes the password of a specific node.
    312           * @param node node which the external module is requesting the password from.
    313           * @return password
    314           */

   \                                 In section .text, align 2, keep-with-next
    315          uint16 API003Disc__GetNodePassword(uint8 node)
                                                          ^
Remark[Pe826]: parameter "node" was never referenced
    316          {
    317          #if (API003_FIREWALL_FEATURE == ENABLED)
    318              if (node < 15)
    319              {
    320                  return (API03_Firewall_Password[node]);
    321              }
    322          #endif
    323              return (0xFFFF);
   \                     API003Disc__GetNodePassword: (+1)
   \   00000000   0xF64F 0x70FF      MOVW     R0,#+65535
   \   00000004   0x4770             BX       LR               ;; return
    324          }
    325          
    326          //---------------------------------------------------------------------------------------------------------------------
    327          /**
    328           * @brief This method request for other nodes if they are Reveal nodes and what is their fire-wall password
    329           * @param node Destination node for the message
    330           */

   \                                 In section .text, align 2, keep-with-next
    331          void API003Disc__CheckRevealNodes(uint8 node)
    332          {
    333              REVEAL_COMMAND_TYPE * ptr;
    334              if (node <= REVEAL_BROADCAST_NODE)
   \                     API003Disc__CheckRevealNodes: (+1)
   \   00000000   0x2810             CMP      R0,#+16
   \   00000002   0xDB00             BLT.N    ??API003Disc__CheckRevealNodes_0
   \   00000004   0x4770             BX       LR
    335              {
    336                  ptr = Reveal__NewCommand(API003DISC_NUM,API003_OP_FIND_REVEAL_NODES,node,0);
   \                     ??API003Disc__CheckRevealNodes_0: (+1)
   \   00000006   0xB500             PUSH     {LR}
   \   00000008   0x4602             MOV      R2,R0
   \   0000000A   0xB081             SUB      SP,SP,#+4
   \   0000000C   0x2300             MOVS     R3,#+0
   \   0000000E   0x2101             MOVS     R1,#+1
   \   00000010   0x2003             MOVS     R0,#+3
   \   00000012   0x.... 0x....      BL       Reveal__NewCommand
    337                  if (ptr!=(REVEAL_COMMAND_TYPE *)NULL)
   \   00000016   0xB120             CBZ.N    R0,??API003Disc__CheckRevealNodes_1
    338                  {
    339                      Reveal__QueueCommand(ptr);
   \   00000018   0xB001             ADD      SP,SP,#+4
   \   0000001A   0xF85D 0xEB04      POP      {LR}
   \   0000001E   0x.... 0x....      B.W      Reveal__QueueCommand
    340                  }
    341              }
    342          }
   \                     ??API003Disc__CheckRevealNodes_1: (+1)
   \   00000022   0xB001             ADD      SP,SP,#+4
   \   00000024   0xBD00             POP      {PC}             ;; return
    343          
    344          //---------------------------------------------------------------------------------------------------------------------
    345          /**
    346           * @brief This method request for other nodes what APIs they have.
    347           * @param node Destination node for the message
    348           */

   \                                 In section .text, align 2, keep-with-next
    349          void API003Disc__GetAPIs(uint8 node)
    350          {
    351              REVEAL_COMMAND_TYPE * ptr;
    352              if (node <= REVEAL_BROADCAST_NODE)
   \                     API003Disc__GetAPIs: (+1)
   \   00000000   0x2810             CMP      R0,#+16
   \   00000002   0xDB00             BLT.N    ??API003Disc__GetAPIs_0
   \   00000004   0x4770             BX       LR
    353              {
    354                  ptr = Reveal__NewCommand(API003DISC_NUM,API003_OP_GET_APIS,node,0);
   \                     ??API003Disc__GetAPIs_0: (+1)
   \   00000006   0xB500             PUSH     {LR}
   \   00000008   0x4602             MOV      R2,R0
   \   0000000A   0xB081             SUB      SP,SP,#+4
   \   0000000C   0x2300             MOVS     R3,#+0
   \   0000000E   0x2103             MOVS     R1,#+3
   \   00000010   0x2003             MOVS     R0,#+3
   \   00000012   0x.... 0x....      BL       Reveal__NewCommand
    355                  if (ptr!=(REVEAL_COMMAND_TYPE *)NULL)
   \   00000016   0xB120             CBZ.N    R0,??API003Disc__GetAPIs_1
    356                  {
    357                      Reveal__QueueCommand(ptr);
   \   00000018   0xB001             ADD      SP,SP,#+4
   \   0000001A   0xF85D 0xEB04      POP      {LR}
   \   0000001E   0x.... 0x....      B.W      Reveal__QueueCommand
    358                  }
    359              }
    360          }
   \                     ??API003Disc__GetAPIs_1: (+1)
   \   00000022   0xB001             ADD      SP,SP,#+4
   \   00000024   0xBD00             POP      {PC}             ;; return
    361          
    362          
    363          //---------------------------------------------------------------------------------------------------------------------
    364          /**
    365           * @brief This method is used to request the API info from another node.
    366           * @param node Destination node for the message
    367           * @param api Specific API requested, 0xFF for all APIs.
    368           */

   \                                 In section .text, align 2, keep-with-next
    369          void API003Disc__GetAPIInfo(uint8 node,uint8 api)
    370          {
   \                     API003Disc__GetAPIInfo: (+1)
   \   00000000   0xB530             PUSH     {R4,R5,LR}
   \   00000002   0xB081             SUB      SP,SP,#+4
   \   00000004   0x460C             MOV      R4,R1
    371              REVEAL_COMMAND_TYPE * ptr;
    372              if (node <= REVEAL_BROADCAST_NODE)
   \   00000006   0x2810             CMP      R0,#+16
   \   00000008   0xDA10             BGE.N    ??API003Disc__GetAPIInfo_0
    373              {
    374                  ptr = Reveal__NewCommand(API003DISC_NUM,API003_OP_GET_INFO,node,1);
   \   0000000A   0x4602             MOV      R2,R0
   \   0000000C   0x2301             MOVS     R3,#+1
   \   0000000E   0x2105             MOVS     R1,#+5
   \   00000010   0x2003             MOVS     R0,#+3
   \   00000012   0x.... 0x....      BL       Reveal__NewCommand
   \   00000016   0x0005             MOVS     R5,R0
    375                  if (ptr!=(REVEAL_COMMAND_TYPE *)NULL)
   \   00000018   0xD008             BEQ.N    ??API003Disc__GetAPIInfo_0
    376                  {
    377                      Reveal__AddDataU8(ptr,api);
   \   0000001A   0x4621             MOV      R1,R4
   \   0000001C   0x.... 0x....      BL       Reveal__AddDataU8
    378                      Reveal__QueueCommand(ptr);
   \   00000020   0x4628             MOV      R0,R5
   \   00000022   0xB001             ADD      SP,SP,#+4
   \   00000024   0xE8BD 0x4030      POP      {R4,R5,LR}
   \   00000028   0x.... 0x....      B.W      Reveal__QueueCommand
    379                  }
    380              }
    381          }
   \                     ??API003Disc__GetAPIInfo_0: (+1)
   \   0000002C   0xB001             ADD      SP,SP,#+4
   \   0000002E   0xBD30             POP      {R4,R5,PC}       ;; return
    382          
    383          
    384          //---------------------------------------------------------------------------------------------------------------------
    385          /**
    386           * @brief This method is used to request the API instances from another node.
    387           * @param node Destination node for the message
    388           * @param api Specific API requested, 0xFF for all APIs.
    389           */

   \                                 In section .text, align 2, keep-with-next
    390          void API003Disc__GetAPIInstances(uint8 node,uint8 api)
    391          {
   \                     API003Disc__GetAPIInstances: (+1)
   \   00000000   0xB530             PUSH     {R4,R5,LR}
   \   00000002   0xB081             SUB      SP,SP,#+4
   \   00000004   0x460C             MOV      R4,R1
    392              REVEAL_COMMAND_TYPE * ptr;
    393              if (node <= REVEAL_BROADCAST_NODE)
   \   00000006   0x2810             CMP      R0,#+16
   \   00000008   0xDA10             BGE.N    ??API003Disc__GetAPIInstances_0
    394              {
    395                  ptr = Reveal__NewCommand(API003DISC_NUM,API003_OP_GET_INSTANCES,node,1);
   \   0000000A   0x4602             MOV      R2,R0
   \   0000000C   0x2301             MOVS     R3,#+1
   \   0000000E   0x2107             MOVS     R1,#+7
   \   00000010   0x2003             MOVS     R0,#+3
   \   00000012   0x.... 0x....      BL       Reveal__NewCommand
   \   00000016   0x0005             MOVS     R5,R0
    396                  if (ptr!=(REVEAL_COMMAND_TYPE *)NULL)
   \   00000018   0xD008             BEQ.N    ??API003Disc__GetAPIInstances_0
    397                  {
    398                      Reveal__AddDataU8(ptr,api);
   \   0000001A   0x4621             MOV      R1,R4
   \   0000001C   0x.... 0x....      BL       Reveal__AddDataU8
    399                      Reveal__QueueCommand(ptr);
   \   00000020   0x4628             MOV      R0,R5
   \   00000022   0xB001             ADD      SP,SP,#+4
   \   00000024   0xE8BD 0x4030      POP      {R4,R5,LR}
   \   00000028   0x.... 0x....      B.W      Reveal__QueueCommand
    400                  }
    401              }
    402          }
   \                     ??API003Disc__GetAPIInstances_0: (+1)
   \   0000002C   0xB001             ADD      SP,SP,#+4
   \   0000002E   0xBD30             POP      {R4,R5,PC}       ;; return
    403          
    404          
    405          //---------------------------------------------------------------------------------------------------------------------
    406          /**
    407           * @brief This method publishes the API info for a specific line in the API info table
    408           * @param index defines the item in the API info table to be published
    409           * @param address defines the addres to whom the message will be send.
    410           */

   \                                 In section .text, align 2, keep-with-next
    411          void API003Disc__PublishAPIInfo(uint8 index,uint8 address)
    412          {
   \                     API003Disc__PublishAPIInfo: (+1)
   \   00000000   0xB570             PUSH     {R4-R6,LR}
   \   00000002   0x4604             MOV      R4,R0
    413              REVEAL_COMMAND_TYPE * ptr;
    414              ptr = Reveal__NewFeedback(API003DISC_NUM,API003_OP_PUB_INFO,address,6);
   \   00000004   0x460A             MOV      R2,R1
   \   00000006   0x2306             MOVS     R3,#+6
   \   00000008   0x2106             MOVS     R1,#+6
   \   0000000A   0x2003             MOVS     R0,#+3
   \   0000000C   0x.... 0x....      BL       Reveal__NewFeedback
   \   00000010   0x0005             MOVS     R5,R0
    415              if (ptr!=(REVEAL_COMMAND_TYPE *)NULL)
   \   00000012   0xD018             BEQ.N    ??API003Disc__PublishAPIInfo_0
    416              {
    417                  Reveal__AddDataU8(ptr,API003_APIS[index].id);
   \   00000014   0x.... 0x....      ADR.W    R6,API003_APIS
   \   00000018   0xF816 0x1034      LDRB     R1,[R6, R4, LSL #+3]
   \   0000001C   0x.... 0x....      BL       Reveal__AddDataU8
    418                  Reveal__AddDataU16(ptr,API003_APIS[index].type);
   \   00000020   0xEB06 0x04C4      ADD      R4,R6,R4, LSL #+3
   \   00000024   0x4628             MOV      R0,R5
   \   00000026   0x8861             LDRH     R1,[R4, #+2]
   \   00000028   0x.... 0x....      BL       Reveal__AddDataU16
    419                  Reveal__AddDataU16(ptr,API003_APIS[index].version);
   \   0000002C   0x88A1             LDRH     R1,[R4, #+4]
   \   0000002E   0x4628             MOV      R0,R5
   \   00000030   0x.... 0x....      BL       Reveal__AddDataU16
    420                  Reveal__AddDataU8(ptr,API003_APIS[index].instances);
   \   00000034   0x79A1             LDRB     R1,[R4, #+6]
   \   00000036   0x4628             MOV      R0,R5
   \   00000038   0x.... 0x....      BL       Reveal__AddDataU8
    421                  Reveal__QueueCommand(ptr);
   \   0000003C   0x4628             MOV      R0,R5
   \   0000003E   0xE8BD 0x4070      POP      {R4-R6,LR}
   \   00000042   0x.... 0x....      B.W      Reveal__QueueCommand
    422              }
    423          }
   \                     ??API003Disc__PublishAPIInfo_0: (+1)
   \   00000046   0xBD70             POP      {R4-R6,PC}       ;; return
    424          
    425          //=====================================================================================================================
    426          //-------------------------------------- Private Functions ------------------------------------------------------------
    427          //=====================================================================================================================
    428          //---------------------------------------------------------------------------------------------------------------------
    429          /**
    430           * @brief This method publishes the message relate to being an REVEAL node along with the password
    431           */
    432          static void PublishRevealNodes(void)
    433          {
    434              REVEAL_COMMAND_TYPE * ptr;
    435              ptr = Reveal__NewFeedback(API003DISC_NUM,API003_OP_PUB_REVEAL_NODES,REVEAL_BROADCAST_NODE,2);
    436              if (ptr!=(REVEAL_COMMAND_TYPE *)NULL)
    437              {
    438                  Reveal__AddDataU16(ptr,API003_FIREWALL_PWR);
    439                  Reveal__QueueCommand(ptr);
    440              }
    441          }
    442          
    443          //---------------------------------------------------------------------------------------------------------------------
    444          /**
    445           * @brief This method returns the index in the API info table about a specific API id.
    446           * @param api define which API is been searched.
    447           * @return index in the API info table related to the searched API id, if the API is not found it returst 0xFF.
    448           */
    449          static uint8 GetAPIIndex(uint8 api)
    450          {
    451              uint8 count;
    452              uint8 index;
    453              index = 0xFF;
    454          
    455              for (count=0; count<API003_NUM_APIS_REG; count++)
    456              {
    457                  if (API003_APIS[count].id == api)
    458                  {
    459                      index = count;
    460                      break;
    461                  }
    462              }
    463              return (index);
    464          
    465          }
    466          
    467          
    468          
    469          #if (API003_NUM_INSTANCES > 0)
    470          //---------------------------------------------------------------------------------------------------------------------
    471          /**
    472           * @brief THis method publishes the Instance information in a specific item in the instance table
    473           * @param index defines the item in the instance table to be publish
    474           * @param address defines the address to whom the message will be send.
    475           */
    476          static void PublishInstanceInfo(uint8 index,uint8 address)
    477          {
    478              REVEAL_COMMAND_TYPE * ptr;
    479              ptr = Reveal__NewFeedback(API003DISC_NUM,API003_OP_PUB_INSTANCES,address,6);
    480              if (ptr!=(REVEAL_COMMAND_TYPE *)NULL)
    481              {
    482                  Reveal__AddDataU8(ptr,API003_INSTANCES[index].api_id);
    483                  Reveal__AddDataU8(ptr,API003_INSTANCES[index].instance_id);
    484                  Reveal__AddDataU16(ptr,API003_INSTANCES[index].type);
    485                  Reveal__AddDataU16(ptr,API003_INSTANCES[index].version);
    486                  Reveal__QueueCommand(ptr);
    487              }
    488          }
    489          #endif
    490          
    491          #endif //API003DISC_FEATURE

   Maximum stack usage in bytes:

   .cstack Function
   ------- --------
       8   API003Disc__CheckRevealNodes
         8   -> Reveal__NewCommand
         0   -> Reveal__QueueCommand
      32   API003Disc__CommandParser
        32   -> Reveal__AddDataU16
        32   -> Reveal__AddDataU8
        32   -> Reveal__NewFeedback
        32   -> Reveal__QueueCommand
       0   API003Disc__FeedbackParser
      16   API003Disc__GetAPIInfo
        16   -> Reveal__AddDataU8
        16   -> Reveal__NewCommand
         0   -> Reveal__QueueCommand
      16   API003Disc__GetAPIInstances
        16   -> Reveal__AddDataU8
        16   -> Reveal__NewCommand
         0   -> Reveal__QueueCommand
       8   API003Disc__GetAPIs
         8   -> Reveal__NewCommand
         0   -> Reveal__QueueCommand
       0   API003Disc__GetNodePassword
       8   API003Disc__Initialize
         8   -> Reveal__AddDataU16
         8   -> Reveal__NewFeedback
         0   -> Reveal__QueueCommand
      16   API003Disc__PublishAPIInfo
        16   -> Reveal__AddDataU16
        16   -> Reveal__AddDataU8
        16   -> Reveal__NewFeedback
         0   -> Reveal__QueueCommand


   Section sizes:

   Bytes  Function/Label
   -----  --------------
      38  API003Disc__CheckRevealNodes
     332  API003Disc__CommandParser
       2  API003Disc__FeedbackParser
      48  API003Disc__GetAPIInfo
      48  API003Disc__GetAPIInstances
      38  API003Disc__GetAPIs
       6  API003Disc__GetNodePassword
      38  API003Disc__Initialize
      72  API003Disc__PublishAPIInfo
      80  API003_APIS

 
 702 bytes in section .text
 
 702 bytes of CODE memory

Errors: none
Warnings: none
