###############################################################################
#
# IAR ANSI C/C++ Compiler V7.20.5.7591/W32 for ARM        06/Aug/2024  13:41:47
# Copyright 1999-2014 IAR Systems AB.
#
#    Cpu mode     =  thumb
#    Endian       =  little
#    Source file  =  
#        C:\Data\Python\Self_Commissioning_Bpm\source\XCategory\Application\Reveal_APIs\API011AppCtr\API011AppCtrl.c
#    Command line =  
#        -I./ -I../cx/ -I../cx/inc/ -ICategory/ -ICategory/Application/
#        -ICategory/Application/ThermalModel/
#        -ICategory/Application/ThermalModel/ThermalModelCore_DD/
#        -ICategory/Application/ThermalModel/ThermalModelCore_sBPM/
#        -ICategory/Common/ -ICategory/Common/BoardDebugging/
#        -ICategory/Common/MasterCommander/
#        -ICategory/Common/MasterCommander/Source/
#        -ICategory/Common/MasterCommander/Source/HAL/
#        -ICategory/Common/SelfCommissioning/ -ICategory/Hbl/
#        -IProjectSpecific/ -IProjectSpecific/Application/
#        -IProjectSpecific/Application/API007App/
#        -IProjectSpecific/Application/ModeManagement/
#        -IProjectSpecific/Application/MotorSelector/
#        -IProjectSpecific/Application/ProductInfo/
#        -IProjectSpecific/Application/SRMcuSpeedMonitor/
#        -IProjectSpecific/Application/ThermalModel/
#        -IProjectSpecific/CommonCore/ -IProjectSpecific/Driver/
#        -IProjectSpecific/MasterCommander/ -IProjectSpecific/Mci/
#        -IProjectSpecific/Mci/Mcl/ -IProjectSpecific/Mci/Mcl/old_xls/
#        -IXCategory/ -IXCategory/Application/
#        -IXCategory/Application/MciParametersLoader/
#        -IXCategory/Application/Mode/ -IXCategory/Application/Reveal_APIs/
#        -IXCategory/Application/Reveal_APIs/API003Disc/
#        -IXCategory/Application/Reveal_APIs/API004Debug/
#        -IXCategory/Application/Reveal_APIs/API005LowLevel/
#        -IXCategory/Application/Reveal_APIs/API007Data/
#        -IXCategory/Application/Reveal_APIs/API009System/
#        -IXCategory/Application/Reveal_APIs/API010PollVar/
#        -IXCategory/Application/Reveal_APIs/API011AppCtr/
#        -IXCategory/Application/Reveal_APIs/API013RemoteFunction/
#        -IXCategory/Application/Reveal_APIs/API018Diagnostic/
#        -IXCategory/Application/Reveal_APIs/API019ProductInfo/
#        -IXCategory/Application/Reveal_APIs/API220MotorControl/
#        -IXCategory/Application/Reveal_APIs/API220MotorControl/API/
#        -IXCategory/Application/Reveal_APIs/API221MotionCtrl/
#        -IXCategory/Application/Reveal_APIs/SRAPI020Safety/
#        -IXCategory/Application/SFUpdater/ -IXCategory/Common/
#        -IXCategory/Common/Crc16/ -IXCategory/Common/Crc8/
#        -IXCategory/Common/Log/ -IXCategory/Common/Millis/
#        -IXCategory/Common/SettingFile/ -IXCategory/Common/SRClockMonitor/
#        -IXCategory/Common/SRData/ -IXCategory/Common/SRException/
#        -IXCategory/Common/SRFlow/ -IXCategory/Common/SRIsrMonitor/
#        -IXCategory/Common/SRMain/ -IXCategory/Common/SRMcuSpeedMonitor/
#        -IXCategory/Common/SRPowerMgr/ -IXCategory/Common/SRSignature/
#        -IXCategory/Common/SRSystemConfig/
#        -IXCategory/Common/SRTimerReference/ -IXCategory/Common/SystemConfig/
#        -IXCategory/Common/SystemTimers/ -IXCategory/Common/Utilities/
#        -IXCategory/Driver/ -IXCategory/Driver/API/
#        -IXCategory/Driver/API/Comparator/ -IXCategory/Driver/API/DataFlash/
#        -IXCategory/Driver/API/Dma/ -IXCategory/Driver/API/Flash/
#        -IXCategory/Driver/API/Gpio/ -IXCategory/Driver/API/Micro/
#        -IXCategory/Driver/API/Spi/ -IXCategory/Driver/API/SRMCAtod/
#        -IXCategory/Driver/API/SRMCInputCapture/
#        -IXCategory/Driver/API/SRMCPwm/ -IXCategory/Driver/API/TimerInterrupt/
#        -IXCategory/Driver/API/Uart/ -IXCategory/Driver/Comparator/
#        -IXCategory/Driver/DataFlash/ -IXCategory/Driver/Dma/
#        -IXCategory/Driver/Flash/ -IXCategory/Driver/Gpio/
#        -IXCategory/Driver/Micro/ -IXCategory/Driver/Spi/
#        -IXCategory/Driver/SRMCAtod/ -IXCategory/Driver/SRMCInputCapture/
#        -IXCategory/Driver/SRMCPwm/ -IXCategory/Driver/TimerInterrupt/
#        -IXCategory/Driver/Uart/ -IXCategory/Hbl/ -IXCategory/Hbl/Mci/
#        -IXCategory/Hbl/Mci/InverterTemp/ -IXCategory/Hbl/Mci/Mcl/
#        -IXCategory/Hbl/Mci/Mcl/Braking/ -IXCategory/Hbl/Mci/Mcl/MacroBlocks/
#        -IXCategory/Hbl/Mci/Mcl/MclFvt/ -IXCategory/Hbl/Mci/Mcl/MicroBlocks/
#        -IXCategory/Hbl/Mci/Mcl/MicroBlocks/ClrkPark/
#        -IXCategory/Hbl/Mci/Mcl/MicroBlocks/Filters/
#        -IXCategory/Hbl/Mci/Mcl/MicroBlocks/Math/
#        -IXCategory/Hbl/Mci/Mcl/MicroBlocks/ObserverPmsm/
#        -IXCategory/Hbl/Mci/Mcl/MicroBlocks/Pi/
#        -IXCategory/Hbl/Mci/Mcl/MicroBlocks/PwmModulation/
#        -IXCategory/Hbl/Mci/Mcl/ResistanceEstimation/
#        -IXCategory/Hbl/Mci/PowerModuleManager/
#        -IXCategory/Hbl/Mci/SpeedRefGen/ -IXCategory/Hbl/Mci/SurgeRelay/
#        -IXCategory/Hbl/SRMotorSafetyMgr/
#        -IXCategory/Hbl/SRMotorSafetyMgr/API/ -IXCategory/Service/
#        -IXCategory/Service/Reveal/ -IXCategory/Service/Win/ --remarks
#        --no_tbaa --debug --use_c++_inline --only_stdout --dlib_config
#        ..\cx\inc\DLib_Config_Normal.h -r -D
#        ENABLE_JUMP_TO_APPLICATION_WITHOUT_IAP_FIRMWARE -D
#        SET_FLASH_OPTION_CONFIGURATION -D ARM_MATH_CM4 -e --silent
#        --endian=little --cpu Cortex-M4 --fpu=VFPv4_sp -Ohs -o
#        API011AppCtrl.obj -l ..\listings\API011AppCtrl.lst
#        C:\Data\Python\Self_Commissioning_Bpm\source\XCategory\Application\Reveal_APIs\API011AppCtr\API011AppCtrl.c
#    List file    =  ..\listings\API011AppCtrl.lst
#    Object file  =  API011AppCtrl.obj
#
###############################################################################

C:\Data\Python\Self_Commissioning_Bpm\source\XCategory\Application\Reveal_APIs\API011AppCtr\API011AppCtrl.c
      1          /**
      2           *  @file       
      3           *
      4           *  @brief      API011 Implementation
      5           *
      6           *  @details    This API has 2 main functions:
      7           *                  - Implements the main communication between ACU and HMI (Regulations, Status)
      8           *                  - Implements get/set for the appliance Mode
      9           *              There is also support to get the number of cycles, the Status variables configuration
     10           *              and the position of a function in the function configuration.
     11           *
     12           @startuml{API011_Sequence_Diagram.png}
     13           hide footbox
     14           autonumber
     15           title API011 Sequence Diagram
     16           box "HMI"
     17           participant Application as app
     18           participant API011_HMI as hmi
     19           end box
     20          
     21           box "ACU"
     22           participant API011_ACU as acu
     23           end box
     24          
     25           alt Normal operation, no user activity or application changing regulations.
     26               loop 10s
     27               hmi -> acu : request regulations (API011 opcode: 4)
     28               hmi -> hmi : <b>API011_Num_Of_Consecutive_Regulations_Requests = 1</b>
     29               hmi -> hmi : <b>API011_Num_Of_Consecutive_Status_Requests = 0</b>
     30               acu -> hmi : publish regulations (API011 opcode: 4, feedback)
     31               ... 5 secounds later ...
     32               hmi -> acu : request status (API011 opcode: 3)
     33               hmi -> hmi : <b>API011_Num_Of_Consecutive_Status_Requests = 1</b>
     34               hmi -> hmi : <b>API011_Num_Of_Consecutive_Regulations_Requests = 0</b>
     35               acu -> hmi : publish status (API011 opcode: 3, feedback)
     36               end
     37          
     38          
     39           else ACU detect state change
     40          
     41               hmi -> acu : request regulations (API011 opcode: 4)
     42               hmi -> hmi : <b>API011_Num_Of_Consecutive_Regulations_Requests++</b>
     43               hmi -> hmi : <b>API011_Num_Of_Consecutive_Status_Requests = 0</b>
     44               acu -> hmi : publish regulations (API011 opcode: 4, feedback)
     45               acu -> hmi : status change detected on ACU, publish status (API011 opcode: 3, feedback)
     46               hmi -> hmi : <b>API011_Num_Of_Consecutive_Regulations_Requests = 0 </b>
     47               ... 5 secounds later ...
     48               hmi -> acu : request regulations (API011 opcode: 4)
     49               hmi -> hmi : <b>API011_Num_Of_Consecutive_Regulations_Requests++</b>
     50               hmi -> hmi : <b>API011_Num_Of_Consecutive_Status_Requests = 0</b>
     51               acu -> hmi : publish regulations (API011 opcode: 4, feedback)
     52               acu -> hmi : status change detected on ACU, publish status (API011 opcode: 3, feedback)
     53               hmi -> hmi : <b>API011_Num_Of_Consecutive_Regulations_Requests = 0 </b>
     54               loop Standard loop, see "Normal operation, no user activity or application changing regulations."
     55               end
     56          
     57          
     58           else HMI sets regulations
     59               hmi -> acu : set regulations (API011 opcode: 5)
     60               hmi -> hmi : API011_Num_Of_Consecutive_Regulations_Sets++
     61               hmi -> hmi : 100ms timeout
     62               hmi -> acu : request regulations (API011 opcode: 4)
     63               hmi -> hmi : <b>API011_Num_Of_Consecutive_Regulations_Sets = 0</b>
     64               hmi -> hmi : <b>API011_Num_Of_Consecutive_Regulations_Requests++</b>
     65               acu -> hmi : publish regulations (API011 opcode: 4, feedback)
     66               loop Standard loop, see "Normal operation, no user activity or application changing regulations."
     67               end
     68          
     69           else <b> ABNORMAL SITUATION! SHALL BE AVOIDED </b> \n HMI sets regulations continuously. \n HMI sets regulations with period greater than 100ms and less than 5s.
     70               loop 5times
     71               hmi -> acu : set regulations (API011 opcode: 5)
     72               hmi -> hmi : <b>API011_Num_Of_Consecutive_Regulations_Sets++</b>
     73               ... 100 milliseconds later ...
     74               hmi -> acu : request regulations (API011 opcode: 4)
     75               hmi -> hmi : <b>API011_Num_Of_Consecutive_Regulations_Sets = 0</b>
     76               hmi -> hmi : <b>API011_Num_Of_Consecutive_Regulations_Requests++ (1,2,3,4,5)</b>
     77               acu -> hmi : publish regulations (API011 opcode: 4, feedback)
     78               end
     79               hmi -> hmi : <b>API011_Num_Of_Consecutive_Regulations_Requests >= </b> \n  <b> MAX_NUM_OF_CONSECUTIVE_REQUESTS </b>
     80               hmi -> acu : <b>request status (API011 opcode: 3) </b>
     81               acu -> hmi : <b>publish status (API011 opcode: 3, feedback) </b>
     82               hmi -> hmi : <b>API011_Num_Of_Consecutive_Regulations_Requests = 0</b>
     83               ... 100 milliseconds later ...
     84               hmi -> acu : request regulations (API011 opcode: 4)
     85               acu -> hmi : publish regulations (API011 opcode: 4, feedback)
     86          
     87           else <b> ABNORMAL SITUATION! SHALL BE AVOIDED </b> \n HMI sets regulations continuously. \n HMI sets regulations with period less than 100ms.
     88               loop 5 times
     89               hmi -> acu : set regulations (API011 opcode: 5)
     90               hmi -> hmi : <b>API011_Num_Of_Consecutive_Regulations_Sets++ (1)</b>
     91               hmi -> acu : set regulations (API011 opcode: 5)
     92               hmi -> hmi : <b>API011_Num_Of_Consecutive_Regulations_Sets++ (2)</b>
     93               hmi -> acu : set regulations (API011 opcode: 5)
     94               hmi -> hmi : <b>API011_Num_Of_Consecutive_Regulations_Sets++ (3)</b>
     95               hmi -> acu : set regulations (API011 opcode: 5)
     96               hmi -> hmi : <b>API011_Num_Of_Consecutive_Regulations_Sets++ (4)</b>
     97               hmi -> acu : set regulations (API011 opcode: 5)
     98               hmi -> hmi : <b>API011_Num_Of_Consecutive_Regulations_Sets++ (5)</b>
     99               hmi -> hmi : <b>API011_Num_Of_Consecutive_Regulations_Sets >= </b> \n  <b> MAX_NUM_OF_CONSECUTIVE_REQUESTS </b>
    100               hmi -> acu : request regulations (API011 opcode: 4)
    101               hmi -> hmi : <b>API011_Num_Of_Consecutive_Regulations_Sets = 0</b>
    102               hmi -> hmi : <b>API011_Num_Of_Consecutive_Regulations_Requests++ (1,2,3,4,5)</b>
    103               acu -> hmi : publish regulations (API011 opcode: 4, feedback)
    104               end
    105               hmi -> hmi : <b>API011_Num_Of_Consecutive_Regulations_Requests >= </b> \n  <b> MAX_NUM_OF_CONSECUTIVE_REQUESTS </b>
    106               hmi -> acu : <b>request status (API011 opcode: 3) </b>
    107               acu -> hmi : <b>publish status (API011 opcode: 3, feedback) </b>
    108               hmi -> hmi : <b>API011_Num_Of_Consecutive_Regulations_Requests = 0</b>
    109               ... 100 milliseconds later ...
    110               hmi -> acu : request regulations (API011 opcode: 4)
    111               acu -> hmi : publish regulations (API011 opcode: 4, feedback)
    112           end
    113           @enduml
    114          
    115           *  @copyright  Copyright 2015 Whirlpool Corporation. All rights reserved - CONFIDENTIAL
    116           */
    117          //---------------------------------------------------------------------------------------------------------------------
    118          //---------------------------------------------------------------------------------------------------------------------
    119          
    120          //-------------------------------------- Include Files ----------------------------------------------------------------
    121          #include "SystemConfig.h"
    122          #include "Reveal.h"
    123          #include "API011AppCtrl.h" 
    124          #include "API011AppCtrl_prv.h"
    125          
    126          #if (SYSTEM_ACU_HANDLING == ENABLED)
    127              #include "ApplianceMgr.h"
    128              #include "Selector.h"
    129          #endif
    130          
    131          #if (NVDATA_STORE_APPLIANCE_AND_STATISTICS_FEATURE == ENABLED)
    132              #include "NVData.h"
    133          #endif
    134          
    135          #if (SYSTEM_ACU_HANDLING == ENABLED) || (SYSTEM_HMI_HANDLING == ENABLED)
    136              #include "Regulations.h"
    137              #include "Status.h"
    138          #endif
    139          
    140          #ifndef API011APPCTRL_LOG_FEATURE
    141          #define API011APPCTRL_LOG_FEATURE ENABLED
    142          #endif
    143          
    144          #if ((SYSTEM_HMI_HANDLING == ENABLED) && (API011APPCTRL_LOG_FEATURE == ENABLED))
    145              #include "Log.h"
    146          #endif
    147          
    148          #include "Micro.h"
    149          #include "Mode.h"
    150          #include "Millis.h"
    151          #include "SettingFile.h"

  PACKED typedef struct
         ^
"C:\Data\Python\Self_Commissioning_Bpm\source\XCategory\Common\SettingFile\SettingFile.h",39  Remark[Pe082]: 
          storage class is not first
    152          
    153          //-------------------------------------- PUBLIC (Variables) -----------------------------------------------------------
    154          
    155          #ifndef API0011APPCTRL_USE_PRIORITY_QUEUE
    156              #define API0011APPCTRL_USE_PRIORITY_QUEUE DISABLED
    157          #endif
    158          
    159          #ifndef API011APPCTRL__RECEIVED_ERROR
    160              #define API011APPCTRL__RECEIVED_ERROR(node,error)
    161          #endif
    162          
    163          #if (SYSTEM_HMI_HANDLING == ENABLED)
    164              #ifndef API011APPCTRL_REGULATION_RX_NOTIFICATION
    165                  #error "API011APPCTRL_REGULATION_RX_NOTIFICATION must be defined in API011AppCtrl_prv.h. This macro is used to notify when Regulations are received from the ACU"
    166              #endif
    167          #endif
    168          
    169          #if (API0011APPCTRL_USE_PRIORITY_QUEUE == ENABLED)
    170                  #define API011REVEAL__NEWFEEDBACK(api,opcode,node,size)   Reveal__PriorityNewFeedback(api,opcode,node,size)
    171                  #define API011REVEAL__NEWCOMMAND(api,opcode,node,size)    Reveal__PriorityNewCommand(api,opcode,node,size)
    172          #else
    173                  #define API011REVEAL__NEWFEEDBACK(api,opcode,node,size)   Reveal__NewFeedback(api,opcode,node,size)
    174                  #define API011REVEAL__NEWCOMMAND(api,opcode,node,size)    Reveal__NewCommand(api,opcode,node,size)
    175          #endif
    176          //-------------------------------------- PRIVATE (Variables, Constants & Defines) -------------------------------------
    177          //! API011APPCTRL opcodes
    178          typedef enum API011APPCTRL_OPCODE_ENUM
    179          {
    180              API011APPCTRL_OPCODE_REQ_PUB_STATUS                     = 3,
    181              API011APPCTRL_OPCODE_REQ_PUB_REGULATIONS                = 4,
    182              API011APPCTRL_OPCODE_SET_REGULATIONS                    = 5,
    183              API011APPCTRL_OPCODE_REQ_PUB_MODE                       = 6,
    184              API011APPCTRL_OPCODE_SET_MODE                           = 7,
    185              API011APPCTRL_OPCODE_MODE_HEARTBEAT                     = 8,
    186              API011APPCTRL_OPCODE_REG_POSITION_BY_ID                 = 9,
    187              API011APPCTRL_OPCODE_REG_NUM_CYCLES                     = 10,
    188              API011APPCTRL_OPCODE_REG_PUB_STATUS_STRUCTURE           = 11,
    189              API011APPCTRL_OPCODE_REQ_PUB_FUNCTION_IDS               = 12,
    190              API011APPCTRL_OPCODE_REQ_PUB_CYCLE_NAMES                = 13,
    191              API011APPCTRL_OPCODE_RESTORE_FACTORY_REGULATION_INDEX   = 14,
    192          
    193              API011APPCTRL_OPCODE_ERROR = 31
    194          } API011APPCTRL_OPCODE_TYPE;
    195          
    196          //! API011APPCTRL errors
    197          typedef enum API011APPCTRL_ERROR_ENUM
    198          {
    199              API011APPCTRL_ERROR_NONE                    = 0,
    200              API011APPCTRL_ERROR_STATUS_NOT_LOADED       = 1,
    201              API011APPCTRL_ERROR_REGULATION_NOT_LOADED   = 2
    202          }API011APPCTRL_ERROR_TYPE;
    203          
    204          #if (SYSTEM_HMI_HANDLING == ENABLED)
    205              //! List of possible content for the main HMI to request from the main ACU
    206              typedef enum API011APPCTRL_MESSAGE_REQUEST_ENUM
    207              {
    208                  API011APPCTRL_MESSAGE_REQUEST_REGULATIONS = 0,
    209                  API011APPCTRL_MESSAGE_REQUEST_STATUS      = 1
    210              }API011APPCTRL_MESSAGE_REQUEST_TYPE;
    211          
    212              //! Period of standard API011AppCtrl requests.
    213              #define API011APPCTRL_STANDARD_REQUEST_PERIOD   ((uint32)5000)
    214              //! Timeout to next request after set regulations event or abnormal situation detection (stuck sending same requests continuously).
    215              #define API011APPCTRL_TIMEOUT_TO_NEXT_REQUEST   ((uint32)100)
    216              //! Initial timeout for module timer
    217              #define API011APPCTRL_INITIAL_TIMEOUT           ((uint32)10)
    218              //! Period of elapsed time to be set in case of initialization event, having a time base of 5000 ms
    219              #define API011APPCTRL_INITIAL_TIMEOUT_ELAPSED_TIME  (uint32)(API011APPCTRL_STANDARD_REQUEST_PERIOD-API011APPCTRL_INITIAL_TIMEOUT)
    220          
    221              //! Timer used to set the elapsed time referred to a time base of 5000ms.
    222              static MILLIS_TIMER_TYPE API011_Elapsed_Time;
    223              //! Flag that indicates if polling is on or off
    224              static ON_OFF_TYPE API011_Hmi_Poll_Reg_Status;
    225              //! Additional timeout before polling is started
    226              static uint8 API011_Poll_Timeout;
    227              //! This is a flag to make the API alternate the request for Regulations and Status on the handler. TRUE requests Regulations.
    228              static API011APPCTRL_MESSAGE_REQUEST_TYPE API011AppCtrl_Request_Message_Content;
    229          
    230          #ifndef MAX_NUM_OF_CONSECUTIVE_REQUESTS
    231              //! Defines maximum number of consecutive request of same type.
    232              #define MAX_NUM_OF_CONSECUTIVE_REQUESTS         (5)
    233          #elif(MAX_NUM_OF_CONSECUTIVE_REQUESTS < 2)
    234              #error "MAX_NUM_OF_CONSECUTIVE_REQUESTS shall be greater than 1. Recommended value is 5."
    235          #endif
    236          
    237              //! Counter used to count number of consecutive regulations requests.
    238              static uint8 API011_Num_Of_Consecutive_Regulations_Requests;
    239              //! Counter used to count number of consecutive status requests.
    240              static uint8 API011_Num_Of_Consecutive_Status_Requests;
    241              //! Counter used to count number of consecutive regulations sets.
    242              static uint8 API011_Num_Of_Consecutive_Regulations_Sets;
    243          
    244              //! Flag used to request regulations and status once at the initialization once ACU is alive.
    245              static BOOL_TYPE First_Status_Regulations_Requested;
    246          
    247              //! Flag used to track the HMI has received at least one regulations packet from the ACU
    248              static BOOL_TYPE API011_Received_Regulations;
    249          
    250              #if(API011APPCTRL_LOG_FEATURE == ENABLED)
    251              //! IDs for Log messages
    252              typedef enum
    253              {
    254                  TO_MANY_CONSECUTIVE_REGULATIONS_SETS = 0,       //data: 0
    255                  TO_MANY_CONSECUTIVE_REGULATIONS_REQUESTS,       //data: 0
    256                  TO_MANY_CONSECUTIVE_STATUS_REQUESTS,            //data: 0
    257              } MODULE_API011APPCTRL_LOG_MESSAGE_ID_TYPE;
    258              //! ID for this module on the Log module.
    259              #define MODULE_NAME     MODULE_API011APPCTRL
    260              #endif //(API011APPCTRL_LOG_FEATURE == ENABLED)
    261          #endif //(SYSTEM_HMI_HANDLING == ENABLED)
    262          
    263          #if (SYSTEM_ACU_HANDLING == ENABLED)
    264          //! Number of bytes for each function in the message that publishes function IDs (Opcode 12)
    265          #define API011_FUNCTION_ID_DATA_SIZE   2
    266          
    267          //! Keeps track of the last value reported from ApplianceMgr module on whether it is stable.
    268          //! Used to detect transition from un-stable to stable so status can be published
    269          static BOOL_TYPE API011_Status_Ready;
    270          #endif
    271          
    272          //-------------------------------------- PRIVATE (Function Prototypes) ------------------------------------------------
    273          #if ((SYSTEM_ACU_HANDLING == ENABLED) && (SYSTEM_HMI_HANDLING == DISABLED))
    274              static void API011AppCtrlPublishStatus(void);
    275          #endif
    276          
    277          //=====================================================================================================================
    278          //-------------------------------------- Public Functions -------------------------------------------------------------
    279          //=====================================================================================================================
    280          
    281          //---------------------------------------------------------------------------------------------------------------------
    282          /**
    283           * @brief      It Initializes the module API011AppCtrl and its variables
    284           *
    285           */

   \                                 In section .text, align 2, keep-with-next
    286          void API011AppCtrl__Initialize(void)
    287          {
   \                     API011AppCtrl__Initialize: (+1)
   \   00000000   0xB510             PUSH     {R4,LR}
    288              API011AppCtrl__PubMode();
   \   00000002   0x2302             MOVS     R3,#+2
   \   00000004   0x220F             MOVS     R2,#+15
   \   00000006   0x2106             MOVS     R1,#+6
   \   00000008   0x200B             MOVS     R0,#+11
   \   0000000A   0x.... 0x....      BL       Reveal__NewFeedback
   \   0000000E   0x0004             MOVS     R4,R0
   \   00000010   0xD010             BEQ.N    ??API011AppCtrl__Initialize_0
   \   00000012   0x.... 0x....      BL       Mode__GetMode
   \   00000016   0x4601             MOV      R1,R0
   \   00000018   0x4620             MOV      R0,R4
   \   0000001A   0x.... 0x....      BL       Reveal__AddDataU8
   \   0000001E   0x.... 0x....      BL       Mode__GetSubMode
   \   00000022   0x4601             MOV      R1,R0
   \   00000024   0x4620             MOV      R0,R4
   \   00000026   0x.... 0x....      BL       Reveal__AddDataU8
   \   0000002A   0x4620             MOV      R0,R4
   \   0000002C   0xE8BD 0x4010      POP      {R4,LR}
   \   00000030   0x.... 0x....      B.W      Reveal__QueueCommand
    289          
    290              #if (SYSTEM_HMI_HANDLING == ENABLED)
    291          
    292                  API011_Elapsed_Time = Millis__BuildTimer();
    293                  Millis__Start(&API011_Elapsed_Time);
    294                  Millis__SetElapsed(&API011_Elapsed_Time, API011APPCTRL_INITIAL_TIMEOUT_ELAPSED_TIME);
    295          
    296                  if (Micro__GetResetMode() == MICRO_RESET_MODE_COLD)
    297                  {
    298                      API011_Hmi_Poll_Reg_Status = ON;
    299                  }
    300                  else
    301                  {
    302                      API011_Hmi_Poll_Reg_Status = OFF;
    303                  }
    304          
    305                  API011_Poll_Timeout = 200;
    306          
    307                  API011AppCtrl_Request_Message_Content = API011APPCTRL_MESSAGE_REQUEST_REGULATIONS;
    308                  API011_Num_Of_Consecutive_Regulations_Requests = 0;
    309                  API011_Num_Of_Consecutive_Status_Requests = 0;
    310                  API011_Num_Of_Consecutive_Regulations_Sets = 0;
    311                  First_Status_Regulations_Requested = FALSE;
    312                  API011_Received_Regulations = FALSE;
    313              #endif
    314              
    315              #if (SYSTEM_ACU_HANDLING == ENABLED)
    316                  API011_Status_Ready = FALSE;
    317              #endif
    318          }
   \                     ??API011AppCtrl__Initialize_0: (+1)
   \   00000034   0xBD10             POP      {R4,PC}          ;; return
    319          
    320          //---------------------------------------------------------------------------------------------------------------------
    321          /**
    322           *
    323           */

   \                                 In section .text, align 2, keep-with-next
    324          void API011AppCtrl__Handler(void)
    325          {
    326              #if (SYSTEM_HMI_HANDLING == ENABLED)
    327          
    328                  if(FALSE == First_Status_Regulations_Requested)
    329                  {
    330                      if((Reveal__GetNodestatus() & (1 << WIN_ACU_ADDRESS) ) != 0)
    331                      {
    332                          /*
    333                             Request status and regulations once ACU is detected alive.
    334                             Reset API011_Comm_Handle timer to avoid multiple, redundant requests at the same time.
    335                             Set API011AppCtrl_Request_Message_Content to API011APPCTRL_MESSAGE_REQUEST_REGULATIONS
    336                             to reinitialize standard request mechanism.
    337                           */
    338                          (void)API011AppCtrl__RequestStatus(WIN_ACU_ADDRESS);
    339                          (void)API011AppCtrl__RequestRegulations(WIN_ACU_ADDRESS);
    340                          First_Status_Regulations_Requested = TRUE;
    341                          Millis__Subtract(&API011_Elapsed_Time, API011APPCTRL_STANDARD_REQUEST_PERIOD);
    342                          API011AppCtrl_Request_Message_Content = API011APPCTRL_MESSAGE_REQUEST_REGULATIONS;
    343                      }
    344                  }
    345          
    346                  if (API011_Poll_Timeout > 0)
    347                  {
    348                      API011_Poll_Timeout--;
    349                  }
    350                  else
    351                  {
    352                      API011_Hmi_Poll_Reg_Status = ON;
    353                  }
    354          
    355                  if ((Mode__GetRemoteMode() == MODE_NORMAL) &&
    356                      (Mode__GetMode() == MODE_NORMAL) &&
    357                      (Mode__GetSubMode() != SUBMODE_NORMAL_EXT_CONTROL_ENGAGED) &&
    358                      API011_Hmi_Poll_Reg_Status == ON)
    359                  {
    360                      if(Millis__ReachedTarget(&API011_Elapsed_Time, API011APPCTRL_STANDARD_REQUEST_PERIOD))
    361                      {
    362                          Millis__Subtract(&API011_Elapsed_Time,API011APPCTRL_STANDARD_REQUEST_PERIOD);
    363                          // Checking the flag to decide if it is time to request Regulations or Status.
    364                          if(API011AppCtrl_Request_Message_Content == API011APPCTRL_MESSAGE_REQUEST_REGULATIONS)
    365                          {
    366                              API011_Num_Of_Consecutive_Regulations_Requests++;   // Increment number of regulations requests.
    367                              API011_Num_Of_Consecutive_Status_Requests = 0;      // Clear counter for status requests.
    368                              API011_Num_Of_Consecutive_Regulations_Sets = 0;     // Clear counter for regulations sets.
    369                              API011AppCtrl__RequestRegulations(WIN_ACU_ADDRESS);
    370                              API011AppCtrl_Request_Message_Content = API011APPCTRL_MESSAGE_REQUEST_STATUS;
    371                          }
    372                          else
    373                          {
    374                              API011_Num_Of_Consecutive_Status_Requests++;        // Increment number of status requests.
    375                              API011_Num_Of_Consecutive_Regulations_Requests = 0; // Clear counter for regulations requests.
    376                              API011AppCtrl__RequestStatus(WIN_ACU_ADDRESS);
    377                              API011AppCtrl_Request_Message_Content = API011APPCTRL_MESSAGE_REQUEST_REGULATIONS;
    378                          }
    379                      }
    380                      else
    381                      {
    382                          /*
    383                           * Verify if any of counters reached the limit. If yes act immediately.
    384                           */
    385                          if((API011_Num_Of_Consecutive_Regulations_Sets >= MAX_NUM_OF_CONSECUTIVE_REQUESTS) ||
    386                             (API011_Num_Of_Consecutive_Status_Requests >= MAX_NUM_OF_CONSECUTIVE_REQUESTS))
    387                          {
    388                              /*
    389                               * To many regulations sets without requesting regulations OR
    390                               * to many status requests without requesting regulations.
    391                               * In both cases Request Regulations packet needs to be sent to ACU.
    392                               */
    393                              #if(API011APPCTRL_LOG_FEATURE == ENABLED)
    394                              if(API011_Num_Of_Consecutive_Regulations_Sets >= MAX_NUM_OF_CONSECUTIVE_REQUESTS)
    395                              {
    396                                  // Reaching this point indicates abnormal behavior. This shall be avoided.
    397                                  LOG_ADD_EXCEPTION(TO_MANY_CONSECUTIVE_REGULATIONS_SETS, 0);
    398                              }
    399                              else
    400                              {
    401                                  // Reaching this point indicates abnormal behavior. This shall be avoided.
    402                                  LOG_ADD_EXCEPTION(TO_MANY_CONSECUTIVE_STATUS_REQUESTS, 0);
    403                              }
    404                              #endif //(API011APPCTRL_LOG_FEATURE == ENABLED)
    405          
    406                              if(TRUE == API011AppCtrl__RequestRegulations(WIN_ACU_ADDRESS))                      // Request regulations.
    407                              {
    408                                  API011_Num_Of_Consecutive_Regulations_Sets = 0;                                 // Clear counter for regulations sets.
    409                                  API011_Num_Of_Consecutive_Status_Requests = 0;                                  // Clear counter for status requests.
    410                                  API011_Num_Of_Consecutive_Regulations_Requests++;                               // Increment number of regulations requests.
    411                                  Millis__Subtract(&API011_Elapsed_Time,API011APPCTRL_TIMEOUT_TO_NEXT_REQUEST);   // Set timer to get status in 100ms.
    412                                  API011AppCtrl_Request_Message_Content = API011APPCTRL_MESSAGE_REQUEST_STATUS;   // Regulations just requested. Change content to status request.
    413                              }
    414                          }
    415                          else if(API011_Num_Of_Consecutive_Regulations_Requests >= MAX_NUM_OF_CONSECUTIVE_REQUESTS)
    416                          {
    417                              /*
    418                               * To many regulation requests without status request.
    419                               * In that case Request Status packet needs to be sent to ACU.
    420                               */
    421                              if(TRUE == API011AppCtrl__RequestStatus(WIN_ACU_ADDRESS))                               // Request status
    422                              {
    423                                  API011_Num_Of_Consecutive_Regulations_Requests = 0;                                 // Clear counter for regulations requests.
    424                                  API011_Num_Of_Consecutive_Status_Requests++;                                        // Increment counter for status requests.
    425                                  Millis__Subtract(&API011_Elapsed_Time,API011APPCTRL_TIMEOUT_TO_NEXT_REQUEST);       // Set timer to get regulations in 100ms.
    426                                  API011AppCtrl_Request_Message_Content = API011APPCTRL_MESSAGE_REQUEST_REGULATIONS;  // Status just requested. Change content to regulations request.
    427                              }
    428                              #if(API011APPCTRL_LOG_FEATURE == ENABLED)
    429                              // Reaching this point indicates abnormal behavior. This shall be avoided.
    430                              LOG_ADD_EXCEPTION(TO_MANY_CONSECUTIVE_REGULATIONS_REQUESTS, 0);
    431                              #endif //(API011APPCTRL_LOG_FEATURE == ENABLED)
    432                          }
    433                      }
    434                  }
    435              #elif (SYSTEM_ACU_HANDLING == ENABLED)
    436                  API011AppCtrlPublishStatus();
    437              #endif
    438          }
   \                     API011AppCtrl__Handler: (+1)
   \   00000000   0x4770             BX       LR               ;; return
    439          
    440          //----------------------------------------------------------------------------------------------------------
    441          /**
    442           * @brief   This method parses messages target to the API017 sent to a broadcast or exclusively to this node for Reveal 4.x.
    443           * @param   buffer contains the Wide package that contains the message
    444           * @return  REVEAL_RECIPE_STATUS_TYPE that express the result of the parsing.
    445           */

   \                                 In section .text, align 4, keep-with-next
    446          REVEAL_RECIPE_STATUS_TYPE API011AppCtrl__CommandParser(REVEAL_MSG_TYPE * buffer)
    447          {
   \                     API011AppCtrl__CommandParser: (+1)
   \   00000000   0xB530             PUSH     {R4,R5,LR}
   \   00000002   0xB081             SUB      SP,SP,#+4
    448              REVEAL_RECIPE_STATUS_TYPE retval;
    449              #if (SYSTEM_ACU_HANDLING == ENABLED)
    450              REVEAL_COMMAND_TYPE * ptr;
    451              uint8 size;
    452              CYCLE_NAME_TYPE cycle_name;
    453              uint8 compartment;
    454              uint8 selector_regulation_position = REGULATION_INVALID;
    455              uint8 num_of_selector_index_values;
    456              uint8 function_position;
    457              uint8 remaining_bytes;
    458              #endif
    459          
    460              MICRO_DECLARE_INTERRUPT_CONTEXT_LOCAL();
    461          
    462              retval = NVO_RS_READY;
    463          
    464              // data is a pointer that points to the payload
    465              switch ((API011APPCTRL_OPCODE_TYPE)buffer->op_code)
   \   00000004   0x7901             LDRB     R1,[R0, #+4]
   \   00000006   0xF001 0x011F      AND      R1,R1,#0x1F
   \   0000000A   0x2400             MOVS     R4,#+0
   \   0000000C   0x1F89             SUBS     R1,R1,#+6
   \   0000000E   0x2908             CMP      R1,#+8
   \   00000010   0xD84C             BHI.N    ??API011AppCtrl__CommandParser_1
   \   00000012   0xE8DF 0xF001      TBB      [PC, R1]
   \                     ??API011AppCtrl__CommandParser_0:
   \   00000016   0x05 0x23          DC8      0x5,0x23,0x3A,0x4B
   \              0x3A 0x4B    
   \   0000001A   0x4B 0x4B          DC8      0x4B,0x4B,0x4B,0x4B
   \              0x4B 0x4B    
   \   0000001E   0x40 0x00          DC8      0x40,0x0
    466              {
    467                  case API011APPCTRL_OPCODE_REQ_PUB_MODE:
    468                      if (API011AppCtrl__PubMode() == FALSE)
   \                     ??API011AppCtrl__CommandParser_2: (+1)
   \   00000020   0x2302             MOVS     R3,#+2
   \   00000022   0x220F             MOVS     R2,#+15
   \   00000024   0x2106             MOVS     R1,#+6
   \   00000026   0x200B             MOVS     R0,#+11
   \   00000028   0x.... 0x....      BL       Reveal__NewFeedback
   \   0000002C   0x0005             MOVS     R5,R0
   \   0000002E   0xD011             BEQ.N    ??API011AppCtrl__CommandParser_3
   \   00000030   0x.... 0x....      BL       Mode__GetMode
   \   00000034   0x4601             MOV      R1,R0
   \   00000036   0x4628             MOV      R0,R5
   \   00000038   0x.... 0x....      BL       Reveal__AddDataU8
   \   0000003C   0x.... 0x....      BL       Mode__GetSubMode
   \   00000040   0x4601             MOV      R1,R0
   \   00000042   0x4628             MOV      R0,R5
   \   00000044   0x.... 0x....      BL       Reveal__AddDataU8
   \   00000048   0x4628             MOV      R0,R5
   \   0000004A   0x.... 0x....      BL       Reveal__QueueCommand
    469                      {
    470                          retval = NVO_RS_BUSY;
    471                      }
    472                      break;
    473                  case API011APPCTRL_OPCODE_SET_MODE:
    474                      if (buffer->size == 1)
    475                      {
    476                          Mode__SetMode((MODE_TYPE)buffer->payload[0]);
    477                      }
    478                      else if (buffer->size == 2)
    479                      {
    480                          Mode__SetModeExtended((MODE_TYPE)buffer->payload[0],(SUBMODE_TYPE)buffer->payload[1]);
    481                      }
    482                      else
    483                      {
    484                          retval = NVO_RS_UNSUP_INVALID_PARAM;
    485                      }
    486                      break;
    487                  case API011APPCTRL_OPCODE_MODE_HEARTBEAT:
    488                      //buffer->payload[0] = heartbeat signature
    489                      Mode__SpecialHeartBeat(MODE_SPECIAL_HEARTBEAT_PC_CONTROL);
    490                      break;
    491              #if (SYSTEM_ACU_HANDLING == ENABLED)
    492                  case API011APPCTRL_OPCODE_REQ_PUB_STATUS:
    493                      if (API011AppCtrl__PubStatus() == FALSE)
    494                      {
    495                          retval = NVO_RS_REJECTED;
    496                      }
    497                      break;
    498                  case API011APPCTRL_OPCODE_REQ_PUB_REGULATIONS:
    499                      (void)API011AppCtrl__PubRegulations(buffer->node_id);
    500                      break;
    501                  case API011APPCTRL_OPCODE_SET_REGULATIONS:
    502                      Regulations__SetRequestIndexBuffer(&buffer->payload[1],buffer->size-1);
    503                      break;
    504                  case API011APPCTRL_OPCODE_REG_POSITION_BY_ID:
    505          
    506                      if (buffer->size == 1)
    507                      {
    508                          ptr = API011REVEAL__NEWFEEDBACK(API011APPCTRL_NUM, API011APPCTRL_OPCODE_REG_POSITION_BY_ID, REVEAL_BROADCAST_NODE,2);
    509                          if (ptr != (REVEAL_COMMAND_TYPE *) NULL)
    510                          {
    511                              Reveal__AddDataU8(ptr, buffer->payload[0]); // Reg ID
    512                              Reveal__AddDataU8(ptr, Regulations__GetPositionByFunctionID(buffer->payload[0],0)); // Reg Position
    513                              Reveal__QueueCommand(ptr);
    514                          }
    515                      }
    516                      else if (buffer->size == 2)
    517                      {
    518                          ptr = API011REVEAL__NEWFEEDBACK(API011APPCTRL_NUM, API011APPCTRL_OPCODE_REG_POSITION_BY_ID, REVEAL_BROADCAST_NODE,3);
    519                          if (ptr != (REVEAL_COMMAND_TYPE *) NULL)
    520                          {
    521                              Reveal__AddDataU8(ptr, buffer->payload[0]); // Reg ID
    522                              Reveal__AddDataU8(ptr, buffer->payload[1]); // Compartment
    523                              Reveal__AddDataU8(ptr, Regulations__GetPositionByFunctionID(buffer->payload[0],buffer->payload[1]));
    524                              Reveal__QueueCommand(ptr);
    525                          }
    526                      }
    527                      else
    528                      {
    529                          retval = NVO_RS_UNSUP_INVALID_PARAM;
    530                      }
    531          
    532                      break;
    533                  case API011APPCTRL_OPCODE_REG_NUM_CYCLES:
    534                      ptr = API011REVEAL__NEWFEEDBACK(API011APPCTRL_NUM, API011APPCTRL_OPCODE_REG_NUM_CYCLES, REVEAL_BROADCAST_NODE,APPLIANCE_MAX_COMPARTMENTS);
    535                      if (ptr != (REVEAL_COMMAND_TYPE *) NULL)
    536                      {
    537                          uint8 compartment_index;
    538          
    539                          for (compartment_index = 0; compartment_index < APPLIANCE_MAX_COMPARTMENTS; compartment_index++)    // Add number of cycles in each compartment
    540                          {
    541                              Reveal__AddDataU8(ptr, Selector__GetNumberOfCycles(PRIMARY_SETTING_FILE, compartment_index));
    542                          }
    543          
    544                          Reveal__QueueCommand(ptr);
    545                      }
    546                      break;
    547                  case API011APPCTRL_OPCODE_REG_PUB_STATUS_STRUCTURE:
    548                      size = Status__GetSize();
    549          
    550                      if (size > 0)
    551                      {
    552                          size = (size *3) + 1;
    553          
    554                          ptr = API011REVEAL__NEWFEEDBACK(API011APPCTRL_NUM, API011APPCTRL_OPCODE_REG_PUB_STATUS_STRUCTURE, REVEAL_BROADCAST_NODE,size+1);
    555                          if (ptr != (REVEAL_COMMAND_TYPE *) NULL)
    556                          {
    557                              Status__BuildStatusInfoPackage(ptr);
    558                              Reveal__QueueCommand(ptr);
    559                          }
    560                      }
    561                      else
    562                      {
    563                          ptr = API011REVEAL__NEWFEEDBACK(API011APPCTRL_NUM, API011APPCTRL_OPCODE_ERROR, REVEAL_BROADCAST_NODE,1);
    564                          if (ptr != (REVEAL_COMMAND_TYPE *) NULL)
    565                          {
    566                              Reveal__AddDataU8(ptr, API011APPCTRL_ERROR_STATUS_NOT_LOADED);
    567                              Reveal__QueueCommand(ptr);
    568                          }
    569                      }
    570                      break;
    571                  case API011APPCTRL_OPCODE_REQ_PUB_FUNCTION_IDS:
    572                      size = Regulations__GetTotalSize();                     // Number of regulations to send function ID information
    573                      function_position = 0;                                  // Start with the first function
    574                      remaining_bytes = size * API011_FUNCTION_ID_DATA_SIZE;  // Multiplying since x bytes are added to the payload for each function (function ID and compartment)
    575          
    576                      while (remaining_bytes > 0)
    577                      {
    578                          ptr = API011REVEAL__NEWFEEDBACK(API011APPCTRL_NUM, API011APPCTRL_OPCODE_REQ_PUB_FUNCTION_IDS, REVEAL_BROADCAST_NODE, size * API011_FUNCTION_ID_DATA_SIZE);
    579          
    580                          if (ptr != (REVEAL_COMMAND_TYPE *) NULL)
    581                          {
    582                              REGULATIONS_CONFIG_TYPE * regulation_config;
    583                              for (uint8 payload_index = 0; payload_index < (REVEAL_PAYLOAD_SIZE - 1); payload_index+=API011_FUNCTION_ID_DATA_SIZE)    // Add function ID and compartment for each function position
    584                              {
    585                                  regulation_config = Regulations__GetRegulationConfig(function_position);
    586                                  Reveal__AddDataU8(ptr, regulation_config->Function_ID);
    587                                  Reveal__AddDataU8(ptr, regulation_config->Compartment);
    588                                  function_position++;                                // Move to next function
    589                                  remaining_bytes -= API011_FUNCTION_ID_DATA_SIZE;    // Subtract x bytes that were added (function ID and compartment)
    590          
    591                                  if (remaining_bytes == 0)
    592                                  {
    593                                      break;                                          // Exit for loop, there are no more bytes to send
    594                                  }
    595                              }
    596          
    597                              // Set the MMP flag if there will be more messages to send
    598                              if (remaining_bytes > 0)
    599                              {
    600                                  ptr->opcode |= REVEAL_MMP_BIT;
    601                              }
    602          
    603                              Reveal__QueueCommand(ptr);
    604                          }
    605                          else
    606                          {
    607                              break;  // Exit while loop if unable to get Reveal message
    608                          }
    609                      }
    610                      break;
    611                  case API011APPCTRL_OPCODE_REQ_PUB_CYCLE_NAMES:
    612                      compartment = buffer->payload[0];
    613                      selector_regulation_position = Regulations__GetPositionByFunctionID(FUNC_ID_SELECTOR, compartment);
    614                      num_of_selector_index_values = Regulations__GetRegulationConfig(selector_regulation_position)->Num_Regulations;
    615          
    616                      ptr = API011REVEAL__NEWFEEDBACK(API011APPCTRL_NUM,API011APPCTRL_OPCODE_REQ_PUB_CYCLE_NAMES, REVEAL_BROADCAST_NODE, (1 + (2 * num_of_selector_index_values)));
    617          
    618                      if (ptr != (REVEAL_COMMAND_TYPE *) NULL)
    619                      {
    620                          // Payload contains:
    621                          // [0]: Compartment ID
    622                          // [1,2]: Cycle Name of cycle indicated by the Main Value at index 1 in the regulation table of Selector regulation
    623                          // [3,4]: Cycle Name of cycle indicated by the Main Value at index 2 in the regulation table of Selector regulation.
    624                          // ......
    625                          Reveal__AddDataU8(ptr, compartment);
    626          
    627                          // Add the 2-byte cycle name for each cycle that can be accessed by the Selector regulation
    628                          for (uint8 selector_index = 1; selector_index < num_of_selector_index_values; selector_index++)
    629                          {
    630                              cycle_name = Selector__GetCycleNameId(PRIMARY_SETTING_FILE, compartment, Regulations__GetMainValueByPositionPlusIndex(selector_regulation_position, selector_index));
    631                              Reveal__AddDataU16(ptr, cycle_name);
    632                          }
    633                          Reveal__QueueCommand(ptr);
    634                      }
    635          
    636                      break;
    637              #endif //(SYSTEM_ACU_HANDLING == ENABLED)
    638          
    639                  case API011APPCTRL_OPCODE_RESTORE_FACTORY_REGULATION_INDEX:
    640          
    641                      //The blow code shall be protected. No other Threads shall be serviced here
    642                      MICRO_SAVE_INTERRUPT_CONTEXT_LOCAL();
    643          
    644                      #if (NVDATA_STORE_APPLIANCE_AND_STATISTICS_FEATURE == ENABLED)
    645                          //Store the Data
    646                          NVData__SetApplianceSegmentCorrupt();
    647                      #endif
    648          
    649                      Micro__ForceReset(MICRO_RESET_MODE_COLD);
    650                      MICRO_RESTORE_INTERRUPT_CONTEXT_LOCAL();
    651                      break;
    652          
    653                  default:
    654                      retval = NVO_RS_UNSUP_OP_CODE;
    655                      break;
    656              }
    657          
    658              return (retval);
   \   0000004E   0x4620             MOV      R0,R4
   \   00000050   0xB001             ADD      SP,SP,#+4
   \   00000052   0xBD30             POP      {R4,R5,PC}
   \                     ??API011AppCtrl__CommandParser_3: (+1)
   \   00000054   0x2401             MOVS     R4,#+1
   \   00000056   0x4620             MOV      R0,R4
   \   00000058   0xB001             ADD      SP,SP,#+4
   \   0000005A   0xBD30             POP      {R4,R5,PC}
   \                     ??API011AppCtrl__CommandParser_4: (+1)
   \   0000005C   0xF890 0x1048      LDRB     R1,[R0, #+72]
   \   00000060   0x2901             CMP      R1,#+1
   \   00000062   0xD105             BNE.N    ??API011AppCtrl__CommandParser_5
   \   00000064   0x7940             LDRB     R0,[R0, #+5]
   \   00000066   0x.... 0x....      BL       Mode__SetMode
   \   0000006A   0x4620             MOV      R0,R4
   \   0000006C   0xB001             ADD      SP,SP,#+4
   \   0000006E   0xBD30             POP      {R4,R5,PC}
   \                     ??API011AppCtrl__CommandParser_5: (+1)
   \   00000070   0x2902             CMP      R1,#+2
   \   00000072   0xD106             BNE.N    ??API011AppCtrl__CommandParser_6
   \   00000074   0x7981             LDRB     R1,[R0, #+6]
   \   00000076   0x7940             LDRB     R0,[R0, #+5]
   \   00000078   0x.... 0x....      BL       Mode__SetModeExtended
   \   0000007C   0x4620             MOV      R0,R4
   \   0000007E   0xB001             ADD      SP,SP,#+4
   \   00000080   0xBD30             POP      {R4,R5,PC}
   \                     ??API011AppCtrl__CommandParser_6: (+1)
   \   00000082   0x2407             MOVS     R4,#+7
   \   00000084   0x4620             MOV      R0,R4
   \   00000086   0xB001             ADD      SP,SP,#+4
   \   00000088   0xBD30             POP      {R4,R5,PC}
   \                     ??API011AppCtrl__CommandParser_7: (+1)
   \   0000008A   0x20AA             MOVS     R0,#+170
   \   0000008C   0x.... 0x....      BL       Mode__SpecialHeartBeat
   \   00000090   0x4620             MOV      R0,R4
   \   00000092   0xB001             ADD      SP,SP,#+4
   \   00000094   0xBD30             POP      {R4,R5,PC}
   \                     ??API011AppCtrl__CommandParser_8: (+1)
   \   00000096   0xF3EF 0x8510      MRS      R5,PRIMASK
   \   0000009A   0xB672             CPSID    I
   \   0000009C   0x2000             MOVS     R0,#+0
   \   0000009E   0x.... 0x....      BL       Micro__ForceReset
   \   000000A2   0xF385 0x8810      MSR      PRIMASK,R5
   \   000000A6   0x4620             MOV      R0,R4
   \   000000A8   0xB001             ADD      SP,SP,#+4
   \   000000AA   0xBD30             POP      {R4,R5,PC}
   \                     ??API011AppCtrl__CommandParser_1: (+1)
   \   000000AC   0x2405             MOVS     R4,#+5
   \   000000AE   0x4620             MOV      R0,R4
   \   000000B0   0xB001             ADD      SP,SP,#+4
   \   000000B2   0xBD30             POP      {R4,R5,PC}       ;; return
    659          }
    660          
    661          
    662          //----------------------------------------------------------------------------------------------------------
    663          /**
    664           * @brief This method parses feedbacks to the API011AppCtrl sent to a broadcast or exclusively to this node.
    665           * @param buffer contains the Wide package that contains the message
    666           */

   \                                 In section .text, align 2, keep-with-next
    667          void API011AppCtrl__FeedbackParser(REVEAL_MSG_TYPE * buffer)
    668          {
   \                     API011AppCtrl__FeedbackParser: (+1)
   \   00000000   0xB510             PUSH     {R4,LR}
   \   00000002   0x4604             MOV      R4,R0
    669              switch ((API011APPCTRL_OPCODE_TYPE)buffer->op_code)
   \   00000004   0x7920             LDRB     R0,[R4, #+4]
   \   00000006   0xF000 0x001F      AND      R0,R0,#0x1F
   \   0000000A   0x2806             CMP      R0,#+6
   \   0000000C   0xD107             BNE.N    ??API011AppCtrl__FeedbackParser_0
    670              {
    671              #if (SYSTEM_HMI_HANDLING == ENABLED)
    672                  case API011APPCTRL_OPCODE_REQ_PUB_STATUS:
    673                      if (API011AppCtrl_Request_Message_Content == API011APPCTRL_MESSAGE_REQUEST_STATUS)
    674                      {
    675                          Millis__Subtract(&API011_Elapsed_Time,API011APPCTRL_STANDARD_REQUEST_PERIOD);
    676                          API011AppCtrl_Request_Message_Content = API011APPCTRL_MESSAGE_REQUEST_REGULATIONS;
    677                      }
    678                      API011_Num_Of_Consecutive_Regulations_Requests = 0;
    679          
    680                      #define VARIABLE_PAYLOAD_SIZE       (buffer->size - 1)
    681          
    682                      Status__SetACUStatus(buffer->payload[0], &buffer->payload[1],VARIABLE_PAYLOAD_SIZE);
    683          
    684                      break;
    685                  case API011APPCTRL_OPCODE_REQ_PUB_REGULATIONS:
    686                      if (API011AppCtrl_Request_Message_Content == API011APPCTRL_MESSAGE_REQUEST_REGULATIONS)
    687                      {
    688                          Millis__Subtract(&API011_Elapsed_Time,API011APPCTRL_STANDARD_REQUEST_PERIOD);
    689                          API011AppCtrl_Request_Message_Content = API011APPCTRL_MESSAGE_REQUEST_STATUS;
    690                      }
    691                      Regulations__SetIndexBuffer(&buffer->payload[1],buffer->size-1);
    692                      API011APPCTRL_REGULATION_RX_NOTIFICATION();
    693                      API011_Received_Regulations = TRUE;
    694                      break;
    695              #endif
    696                  case API011APPCTRL_OPCODE_REQ_PUB_MODE:
    697                      Mode__SaveRemoteMode((MODE_TYPE)buffer->payload[0]);
   \   0000000E   0x7960             LDRB     R0,[R4, #+5]
   \   00000010   0x.... 0x....      BL       Mode__SaveRemoteMode
    698                      Mode__SaveRemoteSubMode((SUBMODE_TYPE)buffer->payload[1]);
   \   00000014   0x79A0             LDRB     R0,[R4, #+6]
   \   00000016   0xE8BD 0x4010      POP      {R4,LR}
   \   0000001A   0x.... 0x....      B.W      Mode__SaveRemoteSubMode
    699                      break;
    700                  case API011APPCTRL_OPCODE_ERROR:
    701                      API011APPCTRL__RECEIVED_ERROR(buffer->node_id,buffer->payload[1]);
    702                      break;
    703                  default:
    704                      break;
    705              }
    706          }
   \                     ??API011AppCtrl__FeedbackParser_0: (+1)
   \   0000001E   0xBD10             POP      {R4,PC}          ;; return
    707          
    708          //----------------------------------------------------------------------------------------------------------
    709          /**
    710           * @brief This method is used from the Application to request the status from a given node.
    711           * @param address
    712           * @return
    713           */

   \                                 In section .text, align 2, keep-with-next
    714          BOOL_TYPE API011AppCtrl__RequestStatus(uint8 address)
                                                              ^
Remark[Pe826]: parameter "address" was never referenced
    715          {
    716              #if (SYSTEM_HMI_HANDLING == ENABLED)
    717                  return (Reveal__QueueMessageNoData((uint8)API011APPCTRL_NUM,(uint8)API011APPCTRL_OPCODE_REQ_PUB_STATUS,address,TRUE,(BOOL_TYPE)API0011APPCTRL_USE_PRIORITY_QUEUE));
    718              #else
    719                  return (FALSE);
   \                     API011AppCtrl__RequestStatus: (+1)
   \   00000000   0x2000             MOVS     R0,#+0
   \   00000002   0x4770             BX       LR               ;; return
    720              #endif
    721          }
    722          
    723          //----------------------------------------------------------------------------------------------------------
    724          /**
    725           * @brief This method is used to Request Regulations from a given Node.
    726           * @param address
    727           * @return
    728           */

   \                                 In section .text, align 2, keep-with-next
    729          BOOL_TYPE API011AppCtrl__RequestRegulations(uint8 address)
                                                                   ^
Remark[Pe826]: parameter "address" was never referenced
    730          {
    731              #if (SYSTEM_HMI_HANDLING == ENABLED)
    732                  return (Reveal__QueueMessageNoData((uint8)API011APPCTRL_NUM,(uint8)API011APPCTRL_OPCODE_REQ_PUB_REGULATIONS,address,TRUE,(BOOL_TYPE)API0011APPCTRL_USE_PRIORITY_QUEUE));
    733              #else
    734                  return (FALSE);
   \                     API011AppCtrl__RequestRegulations: (+1)
   \   00000000   0x2000             MOVS     R0,#+0
   \   00000002   0x4770             BX       LR               ;; return
    735              #endif
    736          }
    737          
    738          
    739          //----------------------------------------------------------------------------------------------------------
    740          /**
    741           * @brief   Method to set regulations on the ACU.
    742           * @details This method should not be called from any project specific module. It should only be called
    743           *          from the RegulationFilter module to avoid any side effects. This method prevents a regulation 
    744           *          message from being sent before regulations have been received by this node.
    745           * @param   address: node ID to send the regulations to
    746           * @retval  TRUE:  Regulations were successfully sent
    747           * @retval  FALSE: Regulations have not been received from the ACU yet, no regulations are defined or
    748           *                 no reveal message could be created
    749           */

   \                                 In section .text, align 2, keep-with-next
    750          BOOL_TYPE API011AppCtrl__SetRegulations(uint8 address)
                                                               ^
Remark[Pe826]: parameter "address" was never referenced
    751          {
    752              #if (SYSTEM_HMI_HANDLING == ENABLED)
    753                  BOOL_TYPE retval = FALSE;
    754                  if (API011_Received_Regulations == TRUE)  // Only send regulations once they've been received from the ACU
    755                  {
    756                      uint8 * ptd = (uint8 *)Regulations__GetIndexRequestBufferPtr(); //lint !e926 cast from pointer to pointer [MISRA 2004 Rule 11.4]
    757                      uint8 size = Regulations__GetTotalSize();
    758          
    759                      if ((size > 0) &&
    760                          (ptd != NULL))
    761                      {
    762                          REVEAL_COMMAND_TYPE * ptr = API011REVEAL__NEWCOMMAND(API011APPCTRL_NUM, API011APPCTRL_OPCODE_SET_REGULATIONS, address,size+1);
    763                          if (ptr != (REVEAL_COMMAND_TYPE *) NULL)
    764                          {
    765                              Reveal__AddDataU8(ptr, 0);      // The requirement for this data ("product type") has not yet been defined.
    766                              Reveal__AddDataU8Buffer(ptr, ptd,size);
    767                              Reveal__QueueCommand(ptr);
    768                              retval = TRUE;
    769                              API011_Num_Of_Consecutive_Regulations_Sets++;
    770                              Millis__SetElapsed(&API011_Elapsed_Time,API011APPCTRL_STANDARD_REQUEST_PERIOD - API011APPCTRL_TIMEOUT_TO_NEXT_REQUEST);
    771                              API011AppCtrl_Request_Message_Content = API011APPCTRL_MESSAGE_REQUEST_REGULATIONS;
    772                          }
    773                      }
    774                  }
    775                  return (retval);
    776              #else
    777                  return (FALSE);
   \                     API011AppCtrl__SetRegulations: (+1)
   \   00000000   0x2000             MOVS     R0,#+0
   \   00000002   0x4770             BX       LR               ;; return
    778              #endif
    779          }
    780          
    781          //----------------------------------------------------------------------------------------------------------
    782          /**
    783           * @brief This method is used to publish the current Mode as a broadcast feedback.
    784           * @param mode
    785           * @return
    786           */

   \                                 In section .text, align 2, keep-with-next
    787          BOOL_TYPE API011AppCtrl__PubMode(void)
    788          {
   \                     API011AppCtrl__PubMode: (+1)
   \   00000000   0xB510             PUSH     {R4,LR}
    789              REVEAL_COMMAND_TYPE * ptr;
    790              ptr = API011REVEAL__NEWFEEDBACK(API011APPCTRL_NUM, API011APPCTRL_OPCODE_REQ_PUB_MODE, REVEAL_BROADCAST_NODE,2);
   \   00000002   0x2302             MOVS     R3,#+2
   \   00000004   0x220F             MOVS     R2,#+15
   \   00000006   0x2106             MOVS     R1,#+6
   \   00000008   0x200B             MOVS     R0,#+11
   \   0000000A   0x.... 0x....      BL       Reveal__NewFeedback
   \   0000000E   0x0004             MOVS     R4,R0
    791          
    792              if (ptr != (REVEAL_COMMAND_TYPE *) NULL)
   \   00000010   0xD010             BEQ.N    ??API011AppCtrl__PubMode_0
    793              {
    794                  Reveal__AddDataU8(ptr, Mode__GetMode());
   \   00000012   0x.... 0x....      BL       Mode__GetMode
   \   00000016   0x4601             MOV      R1,R0
   \   00000018   0x4620             MOV      R0,R4
   \   0000001A   0x.... 0x....      BL       Reveal__AddDataU8
    795                  Reveal__AddDataU8(ptr, Mode__GetSubMode());
   \   0000001E   0x.... 0x....      BL       Mode__GetSubMode
   \   00000022   0x4601             MOV      R1,R0
   \   00000024   0x4620             MOV      R0,R4
   \   00000026   0x.... 0x....      BL       Reveal__AddDataU8
    796                  Reveal__QueueCommand(ptr);
   \   0000002A   0x4620             MOV      R0,R4
   \   0000002C   0x.... 0x....      BL       Reveal__QueueCommand
    797                  return (TRUE);
   \   00000030   0x2001             MOVS     R0,#+1
   \   00000032   0xBD10             POP      {R4,PC}
    798              }
    799              else
    800              {
    801                  return (FALSE);
   \                     ??API011AppCtrl__PubMode_0: (+1)
   \   00000034   0x2000             MOVS     R0,#+0
   \   00000036   0xBD10             POP      {R4,PC}          ;; return
    802              }
    803          }
    804          
    805          //----------------------------------------------------------------------------------------------------------
    806          /**
    807           * @brief This method published the Status when requested, via command or function call.
    808           * @details Multiple messages are sent if the data does not fit in the messages
    809           * @return
    810           *  @retval - TRUE(1) - Able to build the message with all the status data
    811           *  @retval - FALSE(0) - Failed to build the message
    812           */

   \                                 In section .text, align 2, keep-with-next
    813          BOOL_TYPE API011AppCtrl__PubStatus(void)
    814          {
    815              #if (SYSTEM_ACU_HANDLING == ENABLED)
    816                  REVEAL_COMMAND_TYPE * ptr           = NULL;
    817                  uint8 variable_list_track           = 0;
    818                  BOOL_TYPE status                    = FALSE;
    819                  BOOL_TYPE variables_pending         = FALSE;
    820          
    821                  if ((API011_Status_Ready == TRUE) &&    // Only publish status when the ApplianceMgr module has reported that it is stable AND
    822                      (Status__IsValid() == TRUE))        // status configuration is vaild
    823                  {
    824                      //The below logic sends multiple messages if all the data does not fit in one message
    825                      do
    826                      {
    827                          #define VARIABLE_PAYLOAD_ALLOWED_LENGTH         (REVEAL_PAYLOAD_SIZE - 1)
    828          
    829                          ptr = Reveal__NewFeedback(API011APPCTRL_NUM, API011APPCTRL_OPCODE_REQ_PUB_STATUS, REVEAL_BROADCAST_NODE, VARIABLE_PAYLOAD_ALLOWED_LENGTH);
    830                          if (ptr != (REVEAL_COMMAND_TYPE *)NULL)
    831                          {
    832                              Reveal__AddDataU8(ptr, variable_list_track);
    833                              if (Status__BuildPackage(ptr, &variable_list_track, &variables_pending, VARIABLE_PAYLOAD_ALLOWED_LENGTH) == PASS)
    834                              {
    835                                  if (variables_pending == TRUE)
    836                                  {
    837                                      //set the mmp bit if their are more than one message needs to be send
    838                                      ptr->opcode |= REVEAL_MMP_BIT;
    839                                  }
    840                                  status = Reveal__QueueCommand(ptr);
    841                              }
    842                              else
    843                              {
    844                                  status = FALSE;
    845                              }
    846                          }
    847                          else
    848                          {
    849                              status = FALSE;
    850                          }
    851                      }while((variables_pending == TRUE) && (status == TRUE));
    852                  }
    853          
    854                  return(status);
    855              #else
    856                  return (FALSE);
   \                     API011AppCtrl__PubStatus: (+1)
   \   00000000   0x2000             MOVS     R0,#+0
   \   00000002   0x4770             BX       LR               ;; return
    857              #endif
    858          }
    859          
    860          //----------------------------------------------------------------------------------------------------------
    861          /**
    862           * @brief This method published the Regulations when requested, via command of function call.
    863           * @return
    864           */

   \                                 In section .text, align 2, keep-with-next
    865          BOOL_TYPE API011AppCtrl__PubRegulations(uint8 node_id)
                                                               ^
Remark[Pe826]: parameter "node_id" was never referenced
    866          {
    867              #if (SYSTEM_ACU_HANDLING == ENABLED)
    868                  REVEAL_COMMAND_TYPE * ptr;
    869                  uint8 size;
    870                  uint8 * ptd;
    871                  BOOL_TYPE retval;
    872          
    873                  retval = FALSE;
    874                  size = Regulations__GetTotalSize();
    875                  ptd = (uint8 *)Regulations__GetIndexBufferPtr();
    876          
    877                  if (ptd != NULL)
    878                  {
    879                      ptr = API011REVEAL__NEWFEEDBACK(API011APPCTRL_NUM, API011APPCTRL_OPCODE_REQ_PUB_REGULATIONS, node_id, size+1);
    880                      if (ptr != (REVEAL_COMMAND_TYPE *) NULL)
    881                      {
    882                          Reveal__AddDataU8(ptr, 0);  // The requirement for this data ("product type") has not yet been defined.
    883                          Reveal__AddDataU8Buffer(ptr, ptd,size);
    884                          Reveal__QueueCommand(ptr);
    885                          retval = TRUE;
    886                      }
    887                  }
    888          
    889                  if ((size == 0) ||
    890                      (ptd == NULL))
    891                  {
    892                      ptr = API011REVEAL__NEWFEEDBACK(API011APPCTRL_NUM, API011APPCTRL_OPCODE_ERROR, node_id,1);
    893                      if (ptr != (REVEAL_COMMAND_TYPE *) NULL)
    894                      {
    895                          Reveal__AddDataU8(ptr, API011APPCTRL_ERROR_REGULATION_NOT_LOADED);
    896                          Reveal__QueueCommand(ptr);
    897                      }
    898                  }
    899          
    900                  return (retval);
    901              #else
    902                  return (FALSE);
   \                     API011AppCtrl__PubRegulations: (+1)
   \   00000000   0x2000             MOVS     R0,#+0
   \   00000002   0x4770             BX       LR               ;; return
    903              #endif
    904          }
    905          
    906          //----------------------------------------------------------------------------------------------------------
    907          /**
    908           * @brief This method is used to control the polling process from the HMI to the ACU.
    909           * @param state
    910           */

   \                                 In section .text, align 2, keep-with-next
    911          void API011AppCtrl__SetRegStatusPolling(ON_OFF_TYPE state)
                                                                     ^
Remark[Pe826]: parameter "state" was never referenced
    912          {
    913              #if (SYSTEM_HMI_HANDLING == ENABLED)
    914                  API011_Hmi_Poll_Reg_Status = state;
    915              #endif
    916          }
   \                     API011AppCtrl__SetRegStatusPolling: (+1)
   \   00000000   0x4770             BX       LR               ;; return
    917          //=====================================================================================================================
    918          //-------------------------------------- Private Functions ------------------------------------------------------------
    919          //=====================================================================================================================
    920          
    921          #if ((SYSTEM_ACU_HANDLING == ENABLED) && (SYSTEM_HMI_HANDLING == DISABLED))
    922          //----------------------------------------------------------------------------------------------------------
    923          /**
    924           * Local function to allow publishing Status on Event base. (ON CHANGE)
    925           * Here we check if the CRC of the Status variables has changed using a CRC16.
    926           */
    927          static void API011AppCtrlPublishStatus(void)
    928          {
    929              if (API011_Status_Ready == TRUE)                 // Wait for status variables to be ready before publishing
    930              {
    931                  if (Status__HasChanged() == TRUE)            // Publish if any status variable has changed
    932                  {                                            // Note: Calling Status__HasChanged() affects the logic that determines if the status has changed
    933                      API011AppCtrl__PubStatus();
    934                  }
    935              }
    936              else if ((ApplianceMgr__IsStable() == TRUE) &&
    937                       (Status__IsValid() == TRUE))           // Don't want to send status message if the setting file configuration is not valid
    938              {
    939                  API011_Status_Ready = TRUE;
    940                  API011AppCtrl__PubStatus();
    941                  Status__HasChanged();                       // Update logic in Status module so it doesn't repeat the same message
    942              }
    943          }
    944          #endif

   Maximum stack usage in bytes:

   .cstack Function
   ------- --------
      16   API011AppCtrl__CommandParser
        16   -> Micro__ForceReset
        16   -> Mode__GetMode
        16   -> Mode__GetSubMode
        16   -> Mode__SetMode
        16   -> Mode__SetModeExtended
        16   -> Mode__SpecialHeartBeat
        16   -> Reveal__AddDataU8
        16   -> Reveal__NewFeedback
        16   -> Reveal__QueueCommand
       8   API011AppCtrl__FeedbackParser
         8   -> Mode__SaveRemoteMode
         0   -> Mode__SaveRemoteSubMode
       0   API011AppCtrl__Handler
       8   API011AppCtrl__Initialize
         8   -> Mode__GetMode
         8   -> Mode__GetSubMode
         8   -> Reveal__AddDataU8
         8   -> Reveal__NewFeedback
         0   -> Reveal__QueueCommand
       8   API011AppCtrl__PubMode
         8   -> Mode__GetMode
         8   -> Mode__GetSubMode
         8   -> Reveal__AddDataU8
         8   -> Reveal__NewFeedback
         8   -> Reveal__QueueCommand
       0   API011AppCtrl__PubRegulations
       0   API011AppCtrl__PubStatus
       0   API011AppCtrl__RequestRegulations
       0   API011AppCtrl__RequestStatus
       0   API011AppCtrl__SetRegStatusPolling
       0   API011AppCtrl__SetRegulations


   Section sizes:

   Bytes  Function/Label
   -----  --------------
     180  API011AppCtrl__CommandParser
      32  API011AppCtrl__FeedbackParser
       2  API011AppCtrl__Handler
      54  API011AppCtrl__Initialize
      56  API011AppCtrl__PubMode
       4  API011AppCtrl__PubRegulations
       4  API011AppCtrl__PubStatus
       4  API011AppCtrl__RequestRegulations
       4  API011AppCtrl__RequestStatus
       2  API011AppCtrl__SetRegStatusPolling
       4  API011AppCtrl__SetRegulations

 
 346 bytes in section .text
 
 346 bytes of CODE memory

Errors: none
Warnings: none
