###############################################################################
#
# IAR ANSI C/C++ Compiler V7.20.5.7591/W32 for ARM        06/Aug/2024  13:41:30
# Copyright 1999-2014 IAR Systems AB.
#
#    Cpu mode     =  thumb
#    Endian       =  little
#    Source file  =  
#        C:\Data\Python\Self_Commissioning_Bpm\source\Category\Common\BoardDebugging\BoardDebugging.c
#    Command line =  
#        -I./ -I../cx/ -I../cx/inc/ -ICategory/ -ICategory/Application/
#        -ICategory/Application/ThermalModel/
#        -ICategory/Application/ThermalModel/ThermalModelCore_DD/
#        -ICategory/Application/ThermalModel/ThermalModelCore_sBPM/
#        -ICategory/Common/ -ICategory/Common/BoardDebugging/
#        -ICategory/Common/MasterCommander/
#        -ICategory/Common/MasterCommander/Source/
#        -ICategory/Common/MasterCommander/Source/HAL/
#        -ICategory/Common/SelfCommissioning/ -ICategory/Hbl/
#        -IProjectSpecific/ -IProjectSpecific/Application/
#        -IProjectSpecific/Application/API007App/
#        -IProjectSpecific/Application/ModeManagement/
#        -IProjectSpecific/Application/MotorSelector/
#        -IProjectSpecific/Application/ProductInfo/
#        -IProjectSpecific/Application/SRMcuSpeedMonitor/
#        -IProjectSpecific/Application/ThermalModel/
#        -IProjectSpecific/CommonCore/ -IProjectSpecific/Driver/
#        -IProjectSpecific/MasterCommander/ -IProjectSpecific/Mci/
#        -IProjectSpecific/Mci/Mcl/ -IProjectSpecific/Mci/Mcl/old_xls/
#        -IXCategory/ -IXCategory/Application/
#        -IXCategory/Application/MciParametersLoader/
#        -IXCategory/Application/Mode/ -IXCategory/Application/Reveal_APIs/
#        -IXCategory/Application/Reveal_APIs/API003Disc/
#        -IXCategory/Application/Reveal_APIs/API004Debug/
#        -IXCategory/Application/Reveal_APIs/API005LowLevel/
#        -IXCategory/Application/Reveal_APIs/API007Data/
#        -IXCategory/Application/Reveal_APIs/API009System/
#        -IXCategory/Application/Reveal_APIs/API010PollVar/
#        -IXCategory/Application/Reveal_APIs/API011AppCtr/
#        -IXCategory/Application/Reveal_APIs/API013RemoteFunction/
#        -IXCategory/Application/Reveal_APIs/API018Diagnostic/
#        -IXCategory/Application/Reveal_APIs/API019ProductInfo/
#        -IXCategory/Application/Reveal_APIs/API220MotorControl/
#        -IXCategory/Application/Reveal_APIs/API220MotorControl/API/
#        -IXCategory/Application/Reveal_APIs/API221MotionCtrl/
#        -IXCategory/Application/Reveal_APIs/SRAPI020Safety/
#        -IXCategory/Application/SFUpdater/ -IXCategory/Common/
#        -IXCategory/Common/Crc16/ -IXCategory/Common/Crc8/
#        -IXCategory/Common/Log/ -IXCategory/Common/Millis/
#        -IXCategory/Common/SettingFile/ -IXCategory/Common/SRClockMonitor/
#        -IXCategory/Common/SRData/ -IXCategory/Common/SRException/
#        -IXCategory/Common/SRFlow/ -IXCategory/Common/SRIsrMonitor/
#        -IXCategory/Common/SRMain/ -IXCategory/Common/SRMcuSpeedMonitor/
#        -IXCategory/Common/SRPowerMgr/ -IXCategory/Common/SRSignature/
#        -IXCategory/Common/SRSystemConfig/
#        -IXCategory/Common/SRTimerReference/ -IXCategory/Common/SystemConfig/
#        -IXCategory/Common/SystemTimers/ -IXCategory/Common/Utilities/
#        -IXCategory/Driver/ -IXCategory/Driver/API/
#        -IXCategory/Driver/API/Comparator/ -IXCategory/Driver/API/DataFlash/
#        -IXCategory/Driver/API/Dma/ -IXCategory/Driver/API/Flash/
#        -IXCategory/Driver/API/Gpio/ -IXCategory/Driver/API/Micro/
#        -IXCategory/Driver/API/Spi/ -IXCategory/Driver/API/SRMCAtod/
#        -IXCategory/Driver/API/SRMCInputCapture/
#        -IXCategory/Driver/API/SRMCPwm/ -IXCategory/Driver/API/TimerInterrupt/
#        -IXCategory/Driver/API/Uart/ -IXCategory/Driver/Comparator/
#        -IXCategory/Driver/DataFlash/ -IXCategory/Driver/Dma/
#        -IXCategory/Driver/Flash/ -IXCategory/Driver/Gpio/
#        -IXCategory/Driver/Micro/ -IXCategory/Driver/Spi/
#        -IXCategory/Driver/SRMCAtod/ -IXCategory/Driver/SRMCInputCapture/
#        -IXCategory/Driver/SRMCPwm/ -IXCategory/Driver/TimerInterrupt/
#        -IXCategory/Driver/Uart/ -IXCategory/Hbl/ -IXCategory/Hbl/Mci/
#        -IXCategory/Hbl/Mci/InverterTemp/ -IXCategory/Hbl/Mci/Mcl/
#        -IXCategory/Hbl/Mci/Mcl/Braking/ -IXCategory/Hbl/Mci/Mcl/MacroBlocks/
#        -IXCategory/Hbl/Mci/Mcl/MclFvt/ -IXCategory/Hbl/Mci/Mcl/MicroBlocks/
#        -IXCategory/Hbl/Mci/Mcl/MicroBlocks/ClrkPark/
#        -IXCategory/Hbl/Mci/Mcl/MicroBlocks/Filters/
#        -IXCategory/Hbl/Mci/Mcl/MicroBlocks/Math/
#        -IXCategory/Hbl/Mci/Mcl/MicroBlocks/ObserverPmsm/
#        -IXCategory/Hbl/Mci/Mcl/MicroBlocks/Pi/
#        -IXCategory/Hbl/Mci/Mcl/MicroBlocks/PwmModulation/
#        -IXCategory/Hbl/Mci/Mcl/ResistanceEstimation/
#        -IXCategory/Hbl/Mci/PowerModuleManager/
#        -IXCategory/Hbl/Mci/SpeedRefGen/ -IXCategory/Hbl/Mci/SurgeRelay/
#        -IXCategory/Hbl/SRMotorSafetyMgr/
#        -IXCategory/Hbl/SRMotorSafetyMgr/API/ -IXCategory/Service/
#        -IXCategory/Service/Reveal/ -IXCategory/Service/Win/ --remarks
#        --no_tbaa --debug --use_c++_inline --only_stdout --dlib_config
#        ..\cx\inc\DLib_Config_Normal.h -r -D
#        ENABLE_JUMP_TO_APPLICATION_WITHOUT_IAP_FIRMWARE -D
#        SET_FLASH_OPTION_CONFIGURATION -D ARM_MATH_CM4 -e --silent
#        --endian=little --cpu Cortex-M4 --fpu=VFPv4_sp -Ohs -o
#        BoardDebugging.obj -l ..\listings\BoardDebugging.lst
#        C:\Data\Python\Self_Commissioning_Bpm\source\Category\Common\BoardDebugging\BoardDebugging.c
#    List file    =  ..\listings\BoardDebugging.lst
#    Object file  =  BoardDebugging.obj
#
###############################################################################

C:\Data\Python\Self_Commissioning_Bpm\source\Category\Common\BoardDebugging\BoardDebugging.c
      1          /**
      2           *  @file       BoardDebugging.c
      3           *
      4           *  @brief      Debugging features
      5           *
      6           *  @details
      7           *
      8           *  @section
      9           *
     10           *  @copyright  Copyright 2013-$Date: 2016/01/11 12:30:13CET $. Whirlpool Corporation. All rights reserved - CONFIDENTIAL
     11           */
     12          //---------------------------------------------------------------------------------------------------------------------
     13          //---------------------------------------------------------------------------------------------------------------------
     14          
     15          //-------------------------------------- Include Files ----------------------------------------------------------------
     16          
     17          #include "BoardDebugging.h"
     18          #include "BoardDebugging_prv.h"
     19          #include "mci.h"
     20          
     21          #ifndef BD_RESET
     22              #define BD_RESET                 DISABLED
     23          #endif
     24          
     25          #ifndef BD_MCI_CMD
     26              #define BD_MCI_CMD               DISABLED
     27          #endif
     28          
     29          #ifndef BD_ADC_NOISE_ASSESSMENT
     30              #define BD_ADC_NOISE_ASSESSMENT  DISABLED
     31          #endif
     32          
     33          #ifndef BD_PWM_ACCESS
     34              #define BD_PWM_ACCESS            DISABLED
     35          #endif
     36          
     37          #ifndef BD_ADC_SYNCH_ADJUST
     38              #define BD_ADC_SYNCH_ADJUST      DISABLED
     39          #endif
     40          
     41          #ifndef DEBUG_MASTERCOMMANDER
     42              #define DEBUG_MASTERCOMMANDER    DISABLED
     43          #endif
     44          
     45          #ifndef BD_LED
     46              #define BD_LED                   DISABLED
     47          #endif
     48          
     49          #ifndef BD_AUTORUN
     50              #define BD_AUTORUN                   DISABLED
     51          #endif
     52          
     53          #ifndef BD_INTERRUPT_ANALYSIS
     54              #define BD_INTERRUPT_ANALYSIS    DISABLED
     55          #endif
     56          
     57          #if (BD_LED == ENABLED)
     58              #define LED_INIT_COUNTER         (uint16)(LED_INIT_COUNTER_MS / 25)
     59              #define LED_TIMER                (uint16)(LED_TIMER_MS / 25)
     60          #endif
     61          //-------------------------------------- PRIVATE (Variables, Constants & Defines) -------------------------------------
     62          #if (DEBUG_MASTERCOMMANDER == ENABLED)
     63              #include "MasterCommander.h"
     64          #endif
     65          
     66          #if (FEATURE_MCI_CONTROLS_SPI == ENABLED)
     67          	#include "Beagle.h"
     68          	#include "Mcl.h"
     69          	#include "SystemConfig.h"
     70          	#include "API010PollVar.h"
     71          #endif
     72          
     73          #if (BD_MCI_CMD == ENABLED)
     74              typedef enum
     75              {
     76                  SELECT_STOP,
     77                  SELECT_SPEED,
     78                  SELECT_MANUAL,
     79                  SELECT_PWM,
     80                  SELECT_DISABLED,
     81                  SELECT_PLTSPECIFIC,
     82              } SELECT_SPD_MANUAL_TYPE;
     83          

   \                                 In section .data, align 4
     84              static sint8 BD_Update_Cmd;
   \                     BD_Update_Cmd:
   \   00000000   0x00               DC8 0
     85          
     86              static SELECT_SPD_MANUAL_TYPE BD_Select_Method;
   \                     BD_Select_Method:
   \   00000001   0x00               DC8 0
     87          
     88              static MOTOR_ENUM_TYPE BD_Motor;
   \                     BD_Motor:
   \   00000002   0x00               DC8 0
     89          
     90              static sint16 BD_Target_Speed;
     91              static sint16 BD_Target_Accel;
     92              static sint16 BD_Target_Stop;
     93              static MCI_INJECTION_TYPE BD_Manual_Method;
   \                     BD_Manual_Method:
   \   00000003   0x00               DC8 0
     94              static sint32 BD_Level_x32;
     95              static sint32 BD_Level_Rate_x32;
     96              static sint32 BD_Param_x32;
     97              static sint32 BD_Param_Rate_x32;
     98          
     99              #ifdef BD_PLT_SPECIFIC
    100              static uint8 BD_Plt_Specific_Buffer_Size;
    101              static uint8 BD_Plt_Specific_Buffer[10];
    102              #endif
    103              #ifndef BD_CUSTOM_CMD
    104                  // define here macros for standard MCI commands
    105                  #define BD_RUN(motor_index, target_speed, target_accel)                                              Mci__Run(motor_index, target_speed, target_accel)
    106                  #define BD_MANUAL_INJ(motor_index, method, level_x32, level_rate_x32, param_x32, param_rate_x32)     Mci__Manual_Injection(motor_index, method, level_x32, level_rate_x32, param_x32, param_rate_x32)
    107                  #define BD_STOP(motor_index, target_stop)                                                            Mci__Stop(motor_index, target_stop)
    108                  // otherwise macros definition will be in prv file (for instance for Dishwasher application)
    109          
    110              #endif
    111          #endif
    112          
    113          #if (BD_RESET == ENABLED)
    114              #include "Micro.h"
    115              static uint8   BD_Reset = 255;  //  force reset from Board Debugging
   \                     BD_Reset:
   \   00000004   0xFF               DC8 255
   \   00000005   0x00               DC8 0
   \                     BD_Target_Speed:
   \   00000006   0x00 0x00          DC8 0, 0
   \                     BD_Target_Accel:
   \   00000008   0x00 0x00          DC8 0, 0
   \                     BD_Target_Stop:
   \   0000000A   0x00 0x00          DC8 0, 0
   \                     BD_Level_x32:
   \   0000000C   0x00 0x00          DC8 0, 0, 0, 0
   \              0x00 0x00    
   \                     BD_Level_Rate_x32:
   \   00000010   0x00 0x00          DC8 0, 0, 0, 0
   \              0x00 0x00    
   \                     BD_Param_x32:
   \   00000014   0x00 0x00          DC8 0, 0, 0, 0
   \              0x00 0x00    
   \                     BD_Param_Rate_x32:
   \   00000018   0x00 0x00          DC8 0, 0, 0, 0
   \              0x00 0x00    
    116          #endif
    117          
    118              /////////////////////////////////////////////////////////////////////////////////////////////////////////////////
    119              ///////////////////////////////////////////// --- ADC NOISE ASSESMENT --/////////////////////////////////////////
    120          #if (BD_ADC_NOISE_ASSESSMENT == ENABLED)
    121              #include "MotorSafetyMgr.h"
    122              #include "MathCalc.h"
    123              #include "Mcl.h"
    124          
    125          // structure declaration
    126              typedef struct{
    127                  sint16 Signal_K_1;
    128                  sint16 Signal_K_2;
    129                  uint16 Noise_Cnt;
    130                  uint16 Noise_Ampl_Max;
    131              } NOISE_SIGNAL_TYPE;
    132          
    133              static NOISE_SIGNAL_TYPE Current_A;
    134              static NOISE_SIGNAL_TYPE Current_B;
    135              static NOISE_SIGNAL_TYPE Current_C;
    136              static NOISE_SIGNAL_TYPE DcBus;
    137          
    138              static uint16 Current_Noise_Thr;
    139              static uint16 DcBus_Noise_Thr;
    140              static uint16 Noise_Measure_Window;
    141              static uint16 Noise_Measure_Window_Cnt;
    142          
    143          #endif
    144              /////////////////////////////////////////////////////////////////////////////////////////////////////////////////
    145              /////////////////////////////////////////////////////////////////////////////////////////////////////////////////
    146          
    147          
    148              /////////////////////////////////////////////////////////////////////////////////////////////////////////////////
    149              ///////////////////////////////////////////// --- PWM SIGNALS DEBUG ---//////////////////////////////////////////
    150          
    151          
    152          #if (BD_PWM_ACCESS == ENABLED)
    153              #include "MclBasicTypes.h"
    154              #include "MotorSafetyMgr.h"
    155              #include "Mcl.h"
    156              static uint8 Pwm_Turn_On_Flag;
    157              static ABC_COOR_SYST_TYPE Pwm_Duty_Hw_Dbg;
    158          
    159              extern MCI_CONTROL_STATE_TYPE Mci_Control_State;           //!< Define the states used in this controller
    160          
    161          #endif
    162          
    163          
    164          #if (BD_ADC_SYNCH_ADJUST == ENABLED)
    165              static uint8  Adc_Conv_Synch_Adjust;
    166              static volatile sint16 Adc_Conv_Synch_Value;
    167          #endif
    168          
    169          #if (BD_LED == ENABLED)
    170          	#include "Gpio.h"
    171              static BOOL_TYPE Is_Led_Blinking;
    172              static uint16 Led_Counter;
    173          #endif
    174          
    175          
    176          #if (BD_INTERRUPT_ANALYSIS == ENABLED)
    177              // CPU processing time and overload
    178              static volatile float32 BD_Fast_Isr_Ovl_Perc;
    179              static volatile uint16  BD_Fast_Isr_Max_us;
    180              static volatile uint16  BD_Fast_Isr_Duration_us;
    181              static volatile float32 BD_Pwm_Isr_Ovl_Perc;
    182              static volatile float32 BD_Pwm_Isr_Max_us;
    183              static volatile float32 BD_Pwm_Isr_Duration_us;
    184          #endif
    185          
    186          #if (BD_AUTORUN == ENABLED)
    187              static uint16	BD_Auto_Start_Counter;
    188              static uint16 BD_Autorun_Update_Cmd;
    189              sint16 BD_Autorun_Target_Speed;
    190              static sint16 BD_Autorun_Target_Accel ;
    191          #endif
    192          
    193          #if (FEATURE_MCI_CONTROLS_SPI == ENABLED)
    194          
    195              extern MCL_IO_TYPE Mcl_IO;
    196              extern MCL_DQ_CTRL_IO_F_TYPE Mcl_DQ_Ctrl_IO;
    197              extern MCL_QUANTITIES_TYPE Mcl_Quantities;
    198          
    199              BEAGLE_DATA_TYPE Beagle_Data_Buffer[BEAGLE_BUFFER_SIZE];
    200              BEAGLE_DATA_TYPE *Beagle_Data_Points[BEAGLE_BUFFER_SIZE];
    201              API010_VARIABLE_TYPE Spi_Address[BEAGLE_BUFFER_SIZE];
    202              uint16 Sample_Period = 1;       //Default sampling period = 1ms
    203              uint8  Beagle_Skip_Calls = 2;   //Default beagle skip calls = 2 ( = 1ms)
    204          
    205          #endif
    206          //-------------------------------------- PUBLIC (Variables) -----------------------------------------------------------
    207          
    208          
    209          
    210          
    211          //-------------------------------------- PRIVATE (Function Prototypes) ------------------------------------------------
    212          
    213          #if (BD_ADC_NOISE_ASSESSMENT == ENABLED)
    214          static void AdcNoiseInit();
    215          static void AdcNoiseHandler();
    216          static void AdcNoiseMeasure(sint16 signal, NOISE_SIGNAL_TYPE* noise_signal, uint16 noise_thr);
    217          #endif
    218          
    219          
    220          #if (FEATURE_MCI_CONTROLS_SPI == ENABLED)
    221          static void Beagle_FastHandler(void);
    222          #endif
    223          
    224          //=====================================================================================================================
    225          //-------------------------------------- Public Functions -------------------------------------------------------------
    226          //=====================================================================================================================
    227          
    228          
    229          
    230          
    231          
    232          //---------------------------------------------------------------------------------------------------------------------
    233          /**
    234           *  @brief      It Initializes the module BoardDebugging and its variables
    235           *
    236           *  @details    The selected debugging features are initialized
    237           *
    238           */

   \                                 In section .text, align 2, keep-with-next
    239          void BoardDebugging__Initialize(void)
    240          {
   \                     BoardDebugging__Initialize: (+1)
   \   00000000   0xB500             PUSH     {LR}
   \   00000002   0xB081             SUB      SP,SP,#+4
    241          
    242          #if (DEBUG_MASTERCOMMANDER == ENABLED)
    243              MasterCommander__Initialize();
   \   00000004   0x.... 0x....      BL       MasterCommander__Initialize
    244          #endif
    245          
    246          #if (BD_ADC_NOISE_ASSESSMENT == ENABLED)
    247              AdcNoiseInit();
    248          #endif
    249          
    250          #if (BD_RESET == ENABLED)
    251              BD_Reset = 255;
   \   00000008   0x....             LDR.N    R0,??DataTable1
   \   0000000A   0x21FF             MOVS     R1,#+255
   \   0000000C   0x7101             STRB     R1,[R0, #+4]
    252          #endif
    253          
    254          #if (BD_MCI_CMD == ENABLED)
    255          
    256              BD_Select_Method = SELECT_SPEED;
    257              BD_Update_Cmd = 0;
    258          
    259              BD_Motor = BD_MOTOR_INIT;
    260          
    261              BD_Target_Speed = BD_SPEED_INIT;
    262              BD_Target_Accel = BD_ACCEL_INIT;
    263              BD_Target_Stop  = BD_STOP_INIT;
    264          
    265              BD_Manual_Method  = BD_MANUAL_METHOD_INIT;
    266              BD_Level_x32      = (sint32)(BD_LEVEL_INIT      * 32.0f);
    267              BD_Level_Rate_x32 = (sint32)(BD_LEVEL_RATE_INIT * 32.0f);
    268              BD_Param_x32      = (sint32)(BD_PARAM_INIT      * 32.0f);
    269              BD_Param_Rate_x32 = (sint32)(BD_PARAM_RATE_INIT * 32.0f);
    270          
    271          #endif
    272          
    273          #if (BD_PWM_ACCESS == ENABLED)
    274              Pwm_Duty_Hw_Dbg.A = 16384;
    275              Pwm_Duty_Hw_Dbg.B = 16384;
    276              Pwm_Duty_Hw_Dbg.C = 16384;
    277          #endif
    278          
    279          #if (BD_LED == ENABLED)
    280              Is_Led_Blinking = FALSE;
    281              Led_Counter = LED_INIT_COUNTER;
    282              Gpio__PinConfig(LED_PORT,LED_PIN,OUTPUT_PUSHPULL);
    283              GPIO__PIN_SET(LED_PORT,LED_PIN);
    284          #endif
    285          
    286          #if (BD_AUTORUN == ENABLED)
    287              BD_Auto_Start_Counter = BD_AUTORUN_START_TIME;
    288              BD_Autorun_Update_Cmd = 1;
    289              BD_Autorun_Target_Speed = BD_AUTORUN_SPEED_INIT;
    290              BD_Autorun_Target_Accel = BD_AUTORUN_ACCEL_INIT;
    291          #endif
    292          
    293          #if (FEATURE_MCI_CONTROLS_SPI == ENABLED)
    294          
    295              Beagle_Data_Points[0] = &Mcl_Quantities.Speed_Rot;
    296              Beagle_Data_Points[1] = &Mcl_IO.Speed_Rot_Ref;
    297              Beagle_Data_Points[2] = &Mcl_Quantities.Torque_Ref;
    298              Beagle_Data_Points[3] = &Mcl_Quantities.Torque;
    299              Beagle_Data_Points[4] = Mcl_DQ_Ctrl_IO.D_Ref;
    300              Beagle_Data_Points[5] = Mcl_DQ_Ctrl_IO.Q_Ref;
    301              Beagle_Data_Points[6] = &Mcl_IO.Is_ABC.A;
    302              Beagle_Data_Points[7] = &Mcl_IO.Is_ABC.B;
    303              Beagle_Data_Points[8] = &Mcl_IO.Is_ABC.C;
    304              Beagle_Data_Points[9] = &Mcl_IO.Vdc;
    305              Beagle_Data_Points[10] = NULL;
    306              Beagle_Data_Points[11] = NULL;
    307          
    308              Beagle__Init(Beagle_Data_Buffer);
    309          #endif
    310          
    311          }
   \   0000000E   0xB001             ADD      SP,SP,#+4
   \   00000010   0x2101             MOVS     R1,#+1
   \   00000012   0x7041             STRB     R1,[R0, #+1]
   \   00000014   0x2100             MOVS     R1,#+0
   \   00000016   0x7001             STRB     R1,[R0, #+0]
   \   00000018   0x7081             STRB     R1,[R0, #+2]
   \   0000001A   0x80C1             STRH     R1,[R0, #+6]
   \   0000001C   0x8101             STRH     R1,[R0, #+8]
   \   0000001E   0x8141             STRH     R1,[R0, #+10]
   \   00000020   0x2103             MOVS     R1,#+3
   \   00000022   0x70C1             STRB     R1,[R0, #+3]
   \   00000024   0x2120             MOVS     R1,#+32
   \   00000026   0x60C1             STR      R1,[R0, #+12]
   \   00000028   0x6101             STR      R1,[R0, #+16]
   \   0000002A   0x6141             STR      R1,[R0, #+20]
   \   0000002C   0x6181             STR      R1,[R0, #+24]
   \   0000002E   0xBD00             POP      {PC}             ;; return
    312          
    313          
    314          //---------------------------------------------------------------------------------------------------------------------
    315          /**
    316           *  @brief      Pwm handler for MasterCommander. Rate: every 62.5 us
    317           *
    318           */
    319          
    320          

   \                                 In section .text, align 2, keep-with-next
    321          void BoardDebugging__PwmHandler(void)
    322          {
    323          #if (BD_ADC_NOISE_ASSESSMENT == ENABLED)
    324              // Adc noise calculation
    325              // make sure this is executed after offset calculation
    326              if (MotorSafetyMgr__IsInIdle() || (Mci__GetAnalog(MOTOR0, MCI_AI_INTERNAL_MCI_STATE) >= 3)) // >= MCI_IDLE
    327              {
    328                  AdcNoiseHandler();
    329              }
    330          #endif
    331          
    332          
    333          #if (BD_PWM_ACCESS == ENABLED)
    334              if(Pwm_Turn_On_Flag && (MotorSafetyMgr__DoesClassAHaveAccessToPwm() == TRUE))
    335              {
    336                  if (BD_Update_Cmd != 0)
    337                  {
    338                      // Apply the PWM
    339                      MotorSafetyMgr__UpdatePwm(Pwm_Duty_Hw_Dbg.A, Pwm_Duty_Hw_Dbg.B, Pwm_Duty_Hw_Dbg.C);
    340          
    341                      BD_Update_Cmd = 0;
    342                  }
    343              }
    344          #endif
    345          
    346          
    347          #if (BD_ADC_SYNCH_ADJUST == ENABLED)
    348              if (Adc_Conv_Synch_Adjust != 0)
    349              {
    350                  SRMCAtod__SetSyncDelay(Adc_Conv_Synch_Value);
    351                  Adc_Conv_Synch_Adjust  = 0;
    352              }
    353          #endif
    354          
    355          #if (DEBUG_MASTERCOMMANDER == ENABLED)
    356              MasterCommander__PwmHandler();
   \                     BoardDebugging__PwmHandler: (+1)
   \   00000000   0x.... 0x....      B.W      MasterCommander__PwmHandler
    357          #endif
    358          }
    359          
    360          //---------------------------------------------------------------------------------------------------------------------
    361          /**
    362           *  @brief      Board Debugging handler for 250 us
    363           *
    364           */

   \                                 In section .text, align 2, keep-with-next
    365          void BoardDebugging__250usHandler(void)
    366          {
    367          #if (DEBUG_MASTERCOMMANDER == ENABLED)
    368              MasterCommander__FastHandler();
   \                     BoardDebugging__250usHandler: (+1)
   \   00000000   0x.... 0x....      B.W      MasterCommander__FastHandler
    369          #endif
    370          
    371          #if (FEATURE_MCI_CONTROLS_SPI == ENABLED)
    372              Beagle_FastHandler();
    373          #endif
    374          
    375          }
    376          
    377          
    378          //---------------------------------------------------------------------------------------------------------------------
    379          /**
    380           *  @brief      Board Debugging handler for 25 ms
    381           *
    382           */
    383          #pragma optimize = none

   \                                 In section .text, align 2, keep-with-next
    384          void BoardDebugging__25msHandler(void)
    385          {
   \                     BoardDebugging__25msHandler: (+1)
   \   00000000   0xB500             PUSH     {LR}
   \   00000002   0xB083             SUB      SP,SP,#+12
    386          #if (BD_RESET == ENABLED)
    387              if (BD_Reset != 255)
   \   00000004   0x....             LDR.N    R0,??DataTable1_1
   \   00000006   0x7800             LDRB     R0,[R0, #+0]
   \   00000008   0x28FF             CMP      R0,#+255
   \   0000000A   0xD003             BEQ.N    ??BoardDebugging__25msHandler_0
    388              {
    389                  Micro__ForceReset((MICRO_RESET_MODE_TYPE)BD_Reset);
   \   0000000C   0x....             LDR.N    R0,??DataTable1_1
   \   0000000E   0x7800             LDRB     R0,[R0, #+0]
   \   00000010   0x.... 0x....      BL       Micro__ForceReset
    390              }
    391          #endif
    392          
    393          #if (BD_PWM_ACCESS == ENABLED)
    394              if ((BD_Select_Method == SELECT_PWM) && (BD_Update_Cmd != 0))
    395              {
    396                  if (Pwm_Turn_On_Flag == 0)
    397                  {
    398                      Pwm_Turn_On_Flag = 1;
    399                      MotorSafetyMgr__Prepare2StartMotor();
    400                      // put MCI in debug state
    401                      Mci_Control_State = MCI_DEBUGGING;
    402                      Mcl__SetDigital(MCL_WRITE_INJECTION_DC_VOLTAGE);
    403                  }
    404              }
    405              if((BD_Select_Method == SELECT_STOP) && Pwm_Turn_On_Flag == 1)
    406              {
    407                  Pwm_Turn_On_Flag = 0;
    408                  MotorSafetyMgr__Prepare2StopMotor();
    409                  BD_Select_Method = SELECT_DISABLED;
    410                  Mci_Control_State = MCI_IDLE;
    411              }
    412          #endif
    413          
    414          #if (BD_MCI_CMD == ENABLED)
    415              if((BD_Select_Method == SELECT_SPEED) && (BD_Update_Cmd != 0))
   \                     ??BoardDebugging__25msHandler_0: (+1)
   \   00000014   0x....             LDR.N    R0,??DataTable1_2
   \   00000016   0x7800             LDRB     R0,[R0, #+0]
   \   00000018   0x2801             CMP      R0,#+1
   \   0000001A   0xD120             BNE.N    ??BoardDebugging__25msHandler_1
   \   0000001C   0x....             LDR.N    R0,??DataTable1
   \   0000001E   0xF990 0x0000      LDRSB    R0,[R0, #+0]
   \   00000022   0x2800             CMP      R0,#+0
   \   00000024   0xD01B             BEQ.N    ??BoardDebugging__25msHandler_1
    416              {
    417                  if(BD_Target_Speed != 0)
   \   00000026   0x....             LDR.N    R0,??DataTable1_3
   \   00000028   0xF9B0 0x0000      LDRSH    R0,[R0, #+0]
   \   0000002C   0x2800             CMP      R0,#+0
   \   0000002E   0xD00C             BEQ.N    ??BoardDebugging__25msHandler_2
    418                  {
    419                      BD_Update_Cmd = BD_RUN(BD_Motor, BD_Target_Speed, BD_Target_Accel);
   \   00000030   0x....             LDR.N    R0,??DataTable1_4
   \   00000032   0xF9B0 0x2000      LDRSH    R2,[R0, #+0]
   \   00000036   0x....             LDR.N    R0,??DataTable1_3
   \   00000038   0xF9B0 0x1000      LDRSH    R1,[R0, #+0]
   \   0000003C   0x....             LDR.N    R0,??DataTable1_5
   \   0000003E   0x7800             LDRB     R0,[R0, #+0]
   \   00000040   0x.... 0x....      BL       Mci__Run
   \   00000044   0x....             LDR.N    R1,??DataTable1
   \   00000046   0x7008             STRB     R0,[R1, #+0]
   \   00000048   0xE03B             B.N      ??BoardDebugging__25msHandler_3
    420                  }
    421                  else
    422                  {
    423                      BD_Update_Cmd = BD_STOP(BD_Motor, BD_Target_Accel);
   \                     ??BoardDebugging__25msHandler_2: (+1)
   \   0000004A   0x....             LDR.N    R0,??DataTable1_4
   \   0000004C   0xF9B0 0x1000      LDRSH    R1,[R0, #+0]
   \   00000050   0x....             LDR.N    R0,??DataTable1_5
   \   00000052   0x7800             LDRB     R0,[R0, #+0]
   \   00000054   0x.... 0x....      BL       Mci__Stop
   \   00000058   0x....             LDR.N    R1,??DataTable1
   \   0000005A   0x7008             STRB     R0,[R1, #+0]
   \   0000005C   0xE031             B.N      ??BoardDebugging__25msHandler_3
    424                  }
    425              }
    426              else if((BD_Select_Method == SELECT_MANUAL) && (BD_Update_Cmd != 0))
   \                     ??BoardDebugging__25msHandler_1: (+1)
   \   0000005E   0x....             LDR.N    R0,??DataTable1_2
   \   00000060   0x7800             LDRB     R0,[R0, #+0]
   \   00000062   0x2802             CMP      R0,#+2
   \   00000064   0xD117             BNE.N    ??BoardDebugging__25msHandler_4
   \   00000066   0x....             LDR.N    R0,??DataTable1
   \   00000068   0xF990 0x0000      LDRSB    R0,[R0, #+0]
   \   0000006C   0x2800             CMP      R0,#+0
   \   0000006E   0xD012             BEQ.N    ??BoardDebugging__25msHandler_4
    427              {
    428                  BD_Update_Cmd = BD_MANUAL_INJ(BD_Motor, BD_Manual_Method, BD_Level_x32, BD_Level_Rate_x32, BD_Param_x32, BD_Param_Rate_x32);
   \   00000070   0x....             LDR.N    R0,??DataTable1_6
   \   00000072   0x6800             LDR      R0,[R0, #+0]
   \   00000074   0x9001             STR      R0,[SP, #+4]
   \   00000076   0x....             LDR.N    R0,??DataTable1_7
   \   00000078   0x6800             LDR      R0,[R0, #+0]
   \   0000007A   0x9000             STR      R0,[SP, #+0]
   \   0000007C   0x....             LDR.N    R0,??DataTable1_8
   \   0000007E   0x6803             LDR      R3,[R0, #+0]
   \   00000080   0x....             LDR.N    R0,??DataTable1_9
   \   00000082   0x6802             LDR      R2,[R0, #+0]
   \   00000084   0x....             LDR.N    R0,??DataTable1_10
   \   00000086   0x7801             LDRB     R1,[R0, #+0]
   \   00000088   0x....             LDR.N    R0,??DataTable1_5
   \   0000008A   0x7800             LDRB     R0,[R0, #+0]
   \   0000008C   0x.... 0x....      BL       Mci__Manual_Injection
   \   00000090   0x....             LDR.N    R1,??DataTable1
   \   00000092   0x7008             STRB     R0,[R1, #+0]
   \   00000094   0xE015             B.N      ??BoardDebugging__25msHandler_3
    429              }
    430              else if(BD_Select_Method == SELECT_STOP)
   \                     ??BoardDebugging__25msHandler_4: (+1)
   \   00000096   0x....             LDR.N    R0,??DataTable1_2
   \   00000098   0x7800             LDRB     R0,[R0, #+0]
   \   0000009A   0x2800             CMP      R0,#+0
   \   0000009C   0xD10A             BNE.N    ??BoardDebugging__25msHandler_5
    431              {
    432                  BD_STOP(BD_Motor, BD_Target_Stop);
   \   0000009E   0x....             LDR.N    R0,??DataTable1_11
   \   000000A0   0xF9B0 0x1000      LDRSH    R1,[R0, #+0]
   \   000000A4   0x....             LDR.N    R0,??DataTable1_5
   \   000000A6   0x7800             LDRB     R0,[R0, #+0]
   \   000000A8   0x.... 0x....      BL       Mci__Stop
    433                  BD_Select_Method = SELECT_DISABLED;
   \   000000AC   0x2004             MOVS     R0,#+4
   \   000000AE   0x....             LDR.N    R1,??DataTable1_2
   \   000000B0   0x7008             STRB     R0,[R1, #+0]
   \   000000B2   0xE006             B.N      ??BoardDebugging__25msHandler_3
    434              }
    435              else if(BD_Select_Method == SELECT_DISABLED)
   \                     ??BoardDebugging__25msHandler_5: (+1)
   \   000000B4   0x....             LDR.N    R0,??DataTable1_2
   \   000000B6   0x7800             LDRB     R0,[R0, #+0]
   \   000000B8   0x2804             CMP      R0,#+4
   \   000000BA   0xD102             BNE.N    ??BoardDebugging__25msHandler_3
    436              {
    437                  BD_Update_Cmd = 0;
   \   000000BC   0x2000             MOVS     R0,#+0
   \   000000BE   0x....             LDR.N    R1,??DataTable1
   \   000000C0   0x7008             STRB     R0,[R1, #+0]
    438              }
    439          #ifdef BD_PLT_SPECIFIC
    440              else if ((BD_Select_Method == SELECT_PLTSPECIFIC) && (BD_Update_Cmd != 0))
    441              {
    442                  BD_Update_Cmd = 0;
    443                  BD_PLT_SPECIFIC(BD_Motor, BD_Plt_Specific_Buffer);
    444              }
    445          #endif
    446          
    447              if (BD_Update_Cmd > 0)
   \                     ??BoardDebugging__25msHandler_3: (+1)
   \   000000C2   0x....             LDR.N    R0,??DataTable1
   \   000000C4   0xF990 0x0000      LDRSB    R0,[R0, #+0]
   \   000000C8   0x2801             CMP      R0,#+1
   \   000000CA   0xDB02             BLT.N    ??BoardDebugging__25msHandler_6
    448              {
    449                  BD_Update_Cmd = 0;
   \   000000CC   0x2000             MOVS     R0,#+0
   \   000000CE   0x....             LDR.N    R1,??DataTable1
   \   000000D0   0x7008             STRB     R0,[R1, #+0]
    450              }
    451          #endif
    452          
    453          
    454          #if (BD_ADC_NOISE_ASSESSMENT == ENABLED)
    455              Noise_Measure_Window_Cnt++;
    456              if(Noise_Measure_Window_Cnt == Noise_Measure_Window)
    457              {
    458                  Noise_Measure_Window_Cnt = 0;
    459                  Current_A.Noise_Cnt = 0;
    460                  Current_B.Noise_Cnt = 0;
    461                  Current_C.Noise_Cnt = 0;
    462                  DcBus.Noise_Cnt     = 0;
    463              }
    464          #endif
    465          
    466          #if (BD_LED == ENABLED)
    467              if(Is_Led_Blinking == FALSE)
    468              {
    469                  GPIO__PIN_SET(LED_PORT,LED_PIN);
    470                  Led_Counter--;
    471                  if(!Led_Counter)
    472                  {
    473                      Led_Counter = LED_TIMER;
    474                      Is_Led_Blinking = TRUE;
    475                  }
    476              }
    477              else
    478              {
    479                  Led_Counter--;
    480                  if(!Led_Counter)
    481                  {
    482                      GPIO__PIN_TOGGLE(LED_PORT,LED_PIN);
    483                      Led_Counter = LED_TIMER;
    484                      Is_Led_Blinking = TRUE;
    485                  }
    486              }
    487          #endif
    488          
    489          #if (BD_AUTORUN == ENABLED)
    490          
    491              if(BD_Autorun_Update_Cmd != 0)
    492              	BD_Auto_Start_Counter--;
    493          		if(!BD_Auto_Start_Counter)
    494          		{
    495          			BD_Auto_Start_Counter = BD_RETRY_COUNTER; //In case of previous command not accepted , retry after sometime.
    496          			BD_Autorun_Update_Cmd = BD_RUN(BD_Motor, BD_Autorun_Target_Speed, BD_Autorun_Target_Accel);
    497          		}
    498          #endif
    499          
    500          #if (FEATURE_MCI_CONTROLS_SPI == ENABLED)
    501          #ifndef MANUAL_BEAGLE_CHANNEL_CONFIG
    502          		API010PollVar__GetMemMapVarsList(Spi_Address, BEAGLE_CHANNEL_NUM, &Sample_Period);
    503          		if(Sample_Period > BEAGLE_MAX_SAMP_PER)
    504          		{
    505          			Sample_Period = BEAGLE_MAX_SAMP_PER;
    506          		}
    507          		Beagle_Skip_Calls = (Sample_Period) * 4 - 2;  //i.e In order to get 1 ms rate, 2 calls of 250us needs to be skipped. 1*4 - 2 = 2, for 25ms: 25*4-2 = 98
    508          		Beagle__ChangeRate(Beagle_Skip_Calls);
    509          #endif
    510          #endif
    511          }
   \                     ??BoardDebugging__25msHandler_6: (+1)
   \   000000D2   0xBD07             POP      {R0-R2,PC}       ;; return

   \                                 In section .text, align 4, keep-with-next
   \                     ??DataTable1:
   \   00000000   0x........         DC32     BD_Update_Cmd

   \                                 In section .text, align 4, keep-with-next
   \                     ??DataTable1_1:
   \   00000000   0x........         DC32     BD_Reset

   \                                 In section .text, align 4, keep-with-next
   \                     ??DataTable1_2:
   \   00000000   0x........         DC32     BD_Select_Method

   \                                 In section .text, align 4, keep-with-next
   \                     ??DataTable1_3:
   \   00000000   0x........         DC32     BD_Target_Speed

   \                                 In section .text, align 4, keep-with-next
   \                     ??DataTable1_4:
   \   00000000   0x........         DC32     BD_Target_Accel

   \                                 In section .text, align 4, keep-with-next
   \                     ??DataTable1_5:
   \   00000000   0x........         DC32     BD_Motor

   \                                 In section .text, align 4, keep-with-next
   \                     ??DataTable1_6:
   \   00000000   0x........         DC32     BD_Param_Rate_x32

   \                                 In section .text, align 4, keep-with-next
   \                     ??DataTable1_7:
   \   00000000   0x........         DC32     BD_Param_x32

   \                                 In section .text, align 4, keep-with-next
   \                     ??DataTable1_8:
   \   00000000   0x........         DC32     BD_Level_Rate_x32

   \                                 In section .text, align 4, keep-with-next
   \                     ??DataTable1_9:
   \   00000000   0x........         DC32     BD_Level_x32

   \                                 In section .text, align 4, keep-with-next
   \                     ??DataTable1_10:
   \   00000000   0x........         DC32     BD_Manual_Method

   \                                 In section .text, align 4, keep-with-next
   \                     ??DataTable1_11:
   \   00000000   0x........         DC32     BD_Target_Stop
    512          
    513          #if (BD_INTERRUPT_ANALYSIS == ENABLED)
    514          /*
    515           *   BD_Get_Fast_Duration_us(), BD_Fast_Overload(), BD_Get_PWM_Duration_us(), BD_PWM_Overload() are
    516           *   private functions. Implementation is micro specific, so they are placed in the BoardDebugging_prv.h file
    517           *   with the pragma inline
    518           */
    519          
    520          void BoardDebugging__FastIsrAnalysis(void)
    521          {
    522              uint16 temp;
    523              temp = BD_Get_Fast_Duration_us();
    524              BD_Fast_Isr_Duration_us = temp;
    525          
    526              if (temp > BD_Fast_Isr_Max_us)
    527              {   // update the max counter
    528                  BD_Fast_Isr_Max_us = BD_Fast_Isr_Duration_us;
    529              }
    530              // CPU overload
    531              BD_Fast_Overload(BD_Fast_Isr_Ovl_Perc);
    532          }
    533          
    534          void BoardDebugging__PwmIsrAnalysis(void)
    535          {
    536              float32 temp;
    537              temp = BD_Get_PWM_Duration_us();
    538              BD_Pwm_Isr_Duration_us = temp;
    539              if (temp > BD_Pwm_Isr_Max_us)
    540              {   // update the max counter
    541                  BD_Pwm_Isr_Max_us = BD_Pwm_Isr_Duration_us;
    542              }
    543          
    544              // CPU overload
    545              BD_PWM_Overload(BD_Pwm_Isr_Ovl_Perc);
    546          }
    547          #endif
    548          
    549          
    550          
    551          //=====================================================================================================================
    552          //-------------------------------------- Private Functions ------------------------------------------------------------
    553          //=====================================================================================================================
    554          
    555          #if (BD_ADC_NOISE_ASSESSMENT == ENABLED)
    556          static void AdcNoiseInit()
    557          {
    558              //Adc Noise counters initialization
    559              Current_A.Signal_K_1     = 0;
    560              Current_B.Signal_K_1     = 0;
    561              Current_C.Signal_K_1     = 0;
    562              DcBus.Signal_K_1         = 0;
    563          
    564              Current_A.Signal_K_2     = 0;
    565              Current_B.Signal_K_2     = 0;
    566              Current_C.Signal_K_2     = 0;
    567              DcBus.Signal_K_2         = 0;
    568          
    569          
    570              Current_A.Noise_Ampl_Max = 0;
    571              Current_B.Noise_Ampl_Max = 0;
    572              Current_C.Noise_Ampl_Max = 0;
    573              DcBus.Noise_Ampl_Max     = 0;
    574          
    575              Current_A.Noise_Cnt      = 0;
    576              Current_B.Noise_Cnt      = 0;
    577              Current_C.Noise_Cnt      = 0;
    578              DcBus.Noise_Cnt          = 0;
    579          
    580              Current_Noise_Thr = BD_CURRENT_NOISE_THR;
    581              DcBus_Noise_Thr = BD_DC_BUS_NOISE_THR;
    582          
    583              Noise_Measure_Window = BD_NOISE_WINDOW;
    584              Noise_Measure_Window_Cnt = 0;
    585          
    586          }
    587          
    588          static void AdcNoiseHandler()
    589          {
    590              sint16 current_a;
    591              sint16 current_b;
    592              sint16 current_c;
    593              sint16 dc_bus;
    594          
    595              // convert floating point mcl currents and DCbus voltage back to 1.15 notation
    596              // (to be used, for instance, in case of third current reconstruction)
    597              current_a = (sint16) BD_CURRENT(Mcl_IO.Is_ABC.A);
    598              current_b = (sint16) BD_CURRENT(Mcl_IO.Is_ABC.B);
    599              current_c = (sint16) BD_CURRENT(Mcl_IO.Is_ABC.C);
    600              dc_bus    = (sint16) BD_VOLTAGE(Mcl_IO.Vdc);
    601          
    602          
    603              //--------------- Motor Current Adc Noise measurement -----------------------
    604              AdcNoiseMeasure(current_a, &Current_A, Current_Noise_Thr);
    605              AdcNoiseMeasure(current_b, &Current_B, Current_Noise_Thr);
    606              AdcNoiseMeasure(current_c, &Current_C, Current_Noise_Thr);
    607          
    608              //--------------- Dc Bus  Noise measurement -------------------------
    609              AdcNoiseMeasure(dc_bus, &DcBus, DcBus_Noise_Thr);
    610          
    611          }
    612          
    613          
    614          static void AdcNoiseMeasure(sint16 signal, NOISE_SIGNAL_TYPE* noise_signal, uint16 noise_thr)
    615          {
    616              sint16 signal_mean;
    617              sint16 signal_delta;
    618          
    619          
    620              signal_mean = (signal>>1) + (noise_signal->Signal_K_2 >>1);
    621          
    622              signal_delta = MATHCALC__ABS(noise_signal->Signal_K_1 - signal_mean);
    623          
    624              if(signal_delta > noise_thr)
    625              {
    626                  if(noise_signal->Noise_Ampl_Max < signal_delta)
    627                  {
    628                      noise_signal->Noise_Ampl_Max = signal_delta;
    629                  }
    630          
    631                  noise_signal->Noise_Cnt++;
    632              }
    633          
    634              noise_signal->Signal_K_2 = noise_signal->Signal_K_1;
    635              noise_signal->Signal_K_1 = signal;
    636          
    637          }
    638          
    639          
    640          #endif
    641          
    642          
    643          
    644          #if (FEATURE_MCI_CONTROLS_SPI == ENABLED)
    645          
    646          static void Beagle_FastHandler(void)
    647          {
    648          
    649          
    650          #ifdef MANUAL_BEAGLE_CHANNEL_CONFIG
    651          
    652          	Beagle_Data_Buffer[0]  =  *Beagle_Data_Points[0];
    653          	Beagle_Data_Buffer[1]  =  *Beagle_Data_Points[1];
    654          	Beagle_Data_Buffer[2]  =  *Beagle_Data_Points[2];
    655          	Beagle_Data_Buffer[3]  =  *Beagle_Data_Points[3];
    656          	Beagle_Data_Buffer[4]  =  *Beagle_Data_Points[4];
    657          	Beagle_Data_Buffer[5]  =  *Beagle_Data_Points[5];
    658          	Beagle_Data_Buffer[6]  =  *Beagle_Data_Points[6];
    659          	Beagle_Data_Buffer[7]  =  *Beagle_Data_Points[7];
    660          	Beagle_Data_Buffer[8]  =  *Beagle_Data_Points[8];
    661          	Beagle_Data_Buffer[9]  =  *Beagle_Data_Points[9];
    662          	Beagle_Data_Buffer[10] =  *Beagle_Data_Points[10];
    663          	Beagle_Data_Buffer[11] =  *Beagle_Data_Points[11];
    664          
    665          
    666          #else  //Channel configuration via API010 or MAC
    667          	void *temp = NULL;
    668          	sint32 bgl_temp;
    669          	uint8 bgl_index =0;
    670          
    671          	for(bgl_index=0; bgl_index  <BEAGLE_CHANNEL_NUM; bgl_index++)
    672          	{
    673          		if (Spi_Address[bgl_index].Address != NULL)
    674          		{
    675          			temp =  Spi_Address[bgl_index].Address;
    676          			if(Spi_Address[bgl_index].Size == 1)
    677          			{
    678          				bgl_temp = (*(sint8*)(temp));
    679          				Beagle_Data_Buffer[bgl_index] = (float)bgl_temp;//int8
    680          			}
    681          			else if (Spi_Address[bgl_index].Size == 2)
    682          			{
    683          				bgl_temp = (*(sint16*)(temp));
    684          				Beagle_Data_Buffer[bgl_index] = (float)bgl_temp;//int16
    685          			}
    686          			else
    687          			{
    688          				//As of now there is no way to differentiate between float and sint32, we will assume all 4 bytes variables are flaot.
    689          				// In otherwords , we can't read sint32 variables via beagle as of now.
    690          				Beagle_Data_Buffer[bgl_index] = *(float*)temp; //float
    691          			}
    692          		}
    693          		else
    694          		{
    695          			Beagle_Data_Buffer[bgl_index] = 0.0f;
    696          		}
    697          	}
    698          #endif
    699          	//! High Speed handler Beagle function
    700          	Beagle__TriggerTXData();
    701          	Beagle__HighSpeedHandler();
    702          }
    703          
    704          #endif

   Maximum stack usage in bytes:

   .cstack Function
   ------- --------
       0   BoardDebugging__250usHandler
         0   -> MasterCommander__FastHandler
      16   BoardDebugging__25msHandler
        16   -> Mci__Manual_Injection
        16   -> Mci__Run
        16   -> Mci__Stop
        16   -> Micro__ForceReset
       8   BoardDebugging__Initialize
         8   -> MasterCommander__Initialize
       0   BoardDebugging__PwmHandler
         0   -> MasterCommander__PwmHandler


   Section sizes:

   Bytes  Function/Label
   -----  --------------
       4  ??DataTable1
       4  ??DataTable1_1
       4  ??DataTable1_10
       4  ??DataTable1_11
       4  ??DataTable1_2
       4  ??DataTable1_3
       4  ??DataTable1_4
       4  ??DataTable1_5
       4  ??DataTable1_6
       4  ??DataTable1_7
       4  ??DataTable1_8
       4  ??DataTable1_9
      28  BD_Update_Cmd
          BD_Select_Method
          BD_Motor
          BD_Manual_Method
          BD_Reset
          BD_Target_Speed
          BD_Target_Accel
          BD_Target_Stop
          BD_Level_x32
          BD_Level_Rate_x32
          BD_Param_x32
          BD_Param_Rate_x32
       4  BoardDebugging__250usHandler
     212  BoardDebugging__25msHandler
      48  BoardDebugging__Initialize
       4  BoardDebugging__PwmHandler

 
  28 bytes in section .data
 316 bytes in section .text
 
 316 bytes of CODE memory
  28 bytes of DATA memory

Errors: none
Warnings: none
