###############################################################################
#
# IAR ANSI C/C++ Compiler V7.20.5.7591/W32 for ARM        06/Aug/2024  13:42:18
# Copyright 1999-2014 IAR Systems AB.
#
#    Cpu mode     =  thumb
#    Endian       =  little
#    Source file  =  
#        C:\Data\Python\Self_Commissioning_Bpm\source\XCategory\Hbl\Mci\Mcl\Braking\Braking.c
#    Command line =  
#        -I./ -I../cx/ -I../cx/inc/ -ICategory/ -ICategory/Application/
#        -ICategory/Application/ThermalModel/
#        -ICategory/Application/ThermalModel/ThermalModelCore_DD/
#        -ICategory/Application/ThermalModel/ThermalModelCore_sBPM/
#        -ICategory/Common/ -ICategory/Common/BoardDebugging/
#        -ICategory/Common/MasterCommander/
#        -ICategory/Common/MasterCommander/Source/
#        -ICategory/Common/MasterCommander/Source/HAL/
#        -ICategory/Common/SelfCommissioning/ -ICategory/Hbl/
#        -IProjectSpecific/ -IProjectSpecific/Application/
#        -IProjectSpecific/Application/API007App/
#        -IProjectSpecific/Application/ModeManagement/
#        -IProjectSpecific/Application/MotorSelector/
#        -IProjectSpecific/Application/ProductInfo/
#        -IProjectSpecific/Application/SRMcuSpeedMonitor/
#        -IProjectSpecific/Application/ThermalModel/
#        -IProjectSpecific/CommonCore/ -IProjectSpecific/Driver/
#        -IProjectSpecific/MasterCommander/ -IProjectSpecific/Mci/
#        -IProjectSpecific/Mci/Mcl/ -IProjectSpecific/Mci/Mcl/old_xls/
#        -IXCategory/ -IXCategory/Application/
#        -IXCategory/Application/MciParametersLoader/
#        -IXCategory/Application/Mode/ -IXCategory/Application/Reveal_APIs/
#        -IXCategory/Application/Reveal_APIs/API003Disc/
#        -IXCategory/Application/Reveal_APIs/API004Debug/
#        -IXCategory/Application/Reveal_APIs/API005LowLevel/
#        -IXCategory/Application/Reveal_APIs/API007Data/
#        -IXCategory/Application/Reveal_APIs/API009System/
#        -IXCategory/Application/Reveal_APIs/API010PollVar/
#        -IXCategory/Application/Reveal_APIs/API011AppCtr/
#        -IXCategory/Application/Reveal_APIs/API013RemoteFunction/
#        -IXCategory/Application/Reveal_APIs/API018Diagnostic/
#        -IXCategory/Application/Reveal_APIs/API019ProductInfo/
#        -IXCategory/Application/Reveal_APIs/API220MotorControl/
#        -IXCategory/Application/Reveal_APIs/API220MotorControl/API/
#        -IXCategory/Application/Reveal_APIs/API221MotionCtrl/
#        -IXCategory/Application/Reveal_APIs/SRAPI020Safety/
#        -IXCategory/Application/SFUpdater/ -IXCategory/Common/
#        -IXCategory/Common/Crc16/ -IXCategory/Common/Crc8/
#        -IXCategory/Common/Log/ -IXCategory/Common/Millis/
#        -IXCategory/Common/SettingFile/ -IXCategory/Common/SRClockMonitor/
#        -IXCategory/Common/SRData/ -IXCategory/Common/SRException/
#        -IXCategory/Common/SRFlow/ -IXCategory/Common/SRIsrMonitor/
#        -IXCategory/Common/SRMain/ -IXCategory/Common/SRMcuSpeedMonitor/
#        -IXCategory/Common/SRPowerMgr/ -IXCategory/Common/SRSignature/
#        -IXCategory/Common/SRSystemConfig/
#        -IXCategory/Common/SRTimerReference/ -IXCategory/Common/SystemConfig/
#        -IXCategory/Common/SystemTimers/ -IXCategory/Common/Utilities/
#        -IXCategory/Driver/ -IXCategory/Driver/API/
#        -IXCategory/Driver/API/Comparator/ -IXCategory/Driver/API/DataFlash/
#        -IXCategory/Driver/API/Dma/ -IXCategory/Driver/API/Flash/
#        -IXCategory/Driver/API/Gpio/ -IXCategory/Driver/API/Micro/
#        -IXCategory/Driver/API/Spi/ -IXCategory/Driver/API/SRMCAtod/
#        -IXCategory/Driver/API/SRMCInputCapture/
#        -IXCategory/Driver/API/SRMCPwm/ -IXCategory/Driver/API/TimerInterrupt/
#        -IXCategory/Driver/API/Uart/ -IXCategory/Driver/Comparator/
#        -IXCategory/Driver/DataFlash/ -IXCategory/Driver/Dma/
#        -IXCategory/Driver/Flash/ -IXCategory/Driver/Gpio/
#        -IXCategory/Driver/Micro/ -IXCategory/Driver/Spi/
#        -IXCategory/Driver/SRMCAtod/ -IXCategory/Driver/SRMCInputCapture/
#        -IXCategory/Driver/SRMCPwm/ -IXCategory/Driver/TimerInterrupt/
#        -IXCategory/Driver/Uart/ -IXCategory/Hbl/ -IXCategory/Hbl/Mci/
#        -IXCategory/Hbl/Mci/InverterTemp/ -IXCategory/Hbl/Mci/Mcl/
#        -IXCategory/Hbl/Mci/Mcl/Braking/ -IXCategory/Hbl/Mci/Mcl/MacroBlocks/
#        -IXCategory/Hbl/Mci/Mcl/MclFvt/ -IXCategory/Hbl/Mci/Mcl/MicroBlocks/
#        -IXCategory/Hbl/Mci/Mcl/MicroBlocks/ClrkPark/
#        -IXCategory/Hbl/Mci/Mcl/MicroBlocks/Filters/
#        -IXCategory/Hbl/Mci/Mcl/MicroBlocks/Math/
#        -IXCategory/Hbl/Mci/Mcl/MicroBlocks/ObserverPmsm/
#        -IXCategory/Hbl/Mci/Mcl/MicroBlocks/Pi/
#        -IXCategory/Hbl/Mci/Mcl/MicroBlocks/PwmModulation/
#        -IXCategory/Hbl/Mci/Mcl/ResistanceEstimation/
#        -IXCategory/Hbl/Mci/PowerModuleManager/
#        -IXCategory/Hbl/Mci/SpeedRefGen/ -IXCategory/Hbl/Mci/SurgeRelay/
#        -IXCategory/Hbl/SRMotorSafetyMgr/
#        -IXCategory/Hbl/SRMotorSafetyMgr/API/ -IXCategory/Service/
#        -IXCategory/Service/Reveal/ -IXCategory/Service/Win/ --remarks
#        --no_tbaa --debug --use_c++_inline --only_stdout --dlib_config
#        ..\cx\inc\DLib_Config_Normal.h -r -D
#        ENABLE_JUMP_TO_APPLICATION_WITHOUT_IAP_FIRMWARE -D
#        SET_FLASH_OPTION_CONFIGURATION -D ARM_MATH_CM4 -e --silent
#        --endian=little --cpu Cortex-M4 --fpu=VFPv4_sp -Ohs -o Braking.obj -l
#        ..\listings\Braking.lst
#        C:\Data\Python\Self_Commissioning_Bpm\source\XCategory\Hbl\Mci\Mcl\Braking\Braking.c
#    List file    =  ..\listings\Braking.lst
#    Object file  =  Braking.obj
#
###############################################################################

C:\Data\Python\Self_Commissioning_Bpm\source\XCategory\Hbl\Mci\Mcl\Braking\Braking.c
      1          /**
      2           *  @file       
      3           *
      4           *  @brief      Basic description of file contents
      5           *
      6           *  @details    Detailed description of the file contents
      7           *
      8           *  @section    Applicable_Documents
      9           *					List here all the applicable documents if needed. <tr>	
     10           *
     11           *  $Header: $
     12           *
     13           *  @copyright  Copyright 2016-$Date$. Whirlpool Corporation. All rights reserved - CONFIDENTIAL
     14           */
     15          //---------------------------------------------------------------------------------------------------------------------
     16          //---------------------------------------------------------------------------------------------------------------------
     17          
     18          
     19          //-------------------------------------- Include Files ----------------------------------------------------------------
     20          #include "Braking.h"
     21          #include "MclConfig.h"
     22          #include "McMathCalc_macros.h"
     23          #include "Filters.h"
     24          #include "SpeedRefGen.h"
     25          
     26          
     27          //-------------------------------------- PUBLIC (Variables) -----------------------------------------------------------
     28          
     29          //-------------------------------------- PRIVATE (Variables, Constants & Defines) -------------------------------------
     30          /* Braking variables */

   \                                 In section .bss, align 4
   \   00000000                      DS8 4
     31          static float32 Max_Joule_Loss;          //!< [W] - Max Joule Losses

   \                                 In section .bss, align 4
     32          static float32 Id_Braking;              //!< [A] - Calculated amount of id current to apply during braking
   \                     Id_Braking:
   \   00000000                      DS8 4
   \   00000004                      DS8 4
   \   00000008                      DS8 4
   \   0000000C                      DS8 4
   \   00000010                      DS8 4
   \   00000014                      DS8 4
   \   00000018                      DS8 4
     33          static float32 Id_Braking_Max;          //!< [A] - Calculated max amount of id current to apply during braking
     34          static float32 Torque_Brake_Max;        //!< [Nm] - Max torque available for braking
     35          static float32 Speed_Filtered;
     36          static float32 Braking_Resistance;
     37          static float32 Id_Braking_Target;
     38          static float32 Torque_Brake_Max_thr;
     39          
     40          //-------------------------------------- PRIVATE (Function Prototypes) ------------------------------------------------
     41          
     42          
     43          //=====================================================================================================================
     44          //-------------------------------------- Public Functions -------------------------------------------------------------
     45          //=====================================================================================================================
     46          
     47          //---------------------------------------------------------------------------------------------------------------------
     48          /**
     49           *  @brief      It Initializes the module Braking and its variables
     50           *
     51           */

   \                                 In section .text, align 2, keep-with-next
     52          void Braking__ResetState(MCLSPEEDCTRL_JOINT_PARAMS_TYPE *params)
     53          {
     54              //Braking Parameters - Reseting before start
     55              Id_Braking        = 0;
   \                     Braking__ResetState: (+1)
   \   00000000   0x....             LDR.N    R1,??DataTable2_4
   \   00000002   0x2200             MOVS     R2,#+0
   \   00000004   0x600A             STR      R2,[R1, #+0]
     56              Id_Braking_Target = 0;
   \   00000006   0x614A             STR      R2,[R1, #+20]
     57              Torque_Brake_Max_thr = params->SpeedCtrlAddPrm->Braking_Parameters.Min_Braking_Diss_Torque_High_Thr;
   \   00000008   0x6840             LDR      R0,[R0, #+4]
   \   0000000A   0x6840             LDR      R0,[R0, #+4]
   \   0000000C   0x6188             STR      R0,[R1, #+24]
     58          }
   \   0000000E   0x4770             BX       LR               ;; return
     59          
     60          /* Executed in 1ms handler */

   \                                 In section .text, align 4, keep-with-next
     61          float32 Braking__SpeedCtrlHandler(MCL_SPEED_CTRL_IO_F_TYPE *io, MCLSPEEDCTRL_JOINT_PARAMS_TYPE *params)
     62          {
   \                     Braking__SpeedCtrlHandler: (+1)
   \   00000000   0xB530             PUSH     {R4,R5,LR}
   \   00000002   0xB081             SUB      SP,SP,#+4
   \   00000004   0x460C             MOV      R4,R1
     63              float32 speed_abs;
     64              float32 is;
     65          
     66              Braking_Resistance = (*io->Ctrl_Specific->Stator_Resistance) * params->SpeedCtrlAddPrm->Braking_Parameters.Braking_Resistance_Percentage;
   \   00000006   0x68C1             LDR      R1,[R0, #+12]
   \   00000008   0x....             LDR.N    R5,??DataTable2_4
   \   0000000A   0x6989             LDR      R1,[R1, #+24]
     67          
     68              Id_Braking_Max = -params->SpeedCtrlPrm->Braking_Parameters.Max_Braking_Diss_Current;
     69              /*==============================================================*/
     70              /*           Tmax for Braking                                   */
     71              /*==============================================================*/
     72          
     73              speed_abs = *(io->Ctrl_Specific->Speed_Rotor_Observed_Mech_Abs)+0.1f;  //Just in case to avoid zero division;
     74          
     75              // Filter the observed speed
     76              Speed_Filtered = FILTERS__LOWPASSFILTER_F(Speed_Filtered, BRAKING_SPEED_LPF_COEF, speed_abs);
   \   0000000C   0xED95 0x1A03      VLDR     S2,[R5, #+12]
   \   00000010   0xED91 0x0A00      VLDR     S0,[R1, #0]
   \   00000014   0x6861             LDR      R1,[R4, #+4]
   \   00000016   0xEDD1 0x0A05      VLDR     S1,[R1, #+20]
   \   0000001A   0xEE20 0x0A20      VMUL.F32 S0,S0,S1
   \   0000001E   0xED85 0x0A04      VSTR     S0,[R5, #+16]
   \   00000022   0xEEF6 0x1A0F      VMOV.F32 S3,#9.6875E-1
   \   00000026   0x6821             LDR      R1,[R4, #+0]
   \   00000028   0xEDD1 0x0A17      VLDR     S1,[R1, #+92]
   \   0000002C   0xEEF1 0x0A60      VNEG.F32 S1,S1
   \   00000030   0xEDC5 0x0A01      VSTR     S1,[R5, #+4]
   \   00000034   0xEE21 0x1A21      VMUL.F32 S2,S2,S3
   \   00000038   0x68C1             LDR      R1,[R0, #+12]
   \   0000003A   0x6909             LDR      R1,[R1, #+16]
   \   0000003C   0xEDD1 0x1A00      VLDR     S3,[R1, #0]
   \   00000040   0xED9F 0x....      VLDR.W   S4,??DataTable2  ;; 0x3dcccccd
   \   00000044   0xEE71 0x1A82      VADD.F32 S3,S3,S4
   \   00000048   0xED9F 0x....      VLDR.W   S4,??DataTable2_1  ;; 0x3d000000
   \   0000004C   0xEE01 0x1A82      VMLA.F32 S2,S3,S4
   \   00000050   0xED85 0x1A03      VSTR     S2,[R5, #+12]
     77          
     78          
     79              if (io->Ctrl_Specific->flags.bit.braking_active == 1)
   \   00000054   0x68C0             LDR      R0,[R0, #+12]
   \   00000056   0x6801             LDR      R1,[R0, #+0]
   \   00000058   0xF3C1 0x11C0      UBFX     R1,R1,#+7,#+1
   \   0000005C   0xB351             CBZ.N    R1,??Braking__SpeedCtrlHandler_0
     80              {
     81                  if(params->SpeedCtrlAddPrm->Braking_Parameters.Braking_Mode == 0)
   \   0000005E   0x6861             LDR      R1,[R4, #+4]
   \   00000060   0x698A             LDR      R2,[R1, #+24]
   \   00000062   0xB912             CBNZ.N   R2,??Braking__SpeedCtrlHandler_1
     82                  {
     83                      // braking strategy for IPM
     84                      is = (*io->Ctrl_Specific->Is_Abs);
   \   00000064   0x6D00             LDR      R0,[R0, #+80]
   \   00000066   0xEDD0 0x0A00      VLDR     S1,[R0, #0]
     85                  }
     86                  else
     87                  {
     88                      // braking strategy for SPM
     89                      is = Id_Braking_Max;
     90                  }
     91          
     92          		Max_Joule_Loss = (1.5f* Braking_Resistance * is * is);  //Max power available for high speed
     93          		Torque_Brake_Max = Max_Joule_Loss / Speed_Filtered;                         // Max torque calculation
   \                     ??Braking__SpeedCtrlHandler_1: (+1)
   \   0000006A   0x6820             LDR      R0,[R4, #+0]
   \   0000006C   0xEEF7 0x1A08      VMOV.F32 S3,#1.5
   \   00000070   0xEE20 0x0A21      VMUL.F32 S0,S0,S3
   \   00000074   0xEE20 0x0A20      VMUL.F32 S0,S0,S1
   \   00000078   0xEE20 0x0A20      VMUL.F32 S0,S0,S1
   \   0000007C   0xEE80 0x0A01      VDIV.F32 S0,S0,S2
   \   00000080   0xEDD0 0x0A18      VLDR     S1,[R0, #+96]
   \   00000084   0xEEF4 0x0A40      VCMP.F32 S1,S0
   \   00000088   0xEEF1 0xFA10      FMSTAT   
   \   0000008C   0xBF48             IT       MI 
     94          
     95          		if(Torque_Brake_Max > (params->SpeedCtrlPrm->Braking_Parameters.Max_Braking_Diss_Torque))
     96          		{
     97          			Torque_Brake_Max = (params->SpeedCtrlPrm->Braking_Parameters.Max_Braking_Diss_Torque);
   \   0000008E   0xEEB0 0x0A60      VMOVMI.F32 S0,S1
   \   00000092   0xD41D             BMI.N    ??Braking__SpeedCtrlHandler_2
     98          		}
     99          		else
    100          		{
    101          			if (Torque_Brake_Max < Torque_Brake_Max_thr)
   \   00000094   0xEDD5 0x0A06      VLDR     S1,[R5, #+24]
   \   00000098   0xEEB4 0x0A60      VCMP.F32 S0,S1
   \   0000009C   0xEEF1 0xFA10      FMSTAT   
   \   000000A0   0xBF46             ITTE     MI 
    102          			{
    103          				Torque_Brake_Max = 0;
   \   000000A2   0xED9F 0x....      VLDRMI.W S0,??DataTable2_2  ;; 0x0
    104          				Torque_Brake_Max_thr = params->SpeedCtrlAddPrm->Braking_Parameters.Min_Braking_Diss_Torque_High_Thr;
   \   000000A6   0x6848             LDRMI    R0,[R1, #+4]
    105          			}
    106          			else
    107          			{   // hysteresis threshold updated
    108          			    Torque_Brake_Max_thr = params->SpeedCtrlAddPrm->Braking_Parameters.Min_Braking_Diss_Torque_Low_Thr;
   \   000000A8   0x6808             LDRPL    R0,[R1, #+0]
   \   000000AA   0x61A8             STR      R0,[R5, #+24]
   \   000000AC   0xED85 0x0A02      VSTR     S0,[R5, #+8]
    109          			}
    110          		}
    111              }
    112              else
    113              {
    114                  // Keep max braking to Tmax_no_braking_request according to target speed
    115                  if (SpeedRefGen__GetSpeedTarget() < params->SpeedCtrlAddPrm->Braking_Parameters.Max_Braking_Gen_Low_High_Speed_Thr)
    116                  {
    117                      Torque_Brake_Max = params->SpeedCtrlAddPrm->Braking_Parameters.Max_Braking_Gen_Low_Speed;
    118                  }
    119                  else
    120                  {
    121                      Torque_Brake_Max = params->SpeedCtrlAddPrm->Braking_Parameters.Max_Braking_Gen_High_Speed;
    122                  }
    123              }
    124          
    125              return(Torque_Brake_Max);
   \   000000B0   0xB001             ADD      SP,SP,#+4
   \   000000B2   0xBD30             POP      {R4,R5,PC}
   \                     ??Braking__SpeedCtrlHandler_0: (+1)
   \   000000B4   0x.... 0x....      BL       SpeedRefGen__GetSpeedTarget
   \   000000B8   0x6860             LDR      R0,[R4, #+4]
   \   000000BA   0xEDD0 0x0A04      VLDR     S1,[R0, #+16]
   \   000000BE   0xEEB4 0x0A60      VCMP.F32 S0,S1
   \   000000C2   0xEEF1 0xFA10      FMSTAT   
   \   000000C6   0xBF4C             ITE      MI 
   \   000000C8   0xED90 0x0A02      VLDRMI   S0,[R0, #+8]
   \   000000CC   0xED90 0x0A03      VLDRPL   S0,[R0, #+12]
   \                     ??Braking__SpeedCtrlHandler_2: (+1)
   \   000000D0   0xED85 0x0A02      VSTR     S0,[R5, #+8]
   \   000000D4   0xB001             ADD      SP,SP,#+4
   \   000000D6   0xBD30             POP      {R4,R5,PC}       ;; return
    126          }
    127          
    128          /* Executed in 1ms handler */

   \                                 In section .text, align 4, keep-with-next
    129          float32 Braking__DqRefHandler(MCL_DQ_REF_IO_F_TYPE *io, MCLDQREF_JOINT_PARAMS_TYPE *params)
    130          {
   \                     Braking__DqRefHandler: (+1)
   \   00000000   0xB570             PUSH     {R4-R6,LR}
   \   00000002   0x4604             MOV      R4,R0
   \   00000004   0xED2D 0x8B02      VPUSH    {D8}
    131          #ifndef BRAKING__CONSERVATIVE_VARIANT
    132              float32 iq;
    133              float32 iq_2;
    134              float32 id_2;
    135              float32 is_2;
    136              float32 torque_abs;
    137              float32 stator_resistance;
    138              float32 power_mech;
    139          #endif
    140              float32 speed;
    141          
    142              speed = *(io->Ctrl_Specific->Speed_Rotor_Observed_Mech);
   \   00000008   0x69A0             LDR      R0,[R4, #+24]
   \   0000000A   0x68C0             LDR      R0,[R0, #+12]
   \   0000000C   0xED90 0x8A00      VLDR     S16,[R0, #0]
   \   00000010   0x460D             MOV      R5,R1
    143          
    144          
    145              // Check if in braking state
    146              if(SpeedRefGen__GetStatus() == SPEED_REF_DECELERATING)
   \   00000012   0x.... 0x....      BL       SpeedRefGen__GetStatus
   \   00000016   0x2802             CMP      R0,#+2
   \   00000018   0xEEB5 0x8A40      VCMP.F32 S16,#0.0
   \   0000001C   0xD121             BNE.N    ??Braking__DqRefHandler_0
    147              {
    148                  if(speed > 0)
   \   0000001E   0xEEF1 0xFA10      FMSTAT   
   \   00000022   0xDD0C             BLE.N    ??Braking__DqRefHandler_1
    149                  {
    150                      if((*io->Torque_Ref) <= 0)
   \   00000024   0x6820             LDR      R0,[R4, #+0]
   \   00000026   0xED90 0x0A00      VLDR     S0,[R0, #0]
   \   0000002A   0xEEB5 0x0A40      VCMP.F32 S0,#0.0
   \   0000002E   0xEEF1 0xFA10      FMSTAT   
   \   00000032   0xD838             BHI.N    ??Braking__DqRefHandler_2
    151                      {
    152                          io->Ctrl_Specific->flags.bit.braking_active = 1;
    153                      }
    154                  }
    155                  else if(speed < 0)
    156                  {
    157                      if((*io->Torque_Ref) > 0)
    158                      {
    159                          io->Ctrl_Specific->flags.bit.braking_active = 1;
   \   00000034   0x69A0             LDR      R0,[R4, #+24]
   \   00000036   0x6801             LDR      R1,[R0, #+0]
   \   00000038   0xF041 0x0180      ORR      R1,R1,#0x80
   \   0000003C   0xE032             B.N      ??Braking__DqRefHandler_3
   \                     ??Braking__DqRefHandler_1: (+1)
   \   0000003E   0xEEB5 0x8A40      VCMP.F32 S16,#0.0
   \   00000042   0xEEF1 0xFA10      FMSTAT   
   \   00000046   0xD52E             BPL.N    ??Braking__DqRefHandler_2
   \   00000048   0x6820             LDR      R0,[R4, #+0]
   \   0000004A   0xED90 0x0A00      VLDR     S0,[R0, #0]
   \   0000004E   0xEEB5 0x0A40      VCMP.F32 S0,#0.0
   \   00000052   0xEEF1 0xFA10      FMSTAT   
   \   00000056   0xDD26             BLE.N    ??Braking__DqRefHandler_2
   \   00000058   0x69A0             LDR      R0,[R4, #+24]
   \   0000005A   0x6801             LDR      R1,[R0, #+0]
   \   0000005C   0xF041 0x0180      ORR      R1,R1,#0x80
   \   00000060   0xE020             B.N      ??Braking__DqRefHandler_3
    160                      }
    161                  }
    162              }
    163              else
    164              {
    165                  if(speed > 0 && (*io->Torque_Ref) > 0)
   \                     ??Braking__DqRefHandler_0: (+1)
   \   00000062   0xEEF1 0xFA10      FMSTAT   
   \   00000066   0xBFC1             ITTTT    GT 
   \   00000068   0x6820             LDRGT    R0,[R4, #+0]
   \   0000006A   0xED90 0x0A00      VLDRGT   S0,[R0, #0]
   \   0000006E   0xEEB5 0x0A40      VCMPGT.F32 S0,#0.0
   \   00000072   0xEEF1 0xFA10      FMSTATGT 
   \   00000076   0xDD04             BLE.N    ??Braking__DqRefHandler_4
    166                  {
    167                      io->Ctrl_Specific->flags.bit.braking_active = 0;
   \   00000078   0x69A0             LDR      R0,[R4, #+24]
   \   0000007A   0x6801             LDR      R1,[R0, #+0]
   \   0000007C   0xF021 0x0180      BIC      R1,R1,#0x80
   \   00000080   0x6001             STR      R1,[R0, #+0]
    168                  }
    169          
    170                  if(speed < 0 && (*io->Torque_Ref) < 0)
   \                     ??Braking__DqRefHandler_4: (+1)
   \   00000082   0xEEB5 0x8A40      VCMP.F32 S16,#0.0
   \   00000086   0xEEF1 0xFA10      FMSTAT   
   \   0000008A   0xBF41             ITTTT    MI 
   \   0000008C   0x6820             LDRMI    R0,[R4, #+0]
   \   0000008E   0xED90 0x0A00      VLDRMI   S0,[R0, #0]
   \   00000092   0xEEB5 0x0A40      VCMPMI.F32 S0,#0.0
   \   00000096   0xEEF1 0xFA10      FMSTATMI 
   \   0000009A   0xD504             BPL.N    ??Braking__DqRefHandler_2
    171                  {
    172                      io->Ctrl_Specific->flags.bit.braking_active = 0;
   \   0000009C   0x69A0             LDR      R0,[R4, #+24]
   \   0000009E   0x6801             LDR      R1,[R0, #+0]
   \   000000A0   0xF021 0x0180      BIC      R1,R1,#0x80
   \                     ??Braking__DqRefHandler_3: (+1)
   \   000000A4   0x6001             STR      R1,[R0, #+0]
    173                  }
    174              }
    175          
    176          
    177          
    178          
    179              /*==============================================================================================*/
    180              /*           Braking Calculation for Id injection - Rotor reference frame with SPM approximation*/
    181              /*==============================================================================================*/
    182              /*
    183               * Calculation of Id for braking
    184               * Id = sqrt[T*w/Rs - (T/Kt)^2]
    185               * */
    186              if(io->Ctrl_Specific->flags.bit.braking_active == 1)
   \                     ??Braking__DqRefHandler_2: (+1)
   \   000000A6   0x69A0             LDR      R0,[R4, #+24]
   \   000000A8   0x....             LDR.N    R6,??DataTable2_4
   \   000000AA   0x6800             LDR      R0,[R0, #+0]
   \   000000AC   0xF3C0 0x10C0      UBFX     R0,R0,#+7,#+1
   \   000000B0   0x2800             CMP      R0,#+0
   \   000000B2   0xD070             BEQ.N    ??Braking__DqRefHandler_5
    187              {
    188                  if(params->DqRefAddPrm->Braking_Parameters.Braking_Mode != 0)
   \   000000B4   0x6868             LDR      R0,[R5, #+4]
   \   000000B6   0x6800             LDR      R0,[R0, #+0]
   \   000000B8   0x2800             CMP      R0,#+0
   \   000000BA   0xD04D             BEQ.N    ??Braking__DqRefHandler_6
    189                  {    if (Torque_Brake_Max>0)
   \   000000BC   0xED96 0x0A02      VLDR     S0,[R6, #+8]
   \   000000C0   0xEEB5 0x0A40      VCMP.F32 S0,#0.0
   \   000000C4   0xEEF1 0xFA10      FMSTAT   
   \   000000C8   0xDD55             BLE.N    ??Braking__DqRefHandler_7
    190                      {
    191          
    192                          power_mech =  *(io->Torque_Ref) * speed;
    193                          if (power_mech < 0)  // check if real brake request
   \   000000CA   0x6820             LDR      R0,[R4, #+0]
   \   000000CC   0xED90 0x0A00      VLDR     S0,[R0, #0]
   \   000000D0   0xEE60 0x0A08      VMUL.F32 S1,S0,S16
   \   000000D4   0xEEF5 0x0A40      VCMP.F32 S1,#0.0
   \   000000D8   0xEEF1 0xFA10      FMSTAT   
   \   000000DC   0xD54B             BPL.N    ??Braking__DqRefHandler_7
    194                          {
    195                              torque_abs = MATHCALC__FABS(*(io->Torque_Ref));
    196                              power_mech = torque_abs * Speed_Filtered;
    197          
    198          
    199                              stator_resistance = Braking_Resistance + 0.01f;     // Avoid zero division.
    200                              is_2 = power_mech / (1.5f*stator_resistance);       // I_max_braking^2 = Pmech / Rs
    201                              iq = torque_abs * params->DqRefPrm->K_torque_inv;               // Iq current calculation
   \   000000DE   0x6828             LDR      R0,[R5, #+0]
    202                              iq_2 = (iq * iq);                                   // Iq squared current calculation
    203          
    204          
    205                              id_2 = (is_2 - iq_2);
   \   000000E0   0xED96 0x1A03      VLDR     S2,[R6, #+12]
   \   000000E4   0xEDD0 0x0A09      VLDR     S1,[R0, #+36]
   \   000000E8   0xEEB0 0x0AC0      VABS.F32 S0,S0
   \   000000EC   0xEE60 0x0A20      VMUL.F32 S1,S0,S1
   \   000000F0   0xEE20 0x0A01      VMUL.F32 S0,S0,S2
   \   000000F4   0xED96 0x1A04      VLDR     S2,[R6, #+16]
   \   000000F8   0xEDDF 0x....      VLDR.W   S3,??DataTable2_3  ;; 0x3c23d70a
   \   000000FC   0xEE31 0x1A21      VADD.F32 S2,S2,S3
   \   00000100   0xEEF7 0x1A08      VMOV.F32 S3,#1.5
   \   00000104   0xEE21 0x1A21      VMUL.F32 S2,S2,S3
   \   00000108   0xEE80 0x0A01      VDIV.F32 S0,S0,S2
   \   0000010C   0xEE00 0x0AE0      VMLS.F32 S0,S1,S1
    206                              if(id_2 > 0 )
   \   00000110   0xEEB5 0x0A40      VCMP.F32 S0,#0.0
   \   00000114   0xEEF1 0xFA10      FMSTAT   
   \   00000118   0xDD05             BLE.N    ??Braking__DqRefHandler_8
    207                              {
    208                                   Id_Braking_Target = -MC_SQRT_F(id_2);         // Id_Braking here is a module (need to handle signal)
   \   0000011A   0x.... 0x....      BL       MathCalc__SqrtF
   \   0000011E   0xEEB1 0x0A40      VNEG.F32 S0,S0
   \   00000122   0xED86 0x0A05      VSTR     S0,[R6, #+20]
    209                              }
    210                              // do not update Id_Braking if the argument of the square root is negative
    211                              if(Id_Braking_Target < Id_Braking_Max)
   \                     ??Braking__DqRefHandler_8: (+1)
   \   00000126   0xED96 0x0A01      VLDR     S0,[R6, #+4]
   \   0000012A   0xEDD6 0x0A05      VLDR     S1,[R6, #+20]
   \   0000012E   0xEEF4 0x0A40      VCMP.F32 S1,S0
   \   00000132   0xEEF1 0xFA10      FMSTAT   
   \   00000136   0xBF48             IT       MI 
    212                              { /* clamp to the maximum value of Id */
    213                                 Id_Braking_Target = Id_Braking_Max;
   \   00000138   0xED86 0x0A05      VSTRMI   S0,[R6, #+20]
    214                              }
    215                              Id_Braking -= params->DqRefAddPrm->Braking_Parameters.Id_Braking_Prop_Gain * (Id_Braking - Id_Braking_Target);
   \   0000013C   0x6868             LDR      R0,[R5, #+4]
   \   0000013E   0xED96 0x0A00      VLDR     S0,[R6, #0]
   \   00000142   0xEDD6 0x0A05      VLDR     S1,[R6, #+20]
   \   00000146   0xED90 0x1A01      VLDR     S2,[R0, #+4]
   \   0000014A   0xEE70 0x0AC0      VSUB.F32 S1,S1,S0
   \   0000014E   0xEE00 0x0A81      VMLA.F32 S0,S1,S2
   \   00000152   0xED86 0x0A00      VSTR     S0,[R6, #0]
   \   00000156   0xE00E             B.N      ??Braking__DqRefHandler_7
    216          
    217                           }
    218                          // do not update Id_Braking if torque and speed have the same sign
    219                      }
    220                  }
    221                  else
    222                  {
    223                      Id_Braking_Target = Id_Braking_Max;
   \                     ??Braking__DqRefHandler_6: (+1)
   \   00000158   0xED96 0x0A01      VLDR     S0,[R6, #+4]
    224                      Id_Braking -= params->DqRefAddPrm->Braking_Parameters.Id_Braking_Prop_Gain * (Id_Braking - Id_Braking_Target);
   \   0000015C   0xEDD6 0x0A00      VLDR     S1,[R6, #0]
   \   00000160   0xED86 0x0A05      VSTR     S0,[R6, #+20]
   \   00000164   0xEE30 0x0A60      VSUB.F32 S0,S0,S1
   \   00000168   0x6868             LDR      R0,[R5, #+4]
   \   0000016A   0xED90 0x1A01      VLDR     S2,[R0, #+4]
   \   0000016E   0xEE40 0x0A01      VMLA.F32 S1,S0,S2
   \   00000172   0xEDC6 0x0A00      VSTR     S1,[R6, #0]
    225                  }
    226          
    227          
    228                  if(Id_Braking < Id_Braking_Max)
   \                     ??Braking__DqRefHandler_7: (+1)
   \   00000176   0xED96 0x0A01      VLDR     S0,[R6, #+4]
   \   0000017A   0xEDD6 0x0A00      VLDR     S1,[R6, #0]
   \   0000017E   0xEEF4 0x0A40      VCMP.F32 S1,S0
   \   00000182   0xEEF1 0xFA10      FMSTAT   
   \   00000186   0xD516             BPL.N    ??Braking__DqRefHandler_9
    229                  { /* clamp to the maximum value of Id */
    230                     Id_Braking = Id_Braking_Max;
   \   00000188   0xED86 0x0A00      VSTR     S0,[R6, #0]
    231                  }
    232              }
    233              else
    234              {
    235                  /* Here there is not braking required (flag_under_braking is zero)
    236                   * If not braking then move Id_Braking slowly towards zero.
    237                   */
    238                  Id_Braking += params->DqRefAddPrm->Braking_Parameters.Id_Braking_Step_Back;
    239                  if (Id_Braking > 0)
    240                  {
    241                      Id_Braking = 0;
    242                  }
    243          
    244              }
    245              return(Id_Braking);
   \   0000018C   0xED96 0x0A00      VLDR     S0,[R6, #0]
   \   00000190   0xECBD 0x8B02      VPOP     {D8}
   \   00000194   0xBD70             POP      {R4-R6,PC}
   \                     ??Braking__DqRefHandler_5: (+1)
   \   00000196   0x6868             LDR      R0,[R5, #+4]
   \   00000198   0xEDD6 0x0A00      VLDR     S1,[R6, #0]
   \   0000019C   0xED90 0x0A02      VLDR     S0,[R0, #+8]
   \   000001A0   0xEE30 0x0A80      VADD.F32 S0,S1,S0
   \   000001A4   0xEEB5 0x0A40      VCMP.F32 S0,#0.0
   \   000001A8   0xED86 0x0A00      VSTR     S0,[R6, #0]
   \   000001AC   0xEEF1 0xFA10      FMSTAT   
   \   000001B0   0xBFC4             ITT      GT 
   \   000001B2   0x2000             MOVGT    R0,#+0
   \   000001B4   0x6030             STRGT    R0,[R6, #+0]
   \                     ??Braking__DqRefHandler_9: (+1)
   \   000001B6   0xED96 0x0A00      VLDR     S0,[R6, #0]
   \   000001BA   0xECBD 0x8B02      VPOP     {D8}
   \   000001BE   0xBD70             POP      {R4-R6,PC}       ;; return
    246          }

   \                                 In section .text, align 4, keep-with-next
   \                     ??DataTable2:
   \   00000000   0x3DCCCCCD         DC32     0x3dcccccd

   \                                 In section .text, align 4, keep-with-next
   \                     ??DataTable2_1:
   \   00000000   0x3D000000         DC32     0x3d000000

   \                                 In section .text, align 4, keep-with-next
   \                     ??DataTable2_2:
   \   00000000   0x00000000         DC32     0x0

   \                                 In section .text, align 4, keep-with-next
   \                     ??DataTable2_3:
   \   00000000   0x3C23D70A         DC32     0x3c23d70a

   \                                 In section .text, align 4, keep-with-next
   \                     ??DataTable2_4:
   \   00000000   0x........         DC32     Id_Braking
    247          //=====================================================================================================================
    248          //-------------------------------------- Private Functions ------------------------------------------------------------
    249          //=====================================================================================================================

   Maximum stack usage in bytes:

   .cstack Function
   ------- --------
      24   Braking__DqRefHandler
        24   -> MathCalc__SqrtF
        24   -> SpeedRefGen__GetStatus
       0   Braking__ResetState
      16   Braking__SpeedCtrlHandler
        16   -> SpeedRefGen__GetSpeedTarget


   Section sizes:

   Bytes  Function/Label
   -----  --------------
       4  ??DataTable2
       4  ??DataTable2_1
       4  ??DataTable2_2
       4  ??DataTable2_3
       4  ??DataTable2_4
     448  Braking__DqRefHandler
      16  Braking__ResetState
     216  Braking__SpeedCtrlHandler
      28  Id_Braking
          Id_Braking_Max
          Torque_Brake_Max
          Speed_Filtered
          Braking_Resistance
          Id_Braking_Target
          Torque_Brake_Max_thr
       4  Max_Joule_Loss

 
  32 bytes in section .bss
 700 bytes in section .text
 
 700 bytes of CODE memory
  32 bytes of DATA memory

Errors: none
Warnings: none
