###############################################################################
#
# IAR ANSI C/C++ Compiler V7.20.5.7591/W32 for ARM        06/Aug/2024  13:42:25
# Copyright 1999-2014 IAR Systems AB.
#
#    Cpu mode     =  thumb
#    Endian       =  little
#    Source file  =  
#        C:\Data\Python\Self_Commissioning_Bpm\source\XCategory\Hbl\Mci\Mcl\MicroBlocks\Filters\Filters.c
#    Command line =  
#        -I./ -I../cx/ -I../cx/inc/ -ICategory/ -ICategory/Application/
#        -ICategory/Application/ThermalModel/
#        -ICategory/Application/ThermalModel/ThermalModelCore_DD/
#        -ICategory/Application/ThermalModel/ThermalModelCore_sBPM/
#        -ICategory/Common/ -ICategory/Common/BoardDebugging/
#        -ICategory/Common/MasterCommander/
#        -ICategory/Common/MasterCommander/Source/
#        -ICategory/Common/MasterCommander/Source/HAL/
#        -ICategory/Common/SelfCommissioning/ -ICategory/Hbl/
#        -IProjectSpecific/ -IProjectSpecific/Application/
#        -IProjectSpecific/Application/API007App/
#        -IProjectSpecific/Application/ModeManagement/
#        -IProjectSpecific/Application/MotorSelector/
#        -IProjectSpecific/Application/ProductInfo/
#        -IProjectSpecific/Application/SRMcuSpeedMonitor/
#        -IProjectSpecific/Application/ThermalModel/
#        -IProjectSpecific/CommonCore/ -IProjectSpecific/Driver/
#        -IProjectSpecific/MasterCommander/ -IProjectSpecific/Mci/
#        -IProjectSpecific/Mci/Mcl/ -IProjectSpecific/Mci/Mcl/old_xls/
#        -IXCategory/ -IXCategory/Application/
#        -IXCategory/Application/MciParametersLoader/
#        -IXCategory/Application/Mode/ -IXCategory/Application/Reveal_APIs/
#        -IXCategory/Application/Reveal_APIs/API003Disc/
#        -IXCategory/Application/Reveal_APIs/API004Debug/
#        -IXCategory/Application/Reveal_APIs/API005LowLevel/
#        -IXCategory/Application/Reveal_APIs/API007Data/
#        -IXCategory/Application/Reveal_APIs/API009System/
#        -IXCategory/Application/Reveal_APIs/API010PollVar/
#        -IXCategory/Application/Reveal_APIs/API011AppCtr/
#        -IXCategory/Application/Reveal_APIs/API013RemoteFunction/
#        -IXCategory/Application/Reveal_APIs/API018Diagnostic/
#        -IXCategory/Application/Reveal_APIs/API019ProductInfo/
#        -IXCategory/Application/Reveal_APIs/API220MotorControl/
#        -IXCategory/Application/Reveal_APIs/API220MotorControl/API/
#        -IXCategory/Application/Reveal_APIs/API221MotionCtrl/
#        -IXCategory/Application/Reveal_APIs/SRAPI020Safety/
#        -IXCategory/Application/SFUpdater/ -IXCategory/Common/
#        -IXCategory/Common/Crc16/ -IXCategory/Common/Crc8/
#        -IXCategory/Common/Log/ -IXCategory/Common/Millis/
#        -IXCategory/Common/SettingFile/ -IXCategory/Common/SRClockMonitor/
#        -IXCategory/Common/SRData/ -IXCategory/Common/SRException/
#        -IXCategory/Common/SRFlow/ -IXCategory/Common/SRIsrMonitor/
#        -IXCategory/Common/SRMain/ -IXCategory/Common/SRMcuSpeedMonitor/
#        -IXCategory/Common/SRPowerMgr/ -IXCategory/Common/SRSignature/
#        -IXCategory/Common/SRSystemConfig/
#        -IXCategory/Common/SRTimerReference/ -IXCategory/Common/SystemConfig/
#        -IXCategory/Common/SystemTimers/ -IXCategory/Common/Utilities/
#        -IXCategory/Driver/ -IXCategory/Driver/API/
#        -IXCategory/Driver/API/Comparator/ -IXCategory/Driver/API/DataFlash/
#        -IXCategory/Driver/API/Dma/ -IXCategory/Driver/API/Flash/
#        -IXCategory/Driver/API/Gpio/ -IXCategory/Driver/API/Micro/
#        -IXCategory/Driver/API/Spi/ -IXCategory/Driver/API/SRMCAtod/
#        -IXCategory/Driver/API/SRMCInputCapture/
#        -IXCategory/Driver/API/SRMCPwm/ -IXCategory/Driver/API/TimerInterrupt/
#        -IXCategory/Driver/API/Uart/ -IXCategory/Driver/Comparator/
#        -IXCategory/Driver/DataFlash/ -IXCategory/Driver/Dma/
#        -IXCategory/Driver/Flash/ -IXCategory/Driver/Gpio/
#        -IXCategory/Driver/Micro/ -IXCategory/Driver/Spi/
#        -IXCategory/Driver/SRMCAtod/ -IXCategory/Driver/SRMCInputCapture/
#        -IXCategory/Driver/SRMCPwm/ -IXCategory/Driver/TimerInterrupt/
#        -IXCategory/Driver/Uart/ -IXCategory/Hbl/ -IXCategory/Hbl/Mci/
#        -IXCategory/Hbl/Mci/InverterTemp/ -IXCategory/Hbl/Mci/Mcl/
#        -IXCategory/Hbl/Mci/Mcl/Braking/ -IXCategory/Hbl/Mci/Mcl/MacroBlocks/
#        -IXCategory/Hbl/Mci/Mcl/MclFvt/ -IXCategory/Hbl/Mci/Mcl/MicroBlocks/
#        -IXCategory/Hbl/Mci/Mcl/MicroBlocks/ClrkPark/
#        -IXCategory/Hbl/Mci/Mcl/MicroBlocks/Filters/
#        -IXCategory/Hbl/Mci/Mcl/MicroBlocks/Math/
#        -IXCategory/Hbl/Mci/Mcl/MicroBlocks/ObserverPmsm/
#        -IXCategory/Hbl/Mci/Mcl/MicroBlocks/Pi/
#        -IXCategory/Hbl/Mci/Mcl/MicroBlocks/PwmModulation/
#        -IXCategory/Hbl/Mci/Mcl/ResistanceEstimation/
#        -IXCategory/Hbl/Mci/PowerModuleManager/
#        -IXCategory/Hbl/Mci/SpeedRefGen/ -IXCategory/Hbl/Mci/SurgeRelay/
#        -IXCategory/Hbl/SRMotorSafetyMgr/
#        -IXCategory/Hbl/SRMotorSafetyMgr/API/ -IXCategory/Service/
#        -IXCategory/Service/Reveal/ -IXCategory/Service/Win/ --remarks
#        --no_tbaa --debug --use_c++_inline --only_stdout --dlib_config
#        ..\cx\inc\DLib_Config_Normal.h -r -D
#        ENABLE_JUMP_TO_APPLICATION_WITHOUT_IAP_FIRMWARE -D
#        SET_FLASH_OPTION_CONFIGURATION -D ARM_MATH_CM4 -e --silent
#        --endian=little --cpu Cortex-M4 --fpu=VFPv4_sp -Ohs -o Filters.obj -l
#        ..\listings\Filters.lst
#        C:\Data\Python\Self_Commissioning_Bpm\source\XCategory\Hbl\Mci\Mcl\MicroBlocks\Filters\Filters.c
#    List file    =  ..\listings\Filters.lst
#    Object file  =  Filters.obj
#
###############################################################################

C:\Data\Python\Self_Commissioning_Bpm\source\XCategory\Hbl\Mci\Mcl\MicroBlocks\Filters\Filters.c
      1          /**
      2           *  @file
      3           *  @brief      Basic description of file contents
      4           *
      5           *  $Header: $
      6           *
      7           *
      8           *  @copyright  Copyright 2015-$Date$. Whirlpool Corporation. All rights reserved - CONFIDENTIAL
      9           */
     10          
     11          //-------------------------------------- Include Files ----------------------------------------------------------------
     12          #include "Filters.h"
     13          #include "McMathCalc_macros.h"
     14          //-------------------------------------- PUBLIC (Variables) -----------------------------------------------------------
     15          
     16          //-------------------------------------- PRIVATE (Variables, Constants & Defines) -------------------------------------
     17          
     18          
     19          //-------------------------------------- PRIVATE (Function Prototypes) ------------------------------------------------
     20          
     21          
     22          
     23          //=====================================================================================================================
     24          //-------------------------------------- Public Functions -------------------------------------------------------------
     25          //=====================================================================================================================
     26          
     27          /**
     28           * Calculates the moving average based on the parameters passed to this method.
     29           * @param moving_avg pointer.
     30           * @return the last averaged sample
     31           */

   \                                 In section .text, align 2, keep-with-next
     32          uint16 Filters__MovingAverageShort(MOVING_AVG_TYPE *data, sint16 new_sample)
     33          {
   \                     Filters__MovingAverageShort: (+1)
   \   00000000   0xB470             PUSH     {R4-R6}
     34              uint32 sum = 0;
     35              uint16 temp;
     36          
     37              if(data->sample_index < data->nr_samples)
   \   00000002   0x8903             LDRH     R3,[R0, #+8]
   \   00000004   0x8944             LDRH     R4,[R0, #+10]
   \   00000006   0x2200             MOVS     R2,#+0
   \   00000008   0x42A3             CMP      R3,R4
   \   0000000A   0xD23A             BCS.N    ??Filters__MovingAverageShort_0
     38              {
     39                  data->mvg_avg_pointer[data->sample_index] = new_sample;
   \   0000000C   0x6844             LDR      R4,[R0, #+4]
   \   0000000E   0xF824 0x1013      STRH     R1,[R4, R3, LSL #+1]
     40          
     41                  data->sample_index++;
   \   00000012   0x8901             LDRH     R1,[R0, #+8]
     42                  if(data->sample_index < data->nr_samples)
   \   00000014   0x8943             LDRH     R3,[R0, #+10]
   \   00000016   0x1C49             ADDS     R1,R1,#+1
   \   00000018   0xB289             UXTH     R1,R1
   \   0000001A   0x4299             CMP      R1,R3
   \   0000001C   0xBF38             IT       CC 
     43                  {
     44                      data->sample_index = 0;
   \   0000001E   0x2100             MOVCC    R1,#+0
   \   00000020   0x8101             STRH     R1,[R0, #+8]
     45                  }
     46          
     47                  for(temp = 0; temp < data->nr_samples; temp++)
   \   00000022   0x2400             MOVS     R4,#+0
   \   00000024   0x0019             MOVS     R1,R3
   \   00000026   0xD027             BEQ.N    ??Filters__MovingAverageShort_1
   \   00000028   0x6840             LDR      R0,[R0, #+4]
   \   0000002A   0xF013 0x0503      ANDS     R5,R3,#0x3
   \   0000002E   0xD007             BEQ.N    ??Filters__MovingAverageShort_2
     48                  {
     49                      sum += data->mvg_avg_pointer[temp];
   \                     ??Filters__MovingAverageShort_3: (+1)
   \   00000030   0xB2A4             UXTH     R4,R4
   \   00000032   0xF830 0x6014      LDRH     R6,[R0, R4, LSL #+1]
   \   00000036   0x1C64             ADDS     R4,R4,#+1
   \   00000038   0xFA12 0xF286      UXTAH    R2,R2,R6
   \   0000003C   0x1E6D             SUBS     R5,R5,#+1
   \   0000003E   0xD1F7             BNE.N    ??Filters__MovingAverageShort_3
   \                     ??Filters__MovingAverageShort_2: (+1)
   \   00000040   0x089B             LSRS     R3,R3,#+2
   \   00000042   0xD019             BEQ.N    ??Filters__MovingAverageShort_1
   \                     ??Filters__MovingAverageShort_4: (+1)
   \   00000044   0xB2A4             UXTH     R4,R4
   \   00000046   0xF830 0x5014      LDRH     R5,[R0, R4, LSL #+1]
   \   0000004A   0x1C64             ADDS     R4,R4,#+1
   \   0000004C   0xFA12 0xF285      UXTAH    R2,R2,R5
   \   00000050   0xB2A4             UXTH     R4,R4
   \   00000052   0xF830 0x5014      LDRH     R5,[R0, R4, LSL #+1]
   \   00000056   0x1C64             ADDS     R4,R4,#+1
   \   00000058   0xFA12 0xF285      UXTAH    R2,R2,R5
   \   0000005C   0xB2A4             UXTH     R4,R4
   \   0000005E   0xF830 0x5014      LDRH     R5,[R0, R4, LSL #+1]
   \   00000062   0x1C64             ADDS     R4,R4,#+1
   \   00000064   0xFA12 0xF285      UXTAH    R2,R2,R5
   \   00000068   0xB2A4             UXTH     R4,R4
   \   0000006A   0xF830 0x5014      LDRH     R5,[R0, R4, LSL #+1]
     50                  }
   \   0000006E   0x1C64             ADDS     R4,R4,#+1
   \   00000070   0xFA12 0xF285      UXTAH    R2,R2,R5
   \   00000074   0x1E5B             SUBS     R3,R3,#+1
   \   00000076   0xD1E5             BNE.N    ??Filters__MovingAverageShort_4
     51          
     52                  temp = (uint16)(sum / data->nr_samples);
     53              }
     54              else
     55              {
     56                  temp = 0;
     57              }
     58          
     59          
     60              return(temp);
   \                     ??Filters__MovingAverageShort_1: (+1)
   \   00000078   0xBC70             POP      {R4-R6}
   \   0000007A   0xFBB2 0xF0F1      UDIV     R0,R2,R1
   \   0000007E   0xB280             UXTH     R0,R0
   \   00000080   0x4770             BX       LR
   \                     ??Filters__MovingAverageShort_0: (+1)
   \   00000082   0xBC70             POP      {R4-R6}
   \   00000084   0x2000             MOVS     R0,#+0
   \   00000086   0xB280             UXTH     R0,R0
   \   00000088   0x4770             BX       LR               ;; return
     61          }
     62          
     63          /**
     64           * Calculates the moving average with unsigned parameters based on the parameters passed to this method.
     65           * @param moving_avg pointer.
     66           * @return the last averaged sample
     67           */

   \                                 In section .text, align 2, keep-with-next
     68          uint16 Filters__MovAvgUShort(USHORT_MOVING_AVG_TYPE *data, uint16 new_sample)
     69          {
   \                     Filters__MovAvgUShort: (+1)
   \   00000000   0xB470             PUSH     {R4-R6}
     70              uint32 sum = 0;
     71              uint16 temp;
     72          
     73              if(data->sample_index < data->nr_samples)
   \   00000002   0x8903             LDRH     R3,[R0, #+8]
   \   00000004   0x8944             LDRH     R4,[R0, #+10]
   \   00000006   0x2200             MOVS     R2,#+0
   \   00000008   0x42A3             CMP      R3,R4
   \   0000000A   0xD23A             BCS.N    ??Filters__MovAvgUShort_0
     74              {
     75                  data->mvg_avg_pointer[data->sample_index] = new_sample;
   \   0000000C   0x6844             LDR      R4,[R0, #+4]
   \   0000000E   0xF824 0x1013      STRH     R1,[R4, R3, LSL #+1]
     76          
     77                  data->sample_index++;
   \   00000012   0x8901             LDRH     R1,[R0, #+8]
     78                  if(data->sample_index < data->nr_samples)
   \   00000014   0x8943             LDRH     R3,[R0, #+10]
   \   00000016   0x1C49             ADDS     R1,R1,#+1
   \   00000018   0xB289             UXTH     R1,R1
   \   0000001A   0x4299             CMP      R1,R3
   \   0000001C   0xBF38             IT       CC 
     79                  {
     80                      data->sample_index = 0;
   \   0000001E   0x2100             MOVCC    R1,#+0
   \   00000020   0x8101             STRH     R1,[R0, #+8]
     81                  }
     82          
     83                  for(temp = 0; temp < data->nr_samples; temp++)
   \   00000022   0x2400             MOVS     R4,#+0
   \   00000024   0x0019             MOVS     R1,R3
   \   00000026   0xD027             BEQ.N    ??Filters__MovAvgUShort_1
   \   00000028   0x6840             LDR      R0,[R0, #+4]
   \   0000002A   0xF013 0x0503      ANDS     R5,R3,#0x3
   \   0000002E   0xD007             BEQ.N    ??Filters__MovAvgUShort_2
     84                  {
     85                      sum += data->mvg_avg_pointer[temp];
   \                     ??Filters__MovAvgUShort_3: (+1)
   \   00000030   0xB2A4             UXTH     R4,R4
   \   00000032   0xF830 0x6014      LDRH     R6,[R0, R4, LSL #+1]
   \   00000036   0x1C64             ADDS     R4,R4,#+1
   \   00000038   0xFA12 0xF286      UXTAH    R2,R2,R6
   \   0000003C   0x1E6D             SUBS     R5,R5,#+1
   \   0000003E   0xD1F7             BNE.N    ??Filters__MovAvgUShort_3
   \                     ??Filters__MovAvgUShort_2: (+1)
   \   00000040   0x089B             LSRS     R3,R3,#+2
   \   00000042   0xD019             BEQ.N    ??Filters__MovAvgUShort_1
   \                     ??Filters__MovAvgUShort_4: (+1)
   \   00000044   0xB2A4             UXTH     R4,R4
   \   00000046   0xF830 0x5014      LDRH     R5,[R0, R4, LSL #+1]
   \   0000004A   0x1C64             ADDS     R4,R4,#+1
   \   0000004C   0xFA12 0xF285      UXTAH    R2,R2,R5
   \   00000050   0xB2A4             UXTH     R4,R4
   \   00000052   0xF830 0x5014      LDRH     R5,[R0, R4, LSL #+1]
   \   00000056   0x1C64             ADDS     R4,R4,#+1
   \   00000058   0xFA12 0xF285      UXTAH    R2,R2,R5
   \   0000005C   0xB2A4             UXTH     R4,R4
   \   0000005E   0xF830 0x5014      LDRH     R5,[R0, R4, LSL #+1]
   \   00000062   0x1C64             ADDS     R4,R4,#+1
   \   00000064   0xFA12 0xF285      UXTAH    R2,R2,R5
   \   00000068   0xB2A4             UXTH     R4,R4
   \   0000006A   0xF830 0x5014      LDRH     R5,[R0, R4, LSL #+1]
     86                  }
   \   0000006E   0x1C64             ADDS     R4,R4,#+1
   \   00000070   0xFA12 0xF285      UXTAH    R2,R2,R5
   \   00000074   0x1E5B             SUBS     R3,R3,#+1
   \   00000076   0xD1E5             BNE.N    ??Filters__MovAvgUShort_4
     87          
     88                  temp = (uint16)(sum / data->nr_samples);
     89              }
     90              else
     91              {
     92                  temp = 0;
     93              }
     94          
     95          
     96              return(temp);
   \                     ??Filters__MovAvgUShort_1: (+1)
   \   00000078   0xBC70             POP      {R4-R6}
   \   0000007A   0xFBB2 0xF0F1      UDIV     R0,R2,R1
   \   0000007E   0xB280             UXTH     R0,R0
   \   00000080   0x4770             BX       LR
   \                     ??Filters__MovAvgUShort_0: (+1)
   \   00000082   0xBC70             POP      {R4-R6}
   \   00000084   0x2000             MOVS     R0,#+0
   \   00000086   0xB280             UXTH     R0,R0
   \   00000088   0x4770             BX       LR               ;; return
     97          }
     98          
     99          
    100          // From Horacio

   \                                 In section .text, align 2, keep-with-next
    101          mc_sint32 Filters__SimpleLpf(mc_sint32 x, mc_sint32 y, uint16 shift)
    102          {
    103              mc_sint64 sum;
    104              sum = y - MC_DIV_SH(y,shift) + x;
    105              return (sint32)(MC_DIV_SH(sum,shift));
   \                     Filters__SimpleLpf: (+1)
   \   00000000   0xFA41 0xF302      ASR      R3,R1,R2
   \   00000004   0x1AC9             SUBS     R1,R1,R3
   \   00000006   0x1840             ADDS     R0,R0,R1
   \   00000008   0x17C1             ASRS     R1,R0,#+31
   \   0000000A   0x.... 0x....      B.W      __aeabi_lasr
    106          
    107          }
    108          
    109          //---------------------------------------------------------------------------------------------------------------------
    110          /**
    111           *  @brief      FIR Filter
    112           *  @details    The implemented FIR Filter has power of 2 number of taps
    113           *
    114           *
    115           *  @param[in]  buffer  = FIR filter buffer; elements are in Q17.15 notation
    116           *  @return     filtered output in Q17.15 format
    117           */

   \                                 In section .text, align 4, keep-with-next
    118          mc_sint32 Filters__FIRFilter(mc_sint32 *buffer, FIR_TAPS_TYPE *samples)
    119          {
   \                     Filters__FIRFilter: (+1)
   \   00000000   0xB430             PUSH     {R4,R5}
    120              mc_sint32  accumulator;
    121              uint8   i;
    122              mc_sint32  y;
    123          
    124              accumulator = 0;
    125              // accumulate all the samples
    126              for (i=0; i<samples->Value; i++)
   \   00000002   0x780C             LDRB     R4,[R1, #+0]
   \   00000004   0x2200             MOVS     R2,#+0
   \   00000006   0xF05F 0x0300      MOVS.W   R3,#+0
   \   0000000A   0xB1DC             CBZ.N    R4,??Filters__FIRFilter_0
    127              {
    128                  accumulator += buffer[i];
   \                     ??Filters__FIRFilter_1: (+1)
   \   0000000C   0xF850 0x5023      LDR      R5,[R0, R3, LSL #+2]
   \   00000010   0x1C5B             ADDS     R3,R3,#+1
   \   00000012   0x18AA             ADDS     R2,R5,R2
   \   00000014   0xB2DB             UXTB     R3,R3
   \   00000016   0x42A3             CMP      R3,R4
   \   00000018   0xD214             BCS.N    ??Filters__FIRFilter_0
   \   0000001A   0xF850 0x5023      LDR      R5,[R0, R3, LSL #+2]
   \   0000001E   0x1C5B             ADDS     R3,R3,#+1
   \   00000020   0x18AA             ADDS     R2,R5,R2
   \   00000022   0xB2DB             UXTB     R3,R3
   \   00000024   0x42A3             CMP      R3,R4
   \   00000026   0xD20D             BCS.N    ??Filters__FIRFilter_0
   \   00000028   0xF850 0x5023      LDR      R5,[R0, R3, LSL #+2]
   \   0000002C   0x1C5B             ADDS     R3,R3,#+1
   \   0000002E   0x18AA             ADDS     R2,R5,R2
   \   00000030   0xB2DB             UXTB     R3,R3
   \   00000032   0x42A3             CMP      R3,R4
   \   00000034   0xD206             BCS.N    ??Filters__FIRFilter_0
   \   00000036   0xF850 0x5023      LDR      R5,[R0, R3, LSL #+2]
    129              }
   \   0000003A   0x1C5B             ADDS     R3,R3,#+1
   \   0000003C   0x18AA             ADDS     R2,R5,R2
   \   0000003E   0xB2DB             UXTB     R3,R3
   \   00000040   0x42A3             CMP      R3,R4
   \   00000042   0xD3E3             BCC.N    ??Filters__FIRFilter_1
    130          
    131              // divide for the number of taps (>> TapsLog) to get the new filtered samples
    132              y = MC_DIV_SH(accumulator,(samples->Log));
    133          
    134              return(y);
   \                     ??Filters__FIRFilter_0: (+1)
   \   00000044   0xF991 0x0001      LDRSB    R0,[R1, #+1]
   \   00000048   0xBC30             POP      {R4,R5}
   \   0000004A   0xFA42 0xF000      ASR      R0,R2,R0
   \   0000004E   0x4770             BX       LR               ;; return
    135          }
    136          
    137          
    138          //---------------------------------------------------------------------------------------------------------------------
    139          /**
    140           *  @brief      First Order Direct Form 1 IIR Filter
    141           *  @details    The initialization of the buffers of the IIR Filter
    142           *
    143           *
    144           *  @param[in]  params  = IIR filter parameters (coefficients and buffers)
    145           *  @return     void
    146           */

   \                                 In section .text, align 2, keep-with-next
    147          void Filters__IIR1Init(IIR1_TYPE *params)
    148          {
    149              params->x_1 = (mc_sint32)0;
   \                     Filters__IIR1Init: (+1)
   \   00000000   0x2100             MOVS     R1,#+0
   \   00000002   0x6101             STR      R1,[R0, #+16]
    150              params->y_1 = (mc_sint32)0;
   \   00000004   0x60C1             STR      R1,[R0, #+12]
    151          }
   \   00000006   0x4770             BX       LR               ;; return
    152          
    153          
    154          //---------------------------------------------------------------------------------------------------------------------
    155          /**
    156           *  @brief      First-Order Direct Form 1 IIR Filter
    157           *  @details    The implementation of the IIR Filter
    158           *   Filter equation:
    159           *   y(n) = b0*x(n) + b1*x(n-1) - a1*y(n-1)
    160           *   overflow may occur in case x or y are large numbers [fractional implementation (b*x) > 2 or (a*y)>2 ]
    161           *  @param[in]  x  = IIR filter input
    162           *  @param[in]  params  = IIR filter parameters (coefficients and buffers)
    163           *  @return     void
    164           */

   \                                 In section .text, align 2, keep-with-next
    165          mc_sint32 Filters__IIR1(mc_sint32 x, IIR1_TYPE *params)
    166          {
    167              mc_sint32 y;
    168          
    169              // calculate the new output
    170              y = (mc_sint64)MC_MULT(params->coeff.b0,x,IQ15,IQ15,IQ30) + (mc_sint64)MC_MULT(params->coeff.b1,params->x_1,IQ15,IQ15,IQ30) \
    171                   - (mc_sint64)MC_MULT(params->coeff.a1,params->y_1,IQ15,IQ15,IQ30);
   \                     Filters__IIR1: (+1)
   \   00000000   0x684B             LDR      R3,[R1, #+4]
   \   00000002   0xF8D1 0xC010      LDR      R12,[R1, #+16]
   \   00000006   0x680A             LDR      R2,[R1, #+0]
   \   00000008   0xFB03 0xF30C      MUL      R3,R3,R12
   \   0000000C   0xFB00 0x3202      MLA      R2,R0,R2,R3
   \   00000010   0x688B             LDR      R3,[R1, #+8]
   \   00000012   0xF8D1 0xC00C      LDR      R12,[R1, #+12]
   \   00000016   0xFB0C 0x2213      MLS      R2,R12,R3,R2
    172          
    173              // saturate if needed
    174              y = MATHCALC__SATURATE(MC_MINUS_ONE_IQ30, y, MC_ONE_IQ30);
   \   0000001A   0xF1B2 0x4F80      CMP      R2,#+1073741824
   \   0000001E   0xBFA8             IT       GE 
   \   00000020   0xF44F 0x4200      MOVGE    R2,#+32768
   \   00000024   0xDA04             BGE.N    ??Filters__IIR1_0
   \   00000026   0xF1B2 0x4F40      CMP      R2,#-1073741824
   \   0000002A   0xBFD4             ITE      LE 
   \   0000002C   0x....             LDRLE.N  R2,??DataTable0  ;; 0xffff8000
   \   0000002E   0x13D2             ASRGT    R2,R2,#+15
    175          
    176              y = MC_SCALE(y,IQ30,IQ15);
    177              // save old input and output
    178              params->x_1 = x;
   \                     ??Filters__IIR1_0: (+1)
   \   00000030   0x6108             STR      R0,[R1, #+16]
    179              params->y_1 = y;
   \   00000032   0x60CA             STR      R2,[R1, #+12]
    180              return(y);
   \   00000034   0x4610             MOV      R0,R2
   \   00000036   0x4770             BX       LR               ;; return
    181          
    182          }
    183          
    184          
    185          //---------------------------------------------------------------------------------------------------------------------
    186          /**
    187           *  @brief      First Order Direct Form 1 IIR Filter
    188           *  @details    The initialization of the buffers of the IIR Filter
    189           *
    190           *
    191           *  @param[in]  params  = IIR filter parameters (coefficients and buffers)
    192           *  @return     void
    193           */

   \                                 In section .text, align 2, keep-with-next
    194          void Filters__IIR1InitF(IIR1_F_TYPE *params)
    195          {
    196              params->x_1 = 0.0f;
   \                     Filters__IIR1InitF: (+1)
   \   00000000   0x2100             MOVS     R1,#+0
   \   00000002   0x6101             STR      R1,[R0, #+16]
    197              params->y_1 = 0.0f;
   \   00000004   0x60C1             STR      R1,[R0, #+12]
    198          }
   \   00000006   0x4770             BX       LR               ;; return
    199          
    200          
    201          //---------------------------------------------------------------------------------------------------------------------
    202          /**
    203           *  @brief      First-Order Direct Form 1 IIR Filter
    204           *  @details    The implementation of the IIR Filter
    205           *   Filter equation:
    206           *   y(n) = b0*x(n) + b1*x(n-1) - a1*y(n-1)
    207           *   overflow may occur in case x or y are large numbers [fractional implementation (b*x) > 2 or (a*y)>2 ]
    208           *  @param[in]  x  = IIR filter input
    209           *  @param[in]  params  = IIR filter parameters (coefficients and buffers)
    210           *  @return     void
    211           */

   \                                 In section .text, align 2, keep-with-next
    212          float32 Filters__IIR1F(float32 x, IIR1_F_TYPE *params)
    213          {
    214              float32 y;
    215          
    216              // calculate the new output
    217              y = params->coeff.b0 * x + params->coeff.b1 * params->x_1 - params->coeff.a1 * params->y_1;
   \                     Filters__IIR1F: (+1)
   \   00000000   0xEDD0 0x0A00      VLDR     S1,[R0, #0]
   \   00000004   0xED90 0x1A01      VLDR     S2,[R0, #+4]
   \   00000008   0xEDD0 0x1A04      VLDR     S3,[R0, #+16]
   \   0000000C   0xEE60 0x0A80      VMUL.F32 S1,S1,S0
   \   00000010   0xEE41 0x0A21      VMLA.F32 S1,S2,S3
   \   00000014   0xED90 0x1A02      VLDR     S2,[R0, #+8]
   \   00000018   0xEDD0 0x1A03      VLDR     S3,[R0, #+12]
    218          
    219              // save old input and output
    220              params->x_1 = x;
   \   0000001C   0xED80 0x0A04      VSTR     S0,[R0, #+16]
   \   00000020   0xEE41 0x0A61      VMLS.F32 S1,S2,S3
    221              params->y_1 = y;
   \   00000024   0xEDC0 0x0A03      VSTR     S1,[R0, #+12]
    222          
    223              return(y);
   \   00000028   0xEEB0 0x0A60      VMOV.F32 S0,S1
   \   0000002C   0x4770             BX       LR               ;; return
    224          }

   \                                 In section .text, align 4, keep-with-next
   \                     ??DataTable0:
   \   00000000   0xFFFF8000         DC32     0xffff8000
    225          

   Maximum stack usage in bytes:

   .cstack Function
   ------- --------
       8   Filters__FIRFilter
       0   Filters__IIR1
       0   Filters__IIR1F
       0   Filters__IIR1Init
       0   Filters__IIR1InitF
      12   Filters__MovAvgUShort
      12   Filters__MovingAverageShort
       0   Filters__SimpleLpf
         0 __aeabi_lasr


   Section sizes:

   Bytes  Function/Label
   -----  --------------
       4  ??DataTable0
      80  Filters__FIRFilter
      56  Filters__IIR1
      46  Filters__IIR1F
       8  Filters__IIR1Init
       8  Filters__IIR1InitF
     138  Filters__MovAvgUShort
     138  Filters__MovingAverageShort
      14  Filters__SimpleLpf

 
 492 bytes in section .text
 
 492 bytes of CODE memory

Errors: none
Warnings: none
