###############################################################################
#
# IAR ANSI C/C++ Compiler V7.20.5.7591/W32 for ARM        06/Aug/2024  13:42:23
# Copyright 1999-2014 IAR Systems AB.
#
#    Cpu mode     =  thumb
#    Endian       =  little
#    Source file  =  
#        C:\Data\Python\Self_Commissioning_Bpm\source\XCategory\Hbl\Mci\Mcl\MclFvt\MclFvt.c
#    Command line =  
#        -I./ -I../cx/ -I../cx/inc/ -ICategory/ -ICategory/Application/
#        -ICategory/Application/ThermalModel/
#        -ICategory/Application/ThermalModel/ThermalModelCore_DD/
#        -ICategory/Application/ThermalModel/ThermalModelCore_sBPM/
#        -ICategory/Common/ -ICategory/Common/BoardDebugging/
#        -ICategory/Common/MasterCommander/
#        -ICategory/Common/MasterCommander/Source/
#        -ICategory/Common/MasterCommander/Source/HAL/
#        -ICategory/Common/SelfCommissioning/ -ICategory/Hbl/
#        -IProjectSpecific/ -IProjectSpecific/Application/
#        -IProjectSpecific/Application/API007App/
#        -IProjectSpecific/Application/ModeManagement/
#        -IProjectSpecific/Application/MotorSelector/
#        -IProjectSpecific/Application/ProductInfo/
#        -IProjectSpecific/Application/SRMcuSpeedMonitor/
#        -IProjectSpecific/Application/ThermalModel/
#        -IProjectSpecific/CommonCore/ -IProjectSpecific/Driver/
#        -IProjectSpecific/MasterCommander/ -IProjectSpecific/Mci/
#        -IProjectSpecific/Mci/Mcl/ -IProjectSpecific/Mci/Mcl/old_xls/
#        -IXCategory/ -IXCategory/Application/
#        -IXCategory/Application/MciParametersLoader/
#        -IXCategory/Application/Mode/ -IXCategory/Application/Reveal_APIs/
#        -IXCategory/Application/Reveal_APIs/API003Disc/
#        -IXCategory/Application/Reveal_APIs/API004Debug/
#        -IXCategory/Application/Reveal_APIs/API005LowLevel/
#        -IXCategory/Application/Reveal_APIs/API007Data/
#        -IXCategory/Application/Reveal_APIs/API009System/
#        -IXCategory/Application/Reveal_APIs/API010PollVar/
#        -IXCategory/Application/Reveal_APIs/API011AppCtr/
#        -IXCategory/Application/Reveal_APIs/API013RemoteFunction/
#        -IXCategory/Application/Reveal_APIs/API018Diagnostic/
#        -IXCategory/Application/Reveal_APIs/API019ProductInfo/
#        -IXCategory/Application/Reveal_APIs/API220MotorControl/
#        -IXCategory/Application/Reveal_APIs/API220MotorControl/API/
#        -IXCategory/Application/Reveal_APIs/API221MotionCtrl/
#        -IXCategory/Application/Reveal_APIs/SRAPI020Safety/
#        -IXCategory/Application/SFUpdater/ -IXCategory/Common/
#        -IXCategory/Common/Crc16/ -IXCategory/Common/Crc8/
#        -IXCategory/Common/Log/ -IXCategory/Common/Millis/
#        -IXCategory/Common/SettingFile/ -IXCategory/Common/SRClockMonitor/
#        -IXCategory/Common/SRData/ -IXCategory/Common/SRException/
#        -IXCategory/Common/SRFlow/ -IXCategory/Common/SRIsrMonitor/
#        -IXCategory/Common/SRMain/ -IXCategory/Common/SRMcuSpeedMonitor/
#        -IXCategory/Common/SRPowerMgr/ -IXCategory/Common/SRSignature/
#        -IXCategory/Common/SRSystemConfig/
#        -IXCategory/Common/SRTimerReference/ -IXCategory/Common/SystemConfig/
#        -IXCategory/Common/SystemTimers/ -IXCategory/Common/Utilities/
#        -IXCategory/Driver/ -IXCategory/Driver/API/
#        -IXCategory/Driver/API/Comparator/ -IXCategory/Driver/API/DataFlash/
#        -IXCategory/Driver/API/Dma/ -IXCategory/Driver/API/Flash/
#        -IXCategory/Driver/API/Gpio/ -IXCategory/Driver/API/Micro/
#        -IXCategory/Driver/API/Spi/ -IXCategory/Driver/API/SRMCAtod/
#        -IXCategory/Driver/API/SRMCInputCapture/
#        -IXCategory/Driver/API/SRMCPwm/ -IXCategory/Driver/API/TimerInterrupt/
#        -IXCategory/Driver/API/Uart/ -IXCategory/Driver/Comparator/
#        -IXCategory/Driver/DataFlash/ -IXCategory/Driver/Dma/
#        -IXCategory/Driver/Flash/ -IXCategory/Driver/Gpio/
#        -IXCategory/Driver/Micro/ -IXCategory/Driver/Spi/
#        -IXCategory/Driver/SRMCAtod/ -IXCategory/Driver/SRMCInputCapture/
#        -IXCategory/Driver/SRMCPwm/ -IXCategory/Driver/TimerInterrupt/
#        -IXCategory/Driver/Uart/ -IXCategory/Hbl/ -IXCategory/Hbl/Mci/
#        -IXCategory/Hbl/Mci/InverterTemp/ -IXCategory/Hbl/Mci/Mcl/
#        -IXCategory/Hbl/Mci/Mcl/Braking/ -IXCategory/Hbl/Mci/Mcl/MacroBlocks/
#        -IXCategory/Hbl/Mci/Mcl/MclFvt/ -IXCategory/Hbl/Mci/Mcl/MicroBlocks/
#        -IXCategory/Hbl/Mci/Mcl/MicroBlocks/ClrkPark/
#        -IXCategory/Hbl/Mci/Mcl/MicroBlocks/Filters/
#        -IXCategory/Hbl/Mci/Mcl/MicroBlocks/Math/
#        -IXCategory/Hbl/Mci/Mcl/MicroBlocks/ObserverPmsm/
#        -IXCategory/Hbl/Mci/Mcl/MicroBlocks/Pi/
#        -IXCategory/Hbl/Mci/Mcl/MicroBlocks/PwmModulation/
#        -IXCategory/Hbl/Mci/Mcl/ResistanceEstimation/
#        -IXCategory/Hbl/Mci/PowerModuleManager/
#        -IXCategory/Hbl/Mci/SpeedRefGen/ -IXCategory/Hbl/Mci/SurgeRelay/
#        -IXCategory/Hbl/SRMotorSafetyMgr/
#        -IXCategory/Hbl/SRMotorSafetyMgr/API/ -IXCategory/Service/
#        -IXCategory/Service/Reveal/ -IXCategory/Service/Win/ --remarks
#        --no_tbaa --debug --use_c++_inline --only_stdout --dlib_config
#        ..\cx\inc\DLib_Config_Normal.h -r -D
#        ENABLE_JUMP_TO_APPLICATION_WITHOUT_IAP_FIRMWARE -D
#        SET_FLASH_OPTION_CONFIGURATION -D ARM_MATH_CM4 -e --silent
#        --endian=little --cpu Cortex-M4 --fpu=VFPv4_sp -Ohs -o MclFvt.obj -l
#        ..\listings\MclFvt.lst
#        C:\Data\Python\Self_Commissioning_Bpm\source\XCategory\Hbl\Mci\Mcl\MclFvt\MclFvt.c
#    List file    =  ..\listings\MclFvt.lst
#    Object file  =  MclFvt.obj
#
###############################################################################

C:\Data\Python\Self_Commissioning_Bpm\source\XCategory\Hbl\Mci\Mcl\MclFvt\MclFvt.c
      1          /**
      2           *  @file       MclFvt.c
      3           *  @brief      MacroBlock Functional Verification Tests
      4           *
      5           *  @details    It perfoms all required FVT algorithms. Like current and DC bus voltage sensors,
      6           *              over current circuit and surge relay
      7           *
      8              @startuml{MCL_FVT_Class_Diagram.png}
      9          
     10              package "MclFvt"  {
     11                  Gpio :
     12                  SurgeRelay :
     13                  ClrkPark :
     14                  MotorSafetyMgr :
     15                  C_Extensions :
     16                  Mci_API:
     17                  MacroBlocks:
     18              }
     19              @enduml
     20           *
     21           *
     22           *---------------------------------------------------------------------------------------------------------------------
     23           *------------------- Copyright 2017.  Whirlpool Corporation.  All rights reserved - CONFIDENTIAL ---------------------
     24           *---------------------------------------------------------------------------------------------------------------------
     25           */
     26          
     27          //-------------------------------------- Include Files ----------------------------------------------------------------
     28          #include "MclFvt.h"
     29          #include "MclConfig.h"
     30          #include "ClrkPark.h"
     31          #include "MotorSafetyMgr.h"
     32          
     33          
     34          #if defined (SURGE_RELAY_USED) && defined (SURGE_RELAY_FVT)
     35              #include "SurgeRelay.h"
     36          #endif
     37          
     38          // Include Gpio only if OC polling is enabled.
     39          #if (defined MCI_HW_OC_DEBOUNCE_TIME) && (defined MCI_HW_OC_PORT) && (defined MCI_HW_OC_PIN) && (defined MCI_HW_OC_LEVEL)
     40              #include "Gpio.h"
     41          #endif
     42          
     43          
     44          
     45          //-------------------------------------- PRIVATE (Variables, Constants & Defines) -------------------------------------
     46          
     47          //! Define states of the FVT
     48          typedef enum
     49          {
     50              MCL_FVT_TEST_NOT_DEFINED = 0,                   //!< Not defined, it shall not be used
     51              MCL_FVT_TEST_INJECT_DC_CURRENT,                 //!< Apply controlled dc current to check current and dc bus voltage sensors
     52          #ifdef OC_FVT
     53              MCL_FVT_TEST_OVERCURRENT_CIRCUIT,               //!< Apply high voltage to trigger the over current sensor
     54          #endif
     55          #if defined (SURGE_RELAY_USED) && defined (SURGE_RELAY_FVT)
     56              MCL_FVT_TEST_SURGE_RELAY,                       //!< Apply current and open and close surge relay.
     57          #endif
     58              MCL_FVT_TEST_WAITING,                           //!< Reenable surge relay and wait until it is in normal operation.
     59              MCL_FVT_TEST_FINISHED,                          //!< After finishing all steps, stays here until feedback is read
     60          } MCL_FVT_TEST_SEQUENCE_TYPE;
     61          
     62          
     63          //! Status of FVT
     64          typedef enum
     65          {
     66              MCLFVT_STATUS_ACTIVE = 0,                              //!< FVT is engaged and running; false when all routines is performed
     67          
     68          } MCLFVT_STATUS_TYPE;
     69          
     70          
     71          
     72          
     73          //! Data used to capture the FVT results during dc current injection
     74          typedef struct
     75          {
     76              float Averaged_Phase_Current_A;
     77              float Averaged_Phase_Current_B;
     78              float Averaged_Phase_Current_C;
     79              float Averaged_Phase_Voltage_A;
     80              float Averaged_Phase_Voltage_B;
     81              float Averaged_Phase_Voltage_C;
     82              float Averaged_DC_Bus_Voltage;
     83          
     84              sint32 Sample_Counter;
     85              sint32 Required_Nr_Samples;
     86          
     87          } MCL_FVT_TEST_DATA_SENSORS_DC_CURR_AVERAGE_TYPE;
     88          
     89          
     90          //! Data used to capture the FVT results during surge relay test
     91          typedef struct
     92          {
     93              float Averaged_DC_Bus_Voltage_Relay_Open;
     94              float Averaged_DC_Bus_Voltage_Relay_Closed;
     95          
     96              sint32 Sample_Counter;
     97              sint32 Required_Nr_Samples;
     98          
     99          } MCL_FVT_TEST_DATA_SURGE_RELAY_AVERAGE_TYPE;
    100          
    101          

   \                                 In section .bss, align 4
    102          uint8 MclFvt_Step;                                  //!< Define steps; each state has it own meaning
    103          MCL_FVT_TEST_SEQUENCE_TYPE MclFvt_State;            //!< [MCL_FVT_TEST_SEQUENCE_TYPE] define the state the FVT is performing
    104          
    105          //! [MCL_FVT_TEST_DATA_SENSORS_DC_CURR_AVERAGE_TYPE] Data acquired inject DC current - sensor check algorithm
    106          MCL_FVT_TEST_DATA_SENSORS_DC_CURR_AVERAGE_TYPE MclFvt_Data_Test_Dc_Current;
   \                     MclFvt_Data_Test_Dc_Current:
   \   00000000                      DS8 36
   \                     MclFvt_Step:
   \   00000024                      DS8 1
   \                     MclFvt_State:
   \   00000025                      DS8 1
    107          
    108          #if defined (SURGE_RELAY_USED) && defined (SURGE_RELAY_FVT)
    109              //! [MCL_FVT_TEST_DATA_SURGE_RELAY_AVERAGE_TYPE] data acquired during the surge relay tests
    110              MCL_FVT_TEST_DATA_SURGE_RELAY_AVERAGE_TYPE MclFvt_Data_Test_Surge_Relay;
    111          #endif
    112          #ifdef OC_FVT
    113          uint8 MclFvt_OC_Detected;                           //!< [Boolea] Over current was detected while running FVT
    114          #endif
    115          
    116          MCLFVT_STATUS_TYPE MclFvt_Status;                   //!< Status of fvt tests
   \                     MclFvt_Status:
   \   00000026                      DS8 1
    117          float32 MclFvt_Injection_Inst_Level;                 //!< [A] - define the level used in the manual injection
    118          float32 MclFvt_Injection_Level;                      //!< [A] - define the peak level for manual injection according to the user request
    119          float32 MclFvt_Injection_Level_Rate;                 //!< [A] - Rate change of the level in level/s
    120          float32 MclFvt_Injection_Position;                   //!< [rad] - position to apply current
    121          uint16 MclFvt_Generic_Timer;                        //!< [s /pwm rate] - generic timer used to calculate some delays
    122          MCI_FVT_ERROR_TYPE MclFvt_Error_List;               //!< Saves all information during FVT execution
   \                     MclFvt_Error_List:
   \   00000027                      DS8 1
    123          
    124          //! The externalized variables are explicit in order to access the variables
    125          extern MCL_INPUT_PROC_JOINT_PARAMS_TYPE MclInput_Params;
    126          extern MCL_INPUT_PROC_IO_F_TYPE Mcl_Input_Proc_IO;    //!< Input process variables
    127          extern MCL_DQ_CTRL_IO_F_TYPE Mcl_DQ_Ctrl_IO;          //!< DQ Controller variables
    128          extern MCL_PWM_IO_F_TYPE Mcl_Pwm_IO;                  //!< Mcl Pwm variables
    129          extern MCLPWM_JOINT_PARAMS_TYPE MclPwm_Params;      //!< Mcl Pwm joint parameters
    130          
    131          
    132          //-------------------------------------- PRIVATE (Function Prototypes) ------------------------------------------------
    133          
    134          static void DC_Current_Injection_Control(void);
    135          static uint8 Polls_Hw_OC(void);
    136          
    137          
    138          uint8 fvt_debug_averaging;
   \                     fvt_debug_averaging:
   \   00000028                      DS8 1
   \   00000029                      DS8 1
   \                     MclFvt_Generic_Timer:
   \   0000002A                      DS8 2
   \                     MclFvt_Injection_Inst_Level:
   \   0000002C                      DS8 4
   \                     MclFvt_Injection_Level:
   \   00000030                      DS8 4
   \                     MclFvt_Injection_Level_Rate:
   \   00000034                      DS8 4
   \                     MclFvt_Injection_Position:
   \   00000038                      DS8 4
    139          
    140          
    141          
    142          //---------------------------------------------------------------------------------------------------------------------
    143          /**
    144           * Entry point to initialize all FVT variables before running tests.
    145           *
    146           */

   \                                 In section .text, align 2, keep-with-next
    147          void MclFvt__Entry(void)
    148          {
    149              BIT_SET(MclFvt_Status, MCLFVT_STATUS_ACTIVE);
   \                     MclFvt__Entry: (+1)
   \   00000000   0x.... 0x....      LDR.W    R0,??DataTable5_4
   \   00000004   0xF890 0x1026      LDRB     R1,[R0, #+38]
   \   00000008   0xF041 0x0101      ORR      R1,R1,#0x1
   \   0000000C   0xF880 0x1026      STRB     R1,[R0, #+38]
    150          
    151              MclFvt_Error_List = (MCI_FVT_ERROR_TYPE)0;
    152          
    153              Mcl_IO.All_Devices_Off = FALSE;
   \   00000010   0x2200             MOVS     R2,#+0
   \   00000012   0x2100             MOVS     R1,#+0
   \   00000014   0xF880 0x1027      STRB     R1,[R0, #+39]
    154              Mcl_IO.Lowers_On = FALSE;
    155          
    156              MclFvt_State = MCL_FVT_TEST_INJECT_DC_CURRENT;
    157          
    158              MclFvt_Data_Test_Dc_Current.Averaged_DC_Bus_Voltage = 0.0f;
   \   00000018   0x6182             STR      R2,[R0, #+24]
    159              MclFvt_Data_Test_Dc_Current.Averaged_Phase_Current_A = 0.0f;
   \   0000001A   0x6002             STR      R2,[R0, #+0]
    160              MclFvt_Data_Test_Dc_Current.Averaged_Phase_Current_B = 0.0f;
   \   0000001C   0x6042             STR      R2,[R0, #+4]
    161              MclFvt_Data_Test_Dc_Current.Averaged_Phase_Current_C = 0.0f;
   \   0000001E   0x6082             STR      R2,[R0, #+8]
    162              MclFvt_Data_Test_Dc_Current.Averaged_Phase_Voltage_A = 0.0f;
   \   00000020   0x60C2             STR      R2,[R0, #+12]
    163              MclFvt_Data_Test_Dc_Current.Averaged_Phase_Voltage_B = 0.0f;
   \   00000022   0x6102             STR      R2,[R0, #+16]
    164              MclFvt_Data_Test_Dc_Current.Averaged_Phase_Voltage_C = 0.0f;
   \   00000024   0x6142             STR      R2,[R0, #+20]
    165              MclFvt_Data_Test_Dc_Current.Sample_Counter = 0;
   \   00000026   0x61C2             STR      R2,[R0, #+28]
    166              MclFvt_Data_Test_Dc_Current.Required_Nr_Samples = 8000;
    167          
    168              MclFvt_Generic_Timer = 8000; // empirically set based on measurements
    169          
    170              MclFvt_Injection_Level      = MCLFVT_INJECTION_LEVEL;
    171              MclFvt_Injection_Level_Rate = MCLFVT_INJECTION_LEVEL_RATE;
    172              MclFvt_Injection_Position   = MCLFVT_INJECTION_POSITION;
    173          
    174              MclFvt_Injection_Inst_Level = 0.0f;
   \   00000028   0x62C2             STR      R2,[R0, #+44]
    175          
    176              MclFvt_Step = 0;
   \   0000002A   0xF880 0x2024      STRB     R2,[R0, #+36]
    177          
    178              fvt_debug_averaging = 0;
   \   0000002E   0xF880 0x2028      STRB     R2,[R0, #+40]
   \   00000032   0x.... 0x....      LDR.W    R1,??DataTable5_5
   \   00000036   0xF881 0x2049      STRB     R2,[R1, #+73]
   \   0000003A   0xF881 0x2048      STRB     R2,[R1, #+72]
   \   0000003E   0x2101             MOVS     R1,#+1
   \   00000040   0xF880 0x1025      STRB     R1,[R0, #+37]
   \   00000044   0xF44F 0x51FA      MOV      R1,#+8000
   \   00000048   0x6201             STR      R1,[R0, #+32]
   \   0000004A   0x8541             STRH     R1,[R0, #+42]
   \   0000004C   0x.... 0x....      LDR.W    R1,??DataTable5_6  ;; 0x3f19999a
   \   00000050   0x6301             STR      R1,[R0, #+48]
   \   00000052   0x.... 0x....      LDR.W    R1,??DataTable5_7  ;; 0x3903126f
   \   00000056   0x6341             STR      R1,[R0, #+52]
   \   00000058   0x.... 0x....      LDR.W    R1,??DataTable5_8  ;; 0x3fc90fdb
   \   0000005C   0x6381             STR      R1,[R0, #+56]
    179          }
   \   0000005E   0x4770             BX       LR               ;; return
    180          
    181          
    182          
    183          
    184          //---------------------------------------------------------------------------------------------------------------------
    185          /**
    186           * Exit point to reset all FVT variables before exiting FVT.
    187           *
    188           */

   \                                 In section .text, align 2, keep-with-next
    189          void MclFvt__Exit(void)
    190          {
    191          #if defined (SURGE_RELAY_USED) && defined (SURGE_RELAY_FVT)
    192          
    193              SurgeRelay__Action(SURGERELAY_NORMAL);
    194          
    195          #endif
    196          
    197              Mcl_DQ_Ctrl_IO.Sin_Cos = &Mcl_Quantities.Sin_Cos_Position_Flux;
   \                     MclFvt__Exit: (+1)
   \   00000000   0x.... 0x....      LDR.W    R1,??DataTable5_9
   \   00000004   0x.... 0x....      LDR.W    R0,??DataTable5_10
   \   00000008   0x6108             STR      R0,[R1, #+16]
    198          }
   \   0000000A   0x4770             BX       LR               ;; return
    199          
    200          
    201          
    202          
    203          //---------------------------------------------------------------------------------------------------------------------
    204          /**
    205           * Pwm handler of FVT. All required tests are performed in this handler. The FVT state machine is
    206           * performed within this handler.
    207          
    208               @startuml{MclFvt_State_Machine.png}
    209          
    210                  title MclFvt - Macroblock Functional Verification Tests - FVT state machine
    211          
    212                  [*] --> MCL_FVT_TEST_INJECT_DC_CURRENT
    213          
    214                  MCL_FVT_TEST_INJECT_DC_CURRENT : Apply controlled dc current to check current and dc bus voltage sensors
    215                  MCL_FVT_TEST_INJECT_DC_CURRENT --> MCL_FVT_TEST_SURGE_RELAY   : [No error found] AND\n[Time is over]
    216          
    217                  MCL_FVT_TEST_SURGE_RELAY : Apply current and open and close surge relay.
    218                  MCL_FVT_TEST_SURGE_RELAY --> MCL_FVT_TEST_OVERCURRENT_CIRCUIT : [No error found] AND\n[Time is over]
    219          
    220                  MCL_FVT_TEST_OVERCURRENT_CIRCUIT : Reenable surge relay and wait until it is in normal operation.
    221                  MCL_FVT_TEST_OVERCURRENT_CIRCUIT --> MCL_FVT_TEST_WAITING   : [[No error found] AND [OC detected]] OR\n[Time is over]
    222          
    223                  MCL_FVT_TEST_WAITING : Waiting for Class B to be finish its checks,\ne.g. perform plausibility check.
    224                  MCL_FVT_TEST_WAITING --> MCL_FVT_TEST_FINISHED               : [No error found] AND\n[Time is over]
    225          
    226                  MCL_FVT_TEST_FINISHED : After finishing all steps, stays here until feedback is read
    227          
    228              @enduml
    229           *
    230           */

   \                                 In section .text, align 4, keep-with-next
    231          void MclFvt__PwmHandler(void)
    232          {
   \                     MclFvt__PwmHandler: (+1)
   \   00000000   0xB5F0             PUSH     {R4-R7,LR}
   \   00000002   0xB081             SUB      SP,SP,#+4
    233              uint8 oc_found;
    234              float temp_f;
    235          
    236              oc_found = Polls_Hw_OC();
   \   00000004   0x2006             MOVS     R0,#+6
   \   00000006   0xED2D 0x8B02      VPUSH    {D8}
   \   0000000A   0xB084             SUB      SP,SP,#+16
   \   0000000C   0x.... 0x....      BL       SRMotorSafetyMgr__GetFault
    237          
    238              if(MclFvt_State == MCL_FVT_TEST_INJECT_DC_CURRENT)
   \   00000010   0x....             LDR.N    R5,??DataTable5_4
   \   00000012   0x4604             MOV      R4,R0
   \   00000014   0xF895 0x0025      LDRB     R0,[R5, #+37]
   \   00000018   0x2801             CMP      R0,#+1
   \   0000001A   0xF040 0x810F      BNE.W    ??MclFvt__PwmHandler_0
    239              {
    240                  DC_Current_Injection_Control();
   \   0000001E   0x....             LDR.N    R7,??DataTable5_11
   \   00000020   0x....             LDR.N    R1,??DataTable5_12
   \   00000022   0x4638             MOV      R0,R7
   \   00000024   0x.... 0x....      BL       MclInputProc__RunningHandler
   \   00000028   0x....             LDR.N    R6,??DataTable5_9
   \   0000002A   0x6970             LDR      R0,[R6, #+20]
   \   0000002C   0x2100             MOVS     R1,#+0
   \   0000002E   0x6041             STR      R1,[R0, #+4]
   \   00000030   0x6970             LDR      R0,[R6, #+20]
   \   00000032   0x6081             STR      R1,[R0, #+8]
   \   00000034   0xED95 0x0A0B      VLDR     S0,[R5, #+44]
   \   00000038   0xEDD5 0x0A0C      VLDR     S1,[R5, #+48]
   \   0000003C   0xEEB4 0x0A60      VCMP.F32 S0,S1
   \   00000040   0xEEF1 0xFA10      FMSTAT   
   \   00000044   0xD504             BPL.N    ??MclFvt__PwmHandler_1
   \   00000046   0xEDD5 0x0A0D      VLDR     S1,[R5, #+52]
   \   0000004A   0xEE70 0x0A20      VADD.F32 S1,S0,S1
   \   0000004E   0xE00F             B.N      ??MclFvt__PwmHandler_2
   \                     ??MclFvt__PwmHandler_1: (+1)
   \   00000050   0xEEF4 0x0A40      VCMP.F32 S1,S0
   \   00000054   0xEEF1 0xFA10      FMSTAT   
   \   00000058   0xD50A             BPL.N    ??MclFvt__PwmHandler_2
   \   0000005A   0xEDD5 0x0A0D      VLDR     S1,[R5, #+52]
   \   0000005E   0xEE70 0x0A60      VSUB.F32 S1,S0,S1
   \   00000062   0xEEF5 0x0A40      VCMP.F32 S1,#0.0
   \   00000066   0xEEF1 0xFA10      FMSTAT   
   \   0000006A   0xBF98             IT       LS 
   \   0000006C   0xEDDF 0x....      VLDRLS.W S1,??DataTable5  ;; 0x0
   \                     ??MclFvt__PwmHandler_2: (+1)
   \   00000070   0x6930             LDR      R0,[R6, #+16]
   \   00000072   0xED95 0x0A0E      VLDR     S0,[R5, #+56]
   \   00000076   0xEDC5 0x0A0B      VSTR     S1,[R5, #+44]
   \   0000007A   0x.... 0x....      BL       MathCalc__SinCosF
   \   0000007E   0x2000             MOVS     R0,#+0
   \   00000080   0x9000             STR      R0,[SP, #+0]
   \   00000082   0xA900             ADD      R1,SP,#+0
   \   00000084   0x6932             LDR      R2,[R6, #+16]
   \   00000086   0x68F8             LDR      R0,[R7, #+12]
   \   00000088   0x.... 0x....      BL       ClrkPark__DirectParkF
   \   0000008C   0x6830             LDR      R0,[R6, #+0]
   \   0000008E   0x....             LDR.N    R7,??DataTable5_13
   \   00000090   0x2100             MOVS     R1,#+0
   \   00000092   0x6001             STR      R1,[R0, #+0]
   \   00000094   0x6870             LDR      R0,[R6, #+4]
   \   00000096   0x9901             LDR      R1,[SP, #+4]
   \   00000098   0x6001             STR      R1,[R0, #+0]
   \   0000009A   0x68B0             LDR      R0,[R6, #+8]
   \   0000009C   0x6AE9             LDR      R1,[R5, #+44]
   \   0000009E   0x6001             STR      R1,[R0, #+0]
   \   000000A0   0x68F0             LDR      R0,[R6, #+12]
   \   000000A2   0x9902             LDR      R1,[SP, #+8]
   \   000000A4   0x6001             STR      R1,[R0, #+0]
   \   000000A6   0x6838             LDR      R0,[R7, #+0]
   \   000000A8   0xF500 0x70AC      ADD      R0,R0,#+344
   \   000000AC   0x.... 0x....      BL       MclDqCtrl__OverrideRegGains
   \   000000B0   0x6838             LDR      R0,[R7, #+0]
   \   000000B2   0xF500 0x71AC      ADD      R1,R0,#+344
   \   000000B6   0x4630             MOV      R0,R6
   \   000000B8   0x.... 0x....      BL       MclDqCtrl__RunningHandler
   \   000000BC   0x....             LDR.N    R1,??DataTable5_14
   \   000000BE   0x....             LDR.N    R0,??DataTable5_15
   \   000000C0   0x.... 0x....      BL       MclPwm__RunningHandler
    241          
    242                  // Ramp up current - transient
    243                  if(MclFvt_Step == 0)
   \   000000C4   0xF895 0x0024      LDRB     R0,[R5, #+36]
   \   000000C8   0xB990             CBNZ.N   R0,??MclFvt__PwmHandler_3
    244                  {
    245                      if(MclFvt_Injection_Inst_Level >= MclFvt_Injection_Level)
   \   000000CA   0xED95 0x0A0B      VLDR     S0,[R5, #+44]
   \   000000CE   0xEDD5 0x0A0C      VLDR     S1,[R5, #+48]
   \   000000D2   0xEEB4 0x0A60      VCMP.F32 S0,S1
   \   000000D6   0xEEF1 0xFA10      FMSTAT   
   \   000000DA   0xF2C0 0x80C3      BLT.W    ??MclFvt__PwmHandler_4
    246                      {
    247                          if(MclFvt_Generic_Timer)
   \   000000DE   0x8D68             LDRH     R0,[R5, #+42]
   \   000000E0   0x2800             CMP      R0,#+0
   \   000000E2   0xBF07             ITTEE    EQ 
    248                          {
    249                              MclFvt_Generic_Timer--;
    250                          }
    251                          else
    252                          {
    253                              MclFvt_Step = 1;
   \   000000E4   0x2001             MOVEQ    R0,#+1
   \   000000E6   0xF885 0x0024      STRBEQ   R0,[R5, #+36]
    254                          }
   \   000000EA   0x1E40             SUBNE    R0,R0,#+1
   \   000000EC   0x8568             STRHNE   R0,[R5, #+42]
   \   000000EE   0xE0B9             B.N      ??MclFvt__PwmHandler_4
    255                      }
    256                  }
    257          
    258                  // Steady state current
    259                  else if(MclFvt_Step == 1)
   \                     ??MclFvt__PwmHandler_3: (+1)
   \   000000F0   0x2801             CMP      R0,#+1
   \   000000F2   0xF040 0x80B7      BNE.W    ??MclFvt__PwmHandler_4
    260                  {
    261                      fvt_debug_averaging = TRUE;
   \   000000F6   0xF885 0x0028      STRB     R0,[R5, #+40]
    262          
    263                      // Accumulate the reading
    264                      MclFvt_Data_Test_Dc_Current.Averaged_DC_Bus_Voltage  += ((1.0f/65536.0f)*Mci__GetAnalog(MOTOR0, MCI_AI_BUS_VOLTAGE_S16));
   \   000000FA   0x210D             MOVS     R1,#+13
   \   000000FC   0x2000             MOVS     R0,#+0
   \   000000FE   0x.... 0x....      BL       Mci__GetAnalog
   \   00000102   0xEE00 0x0A10      VMOV     S0,R0
   \   00000106   0xED9F 0x....      VLDR.W   S16,??DataTable5_1  ;; 0x37800000
   \   0000010A   0xEEB8 0x0AC0      VCVT.F32.S32 S0,S0
   \   0000010E   0xEDD5 0x0A06      VLDR     S1,[R5, #+24]
   \   00000112   0xEE40 0x0A08      VMLA.F32 S1,S0,S16
   \   00000116   0xEDC5 0x0A06      VSTR     S1,[R5, #+24]
    265                      MclFvt_Data_Test_Dc_Current.Averaged_Phase_Current_A += ((1.0f/65536.0f)*Mci__GetAnalog(MOTOR0, MCI_AI_CURR_PHASE_A_S16));
   \   0000011A   0x2114             MOVS     R1,#+20
   \   0000011C   0x2000             MOVS     R0,#+0
   \   0000011E   0x.... 0x....      BL       Mci__GetAnalog
   \   00000122   0xEE00 0x0A10      VMOV     S0,R0
   \   00000126   0xEEB8 0x0AC0      VCVT.F32.S32 S0,S0
   \   0000012A   0xEDD5 0x0A00      VLDR     S1,[R5, #0]
   \   0000012E   0xEE40 0x0A08      VMLA.F32 S1,S0,S16
   \   00000132   0xEDC5 0x0A00      VSTR     S1,[R5, #0]
    266                      MclFvt_Data_Test_Dc_Current.Averaged_Phase_Current_B += ((1.0f/65536.0f)*Mci__GetAnalog(MOTOR0, MCI_AI_CURR_PHASE_B_S16));
   \   00000136   0x2115             MOVS     R1,#+21
   \   00000138   0x2000             MOVS     R0,#+0
   \   0000013A   0x.... 0x....      BL       Mci__GetAnalog
   \   0000013E   0xEE00 0x0A10      VMOV     S0,R0
   \   00000142   0xEEB8 0x0AC0      VCVT.F32.S32 S0,S0
   \   00000146   0xEDD5 0x0A01      VLDR     S1,[R5, #+4]
   \   0000014A   0xEE40 0x0A08      VMLA.F32 S1,S0,S16
   \   0000014E   0xEDC5 0x0A01      VSTR     S1,[R5, #+4]
    267                      MclFvt_Data_Test_Dc_Current.Averaged_Phase_Current_C += ((1.0f/65536.0f)*Mci__GetAnalog(MOTOR0, MCI_AI_CURR_PHASE_C_S16));
   \   00000152   0x2116             MOVS     R1,#+22
   \   00000154   0x2000             MOVS     R0,#+0
   \   00000156   0x.... 0x....      BL       Mci__GetAnalog
   \   0000015A   0xEE00 0x0A10      VMOV     S0,R0
   \   0000015E   0xEEB8 0x0AC0      VCVT.F32.S32 S0,S0
   \   00000162   0xEDD5 0x0A02      VLDR     S1,[R5, #+8]
   \   00000166   0xEE40 0x0A08      VMLA.F32 S1,S0,S16
   \   0000016A   0xEDC5 0x0A02      VSTR     S1,[R5, #+8]
    268                      MclFvt_Data_Test_Dc_Current.Averaged_Phase_Voltage_A += ((1.0f/65536.0f)*Mci__GetAnalog(MOTOR0, MCI_AI_VOLTAGE_PHASE_A_S16));
   \   0000016E   0x2110             MOVS     R1,#+16
   \   00000170   0x2000             MOVS     R0,#+0
   \   00000172   0x.... 0x....      BL       Mci__GetAnalog
   \   00000176   0xEE00 0x0A10      VMOV     S0,R0
   \   0000017A   0xEEB8 0x0AC0      VCVT.F32.S32 S0,S0
   \   0000017E   0xEDD5 0x0A03      VLDR     S1,[R5, #+12]
   \   00000182   0xEE40 0x0A08      VMLA.F32 S1,S0,S16
   \   00000186   0xEDC5 0x0A03      VSTR     S1,[R5, #+12]
    269                      MclFvt_Data_Test_Dc_Current.Averaged_Phase_Voltage_B += ((1.0f/65536.0f)*Mci__GetAnalog(MOTOR0, MCI_AI_VOLTAGE_PHASE_B_S16));
   \   0000018A   0x2111             MOVS     R1,#+17
   \   0000018C   0x2000             MOVS     R0,#+0
   \   0000018E   0x.... 0x....      BL       Mci__GetAnalog
   \   00000192   0xEE00 0x0A10      VMOV     S0,R0
   \   00000196   0xEEB8 0x0AC0      VCVT.F32.S32 S0,S0
   \   0000019A   0xEDD5 0x0A04      VLDR     S1,[R5, #+16]
   \   0000019E   0xEE40 0x0A08      VMLA.F32 S1,S0,S16
   \   000001A2   0xEDC5 0x0A04      VSTR     S1,[R5, #+16]
    270                      MclFvt_Data_Test_Dc_Current.Averaged_Phase_Voltage_C += ((1.0f/65536.0f)*Mci__GetAnalog(MOTOR0, MCI_AI_VOLTAGE_PHASE_C_S16));
   \   000001A6   0x2112             MOVS     R1,#+18
   \   000001A8   0x2000             MOVS     R0,#+0
   \   000001AA   0x.... 0x....      BL       Mci__GetAnalog
   \   000001AE   0xEE00 0x0A10      VMOV     S0,R0
   \   000001B2   0xEEF8 0x0AC0      VCVT.F32.S32 S1,S0
    271                      MclFvt_Data_Test_Dc_Current.Sample_Counter++;
   \   000001B6   0x69E8             LDR      R0,[R5, #+28]
   \   000001B8   0xED95 0x0A05      VLDR     S0,[R5, #+20]
    272          
    273                      if(MclFvt_Data_Test_Dc_Current.Sample_Counter >= MclFvt_Data_Test_Dc_Current.Required_Nr_Samples)
   \   000001BC   0x6A29             LDR      R1,[R5, #+32]
   \   000001BE   0xEE00 0x0A88      VMLA.F32 S0,S1,S16
   \   000001C2   0x1C40             ADDS     R0,R0,#+1
   \   000001C4   0xED85 0x0A05      VSTR     S0,[R5, #+20]
   \   000001C8   0x61E8             STR      R0,[R5, #+28]
   \   000001CA   0x4288             CMP      R0,R1
   \   000001CC   0xDB4A             BLT.N    ??MclFvt__PwmHandler_4
    274                      {
    275                          temp_f = 1.0f / (float)MclFvt_Data_Test_Dc_Current.Sample_Counter; // Do only one conversion from int to float
   \   000001CE   0xEE00 0x0A90      VMOV     S1,R0
   \   000001D2   0xEEF8 0x0AE0      VCVT.F32.S32 S1,S1
   \   000001D6   0xEEB7 0x1A00      VMOV.F32 S2,#1.0
   \   000001DA   0xEEC1 0x0A20      VDIV.F32 S1,S2,S1
    276          
    277                          // Average all quantities
    278                          MclFvt_Data_Test_Dc_Current.Averaged_DC_Bus_Voltage *= temp_f;
   \   000001DE   0xED95 0x1A06      VLDR     S2,[R5, #+24]
   \   000001E2   0xEE21 0x1A20      VMUL.F32 S2,S2,S1
   \   000001E6   0xED85 0x1A06      VSTR     S2,[R5, #+24]
    279          
    280                          MclFvt_Data_Test_Dc_Current.Averaged_Phase_Current_A *= temp_f;
    281                          MclFvt_Data_Test_Dc_Current.Averaged_Phase_Current_B *= temp_f;
    282                          MclFvt_Data_Test_Dc_Current.Averaged_Phase_Current_C *= temp_f;
    283          
    284                          MclFvt_Data_Test_Dc_Current.Averaged_Phase_Voltage_A *= temp_f;
    285                          MclFvt_Data_Test_Dc_Current.Averaged_Phase_Voltage_B *= temp_f;
    286                          MclFvt_Data_Test_Dc_Current.Averaged_Phase_Voltage_C *= temp_f;
   \   000001EA   0xEE20 0x0A20      VMUL.F32 S0,S0,S1
   \   000001EE   0xED95 0x1A00      VLDR     S2,[R5, #0]
   \   000001F2   0xED85 0x0A05      VSTR     S0,[R5, #+20]
   \   000001F6   0xEE21 0x1A20      VMUL.F32 S2,S2,S1
   \   000001FA   0xED85 0x1A00      VSTR     S2,[R5, #0]
    287          
    288          #if defined (SURGE_RELAY_USED) && defined (SURGE_RELAY_FVT)
    289          
    290                          MclFvt_Step = 0;
    291                          MclFvt_Generic_Timer = 20000;
    292                          MclFvt_State = MCL_FVT_TEST_SURGE_RELAY;
    293          
    294          #else
    295          #ifdef OC_FVT
    296                          MclFvt_Generic_Timer = 2000;
    297                          MclFvt_Step = 0;
    298          
    299                          MclFvt_State = MCL_FVT_TEST_OVERCURRENT_CIRCUIT;
    300          #else
    301          
    302                          MclFvt_State = MCL_FVT_TEST_WAITING;
   \   000001FE   0x2002             MOVS     R0,#+2
   \   00000200   0xED95 0x1A01      VLDR     S2,[R5, #+4]
   \   00000204   0xF885 0x0025      STRB     R0,[R5, #+37]
   \   00000208   0xEE21 0x1A20      VMUL.F32 S2,S2,S1
   \   0000020C   0xED85 0x1A01      VSTR     S2,[R5, #+4]
    303          #endif
    304          
    305          #endif
    306                          fvt_debug_averaging = FALSE;
   \   00000210   0x2000             MOVS     R0,#+0
   \   00000212   0xED95 0x1A02      VLDR     S2,[R5, #+8]
   \   00000216   0xF885 0x0028      STRB     R0,[R5, #+40]
   \   0000021A   0xEE21 0x1A20      VMUL.F32 S2,S2,S1
   \   0000021E   0xED85 0x1A02      VSTR     S2,[R5, #+8]
   \   00000222   0xED95 0x1A03      VLDR     S2,[R5, #+12]
   \   00000226   0xEE21 0x1A20      VMUL.F32 S2,S2,S1
   \   0000022A   0xED85 0x1A03      VSTR     S2,[R5, #+12]
   \   0000022E   0xED95 0x1A04      VLDR     S2,[R5, #+16]
   \   00000232   0xEE21 0x1A20      VMUL.F32 S2,S2,S1
   \   00000236   0xED85 0x1A04      VSTR     S2,[R5, #+16]
   \   0000023A   0xE013             B.N      ??MclFvt__PwmHandler_4
    307                      }
    308                  }
    309              }
    310          
    311              //////////////////////////////////////////////////////////////////////////////
    312              //////////////////////////////////////////////////////////////////////////////
    313              //////////////////////////////////////////////////////////////////////////////
    314              //////////////////////////////////////////////////////////////////////////////
    315          #if defined (SURGE_RELAY_USED) && defined (SURGE_RELAY_FVT)
    316              else if(MclFvt_State == MCL_FVT_TEST_SURGE_RELAY)
    317              {
    318                  if(MclFvt_Step == 0)
    319                  {
    320                      SurgeRelay__Action(SURGERELAY_OPEN);
    321          
    322                      // Delay some time to wait the voltage stabilizes at lower value
    323                      if(MclFvt_Generic_Timer)
    324                      {
    325                          MclFvt_Generic_Timer--;
    326                      }
    327                      else
    328                      {
    329                          MclFvt_Data_Test_Surge_Relay.Averaged_DC_Bus_Voltage_Relay_Open = 0.0f;
    330                          MclFvt_Data_Test_Surge_Relay.Averaged_DC_Bus_Voltage_Relay_Closed = 0.0f;
    331                          MclFvt_Data_Test_Surge_Relay.Sample_Counter = 0;
    332                          MclFvt_Data_Test_Surge_Relay.Required_Nr_Samples = 8000;
    333          
    334                          MclFvt_Step = 1;
    335                      }
    336                  }
    337                  else if(MclFvt_Step == 1)
    338                  {
    339                      fvt_debug_averaging = TRUE;
    340          
    341                      MclFvt_Data_Test_Surge_Relay.Averaged_DC_Bus_Voltage_Relay_Open  += ((1.0f/65536.0f)*Mci__GetAnalog(MOTOR0, MCI_AI_BUS_VOLTAGE_S16));
    342                      MclFvt_Data_Test_Surge_Relay.Sample_Counter++;
    343          
    344                      if(MclFvt_Data_Test_Surge_Relay.Sample_Counter >= MclFvt_Data_Test_Surge_Relay.Required_Nr_Samples)
    345                      {
    346                          temp_f = 1.0f / (float)MclFvt_Data_Test_Surge_Relay.Sample_Counter; // Do only one conversion from int to float
    347          
    348                          // Average all quantities
    349                          MclFvt_Data_Test_Surge_Relay.Averaged_DC_Bus_Voltage_Relay_Open *= temp_f;
    350          
    351                          MclFvt_Generic_Timer = 12000;
    352                          MclFvt_Data_Test_Surge_Relay.Sample_Counter = 0;
    353                          SurgeRelay__Action(SURGERELAY_CLOSE);
    354                          MclFvt_Step = 2;
    355          
    356                          fvt_debug_averaging = FALSE;
    357                      }
    358                  }
    359                  else if(MclFvt_Step == 2)
    360                  {
    361                      // Delay some time to wait the voltage stabilizes at higher valuevalue
    362                      if(MclFvt_Generic_Timer)
    363                      {
    364                          MclFvt_Generic_Timer--;
    365                      }
    366                      else
    367                      {
    368                          MclFvt_Step = 3;
    369                      }
    370                  }
    371                  else if(MclFvt_Step == 3)
    372                  {
    373                      fvt_debug_averaging = TRUE;
    374          
    375                      // Average voltage at higher voltage
    376                      MclFvt_Data_Test_Surge_Relay.Averaged_DC_Bus_Voltage_Relay_Closed  += ((1.0f/65536.0f)*Mci__GetAnalog(MOTOR0, MCI_AI_BUS_VOLTAGE_S16));
    377                      MclFvt_Data_Test_Surge_Relay.Sample_Counter++;
    378          
    379                      if(MclFvt_Data_Test_Surge_Relay.Sample_Counter >= MclFvt_Data_Test_Surge_Relay.Required_Nr_Samples)
    380                      {
    381                          temp_f = 1.0f / (float)MclFvt_Data_Test_Surge_Relay.Sample_Counter; // Do only one conversion from int to float
    382          
    383                          // Average all quantities
    384                          MclFvt_Data_Test_Surge_Relay.Averaged_DC_Bus_Voltage_Relay_Closed *= temp_f;
    385          
    386                          MclFvt_Generic_Timer = 2000;
    387                          MclFvt_Step = 0;
    388                          SurgeRelay__Action(SURGERELAY_CLOSE);
    389          #ifdef OC_FVT
    390                          MclFvt_State = MCL_FVT_TEST_OVERCURRENT_CIRCUIT;
    391          #else
    392                          MclFvt_State = MCL_FVT_TEST_WAITING;
    393          #endif
    394          
    395                          fvt_debug_averaging = FALSE;
    396                      }
    397                  }
    398          
    399                  DC_Current_Injection_Control();
    400              }
    401          #endif
    402          
    403              //////////////////////////////////////////////////////////////////////////////
    404              //////////////////////////////////////////////////////////////////////////////
    405              //////////////////////////////////////////////////////////////////////////////
    406              //////////////////////////////////////////////////////////////////////////////
    407          #ifdef OC_FVT
    408              else if(MclFvt_State == MCL_FVT_TEST_OVERCURRENT_CIRCUIT)
    409              {
    410                  if(MclFvt_Step == 0)
    411                  {
    412                      // Just delay a little bit with relay closed
    413                      if(MclFvt_Generic_Timer)
    414                      {
    415                          MclFvt_Generic_Timer--;
    416                      }
    417                      else
    418                      {
    419                          MclFvt_Generic_Timer = 8000;
    420          
    421                          MclFvt_Step = 1;
    422                      }
    423                  }
    424                  else if(MclFvt_Step == 1)
    425                  {
    426                      // apply high voltage until over current is detected.
    427                      // Pwm Handler
    428                      Mcl_Pwm_IO.Vs_Alpha_Beta->Alpha = MCLFVT_OC_VOLTAGE_LEVEL;
    429                      Mcl_Pwm_IO.Vs_Alpha_Beta->Beta = 0.0f;
    430          
    431                      MclPwm__RunningHandler(&Mcl_Pwm_IO, &MclPwm_Params);
    432          
    433                      // Wait some time looking for hw over current event
    434                      if(MclFvt_Generic_Timer)
    435                      {
    436                          MclFvt_Generic_Timer--;
    437                      }
    438          
    439                      // If hardware OC detected or timeouted
    440                      if( (oc_found == TRUE)   ||
    441                          (MclFvt_Generic_Timer == 0) )
    442                      {
    443                          MclFvt_Step = 2;
    444          
    445                          // Disable output
    446                          Mcl_Pwm_IO.Vs_Alpha_Beta->Alpha = 0.0f;
    447                          Mcl_Pwm_IO.Vs_Alpha_Beta->Beta = 0.0f;
    448          
    449                          // If hw worked within the time, the event is detected!
    450                          if(oc_found == TRUE)
    451                          {
    452                              MclFvt_OC_Detected = TRUE;
    453                          }
    454                          else
    455                          {
    456                              // otherwise, the time is expired.
    457                              MclFvt_OC_Detected = FALSE;
    458                          }
    459          
    460                          if(!MclFvt_Generic_Timer)
    461                          {
    462                              BIT_SET(MclFvt_Error_List, MCI_FVT_ERROR_OC_TIMEOUT);
    463                          }
    464          
    465                          MclFvt_State = MCL_FVT_TEST_WAITING;
    466                          MclPwm__RunningHandler(&Mcl_Pwm_IO, &MclPwm_Params);
    467                      }
    468                  }
    469              }
    470          #endif
    471              //////////////////////////////////////////////////////////////////////////////
    472              //////////////////////////////////////////////////////////////////////////////
    473              //////////////////////////////////////////////////////////////////////////////
    474              //////////////////////////////////////////////////////////////////////////////
    475              else if( MclFvt_State == MCL_FVT_TEST_WAITING)
   \                     ??MclFvt__PwmHandler_0: (+1)
   \   0000023C   0x2802             CMP      R0,#+2
   \   0000023E   0xD109             BNE.N    ??MclFvt__PwmHandler_5
    476              {
    477          #if defined (SURGE_RELAY_USED) && defined (SURGE_RELAY_FVT)
    478          
    479                  SurgeRelay__Action(SURGERELAY_NORMAL);
    480          
    481                  if(SurgeRelay__IsBusReady())
    482                  {
    483                      // Wait until the system is recovered. Prevent false failure reporting
    484                      MclFvt_State = MCL_FVT_TEST_FINISHED;
    485                      BIT_CLR(MclFvt_Error_List, MCI_FVT_ERROR_DATA_OLD);
    486                  }
    487          
    488          #else
    489          
    490                  // Wait until the system is recovered. Prevent false failure reporting
    491                  MclFvt_State = MCL_FVT_TEST_FINISHED;
   \   00000240   0x2003             MOVS     R0,#+3
   \   00000242   0xF885 0x0025      STRB     R0,[R5, #+37]
    492                  BIT_CLR(MclFvt_Error_List, MCI_FVT_ERROR_DATA_OLD);
   \   00000246   0xF895 0x0027      LDRB     R0,[R5, #+39]
   \   0000024A   0xF000 0x00FB      AND      R0,R0,#0xFB
   \   0000024E   0xF885 0x0027      STRB     R0,[R5, #+39]
   \   00000252   0xE007             B.N      ??MclFvt__PwmHandler_4
    493          
    494          #endif
    495              }
    496          
    497              //////////////////////////////////////////////////////////////////////////////
    498              //////////////////////////////////////////////////////////////////////////////
    499              //////////////////////////////////////////////////////////////////////////////
    500              //////////////////////////////////////////////////////////////////////////////
    501              else if(MclFvt_State == MCL_FVT_TEST_FINISHED)
   \                     ??MclFvt__PwmHandler_5: (+1)
   \   00000254   0x2803             CMP      R0,#+3
   \   00000256   0xD105             BNE.N    ??MclFvt__PwmHandler_4
    502              {
    503                  // do nothing, just stay here until the status is read...
    504                  BIT_CLR(MclFvt_Status, MCLFVT_STATUS_ACTIVE);
   \   00000258   0xF895 0x0026      LDRB     R0,[R5, #+38]
   \   0000025C   0xF000 0x00FE      AND      R0,R0,#0xFE
   \   00000260   0xF885 0x0026      STRB     R0,[R5, #+38]
    505              }
    506          
    507          
    508              // If OC happened while not testing OC
    509              if(oc_found == TRUE)
   \                     ??MclFvt__PwmHandler_4: (+1)
   \   00000264   0x2C01             CMP      R4,#+1
   \   00000266   0xD10C             BNE.N    ??MclFvt__PwmHandler_6
    510              {
    511          
    512          #ifdef OC_FVT
    513                  if(MclFvt_State < MCL_FVT_TEST_OVERCURRENT_CIRCUIT)
    514                  {
    515                      Mcl_IO.All_Devices_Off = TRUE;
    516          
    517                      MclFvt_State = MCL_FVT_TEST_WAITING;
    518          
    519                      BIT_SET(MclFvt_Error_List, MCI_FVT_ERROR_WRONG_OC);
    520                  }
    521          
    522          #else
    523                  Mcl_IO.All_Devices_Off = TRUE;
   \   00000268   0x2001             MOVS     R0,#+1
   \   0000026A   0x....             LDR.N    R1,??DataTable5_5
   \   0000026C   0xF881 0x0049      STRB     R0,[R1, #+73]
    524          
    525                  MclFvt_State = MCL_FVT_TEST_WAITING;
   \   00000270   0x2002             MOVS     R0,#+2
   \   00000272   0xF885 0x0025      STRB     R0,[R5, #+37]
    526          
    527                  BIT_SET(MclFvt_Error_List, MCI_FVT_ERROR_WRONG_OC);
   \   00000276   0xF895 0x0027      LDRB     R0,[R5, #+39]
   \   0000027A   0xF040 0x0001      ORR      R0,R0,#0x1
   \   0000027E   0xF885 0x0027      STRB     R0,[R5, #+39]
    528          
    529          #endif
    530          
    531              }
    532          }
   \                     ??MclFvt__PwmHandler_6: (+1)
   \   00000282   0xB004             ADD      SP,SP,#+16
   \   00000284   0xECBD 0x8B02      VPOP     {D8}
   \   00000288   0xB001             ADD      SP,SP,#+4
   \   0000028A   0xBDF0             POP      {R4-R7,PC}       ;; return
    533          
    534          
    535          
    536          
    537          //---------------------------------------------------------------------------------------------------------------------
    538          /**
    539           * Get if the guard condition to exit FVT is met.
    540           * @return TRUE: condition is met; FALSE: condition not met yet. FVT may be still running.
    541           *
    542           */

   \                                 In section .text, align 2, keep-with-next
    543          uint8 MclFvt__GuardCondition(void)
    544          {
    545              return(!BIT_TEST(MclFvt_Status, MCLFVT_STATUS_ACTIVE));
   \                     MclFvt__GuardCondition: (+1)
   \   00000000   0x....             LDR.N    R0,??DataTable5_4
   \   00000002   0xF890 0x0026      LDRB     R0,[R0, #+38]
   \   00000006   0xF000 0x0001      AND      R0,R0,#0x1
   \   0000000A   0xF080 0x0001      EOR      R0,R0,#0x1
   \   0000000E   0x4770             BX       LR               ;; return
    546          }
    547          
    548          
    549          
    550          
    551          //---------------------------------------------------------------------------------------------------------------------
    552          /**
    553           * Get status if FVT test sequence is finished.
    554           * @return TRUE: sequence finished; FALSE: test are still running
    555           *
    556           */

   \                                 In section .text, align 2, keep-with-next
    557          uint8 MclFvt__GetStatus(MCI_FVT_STATUS_TYPE this_status)
    558          {
    559              uint8 ret_val;
    560          
    561              ret_val = FALSE;
   \                     MclFvt__GetStatus: (+1)
   \   00000000   0x2100             MOVS     R1,#+0
    562          
    563              if(this_status == MCI_FVT_STATUS_FINISHED)
   \   00000002   0x2801             CMP      R0,#+1
   \   00000004   0xD107             BNE.N    ??MclFvt__GetStatus_0
    564              {
    565                  ret_val = (MclFvt_State == MCL_FVT_TEST_FINISHED);
   \   00000006   0x....             LDR.N    R0,??DataTable5_4
   \   00000008   0xF890 0x0025      LDRB     R0,[R0, #+37]
   \   0000000C   0x2803             CMP      R0,#+3
   \   0000000E   0xBF08             IT       EQ 
    566              }
    567              else if(this_status == MCI_FVT_STATUS_STARTED)
    568              {
    569                  ret_val = TRUE;
   \   00000010   0x2101             MOVEQ    R1,#+1
    570              }
    571          
    572              return(ret_val);
   \   00000012   0x4608             MOV      R0,R1
   \   00000014   0x4770             BX       LR
   \                     ??MclFvt__GetStatus_0: (+1)
   \   00000016   0x2800             CMP      R0,#+0
   \   00000018   0xBF08             IT       EQ 
   \   0000001A   0x2101             MOVEQ    R1,#+1
   \   0000001C   0x4608             MOV      R0,R1
   \   0000001E   0x4770             BX       LR               ;; return
    573          }
    574          
    575          
    576          
    577          
    578          //---------------------------------------------------------------------------------------------------------------------
    579          /**
    580           * Get the FVT tests. The results are updated only after finishing the tests
    581           * @param MCLFVT_TEST_RESULT_TYPE *result: pointer to the result. The caller contains the structure instance
    582           *
    583           */

   \                                 In section .text, align 4, keep-with-next
    584          void MclFvt__GetResult(MCI_FVT_TEST_RESULT_TYPE *fvt_result)
    585          {
    586              if(MclFvt_State == MCL_FVT_TEST_FINISHED)
   \                     MclFvt__GetResult: (+1)
   \   00000000   0x....             LDR.N    R1,??DataTable5_4
   \   00000002   0xF891 0x2025      LDRB     R2,[R1, #+37]
   \   00000006   0x2A03             CMP      R2,#+3
   \   00000008   0xD14B             BNE.N    ??MclFvt__GetResult_0
    587              {
    588                  fvt_result->Sensors_Test_Avg_Curr_A = (sint16)(1024.0f * MclFvt_Data_Test_Dc_Current.Averaged_Phase_Current_A);
   \   0000000A   0xED9F 0x....      VLDR.W   S0,??DataTable5_2  ;; 0x44800000
   \   0000000E   0xEDD1 0x0A00      VLDR     S1,[R1, #0]
   \   00000012   0xEE60 0x0A80      VMUL.F32 S1,S1,S0
   \   00000016   0xEEFD 0x0AE0      VCVT.S32.F32 S1,S1
   \   0000001A   0xEE10 0x2A90      VMOV     R2,S1
   \   0000001E   0x8102             STRH     R2,[R0, #+8]
    589                  fvt_result->Sensors_Test_Avg_Curr_B = (sint16)(1024.0f * MclFvt_Data_Test_Dc_Current.Averaged_Phase_Current_B);
   \   00000020   0xEDD1 0x0A01      VLDR     S1,[R1, #+4]
   \   00000024   0xEE60 0x0A80      VMUL.F32 S1,S1,S0
   \   00000028   0xEEFD 0x0AE0      VCVT.S32.F32 S1,S1
   \   0000002C   0xEE10 0x2A90      VMOV     R2,S1
   \   00000030   0x8142             STRH     R2,[R0, #+10]
    590                  fvt_result->Sensors_Test_Avg_Curr_C = (sint16)(1024.0f * MclFvt_Data_Test_Dc_Current.Averaged_Phase_Current_C);
   \   00000032   0xEDD1 0x0A02      VLDR     S1,[R1, #+8]
   \   00000036   0xEE20 0x0A80      VMUL.F32 S0,S1,S0
   \   0000003A   0xEEBD 0x0AC0      VCVT.S32.F32 S0,S0
   \   0000003E   0xEE10 0x2A10      VMOV     R2,S0
   \   00000042   0x8182             STRH     R2,[R0, #+12]
    591          
    592                  fvt_result->Sensors_Test_Avg_DC_Bus_Volt = (sint16)(64.0f * MclFvt_Data_Test_Dc_Current.Averaged_DC_Bus_Voltage);
   \   00000044   0xED9F 0x....      VLDR.W   S0,??DataTable5_3  ;; 0x42800000
   \   00000048   0xEDD1 0x0A06      VLDR     S1,[R1, #+24]
   \   0000004C   0xEE60 0x0A80      VMUL.F32 S1,S1,S0
   \   00000050   0xEEFD 0x0AE0      VCVT.S32.F32 S1,S1
   \   00000054   0xEE10 0x2A90      VMOV     R2,S1
   \   00000058   0x8002             STRH     R2,[R0, #+0]
    593          
    594                  fvt_result->Sensors_Test_Avg_Phase_Volt_A = (sint16)(64.0f * MclFvt_Data_Test_Dc_Current.Averaged_Phase_Voltage_A);
   \   0000005A   0xEDD1 0x0A03      VLDR     S1,[R1, #+12]
   \   0000005E   0xEE60 0x0A80      VMUL.F32 S1,S1,S0
   \   00000062   0xEEFD 0x0AE0      VCVT.S32.F32 S1,S1
   \   00000066   0xEE10 0x2A90      VMOV     R2,S1
   \   0000006A   0x8042             STRH     R2,[R0, #+2]
    595                  fvt_result->Sensors_Test_Avg_Phase_Volt_B = (sint16)(64.0f * MclFvt_Data_Test_Dc_Current.Averaged_Phase_Voltage_B);
   \   0000006C   0xEDD1 0x0A04      VLDR     S1,[R1, #+16]
   \   00000070   0xEE60 0x0A80      VMUL.F32 S1,S1,S0
   \   00000074   0xEEFD 0x0AE0      VCVT.S32.F32 S1,S1
   \   00000078   0xEE10 0x2A90      VMOV     R2,S1
   \   0000007C   0x8082             STRH     R2,[R0, #+4]
    596                  fvt_result->Sensors_Test_Avg_Phase_Volt_C = (sint16)(64.0f * MclFvt_Data_Test_Dc_Current.Averaged_Phase_Voltage_C);
   \   0000007E   0xEDD1 0x0A05      VLDR     S1,[R1, #+20]
   \   00000082   0xEE20 0x0A80      VMUL.F32 S0,S1,S0
   \   00000086   0xEEBD 0x0AC0      VCVT.S32.F32 S0,S0
   \   0000008A   0xEE10 0x2A10      VMOV     R2,S0
   \   0000008E   0x80C2             STRH     R2,[R0, #+6]
    597          
    598          #if defined (SURGE_RELAY_USED) && defined (SURGE_RELAY_FVT)
    599          
    600                  fvt_result->Surge_Test_Avg_DC_Bus_Volt_Open = (sint16)(64.0f * MclFvt_Data_Test_Surge_Relay.Averaged_DC_Bus_Voltage_Relay_Open);
    601                  fvt_result->Surge_Test_Avg_DC_Bus_Volt_Close = (sint16)(64.0f * MclFvt_Data_Test_Surge_Relay.Averaged_DC_Bus_Voltage_Relay_Closed);
    602          
    603          #else
    604          
    605                  fvt_result->Surge_Test_Avg_DC_Bus_Volt_Open = 0;
   \   00000090   0x2200             MOVS     R2,#+0
   \   00000092   0x81C2             STRH     R2,[R0, #+14]
    606                  fvt_result->Surge_Test_Avg_DC_Bus_Volt_Close = 0;
   \   00000094   0x8202             STRH     R2,[R0, #+16]
    607          
    608          #endif
    609          #ifdef OC_FVT
    610                  fvt_result->OC_Test_Found = MclFvt_OC_Detected;
    611          #else
    612                  fvt_result->OC_Test_Found = 0;
   \   00000096   0x7482             STRB     R2,[R0, #+18]
    613          #endif
    614          
    615                  BIT_CLR(MclFvt_Error_List, MCI_FVT_ERROR_RESULT_NO_FVT_TEST);
   \   00000098   0xF891 0x2027      LDRB     R2,[R1, #+39]
   \   0000009C   0xF002 0x02F7      AND      R2,R2,#0xF7
   \   000000A0   0xE00E             B.N      ??MclFvt__GetResult_1
    616          
    617                  fvt_result->Error_List = MclFvt_Error_List;
    618          
    619                  BIT_SET(MclFvt_Error_List, MCI_FVT_ERROR_DATA_OLD);
    620              }
    621              else
    622              {
    623                  fvt_result->Sensors_Test_Avg_Curr_A = 0;
   \                     ??MclFvt__GetResult_0: (+1)
   \   000000A2   0x2200             MOVS     R2,#+0
   \   000000A4   0x8102             STRH     R2,[R0, #+8]
    624                  fvt_result->Sensors_Test_Avg_Curr_B = 0;
   \   000000A6   0x8142             STRH     R2,[R0, #+10]
    625                  fvt_result->Sensors_Test_Avg_Curr_C = 0;
   \   000000A8   0x8182             STRH     R2,[R0, #+12]
    626          
    627                  fvt_result->Sensors_Test_Avg_DC_Bus_Volt = 0;
   \   000000AA   0x8002             STRH     R2,[R0, #+0]
    628          
    629                  fvt_result->Sensors_Test_Avg_Phase_Volt_A = 0;
   \   000000AC   0x8042             STRH     R2,[R0, #+2]
    630                  fvt_result->Sensors_Test_Avg_Phase_Volt_B = 0;
   \   000000AE   0x8082             STRH     R2,[R0, #+4]
    631                  fvt_result->Sensors_Test_Avg_Phase_Volt_C = 0;
   \   000000B0   0x80C2             STRH     R2,[R0, #+6]
    632          
    633                  fvt_result->Surge_Test_Avg_DC_Bus_Volt_Open = 0;
   \   000000B2   0x81C2             STRH     R2,[R0, #+14]
    634                  fvt_result->Surge_Test_Avg_DC_Bus_Volt_Close = 0;
   \   000000B4   0x8202             STRH     R2,[R0, #+16]
    635          
    636                  fvt_result->OC_Test_Found = FALSE;
   \   000000B6   0x7482             STRB     R2,[R0, #+18]
    637          
    638                  BIT_SET(MclFvt_Error_List, MCI_FVT_ERROR_RESULT_NO_FVT_TEST);
   \   000000B8   0xF891 0x2027      LDRB     R2,[R1, #+39]
   \   000000BC   0xF042 0x0208      ORR      R2,R2,#0x8
   \                     ??MclFvt__GetResult_1: (+1)
   \   000000C0   0xF881 0x2027      STRB     R2,[R1, #+39]
    639          
    640                  fvt_result->Error_List = MclFvt_Error_List;
   \   000000C4   0x74C2             STRB     R2,[R0, #+19]
    641          
    642                  BIT_SET(MclFvt_Error_List, MCI_FVT_ERROR_DATA_OLD);
   \   000000C6   0xF891 0x0027      LDRB     R0,[R1, #+39]
   \   000000CA   0xF040 0x0004      ORR      R0,R0,#0x4
   \   000000CE   0xF881 0x0027      STRB     R0,[R1, #+39]
    643              }
    644          }
   \   000000D2   0x4770             BX       LR               ;; return

   \                                 In section .text, align 4, keep-with-next
   \                     ??DataTable5:
   \   00000000   0x00000000         DC32     0x0

   \                                 In section .text, align 4, keep-with-next
   \                     ??DataTable5_1:
   \   00000000   0x37800000         DC32     0x37800000

   \                                 In section .text, align 4, keep-with-next
   \                     ??DataTable5_2:
   \   00000000   0x44800000         DC32     0x44800000

   \                                 In section .text, align 4, keep-with-next
   \                     ??DataTable5_3:
   \   00000000   0x42800000         DC32     0x42800000

   \                                 In section .text, align 4, keep-with-next
   \                     ??DataTable5_4:
   \   00000000   0x........         DC32     MclFvt_Data_Test_Dc_Current

   \                                 In section .text, align 4, keep-with-next
   \                     ??DataTable5_5:
   \   00000000   0x........         DC32     Mcl_IO

   \                                 In section .text, align 4, keep-with-next
   \                     ??DataTable5_6:
   \   00000000   0x3F19999A         DC32     0x3f19999a

   \                                 In section .text, align 4, keep-with-next
   \                     ??DataTable5_7:
   \   00000000   0x3903126F         DC32     0x3903126f

   \                                 In section .text, align 4, keep-with-next
   \                     ??DataTable5_8:
   \   00000000   0x3FC90FDB         DC32     0x3fc90fdb

   \                                 In section .text, align 4, keep-with-next
   \                     ??DataTable5_9:
   \   00000000   0x........         DC32     Mcl_DQ_Ctrl_IO

   \                                 In section .text, align 4, keep-with-next
   \                     ??DataTable5_10:
   \   00000000   0x........         DC32     Mcl_Quantities+0x88

   \                                 In section .text, align 4, keep-with-next
   \                     ??DataTable5_11:
   \   00000000   0x........         DC32     Mcl_Input_Proc_IO

   \                                 In section .text, align 4, keep-with-next
   \                     ??DataTable5_12:
   \   00000000   0x........         DC32     MclInput_Params

   \                                 In section .text, align 4, keep-with-next
   \                     ??DataTable5_13:
   \   00000000   0x........         DC32     Mcl_Params_Displ1

   \                                 In section .text, align 4, keep-with-next
   \                     ??DataTable5_14:
   \   00000000   0x........         DC32     MclPwm_Params

   \                                 In section .text, align 4, keep-with-next
   \                     ??DataTable5_15:
   \   00000000   0x........         DC32     Mcl_Pwm_IO
    645          
    646          
    647          
    648          
    649          
    650          
    651          //=====================================================================================================================
    652          //-------------------------------------- Private Functions ------------------------------------------------------------
    653          //=====================================================================================================================
    654          
    655          
    656          //---------------------------------------------------------------------------------------------------------------------
    657          /**
    658           *  @brief  Performs current control
    659           */
    660          void DC_Current_Injection_Control(void)
    661          {
    662              DQ_COOR_SYST_F_TYPE manual_dq;
    663          
    664              // Input Processing Handler
    665              MclInputProc__RunningHandler(&Mcl_Input_Proc_IO,&MclInput_Params);
    666          
    667              // Zero the forced voltage, this allows the controller to proper
    668              // generate the voltage references
    669              Mcl_DQ_Ctrl_IO.Force_Out_Volt->D = 0.0f;
    670              Mcl_DQ_Ctrl_IO.Force_Out_Volt->Q = 0.0f;
    671          
    672              // Handle the voltage target increase
    673              if(MclFvt_Injection_Inst_Level < MclFvt_Injection_Level)
    674              {
    675                  MclFvt_Injection_Inst_Level += MclFvt_Injection_Level_Rate;
    676              }
    677              else if(MclFvt_Injection_Inst_Level > MclFvt_Injection_Level)
    678              {
    679                  MclFvt_Injection_Inst_Level -= MclFvt_Injection_Level_Rate;
    680          
    681                  if(MclFvt_Injection_Inst_Level <= 0)
    682                  {
    683                      MclFvt_Injection_Inst_Level = 0.0f;
    684                  }
    685              }
    686              else
    687              {
    688                  MclFvt_Injection_Inst_Level = MclFvt_Injection_Level;
    689              }
    690          
    691          
    692              MathCalc__SinCosF(MclFvt_Injection_Position, Mcl_DQ_Ctrl_IO.Sin_Cos);
    693          
    694              manual_dq.ZeroSequence = 0.0f;
    695          
    696              ClrkPark__DirectParkF(Mcl_Input_Proc_IO.Is_Alpha_Beta, &manual_dq, Mcl_DQ_Ctrl_IO.Sin_Cos);
    697          
    698              *Mcl_DQ_Ctrl_IO.D_Ref = 0.0f;
    699              *Mcl_DQ_Ctrl_IO.D_Est = manual_dq.D;
    700          
    701              *Mcl_DQ_Ctrl_IO.Q_Ref = MclFvt_Injection_Inst_Level;
    702              *Mcl_DQ_Ctrl_IO.Q_Est = manual_dq.Q;
    703          
    704              MclDqCtrl__OverrideRegGains(&Mcl_Params_Displ1->Manual_Injection);
    705              // Dq controllers Handler
    706              MclDqCtrl__RunningHandler(&Mcl_DQ_Ctrl_IO, &Mcl_Params_Displ1->Manual_Injection);
    707          
    708              // Pwm Handler
    709              MclPwm__RunningHandler(&Mcl_Pwm_IO, &MclPwm_Params);
    710          }
    711          
    712          
    713          
    714          
    715          //---------------------------------------------------------------------------------------------------------------------
    716          /**
    717           *  @brief  Check if signal of Over Current (OC) hardware is triggered
    718           */
    719          uint8 Polls_Hw_OC(void)
    720          {
    721          #if (defined MCI_HW_OC_DEBOUNCE_TIME) && (defined MCI_HW_OC_PORT) && (defined MCI_HW_OC_PIN) && (defined MCI_HW_OC_LEVEL)
    722              static uint8 hw_oc_debouncer = (uint8)(MCI_HW_OC_DEBOUNCE_TIME/0.005f);
    723              uint8 hw_pin_in;
    724          #endif
    725          
    726              uint8 temp_u8;
    727          
    728              //////////////////////////////////////////////////////////////////////////////////////////
    729              // DC Bus (over) current monitor
    730              temp_u8 = MotorSafetyMgr__GetFault(SR_FAULT_OVER_CURRENT);
    731          
    732          #if (defined MCI_HW_OC_DEBOUNCE_TIME) && (defined MCI_HW_OC_PORT) && (defined MCI_HW_OC_PIN) && (defined MCI_HW_OC_LEVEL)
    733          
    734              // Refresh input config
    735              Gpio__PinConfig(MCI_HW_OC_PORT, MCI_HW_OC_PIN, INPUT_FLOAT);
    736          
    737              // Read input oc pin
    738              hw_pin_in = Gpio__PinRead(MCI_HW_OC_PORT, MCI_HW_OC_PIN);
    739          
    740              // Debounce oc pin, if the failure is found
    741              if(hw_pin_in == MCI_HW_OC_LEVEL)
    742              {
    743                  // count up the time
    744                  if(hw_oc_debouncer < (uint8)(MCI_HW_OC_DEBOUNCE_TIME/0.005f))
    745                  {
    746                      hw_oc_debouncer++;
    747                  }
    748                  else
    749                  {
    750                      temp_u8 = TRUE;
    751                  }
    752              }
    753              else
    754              {
    755                  // count down the time
    756                  if(hw_oc_debouncer)
    757                  {
    758                      hw_oc_debouncer--;
    759                  }
    760              }
    761          
    762          #endif
    763          
    764              return(temp_u8);
    765          }

   Maximum stack usage in bytes:

   .cstack Function
   ------- --------
       0   MclFvt__Entry
       0   MclFvt__Exit
       0   MclFvt__GetResult
       0   MclFvt__GetStatus
       0   MclFvt__GuardCondition
      48   MclFvt__PwmHandler
        48   -> ClrkPark__DirectParkF
        48   -> MathCalc__SinCosF
        48   -> Mci__GetAnalog
        48   -> MclDqCtrl__OverrideRegGains
        48   -> MclDqCtrl__RunningHandler
        48   -> MclInputProc__RunningHandler
        48   -> MclPwm__RunningHandler
        48   -> SRMotorSafetyMgr__GetFault


   Section sizes:

   Bytes  Function/Label
   -----  --------------
       4  ??DataTable5
       4  ??DataTable5_1
       4  ??DataTable5_10
       4  ??DataTable5_11
       4  ??DataTable5_12
       4  ??DataTable5_13
       4  ??DataTable5_14
       4  ??DataTable5_15
       4  ??DataTable5_2
       4  ??DataTable5_3
       4  ??DataTable5_4
       4  ??DataTable5_5
       4  ??DataTable5_6
       4  ??DataTable5_7
       4  ??DataTable5_8
       4  ??DataTable5_9
      60  MclFvt_Data_Test_Dc_Current
          MclFvt_Step
          MclFvt_State
          MclFvt_Status
          MclFvt_Error_List
          fvt_debug_averaging
          MclFvt_Generic_Timer
          MclFvt_Injection_Inst_Level
          MclFvt_Injection_Level
          MclFvt_Injection_Level_Rate
          MclFvt_Injection_Position
      96  MclFvt__Entry
      12  MclFvt__Exit
     212  MclFvt__GetResult
      32  MclFvt__GetStatus
      16  MclFvt__GuardCondition
     652  MclFvt__PwmHandler

 
    60 bytes in section .bss
 1 084 bytes in section .text
 
 1 084 bytes of CODE memory
    60 bytes of DATA memory

Errors: none
Warnings: none
