###############################################################################
#
# IAR ANSI C/C++ Compiler V7.20.5.7591/W32 for ARM        06/Aug/2024  13:42:20
# Copyright 1999-2014 IAR Systems AB.
#
#    Cpu mode     =  thumb
#    Endian       =  little
#    Source file  =  
#        C:\Data\Python\Self_Commissioning_Bpm\source\XCategory\Hbl\Mci\Mcl\MacroBlocks\MclInputProc.c
#    Command line =  
#        -I./ -I../cx/ -I../cx/inc/ -ICategory/ -ICategory/Application/
#        -ICategory/Application/ThermalModel/
#        -ICategory/Application/ThermalModel/ThermalModelCore_DD/
#        -ICategory/Application/ThermalModel/ThermalModelCore_sBPM/
#        -ICategory/Common/ -ICategory/Common/BoardDebugging/
#        -ICategory/Common/MasterCommander/
#        -ICategory/Common/MasterCommander/Source/
#        -ICategory/Common/MasterCommander/Source/HAL/
#        -ICategory/Common/SelfCommissioning/ -ICategory/Hbl/
#        -IProjectSpecific/ -IProjectSpecific/Application/
#        -IProjectSpecific/Application/API007App/
#        -IProjectSpecific/Application/ModeManagement/
#        -IProjectSpecific/Application/MotorSelector/
#        -IProjectSpecific/Application/ProductInfo/
#        -IProjectSpecific/Application/SRMcuSpeedMonitor/
#        -IProjectSpecific/Application/ThermalModel/
#        -IProjectSpecific/CommonCore/ -IProjectSpecific/Driver/
#        -IProjectSpecific/MasterCommander/ -IProjectSpecific/Mci/
#        -IProjectSpecific/Mci/Mcl/ -IProjectSpecific/Mci/Mcl/old_xls/
#        -IXCategory/ -IXCategory/Application/
#        -IXCategory/Application/MciParametersLoader/
#        -IXCategory/Application/Mode/ -IXCategory/Application/Reveal_APIs/
#        -IXCategory/Application/Reveal_APIs/API003Disc/
#        -IXCategory/Application/Reveal_APIs/API004Debug/
#        -IXCategory/Application/Reveal_APIs/API005LowLevel/
#        -IXCategory/Application/Reveal_APIs/API007Data/
#        -IXCategory/Application/Reveal_APIs/API009System/
#        -IXCategory/Application/Reveal_APIs/API010PollVar/
#        -IXCategory/Application/Reveal_APIs/API011AppCtr/
#        -IXCategory/Application/Reveal_APIs/API013RemoteFunction/
#        -IXCategory/Application/Reveal_APIs/API018Diagnostic/
#        -IXCategory/Application/Reveal_APIs/API019ProductInfo/
#        -IXCategory/Application/Reveal_APIs/API220MotorControl/
#        -IXCategory/Application/Reveal_APIs/API220MotorControl/API/
#        -IXCategory/Application/Reveal_APIs/API221MotionCtrl/
#        -IXCategory/Application/Reveal_APIs/SRAPI020Safety/
#        -IXCategory/Application/SFUpdater/ -IXCategory/Common/
#        -IXCategory/Common/Crc16/ -IXCategory/Common/Crc8/
#        -IXCategory/Common/Log/ -IXCategory/Common/Millis/
#        -IXCategory/Common/SettingFile/ -IXCategory/Common/SRClockMonitor/
#        -IXCategory/Common/SRData/ -IXCategory/Common/SRException/
#        -IXCategory/Common/SRFlow/ -IXCategory/Common/SRIsrMonitor/
#        -IXCategory/Common/SRMain/ -IXCategory/Common/SRMcuSpeedMonitor/
#        -IXCategory/Common/SRPowerMgr/ -IXCategory/Common/SRSignature/
#        -IXCategory/Common/SRSystemConfig/
#        -IXCategory/Common/SRTimerReference/ -IXCategory/Common/SystemConfig/
#        -IXCategory/Common/SystemTimers/ -IXCategory/Common/Utilities/
#        -IXCategory/Driver/ -IXCategory/Driver/API/
#        -IXCategory/Driver/API/Comparator/ -IXCategory/Driver/API/DataFlash/
#        -IXCategory/Driver/API/Dma/ -IXCategory/Driver/API/Flash/
#        -IXCategory/Driver/API/Gpio/ -IXCategory/Driver/API/Micro/
#        -IXCategory/Driver/API/Spi/ -IXCategory/Driver/API/SRMCAtod/
#        -IXCategory/Driver/API/SRMCInputCapture/
#        -IXCategory/Driver/API/SRMCPwm/ -IXCategory/Driver/API/TimerInterrupt/
#        -IXCategory/Driver/API/Uart/ -IXCategory/Driver/Comparator/
#        -IXCategory/Driver/DataFlash/ -IXCategory/Driver/Dma/
#        -IXCategory/Driver/Flash/ -IXCategory/Driver/Gpio/
#        -IXCategory/Driver/Micro/ -IXCategory/Driver/Spi/
#        -IXCategory/Driver/SRMCAtod/ -IXCategory/Driver/SRMCInputCapture/
#        -IXCategory/Driver/SRMCPwm/ -IXCategory/Driver/TimerInterrupt/
#        -IXCategory/Driver/Uart/ -IXCategory/Hbl/ -IXCategory/Hbl/Mci/
#        -IXCategory/Hbl/Mci/InverterTemp/ -IXCategory/Hbl/Mci/Mcl/
#        -IXCategory/Hbl/Mci/Mcl/Braking/ -IXCategory/Hbl/Mci/Mcl/MacroBlocks/
#        -IXCategory/Hbl/Mci/Mcl/MclFvt/ -IXCategory/Hbl/Mci/Mcl/MicroBlocks/
#        -IXCategory/Hbl/Mci/Mcl/MicroBlocks/ClrkPark/
#        -IXCategory/Hbl/Mci/Mcl/MicroBlocks/Filters/
#        -IXCategory/Hbl/Mci/Mcl/MicroBlocks/Math/
#        -IXCategory/Hbl/Mci/Mcl/MicroBlocks/ObserverPmsm/
#        -IXCategory/Hbl/Mci/Mcl/MicroBlocks/Pi/
#        -IXCategory/Hbl/Mci/Mcl/MicroBlocks/PwmModulation/
#        -IXCategory/Hbl/Mci/Mcl/ResistanceEstimation/
#        -IXCategory/Hbl/Mci/PowerModuleManager/
#        -IXCategory/Hbl/Mci/SpeedRefGen/ -IXCategory/Hbl/Mci/SurgeRelay/
#        -IXCategory/Hbl/SRMotorSafetyMgr/
#        -IXCategory/Hbl/SRMotorSafetyMgr/API/ -IXCategory/Service/
#        -IXCategory/Service/Reveal/ -IXCategory/Service/Win/ --remarks
#        --no_tbaa --debug --use_c++_inline --only_stdout --dlib_config
#        ..\cx\inc\DLib_Config_Normal.h -r -D
#        ENABLE_JUMP_TO_APPLICATION_WITHOUT_IAP_FIRMWARE -D
#        SET_FLASH_OPTION_CONFIGURATION -D ARM_MATH_CM4 -e --silent
#        --endian=little --cpu Cortex-M4 --fpu=VFPv4_sp -Ohs -o
#        MclInputProc.obj -l ..\listings\MclInputProc.lst
#        C:\Data\Python\Self_Commissioning_Bpm\source\XCategory\Hbl\Mci\Mcl\MacroBlocks\MclInputProc.c
#    List file    =  ..\listings\MclInputProc.lst
#    Object file  =  MclInputProc.obj
#
###############################################################################

C:\Data\Python\Self_Commissioning_Bpm\source\XCategory\Hbl\Mci\Mcl\MacroBlocks\MclInputProc.c
      1          /**
      2           *  @file       MclInputProc.c
      3           *  @brief      Motor Control Loop 3-phase motors: Input processing Macro Block.
      4           *  @details    This module implements the DC-Bus voltage filtering, the motor current clarke transformation.
      5           *  @author     alessio.beato/luigi.fagnano
      6           *  $Header:
      7           *  @copyright  Copyright 2020-$Date$. Whirlpool Corporation. All rights reserved - CONFIDENTIAL
      8          */
      9          //---------------------------------------------------------------------------------------------------------------------
     10          //---------------------------------------------------------------------------------------------------------------------
     11          
     12          
     13          //-------------------------------------- Include Files ----------------------------------------------------------------
     14          #include "MclInputProc.h"
     15          #include "McMathCalc_macros.h"
     16          #include "Filters.h"
     17          #include "ClrkPark.h"
     18          //-------------------------------------- PUBLIC (Variables) -----------------------------------------------------------
     19          
     20          //-------------------------------------- PRIVATE (Variables, Constants & Defines) -------------------------------------
     21          #ifndef INPUTPROC__CURRENT_OFFSET_COMP
     22              #define INPUTPROC__CURRENT_OFFSET_COMP DISABLED
     23          #endif
     24          
     25          #define MCL_INPUT_1MS_CALL_RATE_HZ          1000.0f // [Hz] define the call rate of the main handler
     26          
     27          #ifndef INV_3
     28              #define INV_3                           (float32) (1.0f/3.0f)
     29          #endif
     30          
     31          #ifndef RPM_TO_RADS
     32              #define RPM_TO_RADS                     0.10471975511965977461542144610932f
     33          #endif
     34          
     35          #if (INPUTPROC__VDCFILTER_MINIMUM == ENABLED)
     36          static float32 DC_Bus_Min;                           // [V] Instant minimum DC bus voltage
     37          static float32 DC_Bus_Min_temp;                      // [V] Instant minimum DC bus voltage - temporary
     38          
     39          static float32 DC_Bus_Min_Sum;                       // [V] dc bus filtering history
     40          static float32 DC_Bus_Min_Sum_2nd;                   // [V] dc bus filtering history
     41          #endif
     42          
     43          #if (INPUTPROC__VDC_RMS == ENABLED)
     44          static float32  DC_Bus_RMS_Sum;
     45          static volatile float32 DC_Bus_RMS;
     46          #endif
     47          
     48          #if (INPUTPROC__CURRENT_OFFSET_COMP == ENABLED)
     49          static BOOL_TYPE Cur_Offset_Compensation;
     50          static float32 Cur_Offset_Comp_Factor = 0.0f;
     51          
     52          static float32 Speed_Threshold_High_CurOffComp;
     53          static float32 Speed_Threshold_Low_CurOffComp;
     54          
     55          static float32 Cur_Offset_Ia;
     56          static float32 Cur_Offset_Ib;
     57          static float32 Cur_Offset_Ic;
     58          #endif
     59          
     60          //-------------------------------------- PRIVATE (Function Prototypes) ------------------------------------------------
     61          static void VdcFilter(MCL_INPUT_PROC_IO_F_TYPE *io, MCL_INPUT_PROC_PARAMS_TYPE *params);
     62          static void PhaseVoltageReconstruction(MCL_INPUT_PROC_IO_F_TYPE *io);
     63          static void CurrentClarkTransform(MCL_INPUT_PROC_IO_F_TYPE *io);
     64          static void CalcStatorCurrentMagnitude(MCL_INPUT_PROC_IO_F_TYPE *io);
     65          
     66          #if (INPUTPROC__CURRENT_OFFSET_COMP == ENABLED)
     67          static void CurrentOffSetComp(MCL_INPUT_PROC_IO_F_TYPE *io, MCL_INPUT_PROC_ADDITIONAL_PARAMS_TYPE *params);
     68          static void CurrentOffSetLogicEnable(MCL_INPUT_PROC_IO_F_TYPE *io, MCL_INPUT_PROC_JOINT_PARAMS_TYPE *params);
     69          #endif
     70          //=====================================================================================================================
     71          //-------------------------------------- Public Functions -------------------------------------------------------------
     72          //=====================================================================================================================
     73          
     74          //---------------------------------------------------------------------------------------------------------------------
     75          /**
     76           *  @brief      Reset all Mcl Init Processing quantities.
     77           *  @details    This routine reset all Mcl Init Processing quantities, it has to be called at every time the pwm is switched off (motor stop or free down ramp).
     78           *
     79           *
     80           *  @param[in]     
     81           *  @param[out]
     82           *  @return        
     83           */

   \                                 In section .text, align 2, keep-with-next
     84          void MclInputProc__ResetState(void)
     85          {
     86          #if (INPUTPROC__CURRENT_OFFSET_COMP == ENABLED)
     87              Cur_Offset_Comp_Factor = 0;
   \                     MclInputProc__ResetState: (+1)
   \   00000000   0x.... 0x....      LDR.W    R0,??DataTable4_6
   \   00000004   0x2100             MOVS     R1,#+0
   \   00000006   0x60C1             STR      R1,[R0, #+12]
     88              Cur_Offset_Compensation = FALSE;
   \   00000008   0x7001             STRB     R1,[R0, #+0]
     89              Cur_Offset_Ia=0;
   \   0000000A   0x6181             STR      R1,[R0, #+24]
     90              Cur_Offset_Ib=0;
   \   0000000C   0x61C1             STR      R1,[R0, #+28]
     91              Cur_Offset_Ic=0;
   \   0000000E   0x6201             STR      R1,[R0, #+32]
     92          #endif
     93          }
   \   00000010   0x4770             BX       LR               ;; return
     94          
     95          
     96          
     97          
     98          //---------------------------------------------------------------------------------------------------------------------
     99          /**
    100           *  @brief      Motor Control Loop Input Processing initialization.
    101           *  @details    In this routine are called all initialization functions.
    102           *
    103           *
    104           *  @param[in]     
    105           *  @param[out]     
    106           *  @param[in]      
    107           *  @return        
    108           */

   \                                 In section .text, align 2, keep-with-next
    109          void MclInputProc__Initialize(MCL_INPUT_PROC_JOINT_PARAMS_TYPE *params)
    110          {
    111          #if (INPUTPROC__VDCFILTER_MINIMUM == ENABLED)
    112              DC_Bus_Min_Sum      = 0.0f;
    113              DC_Bus_Min_Sum_2nd  = 0.0f;
    114          #endif
    115          #if (INPUTPROC__VDC_RMS == ENABLED)
    116              DC_Bus_RMS_Sum = 0;
   \                     MclInputProc__Initialize: (+1)
   \   00000000   0x.... 0x....      LDR.W    R1,??DataTable4_6
   \   00000004   0x2200             MOVS     R2,#+0
   \   00000006   0x604A             STR      R2,[R1, #+4]
    117          #endif
    118          
    119          #if (INPUTPROC__CURRENT_OFFSET_COMP == ENABLED)
    120              Speed_Threshold_High_CurOffComp = params->InputProcPrm->Current_Offset_Comp_Speed_Thr *(1.0f + params->InputProcAddPrm->Current_Offset_Comp_Speed_Hyst_Thr);
   \   00000008   0xEEF7 0x0A00      VMOV.F32 S1,#1.0
   \   0000000C   0x6842             LDR      R2,[R0, #+4]
   \   0000000E   0xED92 0x0A00      VLDR     S0,[R2, #0]
   \   00000012   0x6802             LDR      R2,[R0, #+0]
   \   00000014   0xEE30 0x0A20      VADD.F32 S0,S0,S1
   \   00000018   0xEDD2 0x0A00      VLDR     S1,[R2, #0]
   \   0000001C   0xEE20 0x0A20      VMUL.F32 S0,S0,S1
   \   00000020   0xED81 0x0A04      VSTR     S0,[R1, #+16]
    121              Speed_Threshold_Low_CurOffComp  = params->InputProcPrm->Current_Offset_Comp_Speed_Thr *(1.0f - params->InputProcAddPrm->Current_Offset_Comp_Speed_Hyst_Thr);
   \   00000024   0xEEB7 0x0A00      VMOV.F32 S0,#1.0
   \   00000028   0x6842             LDR      R2,[R0, #+4]
   \   0000002A   0x6800             LDR      R0,[R0, #+0]
   \   0000002C   0xEDD2 0x0A00      VLDR     S1,[R2, #0]
   \   00000030   0xEE30 0x0A60      VSUB.F32 S0,S0,S1
   \   00000034   0xEDD0 0x0A00      VLDR     S1,[R0, #0]
   \   00000038   0xEE20 0x0A20      VMUL.F32 S0,S0,S1
   \   0000003C   0xED81 0x0A05      VSTR     S0,[R1, #+20]
    122          #endif
    123          }
   \   00000040   0x4770             BX       LR               ;; return
    124          
    125          
    126          //---------------------------------------------------------------------------------------------------------------------
    127          /**
    128           *  @brief     Input processing
    129           *  @details   Input processing:   motor speed reference absolute value
    130           *                                 motor phase currents swapping in order to work with a positive speed reference.
    131           *                                 dc voltage filtering
    132           *                                 alpha-beta motor phase currents calculation.
    133           *
    134           *  @param[in]     
    135           *  @param[out]     
    136           *  @param[in]      
    137           *  @return        
    138           */

   \                                 In section .text, align 4, keep-with-next
    139          void MclInputProc__RunningHandler(MCL_INPUT_PROC_IO_F_TYPE *io,MCL_INPUT_PROC_JOINT_PARAMS_TYPE *params)
    140          {
   \                     MclInputProc__RunningHandler: (+1)
   \   00000000   0xB510             PUSH     {R4,LR}
    141          
    142          
    143          #if (INPUTPROC__CURRENT_OFFSET_COMP == ENABLED)
    144              //==========================================================================//
    145              //                                                                          //
    146              //                      Current OffSet Compensation                         //
    147              //                                                                          //
    148              //==========================================================================//
    149              CurrentOffSetComp(io,params->InputProcAddPrm);
   \   00000002   0x6849             LDR      R1,[R1, #+4]
   \   00000004   0x4604             MOV      R4,R0
   \   00000006   0x.... 0x....      BL       CurrentOffSetComp
    150          #endif
    151          
    152              //==========================================================================//
    153              //                                                                          //
    154              //                     Forward Clarke Transform                             //
    155              //       Transforms ABC currents to Alpha/Beta coordinate system            //
    156              //                                                                          //
    157              //==========================================================================//
    158              CurrentClarkTransform(io);
   \   0000000A   0x68E1             LDR      R1,[R4, #+12]
   \   0000000C   0x68A0             LDR      R0,[R4, #+8]
   \   0000000E   0x.... 0x....      BL       ClrkPark__DirectClarkeF
    159          
    160          
    161              //==========================================================================//
    162              //                                                                          //
    163              //                    Phase voltage reconstruction                          //
    164              //                                                                          //
    165              //==========================================================================//
    166              PhaseVoltageReconstruction(io);
   \   00000012   0x69E0             LDR      R0,[R4, #+28]
   \   00000014   0x6DC0             LDR      R0,[R0, #+92]
   \   00000016   0x7800             LDRB     R0,[R0, #+0]
   \   00000018   0xB158             CBZ.N    R0,??MclInputProc__RunningHandler_0
   \   0000001A   0x6920             LDR      R0,[R4, #+16]
   \   0000001C   0x2100             MOVS     R1,#+0
   \   0000001E   0x6041             STR      R1,[R0, #+4]
   \   00000020   0x6920             LDR      R0,[R4, #+16]
   \   00000022   0x6081             STR      R1,[R0, #+8]
   \   00000024   0x6960             LDR      R0,[R4, #+20]
   \   00000026   0x6001             STR      R1,[R0, #+0]
   \   00000028   0x6960             LDR      R0,[R4, #+20]
   \   0000002A   0x6041             STR      R1,[R0, #+4]
   \   0000002C   0x6960             LDR      R0,[R4, #+20]
   \   0000002E   0x6081             STR      R1,[R0, #+8]
   \   00000030   0xBD10             POP      {R4,PC}
   \                     ??MclInputProc__RunningHandler_0: (+1)
   \   00000032   0x6820             LDR      R0,[R4, #+0]
   \   00000034   0xED90 0x0A00      VLDR     S0,[R0, #0]
   \   00000038   0x6860             LDR      R0,[R4, #+4]
   \   0000003A   0xEDD0 0x0A00      VLDR     S1,[R0, #0]
   \   0000003E   0x6960             LDR      R0,[R4, #+20]
   \   00000040   0xEE60 0x0A80      VMUL.F32 S1,S1,S0
   \   00000044   0xEDC0 0x0A00      VSTR     S1,[R0, #0]
   \   00000048   0x6860             LDR      R0,[R4, #+4]
   \   0000004A   0xEDD0 0x0A01      VLDR     S1,[R0, #+4]
   \   0000004E   0x6960             LDR      R0,[R4, #+20]
   \   00000050   0xEE60 0x0A80      VMUL.F32 S1,S1,S0
   \   00000054   0xEDC0 0x0A01      VSTR     S1,[R0, #+4]
   \   00000058   0x6860             LDR      R0,[R4, #+4]
   \   0000005A   0xEDD0 0x0A02      VLDR     S1,[R0, #+8]
   \   0000005E   0x6960             LDR      R0,[R4, #+20]
   \   00000060   0xEE20 0x0A80      VMUL.F32 S0,S1,S0
   \   00000064   0xED80 0x0A02      VSTR     S0,[R0, #+8]
   \   00000068   0x6960             LDR      R0,[R4, #+20]
   \   0000006A   0xED90 0x0A00      VLDR     S0,[R0, #0]
   \   0000006E   0xEDD0 0x0A01      VLDR     S1,[R0, #+4]
   \   00000072   0xED90 0x1A02      VLDR     S2,[R0, #+8]
   \   00000076   0xEE70 0x0A20      VADD.F32 S1,S0,S1
   \   0000007A   0xEE70 0x0A81      VADD.F32 S1,S1,S2
   \   0000007E   0xED9F 0x....      VLDR.W   S2,??DataTable4  ;; 0x3eaaaaab
   \   00000082   0xEE60 0x0A81      VMUL.F32 S1,S1,S2
   \   00000086   0xEE30 0x0A60      VSUB.F32 S0,S0,S1
   \   0000008A   0xED80 0x0A00      VSTR     S0,[R0, #0]
   \   0000008E   0x6960             LDR      R0,[R4, #+20]
   \   00000090   0xED90 0x0A01      VLDR     S0,[R0, #+4]
   \   00000094   0xEE30 0x0A60      VSUB.F32 S0,S0,S1
   \   00000098   0xED80 0x0A01      VSTR     S0,[R0, #+4]
   \   0000009C   0x6960             LDR      R0,[R4, #+20]
   \   0000009E   0xED90 0x0A02      VLDR     S0,[R0, #+8]
   \   000000A2   0xEE30 0x0A60      VSUB.F32 S0,S0,S1
   \   000000A6   0xED80 0x0A02      VSTR     S0,[R0, #+8]
   \   000000AA   0x6921             LDR      R1,[R4, #+16]
   \   000000AC   0x6960             LDR      R0,[R4, #+20]
   \   000000AE   0xE8BD 0x4010      POP      {R4,LR}
   \   000000B2   0x.... 0x....      B.W      ClrkPark__DirectClarkeF
    167          }
    168          
    169          
    170          //---------------------------------------------------------------------------------------------------------------------
    171          /**
    172           *  @brief      Handle MclSpeedCtrl events of 1ms.
    173           *
    174           *  @param      none
    175           *  @return     none
    176           */

   \                                 In section .text, align 4, keep-with-next
    177          void MclInputProc__1msHandler(MCL_INPUT_PROC_IO_F_TYPE *io, MCL_INPUT_PROC_JOINT_PARAMS_TYPE *params)
    178          {
   \                     MclInputProc__1msHandler: (+1)
   \   00000000   0xB570             PUSH     {R4-R6,LR}
   \   00000002   0x4605             MOV      R5,R0
   \   00000004   0x460C             MOV      R4,R1
    179              //==========================================================================//
    180              //                                                                          //
    181              //              Calculating the stator current magnitude                    //
    182              //                                                                          //
    183              //==========================================================================//
    184              CalcStatorCurrentMagnitude(io);
   \   00000006   0x68E8             LDR      R0,[R5, #+12]
   \   00000008   0xED90 0x0A01      VLDR     S0,[R0, #+4]
   \   0000000C   0xEDD0 0x0A02      VLDR     S1,[R0, #+8]
   \   00000010   0xEE20 0x0A00      VMUL.F32 S0,S0,S0
   \   00000014   0xEE00 0x0AA0      VMLA.F32 S0,S1,S1
   \   00000018   0x.... 0x....      BL       MathCalc__SqrtF
   \   0000001C   0x69E8             LDR      R0,[R5, #+28]
    185          
    186          
    187              //==========================================================================//
    188              //                                                                          //
    189              //              Filter DC bus and track lowest voltage                      //
    190              //                                                                          //
    191              //==========================================================================//
    192              VdcFilter(io, params->InputProcPrm);
   \   0000001E   0x....             LDR.N    R6,??DataTable4_6
   \   00000020   0x6D00             LDR      R0,[R0, #+80]
   \   00000022   0xED80 0x0A00      VSTR     S0,[R0, #0]
   \   00000026   0x6828             LDR      R0,[R5, #+0]
   \   00000028   0xEDD6 0x0A01      VLDR     S1,[R6, #+4]
   \   0000002C   0xED90 0x0A00      VLDR     S0,[R0, #0]
   \   00000030   0x7870             LDRB     R0,[R6, #+1]
   \   00000032   0x1E40             SUBS     R0,R0,#+1
   \   00000034   0x7070             STRB     R0,[R6, #+1]
   \   00000036   0xEE40 0x0A00      VMLA.F32 S1,S0,S0
   \   0000003A   0xEDC6 0x0A01      VSTR     S1,[R6, #+4]
   \   0000003E   0xB2C0             UXTB     R0,R0
   \   00000040   0xB958             CBNZ.N   R0,??MclInputProc__1msHandler_0
   \   00000042   0x2050             MOVS     R0,#+80
   \   00000044   0xED9F 0x....      VLDR.W   S0,??DataTable4_1  ;; 0x3c4ccccd
   \   00000048   0x7070             STRB     R0,[R6, #+1]
   \   0000004A   0xEE20 0x0A80      VMUL.F32 S0,S1,S0
   \   0000004E   0x.... 0x....      BL       MathCalc__SqrtF
   \   00000052   0xED86 0x0A02      VSTR     S0,[R6, #+8]
   \   00000056   0x2000             MOVS     R0,#+0
   \   00000058   0x6070             STR      R0,[R6, #+4]
    193          
    194          
    195          #if (INPUTPROC__CURRENT_OFFSET_COMP == ENABLED)
    196              //==========================================================================//
    197              //                                                                          //
    198              //                      Current OffSet Compensation                         //
    199              //                                                                          //
    200              //==========================================================================//
    201              CurrentOffSetLogicEnable(io, params);
   \                     ??MclInputProc__1msHandler_0: (+1)
   \   0000005A   0x69E8             LDR      R0,[R5, #+28]
   \   0000005C   0x6D01             LDR      R1,[R0, #+80]
   \   0000005E   0x6840             LDR      R0,[R0, #+4]
   \   00000060   0xED91 0x0A00      VLDR     S0,[R1, #0]
   \   00000064   0xEDD0 0x0A00      VLDR     S1,[R0, #0]
   \   00000068   0x6820             LDR      R0,[R4, #+0]
   \   0000006A   0xED90 0x1A00      VLDR     S2,[R0, #0]
   \   0000006E   0xEEB5 0x1A40      VCMP.F32 S2,#0.0
   \   00000072   0xEEF1 0xFA10      FMSTAT   
   \   00000076   0xD017             BEQ.N    ??MclInputProc__1msHandler_1
   \   00000078   0xED96 0x1A04      VLDR     S2,[R6, #+16]
   \   0000007C   0xEEF4 0x0A41      VCMP.F32 S1,S2
   \   00000080   0xEEF1 0xFA10      FMSTAT   
   \   00000084   0xDB09             BLT.N    ??MclInputProc__1msHandler_2
   \   00000086   0x6860             LDR      R0,[R4, #+4]
   \   00000088   0xED90 0x1A01      VLDR     S2,[R0, #+4]
   \   0000008C   0xEEB4 0x1A40      VCMP.F32 S2,S0
   \   00000090   0xEEF1 0xFA10      FMSTAT   
   \   00000094   0xBF44             ITT      MI 
   \   00000096   0x2001             MOVMI    R0,#+1
   \   00000098   0x7030             STRBMI   R0,[R6, #+0]
   \                     ??MclInputProc__1msHandler_2: (+1)
   \   0000009A   0xED96 0x0A05      VLDR     S0,[R6, #+20]
   \   0000009E   0xEEB4 0x0A60      VCMP.F32 S0,S1
   \   000000A2   0xEEF1 0xFA10      FMSTAT   
   \   000000A6   0xDB04             BLT.N    ??MclInputProc__1msHandler_3
   \                     ??MclInputProc__1msHandler_1: (+1)
   \   000000A8   0x2000             MOVS     R0,#+0
   \   000000AA   0x7030             STRB     R0,[R6, #+0]
   \   000000AC   0xED96 0x0A03      VLDR     S0,[R6, #+12]
   \   000000B0   0xE003             B.N      ??MclInputProc__1msHandler_4
   \                     ??MclInputProc__1msHandler_3: (+1)
   \   000000B2   0x7830             LDRB     R0,[R6, #+0]
   \   000000B4   0xED96 0x0A03      VLDR     S0,[R6, #+12]
   \   000000B8   0xB968             CBNZ.N   R0,??MclInputProc__1msHandler_5
   \                     ??MclInputProc__1msHandler_4: (+1)
   \   000000BA   0xEDDF 0x....      VLDR.W   S1,??DataTable4_2  ;; 0xba03126f
   \   000000BE   0xEE30 0x0A20      VADD.F32 S0,S0,S1
   \   000000C2   0xEEB5 0x0A40      VCMP.F32 S0,#0.0
   \   000000C6   0xEEF1 0xFA10      FMSTAT   
   \   000000CA   0xD511             BPL.N    ??MclInputProc__1msHandler_6
   \   000000CC   0xED9F 0x....      VLDR.W   S0,??DataTable4_3  ;; 0x0
   \   000000D0   0xED86 0x0A03      VSTR     S0,[R6, #+12]
    202          #endif
    203          }
   \   000000D4   0xBD70             POP      {R4-R6,PC}
   \                     ??MclInputProc__1msHandler_5: (+1)
   \   000000D6   0xEDDF 0x....      VLDR.W   S1,??DataTable4_4  ;; 0x3a03126f
   \   000000DA   0xEE30 0x0A20      VADD.F32 S0,S0,S1
   \   000000DE   0xEDDF 0x....      VLDR.W   S1,??DataTable4_5  ;; 0x3f800001
   \   000000E2   0xEEB4 0x0A60      VCMP.F32 S0,S1
   \   000000E6   0xEEF1 0xFA10      FMSTAT   
   \   000000EA   0xBFA8             IT       GE 
   \   000000EC   0xEEB7 0x0A00      VMOVGE.F32 S0,#1.0
   \                     ??MclInputProc__1msHandler_6: (+1)
   \   000000F0   0xED86 0x0A03      VSTR     S0,[R6, #+12]
   \   000000F4   0xBD70             POP      {R4-R6,PC}       ;; return
    204          
    205          
    206          //=====================================================================================================================
    207          //-------------------------------------- Private Functions ------------------------------------------------------------
    208          //=====================================================================================================================
    209          #ifdef __IAR_SYSTEMS_ICC__
    210          #pragma inline = forced
    211          #endif
    212          //---------------------------------------------------------------------------------------------------------------------
    213          /**
    214           *  @brief      Apply Clarke transform to the currents.
    215           *  @details    By applying Clarke transformation to the currents, it shall provide the alpha and beta currents
    216           *              from the measured currents a, b and c.
    217           *
    218           *  @param[in]  MCL_INPUT_PROC_IO_TYPE *io
    219           *  @param[out] MCL_INPUT_PROC_IO_TYPE *io
    220           *  @return     none
    221           */
    222          static void CurrentClarkTransform(MCL_INPUT_PROC_IO_F_TYPE *io)
    223          {
    224              ClrkPark__DirectClarkeF(io->Is_ABC, io->Is_Alpha_Beta);
    225          }
    226          
    227          
    228          
    229          
    230          //---------------------------------------------------------------------------------------------------------------------
    231          /**
    232           *  @brief      Calculate the peak current (magnitude) from alpha and beta currents
    233           *  @details    By applying Clarke transformation to the currents, it shall provide the alpha and beta currents
    234           *              from the measured currents a, b and c.
    235           *
    236           *  @param[in]  MCL_INPUT_PROC_IO_TYPE *io
    237           *  @param[out] MCL_INPUT_PROC_IO_TYPE *io
    238           *  @return     none
    239           */
    240          static void CalcStatorCurrentMagnitude(MCL_INPUT_PROC_IO_F_TYPE *io)
    241          {
    242              float32 temp;
    243          
    244              temp  = (io->Is_Alpha_Beta->Alpha) * (io->Is_Alpha_Beta->Alpha);
    245              temp += (io->Is_Alpha_Beta->Beta)  * (io->Is_Alpha_Beta->Beta);
    246          
    247              *(io->Ctrl_Specific->Is_Abs) = MC_SQRT_F(temp);
    248          }
    249          
    250          
    251          //---------------------------------------------------------------------------------------------------------------------
    252          /**
    253           *  @brief      Tracks the minimum instant dc bus voltage
    254           *  @details    This algorithm tracks the minimum instant dc bus voltage voltage, keep the minimum for certain
    255           *              amount of time before reseting the temporary minimum and update the value. In this algorithm,
    256           *              the minimum is always keep at the minimum of the instant voltage.
    257           *
    258           *  @param[in]  MCL_INPUT_PROC_IO_TYPE *io
    259           *  @param[out] MCL_INPUT_PROC_IO_TYPE *io
    260           *  @return     none
    261           */
    262          static void VdcFilter(MCL_INPUT_PROC_IO_F_TYPE *io, MCL_INPUT_PROC_PARAMS_TYPE *params)
                                                                                                 ^
Remark[Pe826]: parameter "params" was never referenced
    263          {
    264          #if (INPUTPROC__VDCFILTER_MINIMUM == ENABLED)
    265              static uint8 prescaler_25ms = (uint8)(MCL_INPUT_1MS_CALL_RATE_HZ/40.0f);
    266          #endif
    267          #if (INPUTPROC__VDC_RMS == ENABLED)
    268              static uint8 window_avg = 80;
    269              float32 Vdc;
    270          #endif
    271          #if (INPUTPROC__VDCFILTER_MINIMUM == ENABLED)
    272              // Filter the minimum instant dc bus voltage
    273              DC_Bus_Min_Sum = FILTERS__LOWPASSFILTER_F(DC_Bus_Min_Sum, DC_BUS_LPF_COEF, DC_Bus_Min);
    274          
    275          	DC_Bus_Min_Sum_2nd = FILTERS__LOWPASSFILTER_F(DC_Bus_Min_Sum_2nd, DC_BUS_LPF_COEF, DC_Bus_Min_Sum);
    276          
    277          	*(io->Vs_Max_Filt) = DC_Bus_Min_Sum_2nd;
    278          
    279          	*(io->Vs_Max_Filt) = params->Max_Available_Voltage_Factor * *(io->Vs_Max_Filt);
    280          
    281          
    282              // every 25 ms, the temporary minimum is reset
    283              prescaler_25ms--;
    284              if(!prescaler_25ms)
    285              {
    286                  prescaler_25ms = (uint8)(MCL_INPUT_1MS_CALL_RATE_HZ/40.0f);
    287          
    288                  // This is to bring up the Dc_Bus_Pu_Min because in AtodISR it only get reduced.
    289                  // dcbus_pu_min_target is reset periodically.
    290                  if(DC_Bus_Min < DC_Bus_Min_temp)
    291                  {
    292                      DC_Bus_Min = DC_Bus_Min_temp;
    293                  }
    294          
    295                  //Reset dcbus_pu_min_target. Bring it up. It get reduced at AtodISR.
    296                  DC_Bus_Min_temp = *(io->Vdc);
    297              }
    298          
    299          
    300              // Look for the minimum value
    301              if(*(io->Vdc) < DC_Bus_Min)
    302              {
    303                  DC_Bus_Min = *(io->Vdc);
    304              }
    305              if(*(io->Vdc) < DC_Bus_Min_temp)
    306              {
    307                  DC_Bus_Min_temp = *(io->Vdc);
    308              }
    309          #endif
    310          #if (INPUTPROC__VDC_RMS == ENABLED)
    311          
    312              Vdc = *(io->Vdc);
    313              DC_Bus_RMS_Sum += (Vdc * Vdc);
    314          
    315              // every 80 samples we update the RMS (8000Hz / 100Hz = 80)
    316              window_avg--;
    317              if(!window_avg)
    318              {
    319                  window_avg = 80;
    320                  DC_Bus_RMS = MC_SQRT_F(0.0125f * DC_Bus_RMS_Sum);  // RMS calculation
    321                  DC_Bus_RMS_Sum = 0.0f;
    322              }
    323          #endif
    324          
    325          }
    326          
    327          
    328          #ifdef __IAR_SYSTEMS_ICC__
    329          #pragma inline = forced
    330          #endif
    331          //---------------------------------------------------------------------------------------------------------------------
    332          /**
    333           *  @brief      Reconstruct applied phase voltage from the last pwm command duty cycles.
    334           *  @details
    335           *
    336           *  @param[in]  MCL_INPUT_PROC_IO_TYPE *io
    337           *  @param[out] MCL_INPUT_PROC_IO_TYPE *io
    338           *  @return     none
    339           */
    340          static void PhaseVoltageReconstruction(MCL_INPUT_PROC_IO_F_TYPE *io)
    341          {
    342              float32 temp_vdc;
    343              float32 temp_common_mode;
    344          
    345              // Check if the command to enable lowers on was enabled, if it was enabled
    346              if( *(io->Ctrl_Specific->Lowers_On) )
    347              {
    348                  // voltages applied to the motor is zero.
    349                  io->Vs_Alpha_Beta_Rec->Alpha = 0.0f;
    350                  io->Vs_Alpha_Beta_Rec->Beta = 0.0f;
    351          
    352                  io->Vabc_Rec->A = 0.0f;
    353                  io->Vabc_Rec->B = 0.0f;
    354                  io->Vabc_Rec->C = 0.0f;
    355          
    356              }
    357              else
    358              {
    359                  // Read the last duty cycle and scale it to the DC bus voltage.
    360                  // Note: assume the DC bus voltage is kept constant within one pwm period.
    361                  temp_vdc = *(io->Vdc);
    362                  io->Vabc_Rec->A = (io->Duty->A * temp_vdc);
    363                  io->Vabc_Rec->B = (io->Duty->B * temp_vdc);
    364                  io->Vabc_Rec->C = (io->Duty->C * temp_vdc);
    365          
    366                  //ClrkPark__DirectClarkeF(io->Vabc_Rec, io->Vs_Alpha_Beta_Rec);
    367          
    368                  temp_common_mode = (io->Vabc_Rec->A) + (io->Vabc_Rec->B) + (io->Vabc_Rec->C);
    369                  temp_common_mode = temp_common_mode * INV_3 ;
    370          
    371                  io->Vabc_Rec->A -= temp_common_mode;
    372                  io->Vabc_Rec->B -= temp_common_mode;
    373                  io->Vabc_Rec->C -= temp_common_mode;
    374          
    375                  ClrkPark__DirectClarkeF(io->Vabc_Rec, io->Vs_Alpha_Beta_Rec);
    376              }
    377          }
    378          
    379          
    380          
    381          #if (INPUTPROC__CURRENT_OFFSET_COMP == ENABLED)

   \                                 In section .text, align 2, keep-with-next
    382          static void CurrentOffSetComp(MCL_INPUT_PROC_IO_F_TYPE *io, MCL_INPUT_PROC_ADDITIONAL_PARAMS_TYPE *params)
    383          {
    384          
    385              float32 ia,ib,ic;
    386              static sint32 cyc_count_A=0;
    387              static sint32 cyc_count_B=0;
    388              static sint32 cyc_count_C=0;
    389              static float32 previous_A=0;
    390              static float32 previous_B=0;
    391              static float32 previous_C=0;
    392              static float32 sum_ia=0;
    393              static float32 sum_ib=0;
    394              static float32 sum_ic=0;
    395          
    396              float32 delta;
    397              float32 max_current_compensation;
    398          
    399              ia = (io->Is_ABC->A);
   \                     CurrentOffSetComp: (+1)
   \   00000000   0x6882             LDR      R2,[R0, #+8]
   \   00000002   0xEDD2 0x0A00      VLDR     S1,[R2, #0]
    400              ib = (io->Is_ABC->B);
   \   00000006   0xED92 0x1A01      VLDR     S2,[R2, #+4]
    401              ic = (io->Is_ABC->C);
   \   0000000A   0xEDD2 0x1A02      VLDR     S3,[R2, #+8]
    402          
    403              max_current_compensation = params->Current_Offset_Comp_Max_Current_Comp;
    404          
    405              if(previous_A < 0 && ia >= 0)
   \   0000000E   0x....             LDR.N    R2,??DataTable4_6
   \   00000010   0xED91 0x0A02      VLDR     S0,[R1, #+8]
   \   00000014   0xED92 0x2A0C      VLDR     S4,[R2, #+48]
   \   00000018   0xEEB5 0x2A40      VCMP.F32 S4,#0.0
   \   0000001C   0xEEF1 0xFA10      FMSTAT   
   \   00000020   0xD521             BPL.N    ??CurrentOffSetComp_0
   \   00000022   0xEEF5 0x0A40      VCMP.F32 S1,#0.0
   \   00000026   0xEEF1 0xFA10      FMSTAT   
   \   0000002A   0xDB1C             BLT.N    ??CurrentOffSetComp_0
    406              {
    407                  if(cyc_count_A > params->Current_Offset_Comp_Full_Cycle_Cnt)
                                        ^
Remark[Pe1873]: comparison between signed and unsigned operands
   \   0000002C   0x6A53             LDR      R3,[R2, #+36]
   \   0000002E   0xF8D1 0xC00C      LDR      R12,[R1, #+12]
   \   00000032   0x459C             CMP      R12,R3
   \   00000034   0xD217             BCS.N    ??CurrentOffSetComp_0
    408                  {
    409                        delta = previous_A /(previous_A - ia);  // positive by definition -- denominator is always different from zero by definition
   \   00000036   0xEE72 0x2A60      VSUB.F32 S5,S4,S1
   \   0000003A   0xEE82 0x2A22      VDIV.F32 S4,S4,S5
    410                        Cur_Offset_Ia = sum_ia / (cyc_count_A + delta);
   \   0000003E   0xEE02 0x3A90      VMOV     S5,R3
   \   00000042   0xEEF8 0x2AE2      VCVT.F32.S32 S5,S5
   \   00000046   0xED92 0x3A0F      VLDR     S6,[R2, #+60]
    411                        sum_ia = 0.0f;
   \   0000004A   0x2300             MOVS     R3,#+0
   \   0000004C   0xEE72 0x2A82      VADD.F32 S5,S5,S4
   \   00000050   0x63D3             STR      R3,[R2, #+60]
    412                        cyc_count_A = -(sint32)delta;
   \   00000052   0xEEBD 0x2AC2      VCVT.S32.F32 S4,S4
   \   00000056   0xEE12 0x3A10      VMOV     R3,S4
   \   0000005A   0xEEC3 0x2A22      VDIV.F32 S5,S6,S5
   \   0000005E   0x425B             RSBS     R3,R3,#+0
   \   00000060   0xEDC2 0x2A06      VSTR     S5,[R2, #+24]
   \   00000064   0x6253             STR      R3,[R2, #+36]
    413                  }
    414              }
    415          
    416              if(previous_B < 0 && ib >= 0)
   \                     ??CurrentOffSetComp_0: (+1)
   \   00000066   0xED92 0x2A0D      VLDR     S4,[R2, #+52]
   \   0000006A   0xEEB5 0x2A40      VCMP.F32 S4,#0.0
   \   0000006E   0xEEF1 0xFA10      FMSTAT   
   \   00000072   0xD521             BPL.N    ??CurrentOffSetComp_1
   \   00000074   0xEEB5 0x1A40      VCMP.F32 S2,#0.0
   \   00000078   0xEEF1 0xFA10      FMSTAT   
   \   0000007C   0xDB1C             BLT.N    ??CurrentOffSetComp_1
    417              {
    418                  if(cyc_count_B > params->Current_Offset_Comp_Full_Cycle_Cnt)
                                        ^
Remark[Pe1873]: comparison between signed and unsigned operands
   \   0000007E   0x6A93             LDR      R3,[R2, #+40]
   \   00000080   0xF8D1 0xC00C      LDR      R12,[R1, #+12]
   \   00000084   0x459C             CMP      R12,R3
   \   00000086   0xD217             BCS.N    ??CurrentOffSetComp_1
    419                  {
    420                        delta = previous_B /(previous_B - ib);  // positive by definition -- denominator is always different from zero by definition
   \   00000088   0xEE72 0x2A41      VSUB.F32 S5,S4,S2
   \   0000008C   0xEE82 0x2A22      VDIV.F32 S4,S4,S5
    421                        Cur_Offset_Ib = sum_ib / (cyc_count_B + delta);
   \   00000090   0xEE02 0x3A90      VMOV     S5,R3
   \   00000094   0xEEF8 0x2AE2      VCVT.F32.S32 S5,S5
   \   00000098   0xED92 0x3A10      VLDR     S6,[R2, #+64]
    422                        sum_ib = 0.0f;
   \   0000009C   0x2300             MOVS     R3,#+0
   \   0000009E   0xEE72 0x2A82      VADD.F32 S5,S5,S4
   \   000000A2   0x6413             STR      R3,[R2, #+64]
    423                        cyc_count_B = -(sint32)delta;
   \   000000A4   0xEEBD 0x2AC2      VCVT.S32.F32 S4,S4
   \   000000A8   0xEE12 0x3A10      VMOV     R3,S4
   \   000000AC   0xEEC3 0x2A22      VDIV.F32 S5,S6,S5
   \   000000B0   0x425B             RSBS     R3,R3,#+0
   \   000000B2   0xEDC2 0x2A07      VSTR     S5,[R2, #+28]
   \   000000B6   0x6293             STR      R3,[R2, #+40]
    424                  }
    425              }
    426          
    427              if(previous_C < 0 && ic >= 0)
   \                     ??CurrentOffSetComp_1: (+1)
   \   000000B8   0xED92 0x2A0E      VLDR     S4,[R2, #+56]
   \   000000BC   0xEEB5 0x2A40      VCMP.F32 S4,#0.0
   \   000000C0   0xEEF1 0xFA10      FMSTAT   
   \   000000C4   0xD520             BPL.N    ??CurrentOffSetComp_2
   \   000000C6   0xEEF5 0x1A40      VCMP.F32 S3,#0.0
   \   000000CA   0xEEF1 0xFA10      FMSTAT   
   \   000000CE   0xDB1B             BLT.N    ??CurrentOffSetComp_2
    428              {
    429                  if(cyc_count_C > params->Current_Offset_Comp_Full_Cycle_Cnt)
                                        ^
Remark[Pe1873]: comparison between signed and unsigned operands
   \   000000D0   0x6AD3             LDR      R3,[R2, #+44]
   \   000000D2   0x68C9             LDR      R1,[R1, #+12]
   \   000000D4   0x4299             CMP      R1,R3
   \   000000D6   0xD217             BCS.N    ??CurrentOffSetComp_2
    430                  {
    431                        delta = previous_C /(previous_C - ic);  // positive by definition -- denominator is always different from zero by definition
   \   000000D8   0xEE72 0x2A61      VSUB.F32 S5,S4,S3
   \   000000DC   0xEE82 0x2A22      VDIV.F32 S4,S4,S5
    432                        Cur_Offset_Ic = sum_ic / (cyc_count_C + delta);
   \   000000E0   0xEE02 0x3A90      VMOV     S5,R3
   \   000000E4   0xEEF8 0x2AE2      VCVT.F32.S32 S5,S5
   \   000000E8   0xED92 0x3A11      VLDR     S6,[R2, #+68]
    433                        sum_ic = 0.0f;
   \   000000EC   0x2100             MOVS     R1,#+0
   \   000000EE   0xEE72 0x2A82      VADD.F32 S5,S5,S4
   \   000000F2   0x6451             STR      R1,[R2, #+68]
    434                        cyc_count_C = -(sint32)delta;
   \   000000F4   0xEEBD 0x2AC2      VCVT.S32.F32 S4,S4
   \   000000F8   0xEE12 0x1A10      VMOV     R1,S4
   \   000000FC   0xEEC3 0x2A22      VDIV.F32 S5,S6,S5
   \   00000100   0x4249             RSBS     R1,R1,#+0
   \   00000102   0xEDC2 0x2A08      VSTR     S5,[R2, #+32]
   \   00000106   0x62D1             STR      R1,[R2, #+44]
    435                  }
    436              }
    437          
    438          
    439              sum_ia += ia;
    440              sum_ib += ib;
    441              sum_ic += ic;
    442              cyc_count_A +=1;
    443              cyc_count_B +=1;
    444              cyc_count_C +=1;
    445          
    446              previous_A = ia;
   \                     ??CurrentOffSetComp_2: (+1)
   \   00000108   0xEDC2 0x0A0C      VSTR     S1,[R2, #+48]
    447              previous_B = ib;
   \   0000010C   0xED82 0x1A0D      VSTR     S2,[R2, #+52]
    448              previous_C = ic;
   \   00000110   0xEDC2 0x1A0E      VSTR     S3,[R2, #+56]
   \   00000114   0x6A51             LDR      R1,[R2, #+36]
   \   00000116   0xED92 0x2A0F      VLDR     S4,[R2, #+60]
   \   0000011A   0x1C49             ADDS     R1,R1,#+1
   \   0000011C   0x6251             STR      R1,[R2, #+36]
   \   0000011E   0xEE32 0x2A20      VADD.F32 S4,S4,S1
   \   00000122   0x6A91             LDR      R1,[R2, #+40]
   \   00000124   0xED82 0x2A0F      VSTR     S4,[R2, #+60]
   \   00000128   0x1C49             ADDS     R1,R1,#+1
   \   0000012A   0xED92 0x2A10      VLDR     S4,[R2, #+64]
    449          
    450              Cur_Offset_Ia =  MATHCALC__SATURATE_DIRECT(-max_current_compensation, Cur_Offset_Ia, max_current_compensation);
   \   0000012E   0xEDD2 0x0A06      VLDR     S1,[R2, #+24]
   \   00000132   0x6291             STR      R1,[R2, #+40]
   \   00000134   0xEE32 0x2A01      VADD.F32 S4,S4,S2
   \   00000138   0xED82 0x2A10      VSTR     S4,[R2, #+64]
   \   0000013C   0xEEF4 0x0A40      VCMP.F32 S1,S0
   \   00000140   0x6AD1             LDR      R1,[R2, #+44]
   \   00000142   0xED92 0x2A11      VLDR     S4,[R2, #+68]
   \   00000146   0xEE32 0x2A21      VADD.F32 S4,S4,S3
   \   0000014A   0x1C49             ADDS     R1,R1,#+1
   \   0000014C   0xED82 0x2A11      VSTR     S4,[R2, #+68]
   \   00000150   0x62D1             STR      R1,[R2, #+44]
   \   00000152   0xEEF1 0xFA10      FMSTAT   
   \   00000156   0xBFA8             IT       GE 
   \   00000158   0xED82 0x0A06      VSTRGE   S0,[R2, #+24]
   \   0000015C   0xDA08             BGE.N    ??CurrentOffSetComp_3
   \   0000015E   0xEEB1 0x1A40      VNEG.F32 S2,S0
   \   00000162   0xEEB4 0x1A60      VCMP.F32 S2,S1
   \   00000166   0xEEF1 0xFA10      FMSTAT   
   \   0000016A   0xBFA8             IT       GE 
   \   0000016C   0xED82 0x1A06      VSTRGE   S2,[R2, #+24]
    451              Cur_Offset_Ib =  MATHCALC__SATURATE_DIRECT(-max_current_compensation, Cur_Offset_Ib, max_current_compensation);
   \                     ??CurrentOffSetComp_3: (+1)
   \   00000170   0xEDD2 0x0A07      VLDR     S1,[R2, #+28]
   \   00000174   0xEEF4 0x0A40      VCMP.F32 S1,S0
   \   00000178   0xEEF1 0xFA10      FMSTAT   
   \   0000017C   0xBFA8             IT       GE 
   \   0000017E   0xED82 0x0A07      VSTRGE   S0,[R2, #+28]
   \   00000182   0xDA08             BGE.N    ??CurrentOffSetComp_4
   \   00000184   0xEEB1 0x1A40      VNEG.F32 S2,S0
   \   00000188   0xEEB4 0x1A60      VCMP.F32 S2,S1
   \   0000018C   0xEEF1 0xFA10      FMSTAT   
   \   00000190   0xBFA8             IT       GE 
   \   00000192   0xED82 0x1A07      VSTRGE   S2,[R2, #+28]
    452              Cur_Offset_Ic =  MATHCALC__SATURATE_DIRECT(-max_current_compensation, Cur_Offset_Ic, max_current_compensation);
   \                     ??CurrentOffSetComp_4: (+1)
   \   00000196   0xEDD2 0x0A08      VLDR     S1,[R2, #+32]
   \   0000019A   0xEEF4 0x0A40      VCMP.F32 S1,S0
   \   0000019E   0xEEF1 0xFA10      FMSTAT   
   \   000001A2   0xBFA8             IT       GE 
   \   000001A4   0xED82 0x0A08      VSTRGE   S0,[R2, #+32]
   \   000001A8   0xDA08             BGE.N    ??CurrentOffSetComp_5
   \   000001AA   0xEEB1 0x1A40      VNEG.F32 S2,S0
   \   000001AE   0xEEB4 0x1A60      VCMP.F32 S2,S1
   \   000001B2   0xEEF1 0xFA10      FMSTAT   
   \   000001B6   0xBFA8             IT       GE 
   \   000001B8   0xED82 0x1A08      VSTRGE   S2,[R2, #+32]
    453          
    454              if(Cur_Offset_Comp_Factor)
   \                     ??CurrentOffSetComp_5: (+1)
   \   000001BC   0xED92 0x0A03      VLDR     S0,[R2, #+12]
   \   000001C0   0xEEB5 0x0A40      VCMP.F32 S0,#0.0
   \   000001C4   0xEEF1 0xFA10      FMSTAT   
   \   000001C8   0xD01A             BEQ.N    ??CurrentOffSetComp_6
    455              {
    456                  io->Is_ABC->A = (io->Is_ABC->A) - ((Cur_Offset_Ia * Cur_Offset_Comp_Factor));
   \   000001CA   0x6881             LDR      R1,[R0, #+8]
   \   000001CC   0xEDD2 0x0A06      VLDR     S1,[R2, #+24]
   \   000001D0   0xED91 0x1A00      VLDR     S2,[R1, #0]
   \   000001D4   0xEE00 0x1AC0      VMLS.F32 S2,S1,S0
   \   000001D8   0xED81 0x1A00      VSTR     S2,[R1, #0]
    457                  io->Is_ABC->B = (io->Is_ABC->B) - ((Cur_Offset_Ib * Cur_Offset_Comp_Factor));
   \   000001DC   0x6881             LDR      R1,[R0, #+8]
   \   000001DE   0xEDD2 0x0A07      VLDR     S1,[R2, #+28]
   \   000001E2   0xED91 0x1A01      VLDR     S2,[R1, #+4]
   \   000001E6   0xEE00 0x1AC0      VMLS.F32 S2,S1,S0
   \   000001EA   0xED81 0x1A01      VSTR     S2,[R1, #+4]
    458                  io->Is_ABC->C = (io->Is_ABC->C) - ((Cur_Offset_Ic * Cur_Offset_Comp_Factor));
   \   000001EE   0x6880             LDR      R0,[R0, #+8]
   \   000001F0   0xEDD2 0x0A08      VLDR     S1,[R2, #+32]
   \   000001F4   0xED90 0x1A02      VLDR     S2,[R0, #+8]
   \   000001F8   0xEE00 0x1AC0      VMLS.F32 S2,S1,S0
   \   000001FC   0xED80 0x1A02      VSTR     S2,[R0, #+8]
    459              }
    460          }
   \                     ??CurrentOffSetComp_6: (+1)
   \   00000200   0x4770             BX       LR               ;; return

   \                                 In section .data, align 4
   \                     Cur_Offset_Compensation:
   \   00000000   0x00               DC8 0
   \   00000001   0x50               DC8 80
   \   00000002   0x00 0x00          DC8 0, 0
   \   00000004   0x00 0x00          DC8 0, 0, 0, 0
   \              0x00 0x00    
   \   00000008   0x00 0x00          DC8 0, 0, 0, 0
   \              0x00 0x00    
   \   0000000C   0x00000000         DC32 0H
   \   00000010   0x00 0x00          DC8 0, 0, 0, 0
   \              0x00 0x00    
   \   00000014   0x00 0x00          DC8 0, 0, 0, 0
   \              0x00 0x00    
   \   00000018   0x00 0x00          DC8 0, 0, 0, 0
   \              0x00 0x00    
   \   0000001C   0x00 0x00          DC8 0, 0, 0, 0
   \              0x00 0x00    
   \   00000020   0x00 0x00          DC8 0, 0, 0, 0
   \              0x00 0x00    
   \   00000024   0x00000000         DC32 0
   \   00000028   0x00000000         DC32 0
   \   0000002C   0x00000000         DC32 0
   \   00000030   0x00000000         DC32 0H
   \   00000034   0x00000000         DC32 0H
   \   00000038   0x00000000         DC32 0H
   \   0000003C   0x00000000         DC32 0H
   \   00000040   0x00000000         DC32 0H
   \   00000044   0x00000000         DC32 0H

   \                                 In section .text, align 4, keep-with-next
   \                     ??DataTable4:
   \   00000000   0x3EAAAAAB         DC32     0x3eaaaaab

   \                                 In section .text, align 4, keep-with-next
   \                     ??DataTable4_1:
   \   00000000   0x3C4CCCCD         DC32     0x3c4ccccd

   \                                 In section .text, align 4, keep-with-next
   \                     ??DataTable4_2:
   \   00000000   0xBA03126F         DC32     0xba03126f

   \                                 In section .text, align 4, keep-with-next
   \                     ??DataTable4_3:
   \   00000000   0x00000000         DC32     0x0

   \                                 In section .text, align 4, keep-with-next
   \                     ??DataTable4_4:
   \   00000000   0x3A03126F         DC32     0x3a03126f

   \                                 In section .text, align 4, keep-with-next
   \                     ??DataTable4_5:
   \   00000000   0x3F800001         DC32     0x3f800001

   \                                 In section .text, align 4, keep-with-next
   \                     ??DataTable4_6:
   \   00000000   0x........         DC32     Cur_Offset_Compensation
    461          
    462          
    463          static void CurrentOffSetLogicEnable(MCL_INPUT_PROC_IO_F_TYPE *io, MCL_INPUT_PROC_JOINT_PARAMS_TYPE *params)
    464          {
    465              float32 temp_abs_cur;
    466              float32 temp_abs_speed;
    467          
    468              temp_abs_cur = *(io->Ctrl_Specific->Is_Abs);
    469              temp_abs_speed = *(io->Ctrl_Specific->Speed_Rot_Ref_Abs);
    470          
    471              if(params->InputProcPrm->Current_Offset_Comp_Speed_Thr != 0)
    472              {
    473                  if((temp_abs_speed >= Speed_Threshold_High_CurOffComp) &&(temp_abs_cur > params->InputProcAddPrm->Current_Offset_Comp_Current_Thr))
    474                  {
    475                      Cur_Offset_Compensation = TRUE;
    476                  }
    477                  if(temp_abs_speed <= Speed_Threshold_Low_CurOffComp)
    478                  {
    479                      Cur_Offset_Compensation = FALSE;
    480                  }
    481              }
    482              else
    483              {
    484                  Cur_Offset_Compensation = FALSE;
    485              }
    486          
    487              if(Cur_Offset_Compensation == FALSE)
    488              {
    489                  Cur_Offset_Comp_Factor -= 0.0005f;  // At the rate of 1 ms, 1.0f will take almost 2 sec
    490          
    491                  if(Cur_Offset_Comp_Factor <0.0f)
    492                  {
    493                      Cur_Offset_Comp_Factor = 0.0f;
    494                  }
    495              }
    496              else
    497              {
    498                  Cur_Offset_Comp_Factor += 0.0005f;
    499                  if(Cur_Offset_Comp_Factor > 1.0f)
    500                  {
    501                      Cur_Offset_Comp_Factor = 1.0f;
    502                  }
    503              }
    504          }
    505          #endif

   Maximum stack usage in bytes:

   .cstack Function
   ------- --------
       0   CurrentOffSetComp
      16   MclInputProc__1msHandler
        16   -> MathCalc__SqrtF
       0   MclInputProc__Initialize
       0   MclInputProc__ResetState
       8   MclInputProc__RunningHandler
         0   -> ClrkPark__DirectClarkeF
         8   -> ClrkPark__DirectClarkeF
         8   -> CurrentOffSetComp


   Section sizes:

   Bytes  Function/Label
   -----  --------------
       4  ??DataTable4
       4  ??DataTable4_1
       4  ??DataTable4_2
       4  ??DataTable4_3
       4  ??DataTable4_4
       4  ??DataTable4_5
       4  ??DataTable4_6
      72  Cur_Offset_Compensation
          window_avg
          DC_Bus_RMS_Sum
          DC_Bus_RMS
          Cur_Offset_Comp_Factor
          Speed_Threshold_High_CurOffComp
          Speed_Threshold_Low_CurOffComp
          Cur_Offset_Ia
          Cur_Offset_Ib
          Cur_Offset_Ic
          cyc_count_A
          cyc_count_B
          cyc_count_C
          previous_A
          previous_B
          previous_C
          sum_ia
          sum_ib
          sum_ic
     514  CurrentOffSetComp
     246  MclInputProc__1msHandler
      66  MclInputProc__Initialize
      18  MclInputProc__ResetState
     182  MclInputProc__RunningHandler

 
    72 bytes in section .data
 1 054 bytes in section .text
 
 1 054 bytes of CODE memory
    72 bytes of DATA memory

Errors: none
Warnings: none
