###############################################################################
#
# IAR ANSI C/C++ Compiler V7.20.5.7591/W32 for ARM        06/Aug/2024  13:42:22
# Copyright 1999-2014 IAR Systems AB.
#
#    Cpu mode     =  thumb
#    Endian       =  little
#    Source file  =  
#        C:\Data\Python\Self_Commissioning_Bpm\source\XCategory\Hbl\Mci\Mcl\MacroBlocks\MclPwm.c
#    Command line =  
#        -I./ -I../cx/ -I../cx/inc/ -ICategory/ -ICategory/Application/
#        -ICategory/Application/ThermalModel/
#        -ICategory/Application/ThermalModel/ThermalModelCore_DD/
#        -ICategory/Application/ThermalModel/ThermalModelCore_sBPM/
#        -ICategory/Common/ -ICategory/Common/BoardDebugging/
#        -ICategory/Common/MasterCommander/
#        -ICategory/Common/MasterCommander/Source/
#        -ICategory/Common/MasterCommander/Source/HAL/
#        -ICategory/Common/SelfCommissioning/ -ICategory/Hbl/
#        -IProjectSpecific/ -IProjectSpecific/Application/
#        -IProjectSpecific/Application/API007App/
#        -IProjectSpecific/Application/ModeManagement/
#        -IProjectSpecific/Application/MotorSelector/
#        -IProjectSpecific/Application/ProductInfo/
#        -IProjectSpecific/Application/SRMcuSpeedMonitor/
#        -IProjectSpecific/Application/ThermalModel/
#        -IProjectSpecific/CommonCore/ -IProjectSpecific/Driver/
#        -IProjectSpecific/MasterCommander/ -IProjectSpecific/Mci/
#        -IProjectSpecific/Mci/Mcl/ -IProjectSpecific/Mci/Mcl/old_xls/
#        -IXCategory/ -IXCategory/Application/
#        -IXCategory/Application/MciParametersLoader/
#        -IXCategory/Application/Mode/ -IXCategory/Application/Reveal_APIs/
#        -IXCategory/Application/Reveal_APIs/API003Disc/
#        -IXCategory/Application/Reveal_APIs/API004Debug/
#        -IXCategory/Application/Reveal_APIs/API005LowLevel/
#        -IXCategory/Application/Reveal_APIs/API007Data/
#        -IXCategory/Application/Reveal_APIs/API009System/
#        -IXCategory/Application/Reveal_APIs/API010PollVar/
#        -IXCategory/Application/Reveal_APIs/API011AppCtr/
#        -IXCategory/Application/Reveal_APIs/API013RemoteFunction/
#        -IXCategory/Application/Reveal_APIs/API018Diagnostic/
#        -IXCategory/Application/Reveal_APIs/API019ProductInfo/
#        -IXCategory/Application/Reveal_APIs/API220MotorControl/
#        -IXCategory/Application/Reveal_APIs/API220MotorControl/API/
#        -IXCategory/Application/Reveal_APIs/API221MotionCtrl/
#        -IXCategory/Application/Reveal_APIs/SRAPI020Safety/
#        -IXCategory/Application/SFUpdater/ -IXCategory/Common/
#        -IXCategory/Common/Crc16/ -IXCategory/Common/Crc8/
#        -IXCategory/Common/Log/ -IXCategory/Common/Millis/
#        -IXCategory/Common/SettingFile/ -IXCategory/Common/SRClockMonitor/
#        -IXCategory/Common/SRData/ -IXCategory/Common/SRException/
#        -IXCategory/Common/SRFlow/ -IXCategory/Common/SRIsrMonitor/
#        -IXCategory/Common/SRMain/ -IXCategory/Common/SRMcuSpeedMonitor/
#        -IXCategory/Common/SRPowerMgr/ -IXCategory/Common/SRSignature/
#        -IXCategory/Common/SRSystemConfig/
#        -IXCategory/Common/SRTimerReference/ -IXCategory/Common/SystemConfig/
#        -IXCategory/Common/SystemTimers/ -IXCategory/Common/Utilities/
#        -IXCategory/Driver/ -IXCategory/Driver/API/
#        -IXCategory/Driver/API/Comparator/ -IXCategory/Driver/API/DataFlash/
#        -IXCategory/Driver/API/Dma/ -IXCategory/Driver/API/Flash/
#        -IXCategory/Driver/API/Gpio/ -IXCategory/Driver/API/Micro/
#        -IXCategory/Driver/API/Spi/ -IXCategory/Driver/API/SRMCAtod/
#        -IXCategory/Driver/API/SRMCInputCapture/
#        -IXCategory/Driver/API/SRMCPwm/ -IXCategory/Driver/API/TimerInterrupt/
#        -IXCategory/Driver/API/Uart/ -IXCategory/Driver/Comparator/
#        -IXCategory/Driver/DataFlash/ -IXCategory/Driver/Dma/
#        -IXCategory/Driver/Flash/ -IXCategory/Driver/Gpio/
#        -IXCategory/Driver/Micro/ -IXCategory/Driver/Spi/
#        -IXCategory/Driver/SRMCAtod/ -IXCategory/Driver/SRMCInputCapture/
#        -IXCategory/Driver/SRMCPwm/ -IXCategory/Driver/TimerInterrupt/
#        -IXCategory/Driver/Uart/ -IXCategory/Hbl/ -IXCategory/Hbl/Mci/
#        -IXCategory/Hbl/Mci/InverterTemp/ -IXCategory/Hbl/Mci/Mcl/
#        -IXCategory/Hbl/Mci/Mcl/Braking/ -IXCategory/Hbl/Mci/Mcl/MacroBlocks/
#        -IXCategory/Hbl/Mci/Mcl/MclFvt/ -IXCategory/Hbl/Mci/Mcl/MicroBlocks/
#        -IXCategory/Hbl/Mci/Mcl/MicroBlocks/ClrkPark/
#        -IXCategory/Hbl/Mci/Mcl/MicroBlocks/Filters/
#        -IXCategory/Hbl/Mci/Mcl/MicroBlocks/Math/
#        -IXCategory/Hbl/Mci/Mcl/MicroBlocks/ObserverPmsm/
#        -IXCategory/Hbl/Mci/Mcl/MicroBlocks/Pi/
#        -IXCategory/Hbl/Mci/Mcl/MicroBlocks/PwmModulation/
#        -IXCategory/Hbl/Mci/Mcl/ResistanceEstimation/
#        -IXCategory/Hbl/Mci/PowerModuleManager/
#        -IXCategory/Hbl/Mci/SpeedRefGen/ -IXCategory/Hbl/Mci/SurgeRelay/
#        -IXCategory/Hbl/SRMotorSafetyMgr/
#        -IXCategory/Hbl/SRMotorSafetyMgr/API/ -IXCategory/Service/
#        -IXCategory/Service/Reveal/ -IXCategory/Service/Win/ --remarks
#        --no_tbaa --debug --use_c++_inline --only_stdout --dlib_config
#        ..\cx\inc\DLib_Config_Normal.h -r -D
#        ENABLE_JUMP_TO_APPLICATION_WITHOUT_IAP_FIRMWARE -D
#        SET_FLASH_OPTION_CONFIGURATION -D ARM_MATH_CM4 -e --silent
#        --endian=little --cpu Cortex-M4 --fpu=VFPv4_sp -Ohs -o MclPwm.obj -l
#        ..\listings\MclPwm.lst
#        C:\Data\Python\Self_Commissioning_Bpm\source\XCategory\Hbl\Mci\Mcl\MacroBlocks\MclPwm.c
#    List file    =  ..\listings\MclPwm.lst
#    Object file  =  MclPwm.obj
#
###############################################################################

C:\Data\Python\Self_Commissioning_Bpm\source\XCategory\Hbl\Mci\Mcl\MacroBlocks\MclPwm.c
      1          /**
      2           *  @file       MclPwm.c
      3           *  @brief      Motor Control Loop 3-phase motors: Pwm Modulation Macro Block.
      4           *  @details    This module implements the Pwm module.
      5           *  @author     alessio.beato/luigi.fagnano
      6           *  $Header:
      7           *  @copyright  Copyright 2020-$Date$. Whirlpool Corporation. All rights reserved - CONFIDENTIAL
      8          */
      9          //---------------------------------------------------------------------------------------------------------------------
     10          //---------------------------------------------------------------------------------------------------------------------
     11          
     12          
     13          //-------------------------------------- Include Files ----------------------------------------------------------------
     14          #include "MclPwm.h"
     15          #include "MclConfig.h"
     16          #include "PwmModulation.h"
     17          #include "MclPwm_prv.h"

   \                                 In section .data, align 4
     18          //-------------------------------------- PUBLIC (Variables) -----------------------------------------------------------
     19          
     20          //-------------------------------------- PRIVATE (Variables, Constants & Defines) -------------------------------------
     21          // Inverter Compensation types
     22          #define INVERTER_LOSSES_COMP        0               //!< complete losses compensation
     23          #define DEADTIME_COMP               1               //!< deadtime compensation
     24          
     25          #define DUTY_INIT                   0.5f
     26          #define SPEED_THRESHOLD             (0.05f)         //!< [%] speed hysteresis threshold
     27          
     28          #ifndef RPM_TO_RADS
     29              #define RPM_TO_RADS     0.10471975511965977461542144610932f
     30          #endif
     31          
     32          static float32 Speed_Threshold_High;                //!< [absolute rad/s mech] speed hysteresis high limits
     33          static float32 Speed_Threshold_Low;                 //!< [absolute rad/s mech] speed hysteresis low limits
     34          static float32 Speed_Threshold;                     //!< [absolute rad/s mech] speed hysteresis selector
     35          static uint8 Inverter_Compensation_Selector;        //!< inverter compensation selector: 0 inverter loss compensation, 1 deadtime compensation
   \                     Inverter_Compensation_Selector:
   \   00000000   0x00               DC8 0
   \   00000001   0x00 0x00          DC8 0, 0, 0
   \              0x00         
   \   00000004   0x00 0x00          DC8 0, 0, 0, 0
   \              0x00 0x00    
   \   00000008   0x00 0x00          DC8 0, 0, 0, 0
   \              0x00 0x00    
   \   0000000C   0x00 0x00          DC8 0, 0, 0, 0
   \              0x00 0x00    
   \   __absolute struct <unnamed> Dutycycle_By_Current_LUT[65]
   \                     Dutycycle_By_Current_LUT:
   \   00000010   0xC0800000         DC32 0C0800000H, 0BCBE36D0H, 0C0780000H, 0BCBE5287H, 0C0700000H
   \              0xBCBE36D0   
   \              0xC0780000   
   \              0xBCBE5287   
   \              0xC0700000   
   \   00000024   0xBCBDEB95         DC32 0BCBDEB95H, 0C0680000H, 0BCBD3F35H, 0C0600000H, 0BCBC78F8H
   \              0xC0680000   
   \              0xBCBD3F35   
   \              0xC0600000   
   \              0xBCBC78F8   
   \   00000038   0xC0580000         DC32 0C0580000H, 0BCBBB477H, 0C0500000H, 0BCBAFF00H, 0C0480000H
   \              0xBCBBB477   
   \              0xC0500000   
   \              0xBCBAFF00   
   \              0xC0480000   
   \   0000004C   0xBCBA5945         DC32 0BCBA5945H, 0C0400000H, 0BCB9B909H, 0C0380000H, 0BCB90ACFH
   \              0xC0400000   
   \              0xBCB9B909   
   \              0xC0380000   
   \              0xBCB90ACF   
   \   00000060   0xC0300000         DC32 0C0300000H, 0BCB8338CH, 0C0280000H, 0BCB7124DH, 0C0200000H
   \              0xBCB8338C   
   \              0xC0280000   
   \              0xBCB7124D   
   \              0xC0200000   
   \   00000074   0xBCB581EF         DC32 0BCB581EFH, 0C0180000H, 0BCB35AC7H, 0C0100000H, 0BCB07452H
   \              0xC0180000   
   \              0xBCB35AC7   
   \              0xC0100000   
   \              0xBCB07452   
   \   00000088   0xC0080000         DC32 0C0080000H, 0BCACA6E4H, 0C0000000H, 0BCA7CD56H, 0BFF00000H
   \              0xBCACA6E4   
   \              0xC0000000   
   \              0xBCA7CD56   
   \              0xBFF00000   
   \   0000009C   0xBCA1C6B6         DC32 0BCA1C6B6H, 0BFE00000H, 0BC9A77F2H, 0BFD00000H, 0BC953D29H
   \              0xBFE00000   
   \              0xBC9A77F2   
   \              0xBFD00000   
   \              0xBC953D29   
   \   000000B0   0xBFC00000         DC32 0BFC00000H, 0BC8F68F3H, 0BFB00000H, 0BC8AADAEH, 0BFA00000H
   \              0xBC8F68F3   
   \              0xBFB00000   
   \              0xBC8AADAE   
   \              0xBFA00000   
   \   000000C4   0xBC863EEF         DC32 0BC863EEFH, 0BF900000H, 0BC81504DH, 0BF800000H, 0BC762ABBH
   \              0xBF900000   
   \              0xBC81504D   
   \              0xBF800000   
   \              0xBC762ABB   
   \   000000D8   0xBF600000         DC32 0BF600000H, 0BC65F77CH, 0BF400000H, 0BC60B913H, 0BF200000H
   \              0xBC65F77C   
   \              0xBF400000   
   \              0xBC60B913   
   \              0xBF200000   
   \   000000EC   0xBC5D2F1B         DC32 0BC5D2F1BH, 0BF000000H, 0BC59A522H, 0BEC00000H, 0BC54562EH
   \              0xBF000000   
   \              0xBC59A522   
   \              0xBEC00000   
   \              0xBC54562E   
   \   00000100   0xBE800000         DC32 0BE800000H, 0BC42A455H, 0BE000000H, 0BC30F27CH, 0H, 0H, 3E000000H
   \              0xBC42A455   
   \              0xBE000000   
   \              0xBC30F27C   
   \              0x00000000   
   \              0x00000000   
   \              0x3E000000   
   \   0000011C   0x3C30F27C         DC32 3C30F27CH, 3E800000H, 3C42A455H, 3EC00000H, 3C54562EH, 3F000000H
   \              0x3E800000   
   \              0x3C42A455   
   \              0x3EC00000   
   \              0x3C54562E   
   \              0x3F000000   
   \   00000134   0x3C5B6A1F         DC32 3C5B6A1FH, 3F200000H, 3C5EF417H, 3F400000H, 3C775EF5H, 3F600000H
   \              0x3F200000   
   \              0x3C5EF417   
   \              0x3F400000   
   \              0x3C775EF5   
   \              0x3F600000   
   \   0000014C   0x3C850830         DC32 3C850830H, 3F800000H, 3C89B37CH, 3F900000H, 3C8F0A1AH, 3FA00000H
   \              0x3F800000   
   \              0x3C89B37C   
   \              0x3F900000   
   \              0x3C8F0A1A   
   \              0x3FA00000   
   \   00000164   0x3C9583AE         DC32 3C9583AEH, 3FB00000H, 3C9CB423H, 3FC00000H, 3CA42F64H, 3FD00000H
   \              0x3FB00000   
   \              0x3C9CB423   
   \              0x3FC00000   
   \              0x3CA42F64   
   \              0x3FD00000   
   \   0000017C   0x3CAB895F         DC32 3CAB895FH, 3FE00000H, 3CABDAF2H, 3FF00000H, 3CB3F2B5H, 40000000H
   \              0x3FE00000   
   \              0x3CABDAF2   
   \              0x3FF00000   
   \              0x3CB3F2B5   
   \              0x40000000   
   \   00000194   0x3CB8CFF5         DC32 3CB8CFF5H, 40080000H, 3CBB8F62H, 40100000H, 3CBD0BA5H, 40180000H
   \              0x40080000   
   \              0x3CBB8F62   
   \              0x40100000   
   \              0x3CBD0BA5   
   \              0x40180000   
   \   000001AC   0x3CBDE533         DC32 3CBDE533H, 40200000H, 3CBE8A1DH, 40280000H, 3CBF3DE1H, 40300000H
   \              0x40200000   
   \              0x3CBE8A1D   
   \              0x40280000   
   \              0x3CBF3DE1   
   \              0x40300000   
   \   000001C4   0x3CC02142         DC32 3CC02142H, 40380000H, 3CC13A11H, 40400000H, 3CC27B05H, 40480000H
   \              0x40380000   
   \              0x3CC13A11   
   \              0x40400000   
   \              0x3CC27B05   
   \              0x40480000   
   \   000001DC   0x3CC3CB8A         DC32 3CC3CB8AH, 40500000H, 3CC50F95H, 40580000H, 3CC62F73H, 40600000H
   \              0x40500000   
   \              0x3CC50F95   
   \              0x40580000   
   \              0x3CC62F73   
   \              0x40600000   
   \   000001F4   0x3CC71F9D         DC32 3CC71F9DH, 40680000H, 3CC7E888H, 40700000H, 3CC8AE78H, 40780000H
   \              0x40680000   
   \              0x3CC7E888   
   \              0x40700000   
   \              0x3CC8AE78   
   \              0x40780000   
   \   0000020C   0x3CC9B954         DC32 3CC9B954H, 40800000H, 3CCB7C71H
   \              0x40800000   
   \              0x3CCB7C71   
   \   __absolute float step_inv_pwm_comp
   \                     step_inv_pwm_comp:
   \   00000218   0x41000000         DC32 41000000H
   \   __absolute sint32 sizeof_inv_comp_lut
   \                     sizeof_inv_comp_lut:
   \   0000021C   0x00000041         DC32 65

   \                                 In section .bss, align 1
   \   00000000                      DS8 1
     36          static uint8 Pwm_Sector;                            //!< Pwm sector calculation
                              ^
Warning[Pe550]: variable "Pwm_Sector" was set but never used
     37          //-------------------------------------- PRIVATE (Function Prototypes) ------------------------------------------------
     38          
     39          
     40          //=====================================================================================================================
     41          //-------------------------------------- Public Functions -------------------------------------------------------------
     42          //=====================================================================================================================
     43          
     44          
     45          //---------------------------------------------------------------------------------------------------------------------
     46          /**
     47           *  @brief      Resets all Mcl PWM quantities.
     48           *  @details    This routine resets Mcl PWM quantities, it has to be called at every time the pwm is switched off (motor stop or free down ramp).
     49           *
     50           *
     51           *  @param[in]     
     52           *  @param[out]
     53           *  @return        
     54           */

   \                                 In section .text, align 4, keep-with-next
     55          void MclPwm__ResetState(MCL_PWM_IO_F_TYPE *io, MCLPWM_JOINT_PARAMS_TYPE *params)
     56          {
     57              io->Vs_Alpha_Beta->Alpha = 0;
   \                     MclPwm__ResetState: (+1)
   \   00000000   0x6842             LDR      R2,[R0, #+4]
   \   00000002   0x2300             MOVS     R3,#+0
   \   00000004   0x6053             STR      R3,[R2, #+4]
     58              io->Vs_Alpha_Beta->Beta = 0;
     59          
     60              io->Duty->A = DUTY_INIT;
   \   00000006   0xEEB6 0x0A00      VMOV.F32 S0,#0.5
   \   0000000A   0x6842             LDR      R2,[R0, #+4]
   \   0000000C   0x6093             STR      R3,[R2, #+8]
     61              io->Duty->B = DUTY_INIT;
     62              io->Duty->C = DUTY_INIT;
     63          
     64              Speed_Threshold_High = (params->PwmPrm->Speed_Threshold_InvComp) * (1.0f + SPEED_THRESHOLD) * RPM_TO_RADS;
   \   0000000E   0xED9F 0x....      VLDR.W   S2,??DataTable3  ;; 0x3f866666
   \   00000012   0x6902             LDR      R2,[R0, #+16]
   \   00000014   0xED82 0x0A00      VSTR     S0,[R2, #0]
     65              Speed_Threshold_Low  = (params->PwmPrm->Speed_Threshold_InvComp) * (1.0f - SPEED_THRESHOLD) * RPM_TO_RADS;
   \   00000018   0xEDDF 0x....      VLDR.W   S3,??DataTable3_1  ;; 0x3f733333
   \   0000001C   0x6902             LDR      R2,[R0, #+16]
   \   0000001E   0xED82 0x0A01      VSTR     S0,[R2, #+4]
   \   00000022   0x6900             LDR      R0,[R0, #+16]
   \   00000024   0xED80 0x0A02      VSTR     S0,[R0, #+8]
   \   00000028   0xED9F 0x....      VLDR.W   S0,??DataTable3_2  ;; 0x3dd67750
   \   0000002C   0x6808             LDR      R0,[R1, #+0]
   \   0000002E   0xEDD0 0x0A00      VLDR     S1,[R0, #0]
   \   00000032   0x....             LDR.N    R0,??DataTable3_3
   \   00000034   0xEE60 0x0A81      VMUL.F32 S1,S1,S2
   \   00000038   0xEE60 0x0A80      VMUL.F32 S1,S1,S0
   \   0000003C   0xEDC0 0x0A01      VSTR     S1,[R0, #+4]
   \   00000040   0x6809             LDR      R1,[R1, #+0]
   \   00000042   0xED91 0x1A00      VLDR     S2,[R1, #0]
     66              Speed_Threshold = Speed_Threshold_High;
   \   00000046   0xEDC0 0x0A03      VSTR     S1,[R0, #+12]
   \   0000004A   0xEE21 0x1A21      VMUL.F32 S2,S2,S3
   \   0000004E   0xEE21 0x0A00      VMUL.F32 S0,S2,S0
   \   00000052   0xED80 0x0A02      VSTR     S0,[R0, #+8]
     67          }
   \   00000056   0x4770             BX       LR               ;; return
     68          
     69          
     70          //---------------------------------------------------------------------------------------------------------------------
     71          /**
     72           *  @brief      Motor Control Loop PWM initialization.
     73           *  @details    In this routine are called all initialization functions.
     74           *
     75           *
     76           *  @param[in]     
     77           *  @param[out]     
     78           *  @param[in]      
     79           *  @return
     80           */

   \                                 In section .text, align 4, keep-with-next
     81          void MclPwm__Initialize(MCL_PWM_IO_F_TYPE *io, MCLPWM_JOINT_PARAMS_TYPE* params)
     82          {
     83              Inverter_Compensation_Selector = INVERTER_LOSSES_COMP;
   \                     MclPwm__Initialize: (+1)
   \   00000000   0x....             LDR.N    R2,??DataTable3_3
   \   00000002   0x2300             MOVS     R3,#+0
   \   00000004   0x7013             STRB     R3,[R2, #+0]
     84          
     85              params->PwmModulationPrm.ptr_LUT      = Dutycycle_By_Current_LUT;
     86              params->PwmModulationPrm.sizeof_lut   = &sizeof_inv_comp_lut;
     87              params->PwmModulationPrm.step_inv     = &step_inv_pwm_comp;
     88          
     89              #ifdef PWM_DOUBLE_TABLE_COMPENSATION
     90              params->PwmModulationLossOnStatePrm.ptr_LUT      = Dutycycle_By_Current_On_State_LUT;
     91              params->PwmModulationLossOnStatePrm.sizeof_lut   = &sizeof_inv_on_state_comp_lut;
     92              params->PwmModulationLossOnStatePrm.step_inv     = &step_inv_pwm_on_state_comp;
     93              #endif
     94          
     95              // reset MCL quantities
     96              MclPwm__ResetState(io,params);
   \   00000006   0xF04F 0x0C00      MOV      R12,#+0
   \   0000000A   0xF102 0x0310      ADD      R3,R2,#+16
   \   0000000E   0x604B             STR      R3,[R1, #+4]
   \   00000010   0xEEB6 0x0A00      VMOV.F32 S0,#0.5
   \   00000014   0xF502 0x7307      ADD      R3,R2,#+540
   \   00000018   0x60CB             STR      R3,[R1, #+12]
   \   0000001A   0xED9F 0x....      VLDR.W   S2,??DataTable3  ;; 0x3f866666
   \   0000001E   0xF502 0x7306      ADD      R3,R2,#+536
   \   00000022   0x608B             STR      R3,[R1, #+8]
   \   00000024   0xEDDF 0x....      VLDR.W   S3,??DataTable3_1  ;; 0x3f733333
   \   00000028   0x6843             LDR      R3,[R0, #+4]
   \   0000002A   0xF8C3 0xC004      STR      R12,[R3, #+4]
   \   0000002E   0x6843             LDR      R3,[R0, #+4]
   \   00000030   0xF8C3 0xC008      STR      R12,[R3, #+8]
   \   00000034   0x6903             LDR      R3,[R0, #+16]
   \   00000036   0xED83 0x0A00      VSTR     S0,[R3, #0]
   \   0000003A   0x6903             LDR      R3,[R0, #+16]
   \   0000003C   0xED83 0x0A01      VSTR     S0,[R3, #+4]
   \   00000040   0x6900             LDR      R0,[R0, #+16]
   \   00000042   0xED80 0x0A02      VSTR     S0,[R0, #+8]
   \   00000046   0xED9F 0x....      VLDR.W   S0,??DataTable3_2  ;; 0x3dd67750
   \   0000004A   0x6808             LDR      R0,[R1, #+0]
   \   0000004C   0xEDD0 0x0A00      VLDR     S1,[R0, #0]
   \   00000050   0xEE60 0x0A81      VMUL.F32 S1,S1,S2
   \   00000054   0xEE60 0x0A80      VMUL.F32 S1,S1,S0
   \   00000058   0xEDC2 0x0A01      VSTR     S1,[R2, #+4]
   \   0000005C   0x6808             LDR      R0,[R1, #+0]
   \   0000005E   0xED90 0x1A00      VLDR     S2,[R0, #0]
   \   00000062   0xEDC2 0x0A03      VSTR     S1,[R2, #+12]
   \   00000066   0xEE21 0x1A21      VMUL.F32 S2,S2,S3
   \   0000006A   0xEE21 0x0A00      VMUL.F32 S0,S2,S0
   \   0000006E   0xED82 0x0A02      VSTR     S0,[R2, #+8]
     97          }
   \   00000072   0x4770             BX       LR               ;; return
     98          
     99          
    100          //---------------------------------------------------------------------------------------------------------------------
    101          /**
    102           *  @brief     Mcl Pwm Running Hanlder
    103           *  @details   Pwm:          DC voltage ripple compensation
    104           *                           PWM Duties generation
    105           *                           Deadtime compensation
    106           *  @param[in]     
    107           *  @param[out]     
    108           *  @param[in]      
    109           *  @return        
    110           */

   \                                 In section .text, align 2, keep-with-next
    111          void MclPwm__RunningHandler(MCL_PWM_IO_F_TYPE *io, MCLPWM_JOINT_PARAMS_TYPE *params)
    112          {
   \                     MclPwm__RunningHandler: (+1)
   \   00000000   0xB530             PUSH     {R4,R5,LR}
   \   00000002   0x4604             MOV      R4,R0
   \   00000004   0xB081             SUB      SP,SP,#+4
    113          	// space vector modulation (including ripple compensation)
    114          	Pwm_Sector = PwmModulation__SpaceVectorModulationF(*(io->Vdc), io->Vs_Alpha_Beta, io->Duty_bc, FALSE);
   \   00000006   0x6823             LDR      R3,[R4, #+0]
   \   00000008   0x6860             LDR      R0,[R4, #+4]
   \   0000000A   0xED93 0x0A00      VLDR     S0,[R3, #0]
   \   0000000E   0x460D             MOV      R5,R1
   \   00000010   0x68E1             LDR      R1,[R4, #+12]
   \   00000012   0x2200             MOVS     R2,#+0
   \   00000014   0x.... 0x....      BL       PwmModulation__SpaceVectorModulationF
    115          
    116          	// This step is required since the voltage reconstruction uses the duties before compensation
    117          	io->Duty->A = io->Duty_bc->A;
   \   00000018   0x68E1             LDR      R1,[R4, #+12]
   \   0000001A   0x6920             LDR      R0,[R4, #+16]
   \   0000001C   0x6809             LDR      R1,[R1, #+0]
    118          	io->Duty->B = io->Duty_bc->B;
    119          	io->Duty->C = io->Duty_bc->C;
    120          
    121             #ifndef COMPILE_4_SIMULINK
    122              #if (OBS__INVERTER_DISTORSION_COMPENSATION == DISABLED)
    123          	// inverter compensation strategy --> feedforward approach
    124          	if(Inverter_Compensation_Selector == INVERTER_LOSSES_COMP)
   \   0000001E   0x....             LDR.N    R2,??DataTable3_3
   \   00000020   0x6001             STR      R1,[R0, #+0]
   \   00000022   0x68E1             LDR      R1,[R4, #+12]
   \   00000024   0x6920             LDR      R0,[R4, #+16]
   \   00000026   0x6849             LDR      R1,[R1, #+4]
   \   00000028   0x6041             STR      R1,[R0, #+4]
   \   0000002A   0x68E1             LDR      R1,[R4, #+12]
   \   0000002C   0x6920             LDR      R0,[R4, #+16]
   \   0000002E   0x6889             LDR      R1,[R1, #+8]
   \   00000030   0x6081             STR      R1,[R0, #+8]
   \   00000032   0x68A0             LDR      R0,[R4, #+8]
   \   00000034   0x6921             LDR      R1,[R4, #+16]
   \   00000036   0x7812             LDRB     R2,[R2, #+0]
   \   00000038   0xB92A             CBNZ.N   R2,??MclPwm__RunningHandler_0
    125          	{
    126          		PwmModulation__InverterLossCompF(io->Is_ABC, io->Duty, &params->PwmModulationPrm);
   \   0000003A   0x1D2A             ADDS     R2,R5,#+4
   \   0000003C   0xB001             ADD      SP,SP,#+4
   \   0000003E   0xE8BD 0x4030      POP      {R4,R5,LR}
   \   00000042   0x.... 0x....      B.W      PwmModulation__InverterLossCompF
    127          
    128                  #ifdef PWM_DOUBLE_TABLE_COMPENSATION
    129          		    PwmModulation__InverterLossOnStateCompF(io->Is_ABC, io->Duty, &params->PwmModulationLossOnStatePrm, *(io->Vdc));
    130                  #endif
    131          	}
    132          	else
    133          	{
    134          		PwmModulation__DeadtimeCompensationGradientF(io->Is_ABC, io->Duty);
   \                     ??MclPwm__RunningHandler_0: (+1)
   \   00000046   0xB001             ADD      SP,SP,#+4
   \   00000048   0xE8BD 0x4030      POP      {R4,R5,LR}
   \   0000004C   0x.... 0x....      B.W      PwmModulation__DeadtimeCompensationGradientF
    135          	}
    136              #endif
    137             #endif
    138          }
    139          
    140          
    141          //---------------------------------------------------------------------------------------------------------------------
    142          /**
    143           *  @brief      Handle MclPwm events of 25ms.
    144           *
    145           *  @param      none
    146           *  @return     none
    147           */

   \                                 In section .text, align 2, keep-with-next
    148          void MclPwm__25msHandler(MCL_PWM_IO_F_TYPE *io)
    149          {
    150              float32 temp_abs_speed;
    151          
    152              temp_abs_speed = *(io->Ctrl_Specific->Speed_Rotor_Observed_Mech_Abs);
   \                     MclPwm__25msHandler: (+1)
   \   00000000   0x6940             LDR      R0,[R0, #+20]
   \   00000002   0x6900             LDR      R0,[R0, #+16]
   \   00000004   0xED90 0x0A00      VLDR     S0,[R0, #0]
    153          
    154              if(temp_abs_speed >= Speed_Threshold)
   \   00000008   0x....             LDR.N    R0,??DataTable3_3
   \   0000000A   0xEDD0 0x0A03      VLDR     S1,[R0, #+12]
   \   0000000E   0xEEB4 0x0A60      VCMP.F32 S0,S1
   \   00000012   0xEEF1 0xFA10      FMSTAT   
   \   00000016   0xDB03             BLT.N    ??MclPwm__25msHandler_0
    155              {
    156                  Speed_Threshold = Speed_Threshold_Low;
   \   00000018   0x6881             LDR      R1,[R0, #+8]
   \   0000001A   0x60C1             STR      R1,[R0, #+12]
    157          
    158                  Inverter_Compensation_Selector = DEADTIME_COMP;
   \   0000001C   0x2101             MOVS     R1,#+1
   \   0000001E   0x7001             STRB     R1,[R0, #+0]
    159              }
    160              if(temp_abs_speed <= Speed_Threshold)
   \                     ??MclPwm__25msHandler_0: (+1)
   \   00000020   0xEDD0 0x0A03      VLDR     S1,[R0, #+12]
   \   00000024   0xEEF4 0x0A40      VCMP.F32 S1,S0
   \   00000028   0xEEF1 0xFA10      FMSTAT   
   \   0000002C   0xDB03             BLT.N    ??MclPwm__25msHandler_1
    161              {
    162                  Speed_Threshold = Speed_Threshold_High;
   \   0000002E   0x6841             LDR      R1,[R0, #+4]
   \   00000030   0x60C1             STR      R1,[R0, #+12]
    163          
    164                  Inverter_Compensation_Selector = INVERTER_LOSSES_COMP;
   \   00000032   0x2100             MOVS     R1,#+0
   \   00000034   0x7001             STRB     R1,[R0, #+0]
    165              }
    166          }
   \                     ??MclPwm__25msHandler_1: (+1)
   \   00000036   0x4770             BX       LR               ;; return

   \                                 In section .text, align 4, keep-with-next
   \                     ??DataTable3:
   \   00000000   0x3F866666         DC32     0x3f866666

   \                                 In section .text, align 4, keep-with-next
   \                     ??DataTable3_1:
   \   00000000   0x3F733333         DC32     0x3f733333

   \                                 In section .text, align 4, keep-with-next
   \                     ??DataTable3_2:
   \   00000000   0x3DD67750         DC32     0x3dd67750

   \                                 In section .text, align 4, keep-with-next
   \                     ??DataTable3_3:
   \   00000000   0x........         DC32     Inverter_Compensation_Selector

   Maximum stack usage in bytes:

   .cstack Function
   ------- --------
       0   MclPwm__25msHandler
       0   MclPwm__Initialize
       0   MclPwm__ResetState
      16   MclPwm__RunningHandler
         0   -> PwmModulation__DeadtimeCompensationGradientF
         0   -> PwmModulation__InverterLossCompF
        16   -> PwmModulation__SpaceVectorModulationF


   Section sizes:

   Bytes  Function/Label
   -----  --------------
       4  ??DataTable3
       4  ??DataTable3_1
       4  ??DataTable3_2
       4  ??DataTable3_3
     544  Inverter_Compensation_Selector
          Speed_Threshold_High
          Speed_Threshold_Low
          Speed_Threshold
          Dutycycle_By_Current_LUT
          step_inv_pwm_comp
          sizeof_inv_comp_lut
      56  MclPwm__25msHandler
     116  MclPwm__Initialize
      88  MclPwm__ResetState
      80  MclPwm__RunningHandler
       1  Pwm_Sector

 
   1 byte  in section .bss
 544 bytes in section .data
 356 bytes in section .text
 
 356 bytes of CODE memory
 545 bytes of DATA memory

Errors: none
Warnings: 1
