###############################################################################
#
# IAR ANSI C/C++ Compiler V7.20.5.7591/W32 for ARM        06/Aug/2024  13:42:22
# Copyright 1999-2014 IAR Systems AB.
#
#    Cpu mode     =  thumb
#    Endian       =  little
#    Source file  =  
#        C:\Data\Python\Self_Commissioning_Bpm\source\XCategory\Hbl\Mci\Mcl\MacroBlocks\MclSpeedCtrl.c
#    Command line =  
#        -I./ -I../cx/ -I../cx/inc/ -ICategory/ -ICategory/Application/
#        -ICategory/Application/ThermalModel/
#        -ICategory/Application/ThermalModel/ThermalModelCore_DD/
#        -ICategory/Application/ThermalModel/ThermalModelCore_sBPM/
#        -ICategory/Common/ -ICategory/Common/BoardDebugging/
#        -ICategory/Common/MasterCommander/
#        -ICategory/Common/MasterCommander/Source/
#        -ICategory/Common/MasterCommander/Source/HAL/
#        -ICategory/Common/SelfCommissioning/ -ICategory/Hbl/
#        -IProjectSpecific/ -IProjectSpecific/Application/
#        -IProjectSpecific/Application/API007App/
#        -IProjectSpecific/Application/ModeManagement/
#        -IProjectSpecific/Application/MotorSelector/
#        -IProjectSpecific/Application/ProductInfo/
#        -IProjectSpecific/Application/SRMcuSpeedMonitor/
#        -IProjectSpecific/Application/ThermalModel/
#        -IProjectSpecific/CommonCore/ -IProjectSpecific/Driver/
#        -IProjectSpecific/MasterCommander/ -IProjectSpecific/Mci/
#        -IProjectSpecific/Mci/Mcl/ -IProjectSpecific/Mci/Mcl/old_xls/
#        -IXCategory/ -IXCategory/Application/
#        -IXCategory/Application/MciParametersLoader/
#        -IXCategory/Application/Mode/ -IXCategory/Application/Reveal_APIs/
#        -IXCategory/Application/Reveal_APIs/API003Disc/
#        -IXCategory/Application/Reveal_APIs/API004Debug/
#        -IXCategory/Application/Reveal_APIs/API005LowLevel/
#        -IXCategory/Application/Reveal_APIs/API007Data/
#        -IXCategory/Application/Reveal_APIs/API009System/
#        -IXCategory/Application/Reveal_APIs/API010PollVar/
#        -IXCategory/Application/Reveal_APIs/API011AppCtr/
#        -IXCategory/Application/Reveal_APIs/API013RemoteFunction/
#        -IXCategory/Application/Reveal_APIs/API018Diagnostic/
#        -IXCategory/Application/Reveal_APIs/API019ProductInfo/
#        -IXCategory/Application/Reveal_APIs/API220MotorControl/
#        -IXCategory/Application/Reveal_APIs/API220MotorControl/API/
#        -IXCategory/Application/Reveal_APIs/API221MotionCtrl/
#        -IXCategory/Application/Reveal_APIs/SRAPI020Safety/
#        -IXCategory/Application/SFUpdater/ -IXCategory/Common/
#        -IXCategory/Common/Crc16/ -IXCategory/Common/Crc8/
#        -IXCategory/Common/Log/ -IXCategory/Common/Millis/
#        -IXCategory/Common/SettingFile/ -IXCategory/Common/SRClockMonitor/
#        -IXCategory/Common/SRData/ -IXCategory/Common/SRException/
#        -IXCategory/Common/SRFlow/ -IXCategory/Common/SRIsrMonitor/
#        -IXCategory/Common/SRMain/ -IXCategory/Common/SRMcuSpeedMonitor/
#        -IXCategory/Common/SRPowerMgr/ -IXCategory/Common/SRSignature/
#        -IXCategory/Common/SRSystemConfig/
#        -IXCategory/Common/SRTimerReference/ -IXCategory/Common/SystemConfig/
#        -IXCategory/Common/SystemTimers/ -IXCategory/Common/Utilities/
#        -IXCategory/Driver/ -IXCategory/Driver/API/
#        -IXCategory/Driver/API/Comparator/ -IXCategory/Driver/API/DataFlash/
#        -IXCategory/Driver/API/Dma/ -IXCategory/Driver/API/Flash/
#        -IXCategory/Driver/API/Gpio/ -IXCategory/Driver/API/Micro/
#        -IXCategory/Driver/API/Spi/ -IXCategory/Driver/API/SRMCAtod/
#        -IXCategory/Driver/API/SRMCInputCapture/
#        -IXCategory/Driver/API/SRMCPwm/ -IXCategory/Driver/API/TimerInterrupt/
#        -IXCategory/Driver/API/Uart/ -IXCategory/Driver/Comparator/
#        -IXCategory/Driver/DataFlash/ -IXCategory/Driver/Dma/
#        -IXCategory/Driver/Flash/ -IXCategory/Driver/Gpio/
#        -IXCategory/Driver/Micro/ -IXCategory/Driver/Spi/
#        -IXCategory/Driver/SRMCAtod/ -IXCategory/Driver/SRMCInputCapture/
#        -IXCategory/Driver/SRMCPwm/ -IXCategory/Driver/TimerInterrupt/
#        -IXCategory/Driver/Uart/ -IXCategory/Hbl/ -IXCategory/Hbl/Mci/
#        -IXCategory/Hbl/Mci/InverterTemp/ -IXCategory/Hbl/Mci/Mcl/
#        -IXCategory/Hbl/Mci/Mcl/Braking/ -IXCategory/Hbl/Mci/Mcl/MacroBlocks/
#        -IXCategory/Hbl/Mci/Mcl/MclFvt/ -IXCategory/Hbl/Mci/Mcl/MicroBlocks/
#        -IXCategory/Hbl/Mci/Mcl/MicroBlocks/ClrkPark/
#        -IXCategory/Hbl/Mci/Mcl/MicroBlocks/Filters/
#        -IXCategory/Hbl/Mci/Mcl/MicroBlocks/Math/
#        -IXCategory/Hbl/Mci/Mcl/MicroBlocks/ObserverPmsm/
#        -IXCategory/Hbl/Mci/Mcl/MicroBlocks/Pi/
#        -IXCategory/Hbl/Mci/Mcl/MicroBlocks/PwmModulation/
#        -IXCategory/Hbl/Mci/Mcl/ResistanceEstimation/
#        -IXCategory/Hbl/Mci/PowerModuleManager/
#        -IXCategory/Hbl/Mci/SpeedRefGen/ -IXCategory/Hbl/Mci/SurgeRelay/
#        -IXCategory/Hbl/SRMotorSafetyMgr/
#        -IXCategory/Hbl/SRMotorSafetyMgr/API/ -IXCategory/Service/
#        -IXCategory/Service/Reveal/ -IXCategory/Service/Win/ --remarks
#        --no_tbaa --debug --use_c++_inline --only_stdout --dlib_config
#        ..\cx\inc\DLib_Config_Normal.h -r -D
#        ENABLE_JUMP_TO_APPLICATION_WITHOUT_IAP_FIRMWARE -D
#        SET_FLASH_OPTION_CONFIGURATION -D ARM_MATH_CM4 -e --silent
#        --endian=little --cpu Cortex-M4 --fpu=VFPv4_sp -Ohs -o
#        MclSpeedCtrl.obj -l ..\listings\MclSpeedCtrl.lst
#        C:\Data\Python\Self_Commissioning_Bpm\source\XCategory\Hbl\Mci\Mcl\MacroBlocks\MclSpeedCtrl.c
#    List file    =  ..\listings\MclSpeedCtrl.lst
#    Object file  =  MclSpeedCtrl.obj
#
###############################################################################

C:\Data\Python\Self_Commissioning_Bpm\source\XCategory\Hbl\Mci\Mcl\MacroBlocks\MclSpeedCtrl.c
      1          /**
      2           *  @file       MclSpeedCntrl.c
      3           *  @brief      Motor Control Loop 3-phase motors: Speed Controller Macro Block.
      4           *  @details    This module implements the Speed Controller module.
      5           *  @author     alessio.beato/luigi.fagnano
      6           *  $Header:
      7           *  @copyright  Copyright 2020-$Date$. Whirlpool Corporation. All rights reserved - CONFIDENTIAL
      8          */
      9          //---------------------------------------------------------------------------------------------------------------------
     10          //---------------------------------------------------------------------------------------------------------------------
     11          
     12          
     13          //-------------------------------------- Include Files ----------------------------------------------------------------
     14          #include "MclSpeedCtrl.h"
     15          #include "McMathCalc_macros.h"
     16          #include "Pi.h"
     17          #include "Filters.h"
     18          #include "Braking.h"
     19          #include "Mci.h"
     20          //-------------------------------------- PUBLIC (Variables) -----------------------------------------------------------
     21          
     22          //-------------------------------------- PRIVATE (Variables, Constants & Defines) -------------------------------------
     23          #ifndef RPM_TO_RADS
     24              #define RPM_TO_RADS     0.10471975511965977461542144610932f
     25          #endif
     26          
     27          static PI_CONTROLLER_F_TYPE Speed_Controller;
     28          static PI_CONTROLLER_F_TYPE Load_Angle_Limiter;
     29          
     30          #if SPEEDCTRL__TORQUE_LIM_OUTPUT_FILTER == ENABLED
     31          static float32 Max_Torque_Lim_Out_Sum;
     32          #endif
     33          #if (SPEEDCTRL__CURR_LIM_IDS_FILTER==ENABLED)
     34          static float32 Id_Stator_Current_Sum;
     35          #endif
     36          
     37          static uint8 Forced_Gain_Selector;
     38          static uint16 Forced_Gain_Timer;
     39          
     40          static float32 My_Max_Torque;
                                ^
Warning[Pe550]: variable "My_Max_Torque" was set but never used
     41          
     42          static float32 Torque_Max_Braking;
     43          
     44          static uint16 Delta_Speed_Timer;                           //!< [x25 ms] timer to reset the delta speed when application does not use this feature
     45          
     46          static volatile float32 Max_Squared_Inv_Current_Appl;
     47          static volatile float32 Max_Design_Motor_Torque;
     48          static volatile float32 Max_Design_Motor_Torque_Appl;
     49          
     50          //-------------------------------------- PRIVATE (Function Prototypes) ------------------------------------------------
     51          static float32 CurrentLimitation(MCL_SPEED_CTRL_IO_F_TYPE *io, MCL_SPEED_CTRL_PARAMS_TYPE *params);
     52          static float32 Calculate_MTPV(MCL_SPEED_CTRL_IO_F_TYPE *io, MCLSPEEDCTRL_JOINT_PARAMS_TYPE *params);
     53          static void Speed_Gain_Scheduler(MCL_SPEED_CTRL_IO_F_TYPE *io, MCL_SPEED_CTRL_PARAMS_TYPE *params);
     54          static void Delta_Speed_Handler(MCL_SPEED_CTRL_IO_F_TYPE *io);
     55          
     56          //=====================================================================================================================
     57          //-------------------------------------- Public Functions -------------------------------------------------------------
     58          //=====================================================================================================================
     59          
     60          //---------------------------------------------------------------------------------------------------------------------
     61          /**
     62           *  @brief      Reset all Mcl Speed Controller quantities.
     63           *  @details    This routine reset all Speed Controller quantities, it has to be called at every time the pwm is switched off (motor stop or free down ramp).
     64           *
     65           *
     66           *  @param[in]     
     67           *  @param[Out]
     68           *  @return        
     69           */

   \                                 In section .text, align 2, keep-with-next
     70          void MclSpeedCtrl__ResetState(MCL_SPEED_CTRL_IO_F_TYPE *io, MCLSPEEDCTRL_JOINT_PARAMS_TYPE *params)
     71          {
     72              Speed_Controller.Kp = params->SpeedCtrlPrm->speed_gains_table[0].kp;
   \                     MclSpeedCtrl__ResetState: (+1)
   \   00000000   0x680B             LDR      R3,[R1, #+0]
   \   00000002   0x.... 0x....      LDR.W    R2,??DataTable8_3
   \   00000006   0x69DB             LDR      R3,[R3, #+28]
   \   00000008   0x60D3             STR      R3,[R2, #+12]
     73              Speed_Controller.Ki = params->SpeedCtrlPrm->speed_gains_table[0].ki;
   \   0000000A   0x680B             LDR      R3,[R1, #+0]
   \   0000000C   0x6A1B             LDR      R3,[R3, #+32]
   \   0000000E   0x6113             STR      R3,[R2, #+16]
     74          
     75              Speed_Controller.Out        = 0.0f;
   \   00000010   0x2300             MOVS     R3,#+0
   \   00000012   0x6093             STR      R3,[R2, #+8]
     76              Speed_Controller.Integ_K_1  = 0.0f;
   \   00000014   0x6053             STR      R3,[R2, #+4]
     77          
     78              Load_Angle_Limiter.Upper_Limit = params->SpeedCtrlPrm->Max_Design_Motor_Torque;
   \   00000016   0x680B             LDR      R3,[R1, #+0]
   \   00000018   0x685B             LDR      R3,[R3, #+4]
   \   0000001A   0x6313             STR      R3,[R2, #+48]
     79          
     80              Load_Angle_Limiter.Out = 0.0f;
   \   0000001C   0x2300             MOVS     R3,#+0
   \   0000001E   0x6253             STR      R3,[R2, #+36]
     81              // init integral term to saturation
     82              Load_Angle_Limiter.Integ_K_1 = Load_Angle_Limiter.Upper_Limit;
   \   00000020   0x6B13             LDR      R3,[R2, #+48]
   \   00000022   0x6213             STR      R3,[R2, #+32]
     83              
     84          
     85              //initialize the torque limitation filter
     86          
     87          #if SPEEDCTRL__TORQUE_LIM_OUTPUT_FILTER == ENABLED
     88              Max_Torque_Lim_Out_Sum = params->SpeedCtrlPrm->Max_Design_Motor_Torque;
     89          #endif
     90          
     91          #if (SPEEDCTRL__CURR_LIM_IDS_FILTER==ENABLED)
     92              Id_Stator_Current_Sum = 0.0f;
     93          #endif
     94          
     95          
     96              *(io->Ctrl_Specific->Delta_Speed_Rot_Ref) = 0.0f;
   \   00000024   0x2300             MOVS     R3,#+0
   \   00000026   0x68C0             LDR      R0,[R0, #+12]
   \   00000028   0x6D80             LDR      R0,[R0, #+88]
   \   0000002A   0x6003             STR      R3,[R0, #+0]
     97          
     98              Max_Design_Motor_Torque		    = params->SpeedCtrlPrm->Max_Design_Motor_Torque;
   \   0000002C   0x6808             LDR      R0,[R1, #+0]
   \   0000002E   0x6840             LDR      R0,[R0, #+4]
   \   00000030   0x6490             STR      R0,[R2, #+72]
     99              Max_Design_Motor_Torque_Appl    = params->SpeedCtrlPrm->Max_Design_Motor_Torque;
   \   00000032   0x6808             LDR      R0,[R1, #+0]
   \   00000034   0x6840             LDR      R0,[R0, #+4]
   \   00000036   0x64D0             STR      R0,[R2, #+76]
    100              Max_Squared_Inv_Current_Appl 	= params->SpeedCtrlPrm->Max_Squared_Inv_Current;
   \   00000038   0x6808             LDR      R0,[R1, #+0]
   \   0000003A   0x6800             LDR      R0,[R0, #+0]
   \   0000003C   0x6450             STR      R0,[R2, #+68]
    101          
    102              Forced_Gain_Selector = 0;
   \   0000003E   0xF882 0x3038      STRB     R3,[R2, #+56]
    103              Forced_Gain_Timer = 0;
   \   00000042   0x8753             STRH     R3,[R2, #+58]
    104          
    105              Braking__ResetState(params);
   \   00000044   0x4608             MOV      R0,R1
   \   00000046   0x.... 0x....      B.W      Braking__ResetState
    106          }
    107          
    108          
    109          //---------------------------------------------------------------------------------------------------------------------
    110          /**
    111           *  @brief      Motor Control Loop Speed Controller initialization.
    112           *  @details    In this routine are called all initialization functions.
    113           *
    114           *
    115           *  @param[in]     
    116           *  @param[Out]
    117           *  @param[in]      
    118           *  @return        
    119           */

   \                                 In section .text, align 2, keep-with-next
    120          void MclSpeedCtrl__Initialize(MCL_SPEED_CTRL_IO_F_TYPE *io,MCLSPEEDCTRL_JOINT_PARAMS_TYPE* params)
    121          {
    122          
    123              Load_Angle_Limiter.Kp = params->SpeedCtrlPrm->load_angle.Kp;
   \                     MclSpeedCtrl__Initialize: (+1)
   \   00000000   0x680B             LDR      R3,[R1, #+0]
   \   00000002   0x....             LDR.N    R2,??DataTable8_3
   \   00000004   0x695B             LDR      R3,[R3, #+20]
   \   00000006   0x6293             STR      R3,[R2, #+40]
    124              Load_Angle_Limiter.Ki = params->SpeedCtrlPrm->load_angle.Ki;
   \   00000008   0x680B             LDR      R3,[R1, #+0]
   \   0000000A   0x699B             LDR      R3,[R3, #+24]
   \   0000000C   0x62D3             STR      R3,[R2, #+44]
    125              Load_Angle_Limiter.Lower_Limit = 0.0f;
   \   0000000E   0x2300             MOVS     R3,#+0
   \   00000010   0x6353             STR      R3,[R2, #+52]
    126          
    127              // reset MCL quantities
    128              MclSpeedCtrl__ResetState(io,params);
   \   00000012   0x680B             LDR      R3,[R1, #+0]
   \   00000014   0x69DB             LDR      R3,[R3, #+28]
   \   00000016   0x60D3             STR      R3,[R2, #+12]
   \   00000018   0x680B             LDR      R3,[R1, #+0]
   \   0000001A   0x6A1B             LDR      R3,[R3, #+32]
   \   0000001C   0x6113             STR      R3,[R2, #+16]
   \   0000001E   0x2300             MOVS     R3,#+0
   \   00000020   0x6093             STR      R3,[R2, #+8]
   \   00000022   0x6053             STR      R3,[R2, #+4]
   \   00000024   0x680B             LDR      R3,[R1, #+0]
   \   00000026   0x685B             LDR      R3,[R3, #+4]
   \   00000028   0x6313             STR      R3,[R2, #+48]
   \   0000002A   0x2300             MOVS     R3,#+0
   \   0000002C   0x6253             STR      R3,[R2, #+36]
   \   0000002E   0x6B13             LDR      R3,[R2, #+48]
   \   00000030   0x6213             STR      R3,[R2, #+32]
   \   00000032   0x2300             MOVS     R3,#+0
   \   00000034   0x68C0             LDR      R0,[R0, #+12]
   \   00000036   0x6D80             LDR      R0,[R0, #+88]
   \   00000038   0x6003             STR      R3,[R0, #+0]
   \   0000003A   0x6808             LDR      R0,[R1, #+0]
   \   0000003C   0x6840             LDR      R0,[R0, #+4]
   \   0000003E   0x6490             STR      R0,[R2, #+72]
   \   00000040   0x6808             LDR      R0,[R1, #+0]
   \   00000042   0x6840             LDR      R0,[R0, #+4]
   \   00000044   0x64D0             STR      R0,[R2, #+76]
   \   00000046   0x6808             LDR      R0,[R1, #+0]
   \   00000048   0x6800             LDR      R0,[R0, #+0]
   \   0000004A   0x6450             STR      R0,[R2, #+68]
   \   0000004C   0xF882 0x3038      STRB     R3,[R2, #+56]
   \   00000050   0x8753             STRH     R3,[R2, #+58]
   \   00000052   0x4608             MOV      R0,R1
   \   00000054   0x.... 0x....      B.W      Braking__ResetState
    129          }
    130          
    131          
    132          //---------------------------------------------------------------------------------------------------------------------
    133          /**
    134           *  @brief     Speed Controller
    135           *  @details   Speed Controller: speed PI execution
    136           *                               torque reference generation
    137           *  @param[in]     
    138           *  @param[Out]
    139           *  @param[in]      
    140           *  @return        
    141           */

   \                                 In section .text, align 4, keep-with-next
    142          void MclSpeedCtrl__RunningHandler(MCL_SPEED_CTRL_IO_F_TYPE *io, MCLSPEEDCTRL_JOINT_PARAMS_TYPE *params)
    143          {
   \                     MclSpeedCtrl__RunningHandler: (+1)
   \   00000000   0xB570             PUSH     {R4-R6,LR}
   \   00000002   0x4604             MOV      R4,R0
   \   00000004   0xED2D 0x8B02      VPUSH    {D8}
    144              float32 max_torque_voltage;
    145              float32 max_torque;
    146              float32 max_torque_curr_limit;
    147          
    148          
    149          #if (SPEEDCTRL__START_TORQUE_LIM  == ENABLED)
    150              if( (*io->Ctrl_Specific->Elapsed_Time_After_Starting) <= (params->SpeedCtrlPrm->Max_Starting_Torque_Time) )
    151              {
    152                  max_torque = params->SpeedCtrlPrm->Max_Starting_Torque;
    153          
    154              }
    155              else
    156          #else
    157              {
    158          
    159                  // Current limitation - max inverter current
    160                  max_torque_curr_limit = CurrentLimitation(io, params->SpeedCtrlPrm);
   \   00000008   0x68E0             LDR      R0,[R4, #+12]
   \   0000000A   0x69C0             LDR      R0,[R0, #+28]
   \   0000000C   0xEDD0 0x0A00      VLDR     S1,[R0, #0]
   \   00000010   0x460D             MOV      R5,R1
   \   00000012   0x682E             LDR      R6,[R5, #+0]
   \   00000014   0xED96 0x0A00      VLDR     S0,[R6, #0]
   \   00000018   0xEE00 0x0AE0      VMLS.F32 S0,S1,S1
   \   0000001C   0xEEB5 0x0A40      VCMP.F32 S0,#0.0
   \   00000020   0xEEF1 0xFA10      FMSTAT   
   \   00000024   0xDD0C             BLE.N    ??MclSpeedCtrl__RunningHandler_0
   \   00000026   0x.... 0x....      BL       MathCalc__SqrtF
   \   0000002A   0x68E0             LDR      R0,[R4, #+12]
   \   0000002C   0x6B80             LDR      R0,[R0, #+56]
   \   0000002E   0xEDD0 0x0A00      VLDR     S1,[R0, #0]
   \   00000032   0xEE20 0x0A20      VMUL.F32 S0,S0,S1
   \   00000036   0xEDD6 0x0A19      VLDR     S1,[R6, #+100]
   \   0000003A   0xEE20 0x8A20      VMUL.F32 S16,S0,S1
   \   0000003E   0xE001             B.N      ??MclSpeedCtrl__RunningHandler_1
   \                     ??MclSpeedCtrl__RunningHandler_0: (+1)
   \   00000040   0xED9F 0x....      VLDR.W   S16,??DataTable8  ;; 0x0
    161          
    162                  max_torque_voltage = Calculate_MTPV(io, params);
   \                     ??MclSpeedCtrl__RunningHandler_1: (+1)
   \   00000044   0x68E1             LDR      R1,[R4, #+12]
   \   00000046   0x6B49             LDR      R1,[R1, #+52]
   \   00000048   0xED91 0x0A00      VLDR     S0,[R1, #0]
   \   0000004C   0xF105 0x0008      ADD      R0,R5,#+8
   \   00000050   0x.... 0x....      BL       MathCalc__GetInterpolationFastF
    163          
    164                  max_torque = MATHCALC__SATURATE_DIRECT(0, max_torque_curr_limit, Max_Design_Motor_Torque_Appl);  // Interfacing with Application Layer
   \   00000054   0x....             LDR.N    R6,??DataTable8_3
   \   00000056   0xEDD6 0x0A13      VLDR     S1,[R6, #+76]
   \   0000005A   0xEEB4 0x8A60      VCMP.F32 S16,S1
   \   0000005E   0xEEF1 0xFA10      FMSTAT   
   \   00000062   0xBFA8             IT       GE 
   \   00000064   0xED96 0x8A13      VLDRGE   S16,[R6, #+76]
   \   00000068   0xDA06             BGE.N    ??MclSpeedCtrl__RunningHandler_2
   \   0000006A   0xEEB5 0x8A40      VCMP.F32 S16,#0.0
   \   0000006E   0xEEF1 0xFA10      FMSTAT   
   \   00000072   0xBF98             IT       LS 
   \   00000074   0xED9F 0x....      VLDRLS.W S16,??DataTable8  ;; 0x0
    165          
    166                  // saturate
    167                  max_torque = MATHCALC__SATURATE_DIRECT(0, max_torque, max_torque_voltage);
   \                     ??MclSpeedCtrl__RunningHandler_2: (+1)
   \   00000078   0xEEB4 0x8A40      VCMP.F32 S16,S0
   \   0000007C   0xEEF1 0xFA10      FMSTAT   
   \   00000080   0xBFA8             IT       GE 
   \   00000082   0xEEB0 0x8A40      VMOVGE.F32 S16,S0
   \   00000086   0xDA06             BGE.N    ??MclSpeedCtrl__RunningHandler_3
   \   00000088   0xEEB5 0x8A40      VCMP.F32 S16,#0.0
   \   0000008C   0xEEF1 0xFA10      FMSTAT   
   \   00000090   0xBF98             IT       LS 
   \   00000092   0xED9F 0x....      VLDRLS.W S16,??DataTable8  ;; 0x0
    168          
    169                  //==========================================================================//
    170                  //                                  Load Angle Limiter                      //
    171                  //==========================================================================//
    172                   Load_Angle_Limiter.Upper_Limit = max_torque;
   \                     ??MclSpeedCtrl__RunningHandler_3: (+1)
   \   00000096   0xED86 0x8A0C      VSTR     S16,[R6, #+48]
    173                   Load_Angle_Limiter.Err  = io->Ctrl_Specific->Load_Angle_Sin_Cos->Cos - params->SpeedCtrlPrm->load_angle.Max_Cos;
   \   0000009A   0x68E0             LDR      R0,[R4, #+12]
   \   0000009C   0x6C00             LDR      R0,[R0, #+64]
   \   0000009E   0xED90 0x0A01      VLDR     S0,[R0, #+4]
   \   000000A2   0x6828             LDR      R0,[R5, #+0]
   \   000000A4   0xEDD0 0x0A04      VLDR     S1,[R0, #+16]
   \   000000A8   0xEE30 0x0A60      VSUB.F32 S0,S0,S1
   \   000000AC   0xED86 0x0A07      VSTR     S0,[R6, #+28]
    174          
    175                   Pi__CalcPiF(&Load_Angle_Limiter);
   \   000000B0   0xF106 0x001C      ADD      R0,R6,#+28
   \   000000B4   0x.... 0x....      BL       Pi__CalcPiF
    176          
    177                   max_torque = Load_Angle_Limiter.Out;
    178          
    179              }
    180          #endif
    181          
    182          
    183          
    184          #if (SPEEDCTRL__TORQUE_LIM_OUTPUT_FILTER==ENABLED)
    185              // Filtering ...
    186              Max_Torque_Lim_Out_Sum = FILTERS__LOWPASSFILTER_F(Max_Torque_Lim_Out_Sum, MAX_TORQUE_LIM_OUT_LPF_COEF, max_torque);
    187              max_torque = Max_Torque_Lim_Out_Sum;
    188          #endif
    189          
    190          
    191          
    192              My_Max_Torque = max_torque;     // Debug Only
    193          
    194          
    195              Speed_Controller.Err  = *(io->Speed_Rot_Ref) - *(io->Speed_Rot);
   \   000000B8   0x6820             LDR      R0,[R4, #+0]
   \   000000BA   0xED96 0x0A09      VLDR     S0,[R6, #+36]
   \   000000BE   0xEDD0 0x0A00      VLDR     S1,[R0, #0]
   \   000000C2   0x6860             LDR      R0,[R4, #+4]
   \   000000C4   0xED90 0x1A00      VLDR     S2,[R0, #0]
   \   000000C8   0xEE70 0x0AC1      VSUB.F32 S1,S1,S2
   \   000000CC   0xEDC6 0x0A00      VSTR     S1,[R6, #0]
    196          
    197              // Update Speed controller limits (according to motor direction)
    198              if(io->Ctrl_Specific->flags.bit.motor_direction > 0)
   \   000000D0   0x68E0             LDR      R0,[R4, #+12]
   \   000000D2   0x6800             LDR      R0,[R0, #+0]
   \   000000D4   0xF3C0 0x2000      UBFX     R0,R0,#+8,#+1
   \   000000D8   0x2801             CMP      R0,#+1
   \   000000DA   0xBFA7             ITTEE    GE 
    199              {   // positive direction
    200                  Speed_Controller.Upper_Limit = max_torque;
   \   000000DC   0xED86 0x0A05      VSTRGE   S0,[R6, #+20]
    201                  Speed_Controller.Lower_Limit = -Torque_Max_Braking;
   \   000000E0   0xED96 0x0A10      VLDRGE   S0,[R6, #+64]
    202              }
    203              else
    204              {   // negative direction
    205                  Speed_Controller.Upper_Limit = Torque_Max_Braking;
   \   000000E4   0x6C30             LDRLT    R0,[R6, #+64]
   \   000000E6   0x6170             STRLT    R0,[R6, #+20]
    206                  Speed_Controller.Lower_Limit = -max_torque;
   \   000000E8   0xEEB1 0x0A40      VNEG.F32 S0,S0
   \   000000EC   0xED86 0x0A06      VSTR     S0,[R6, #+24]
    207              }
    208              
    209              Pi__CalcPiF(&Speed_Controller);
   \   000000F0   0x4630             MOV      R0,R6
   \   000000F2   0x.... 0x....      BL       Pi__CalcPiF
    210              *(io->Torque_Ref)  = Speed_Controller.Out;
   \   000000F6   0x68A0             LDR      R0,[R4, #+8]
   \   000000F8   0x68B1             LDR      R1,[R6, #+8]
   \   000000FA   0x6001             STR      R1,[R0, #+0]
    211          }
   \   000000FC   0xECBD 0x8B02      VPOP     {D8}
   \   00000100   0xBD70             POP      {R4-R6,PC}       ;; return
    212          
    213          
    214          //---------------------------------------------------------------------------------------------------------------------
    215          /**
    216           *  @brief      Handle MclSpeedCtrl events of 1ms.
    217           *
    218           *  @param      none
    219           *  @return     none
    220           */

   \                                 In section .text, align 2, keep-with-next
    221          void MclSpeedCtrl__1msHandler(MCL_SPEED_CTRL_IO_F_TYPE *io, MCLSPEEDCTRL_JOINT_PARAMS_TYPE* params)
    222          {
   \                     MclSpeedCtrl__1msHandler: (+1)
   \   00000000   0xB500             PUSH     {LR}
   \   00000002   0xB081             SUB      SP,SP,#+4
    223              //==========================================================================//
    224              //                                  Braking                                 //
    225              //        Calculating maximum torque according to braking requirement       //
    226              //==========================================================================//
    227              Torque_Max_Braking = Braking__SpeedCtrlHandler(io, params);
   \   00000004   0x.... 0x....      BL       Braking__SpeedCtrlHandler
   \   00000008   0x....             LDR.N    R0,??DataTable8_3
   \   0000000A   0xED80 0x0A10      VSTR     S0,[R0, #+64]
    228          }
   \   0000000E   0xB001             ADD      SP,SP,#+4
   \   00000010   0xBD00             POP      {PC}             ;; return
    229          
    230          
    231          //---------------------------------------------------------------------------------------------------------------------
    232          /**
    233           *  @brief      Handle MclSpeedCtrl events of 25ms.
    234           *
    235           *  @param      none
    236           *  @return     none
    237           */

   \                                 In section .text, align 2, keep-with-next
    238          void MclSpeedCtrl__25msHandler(MCL_SPEED_CTRL_IO_F_TYPE *io, MCLSPEEDCTRL_JOINT_PARAMS_TYPE* params)
    239          {
   \                     MclSpeedCtrl__25msHandler: (+1)
   \   00000000   0xB510             PUSH     {R4,LR}
    240          
    241              Speed_Gain_Scheduler(io, params->SpeedCtrlPrm);
   \   00000002   0x6809             LDR      R1,[R1, #+0]
   \   00000004   0x4604             MOV      R4,R0
   \   00000006   0x.... 0x....      BL       Speed_Gain_Scheduler
    242          
    243              Delta_Speed_Handler(io);
   \   0000000A   0x....             LDR.N    R0,??DataTable8_4
   \   0000000C   0x8801             LDRH     R1,[R0, #+0]
   \   0000000E   0xB111             CBZ.N    R1,??MclSpeedCtrl__25msHandler_0
   \   00000010   0x1E49             SUBS     R1,R1,#+1
   \   00000012   0x8001             STRH     R1,[R0, #+0]
   \   00000014   0xBD10             POP      {R4,PC}
   \                     ??MclSpeedCtrl__25msHandler_0: (+1)
   \   00000016   0x68E0             LDR      R0,[R4, #+12]
   \   00000018   0x6D80             LDR      R0,[R0, #+88]
   \   0000001A   0x6001             STR      R1,[R0, #+0]
    244          
    245          }
   \   0000001C   0xBD10             POP      {R4,PC}          ;; return
    246          
    247          
    248          //---------------------------------------------------------------------------------------------------------------------
    249          /**
    250           *  @brief      Set speed controller limitation.
    251           *  @details
    252           *
    253           * @return  TRUE - value accepted
    254           *          FALSE - value denied - default answer.
    255           */

   \                                 In section .text, align 2, keep-with-next
    256          BOOL_TYPE MclSpeedCtrl__SetSpeedRegLimit(sint32  value)
    257          {
   \                     MclSpeedCtrl__SetSpeedRegLimit: (+1)
   \   00000000   0xEE00 0x0A10      VMOV     S0,R0
    258          	BOOL_TYPE value_accepted;
    259          	float32 value_f;
    260          	value_f = (float32) value / 65536.0f;
   \   00000004   0xEEBA 0x0AC8      VCVT.F32.S32 S0,S0,#+16
    261          	if ((value_f <= 0)||(value_f > Max_Design_Motor_Torque))
   \   00000008   0xEEB5 0x0A40      VCMP.F32 S0,#0.0
   \   0000000C   0x....             LDR.N    R0,??DataTable8_3
   \   0000000E   0xEEF1 0xFA10      FMSTAT   
   \   00000012   0xD906             BLS.N    ??MclSpeedCtrl__SetSpeedRegLimit_0
   \   00000014   0xEDD0 0x0A12      VLDR     S1,[R0, #+72]
   \   00000018   0xEEF4 0x0A40      VCMP.F32 S1,S0
   \   0000001C   0xEEF1 0xFA10      FMSTAT   
   \   00000020   0xD503             BPL.N    ??MclSpeedCtrl__SetSpeedRegLimit_1
    262          	{
    263          		Max_Design_Motor_Torque_Appl = Max_Design_Motor_Torque;
   \                     ??MclSpeedCtrl__SetSpeedRegLimit_0: (+1)
   \   00000022   0x6C81             LDR      R1,[R0, #+72]
   \   00000024   0x64C1             STR      R1,[R0, #+76]
    264          	}
    265          	else
    266          	{
    267          		Max_Design_Motor_Torque_Appl = value_f;
    268          	}
    269          
    270          	value_accepted = TRUE;
    271          
    272          	return(value_accepted);
   \   00000026   0x2001             MOVS     R0,#+1
   \   00000028   0x4770             BX       LR
   \                     ??MclSpeedCtrl__SetSpeedRegLimit_1: (+1)
   \   0000002A   0xED80 0x0A13      VSTR     S0,[R0, #+76]
   \   0000002E   0x2001             MOVS     R0,#+1
   \   00000030   0x4770             BX       LR               ;; return
    273          }
    274          
    275          
    276          //---------------------------------------------------------------------------------------------------------------------
    277          /**
    278           *  @brief      Set speed controller gains.
    279           *  @details
    280           *
    281           * @return  TRUE - value accepted
    282           *          FALSE - value denied - default answer.
    283           */

   \                                 In section .text, align 2, keep-with-next
    284          BOOL_TYPE MclSpeedCtrl__SetSpeedGainIndex(sint32 speed_gains_index, MCLSPEEDCTRL_JOINT_PARAMS_TYPE *params)
    285          {
    286              BOOL_TYPE accepted;
    287              accepted = FALSE;
    288          
    289              // If there is a valid speed set, Kp and Ki should be ok.
    290              if( (params->SpeedCtrlPrm->speed_gains_table[speed_gains_index].speed_abs)  )
   \                     MclSpeedCtrl__SetSpeedGainIndex: (+1)
   \   00000000   0x6809             LDR      R1,[R1, #+0]
   \   00000002   0xEB01 0x1100      ADD      R1,R1,R0, LSL #+4
   \   00000006   0x2200             MOVS     R2,#+0
   \   00000008   0xED91 0x0A09      VLDR     S0,[R1, #+36]
   \   0000000C   0xEEB5 0x0A40      VCMP.F32 S0,#0.0
   \   00000010   0xEEF1 0xFA10      FMSTAT   
   \   00000014   0xD005             BEQ.N    ??MclSpeedCtrl__SetSpeedGainIndex_0
    291              {
    292                  Forced_Gain_Selector = speed_gains_index;
   \   00000016   0x....             LDR.N    R1,??DataTable8_3
   \   00000018   0xF881 0x0038      STRB     R0,[R1, #+56]
    293          
    294                  Forced_Gain_Timer = (uint16)(2.0f/0.025f);  // Define 2 seconds as timeout, it might be hardcoded
    295                                                              // and the timer is managed at 25 ms.
    296          
    297                  accepted = TRUE;
   \   0000001C   0x2201             MOVS     R2,#+1
   \   0000001E   0x2050             MOVS     R0,#+80
   \   00000020   0x8748             STRH     R0,[R1, #+58]
    298              }
    299          
    300              return accepted;
   \                     ??MclSpeedCtrl__SetSpeedGainIndex_0: (+1)
   \   00000022   0x4610             MOV      R0,R2
   \   00000024   0x4770             BX       LR               ;; return
    301          }
    302          
    303          
    304          //---------------------------------------------------------------------------------------------------------------------
    305          /**
    306           *  @brief      Set a speed reference delta for 2 seconds.
    307           *  @details
    308           *
    309           * @return  TRUE - value accepted
    310           *          FALSE - value denied - default answer.
    311           */

   \                                 In section .text, align 4, keep-with-next
    312          BOOL_TYPE MclSpeedCtrl__SetDeltaSpeedRef(sint32 delta_speed_x65536, MCL_SPEED_CTRL_IO_F_TYPE *io)
    313          {
   \                     MclSpeedCtrl__SetDeltaSpeedRef: (+1)
   \   00000000   0xB530             PUSH     {R4,R5,LR}
   \   00000002   0xB081             SUB      SP,SP,#+4
   \   00000004   0x460C             MOV      R4,R1
   \   00000006   0xED2D 0x8B04      VPUSH    {D8-D9}
   \   0000000A   0xEE00 0x0A10      VMOV     S0,R0
    314              BOOL_TYPE accepted;
    315              float32 temp_1;
    316              float32 temp_2;
    317          
    318              accepted = FALSE;
    319          
    320              temp_1 = (float32)delta_speed_x65536 / 65536.0f * RPM_TO_RADS;
    321          
    322              temp_2 = temp_1 + *(io->Speed_Rot_Ref);
    323              temp_2 = MATHCALC__FABS(temp_2);
   \   0000000E   0x6820             LDR      R0,[R4, #+0]
   \   00000010   0xEEB8 0x0AC0      VCVT.F32.S32 S0,S0
   \   00000014   0xEDDF 0x....      VLDR.W   S1,??DataTable8_1  ;; 0x35d67750
   \   00000018   0xEE20 0x8A20      VMUL.F32 S16,S0,S1
   \   0000001C   0xED90 0x0A00      VLDR     S0,[R0, #0]
   \   00000020   0xEE38 0x0A00      VADD.F32 S0,S16,S0
    324          
    325              if( (temp_2 <= (((float32)Mci__GetParams(MOTOR0,MCI_PARAMS_MAX_SPEED_RPM))*RPM_TO_RADS)) &&
    326                  (temp_2 >= (((float32)Mci__GetParams(MOTOR0,MCI_PARAMS_MIN_SPEED_RPM))*RPM_TO_RADS)) )
   \   00000024   0x2100             MOVS     R1,#+0
   \   00000026   0x2500             MOVS     R5,#+0
   \   00000028   0xEEF0 0x8AC0      VABS.F32 S17,S0
   \   0000002C   0xED9F 0x....      VLDR.W   S18,??DataTable8_2  ;; 0x3dd67750
   \   00000030   0x4608             MOV      R0,R1
   \   00000032   0x.... 0x....      BL       Mci__GetParams
   \   00000036   0xEE00 0x0A10      VMOV     S0,R0
   \   0000003A   0xEEB8 0x0AC0      VCVT.F32.S32 S0,S0
   \   0000003E   0xEE20 0x0A09      VMUL.F32 S0,S0,S18
   \   00000042   0xEEB4 0x0A68      VCMP.F32 S0,S17
   \   00000046   0xEEF1 0xFA10      FMSTAT   
   \   0000004A   0xDB16             BLT.N    ??MclSpeedCtrl__SetDeltaSpeedRef_0
   \   0000004C   0x2101             MOVS     R1,#+1
   \   0000004E   0x2000             MOVS     R0,#+0
   \   00000050   0x.... 0x....      BL       Mci__GetParams
   \   00000054   0xEE00 0x0A10      VMOV     S0,R0
   \   00000058   0xEEB8 0x0AC0      VCVT.F32.S32 S0,S0
   \   0000005C   0xEE20 0x0A09      VMUL.F32 S0,S0,S18
   \   00000060   0xEEF4 0x8A40      VCMP.F32 S17,S0
   \   00000064   0xEEF1 0xFA10      FMSTAT   
   \   00000068   0xDB07             BLT.N    ??MclSpeedCtrl__SetDeltaSpeedRef_0
    327              {
    328                  *(io->Ctrl_Specific->Delta_Speed_Rot_Ref) = temp_1;
   \   0000006A   0x68E0             LDR      R0,[R4, #+12]
    329                  Delta_Speed_Timer = (uint16)(0.5f/0.025f);  // Define 2 seconds as timeout, it might be hardcoded
   \   0000006C   0x....             LDR.N    R1,??DataTable8_4
   \   0000006E   0x6D80             LDR      R0,[R0, #+88]
   \   00000070   0xED80 0x8A00      VSTR     S16,[R0, #0]
   \   00000074   0x2014             MOVS     R0,#+20
   \   00000076   0x8008             STRH     R0,[R1, #+0]
    330                                                              // and the timer is managed at 25 ms.
    331                  accepted = TRUE;
   \   00000078   0x2501             MOVS     R5,#+1
    332              }
    333          
    334              return accepted;
   \                     ??MclSpeedCtrl__SetDeltaSpeedRef_0: (+1)
   \   0000007A   0xECBD 0x8B04      VPOP     {D8-D9}
   \   0000007E   0x4628             MOV      R0,R5
   \   00000080   0xB001             ADD      SP,SP,#+4
   \   00000082   0xBD30             POP      {R4,R5,PC}       ;; return
    335          }
    336          
    337          
    338          
    339          //=====================================================================================================================
    340          //-------------------------------------- Private Functions ------------------------------------------------------------
    341          //=====================================================================================================================
    342          
    343          #ifdef __IAR_SYSTEMS_ICC__
    344          #pragma inline = forced
    345          #endif
    346          static float32 CurrentLimitation(MCL_SPEED_CTRL_IO_F_TYPE *io, MCL_SPEED_CTRL_PARAMS_TYPE *params)
    347          {
    348              float32 max_torque_curr_limit;
    349              float32 temp_1;
    350              float32 temp_2;
    351          
    352          
    353              // Limit the maximum torque according to the available current and maximum current of the inverter
    354              temp_1 = params->Max_Squared_Inv_Current;
    355          
    356              temp_2 = *(io->Ctrl_Specific->Id_stator_current);
    357          
    358          #if (SPEEDCTRL__CURR_LIM_IDS_FILTER==ENABLED)
    359              // Filtering ...
    360              Id_Stator_Current_Sum = FILTERS__LOWPASSFILTER_F(Id_Stator_Current_Sum, CURR_LIM_IDS_LPF_COEF, temp_2);
    361              temp_2 = Id_Stator_Current_Sum;
    362          #endif
    363          
    364              temp_2 = (temp_2*temp_2);
    365          
    366              // (Max inverter current)^2 - (Id)^2
    367              temp_1 = temp_1 - temp_2;
    368          
    369              if (temp_1>0)
    370              {
    371                  // Max current = sqrt((Max inverter current)^2 - (Id)^2)
    372                  temp_1 = MC_SQRT_F(temp_1);
    373          
    374                  // Max torque according to available current
    375          		max_torque_curr_limit = params->pole_pairs_factor * (temp_1 * *(io->Ctrl_Specific->Stator_Flux_Mag));
    376          		 
    377              }
    378              else
    379              {
    380                  max_torque_curr_limit = 0.0f;
    381              }
    382          
    383              return max_torque_curr_limit;
    384          }
    385          
    386          
    387          #ifdef __IAR_SYSTEMS_ICC__
    388          #pragma inline = forced
    389          #endif
    390          static float32 Calculate_MTPV(MCL_SPEED_CTRL_IO_F_TYPE *io, MCLSPEEDCTRL_JOINT_PARAMS_TYPE *params)
    391          {
    392              float32 max_torque_voltage;
    393              float32 temp_1;
    394          
    395              temp_1 = * io->Ctrl_Specific->Flux_Limit_By_Speed;
    396              max_torque_voltage = MathCalc__GetInterpolationFastF(temp_1, &params->MTPVPrm);
    397          
    398              return(max_torque_voltage);
    399          }
    400          
    401          

   \                                 In section .text, align 4, keep-with-next
    402          static void Speed_Gain_Scheduler(MCL_SPEED_CTRL_IO_F_TYPE *io, MCL_SPEED_CTRL_PARAMS_TYPE *params)
    403          {
   \                     Speed_Gain_Scheduler: (+1)
   \   00000000   0xB470             PUSH     {R4-R6}
    404          
    405              static sint32 gains_indexer_previous;
    406              static sint32 gains_indexer;
    407              static sint16 relative_time;
    408              float32 temp_speed_table;
    409              float32 speed_rotor_abs;
    410              float32 delta;
    411              float32 temp_speed_kp;
    412              float32 temp_speed_ki;
    413          
    414          	// If there is no timeout, e.g., application is polling the gains set
    415              if(Forced_Gain_Timer)
   \   00000002   0x....             LDR.N    R2,??DataTable8_3
   \   00000004   0x8F53             LDRH     R3,[R2, #+58]
   \   00000006   0xB15B             CBZ.N    R3,??Speed_Gain_Scheduler_0
    416              {
    417                  Forced_Gain_Timer--;
   \   00000008   0x1E58             SUBS     R0,R3,#+1
   \   0000000A   0x8750             STRH     R0,[R2, #+58]
    418          
    419                  Speed_Controller.Kp = params->speed_gains_table[Forced_Gain_Selector].kp;
   \   0000000C   0xF892 0x0038      LDRB     R0,[R2, #+56]
   \   00000010   0xEB01 0x1000      ADD      R0,R1,R0, LSL #+4
   \   00000014   0x69C1             LDR      R1,[R0, #+28]
   \   00000016   0x60D1             STR      R1,[R2, #+12]
    420                  Speed_Controller.Ki = params->speed_gains_table[Forced_Gain_Selector].ki;
   \   00000018   0x6A00             LDR      R0,[R0, #+32]
   \   0000001A   0x6110             STR      R0,[R2, #+16]
    421              }
    422              else
    423              {
    424                  //// During starting, use default gains.
    425                  if( (*io->Ctrl_Specific->Elapsed_Time_After_Starting) <= (uint32)(params->Force_Default_Gains_Time) )
    426                  {
    427                      Speed_Controller.Kp = params->speed_gains_table[0].kp;
    428                      Speed_Controller.Ki = params->speed_gains_table[0].ki;
    429          
    430                      // Initialize the variable, since it is starting now...
    431                      gains_indexer_previous = 0;
    432                      gains_indexer = 0;
    433                      relative_time = 0;
    434                  }
    435                  else // Starting time is already over, so, look for new regions
    436                  {
    437                      // Look for new index only if the transition between regions is already done.
    438                      if(gains_indexer == gains_indexer_previous)
    439                      {
    440                          // Save the speed on stack
    441                          speed_rotor_abs = *(io->Ctrl_Specific->Speed_Rot_Ref_Abs);//*(io->Speed_Rot_Absolute);
    442          
    443                          // Look for the indexer
    444                          for(gains_indexer = 0; gains_indexer < (SPEEDCTRL__SPEED_REGIONS-1); gains_indexer++)
    445                          {
    446                              // Only one indexed reading is performed
    447                              temp_speed_table = (params->speed_gains_table[gains_indexer].speed_abs) * RPM_TO_RADS;
    448          
    449                              if(temp_speed_table > 0)
    450                              {
    451                                  if( speed_rotor_abs < temp_speed_table )
    452                                  {
    453                                      break;
    454                                  }
    455                              }
    456                              else
    457                              {
    458                                  break;
    459                              }
    460                          }
    461          
    462                          relative_time = 0;
    463                      }
    464                      else //if(gains_indexer != gains_indexer_previous)
    465                      {
    466                          relative_time++;
    467          
    468                          // Calculate flux gains - kp
    469                          delta = (params->speed_gains_table[gains_indexer].kp) - (params->speed_gains_table[gains_indexer_previous].kp);
    470                          delta = delta*relative_time;
    471                          delta = delta/(params->speed_gains_table[gains_indexer].transition_time);
    472                          temp_speed_kp = delta + (params->speed_gains_table[gains_indexer_previous].kp);
    473          
    474                          // Calculate flux gains - ki
    475                          delta = (params->speed_gains_table[gains_indexer].ki) - (params->speed_gains_table[gains_indexer_previous].ki);
    476                          delta = delta*relative_time;
    477                          delta = delta/(params->speed_gains_table[gains_indexer].transition_time);
    478                          temp_speed_ki = delta + (params->speed_gains_table[gains_indexer_previous].ki);
    479          
    480          
    481                          if(relative_time >= (params->speed_gains_table[gains_indexer].transition_time))
    482                          {
    483                              gains_indexer_previous = gains_indexer;
    484          
    485                              temp_speed_kp = (params->speed_gains_table[gains_indexer].kp);
    486                              temp_speed_ki = (params->speed_gains_table[gains_indexer].ki);
    487                          }
    488          
    489                          Speed_Controller.Kp = temp_speed_kp;
    490                          Speed_Controller.Ki = temp_speed_ki;
    491                      }
    492                  }
    493              }
    494          }
   \   0000001C   0xBC70             POP      {R4-R6}
   \   0000001E   0x4770             BX       LR
   \                     ??Speed_Gain_Scheduler_0: (+1)
   \   00000020   0x68C0             LDR      R0,[R0, #+12]
   \   00000022   0x68CB             LDR      R3,[R1, #+12]
   \   00000024   0x6944             LDR      R4,[R0, #+20]
   \   00000026   0x6824             LDR      R4,[R4, #+0]
   \   00000028   0x42A3             CMP      R3,R4
   \   0000002A   0xD309             BCC.N    ??Speed_Gain_Scheduler_1
   \   0000002C   0x69C8             LDR      R0,[R1, #+28]
   \   0000002E   0x60D0             STR      R0,[R2, #+12]
   \   00000030   0x6A08             LDR      R0,[R1, #+32]
   \   00000032   0x6110             STR      R0,[R2, #+16]
   \   00000034   0x2000             MOVS     R0,#+0
   \   00000036   0x6510             STR      R0,[R2, #+80]
   \   00000038   0x6550             STR      R0,[R2, #+84]
   \   0000003A   0x8790             STRH     R0,[R2, #+60]
   \   0000003C   0xBC70             POP      {R4-R6}
   \   0000003E   0x4770             BX       LR
   \                     ??Speed_Gain_Scheduler_1: (+1)
   \   00000040   0x6D13             LDR      R3,[R2, #+80]
   \   00000042   0x6D54             LDR      R4,[R2, #+84]
   \   00000044   0x429C             CMP      R4,R3
   \   00000046   0xD137             BNE.N    ??Speed_Gain_Scheduler_2
   \   00000048   0x6840             LDR      R0,[R0, #+4]
   \   0000004A   0xED91 0x1A09      VLDR     S2,[R1, #+36]
   \   0000004E   0xED90 0x0A00      VLDR     S0,[R0, #0]
   \   00000052   0xEDDF 0x....      VLDR.W   S1,??DataTable8_2  ;; 0x3dd67750
   \   00000056   0xEE21 0x1A20      VMUL.F32 S2,S2,S1
   \   0000005A   0x2000             MOVS     R0,#+0
   \   0000005C   0xEEB5 0x1A40      VCMP.F32 S2,#0.0
   \   00000060   0xEEF1 0xFA10      FMSTAT   
   \   00000064   0xDD23             BLE.N    ??Speed_Gain_Scheduler_3
   \   00000066   0xEEB4 0x0A41      VCMP.F32 S0,S2
   \   0000006A   0xEEF1 0xFA10      FMSTAT   
   \   0000006E   0xD41E             BMI.N    ??Speed_Gain_Scheduler_3
   \   00000070   0xED91 0x1A0D      VLDR     S2,[R1, #+52]
   \   00000074   0xEE21 0x1A20      VMUL.F32 S2,S2,S1
   \   00000078   0x2001             MOVS     R0,#+1
   \   0000007A   0xEEB5 0x1A40      VCMP.F32 S2,#0.0
   \   0000007E   0xEEF1 0xFA10      FMSTAT   
   \   00000082   0xDD14             BLE.N    ??Speed_Gain_Scheduler_3
   \   00000084   0xEEB4 0x0A41      VCMP.F32 S0,S2
   \   00000088   0xEEF1 0xFA10      FMSTAT   
   \   0000008C   0xD40F             BMI.N    ??Speed_Gain_Scheduler_3
   \   0000008E   0xED91 0x1A11      VLDR     S2,[R1, #+68]
   \   00000092   0xEE61 0x0A20      VMUL.F32 S1,S2,S1
   \   00000096   0x2002             MOVS     R0,#+2
   \   00000098   0xEEF5 0x0A40      VCMP.F32 S1,#0.0
   \   0000009C   0xEEF1 0xFA10      FMSTAT   
   \   000000A0   0xDD05             BLE.N    ??Speed_Gain_Scheduler_3
   \   000000A2   0xEEB4 0x0A60      VCMP.F32 S0,S1
   \   000000A6   0xEEF1 0xFA10      FMSTAT   
   \   000000AA   0xBF58             IT       PL 
   \   000000AC   0x2003             MOVPL    R0,#+3
   \                     ??Speed_Gain_Scheduler_3: (+1)
   \   000000AE   0x6550             STR      R0,[R2, #+84]
   \   000000B0   0x2000             MOVS     R0,#+0
   \   000000B2   0x8790             STRH     R0,[R2, #+60]
   \   000000B4   0xBC70             POP      {R4-R6}
   \   000000B6   0x4770             BX       LR
   \                     ??Speed_Gain_Scheduler_2: (+1)
   \   000000B8   0x8F90             LDRH     R0,[R2, #+60]
   \   000000BA   0x1C40             ADDS     R0,R0,#+1
   \   000000BC   0x8790             STRH     R0,[R2, #+60]
   \   000000BE   0xEB01 0x1504      ADD      R5,R1,R4, LSL #+4
   \   000000C2   0xEB01 0x1103      ADD      R1,R1,R3, LSL #+4
   \   000000C6   0x6AAE             LDR      R6,[R5, #+40]
   \   000000C8   0xEDD1 0x0A07      VLDR     S1,[R1, #+28]
   \   000000CC   0xED95 0x1A07      VLDR     S2,[R5, #+28]
   \   000000D0   0xEDD5 0x2A08      VLDR     S5,[R5, #+32]
   \   000000D4   0xB200             SXTH     R0,R0
   \   000000D6   0xEE01 0x0A90      VMOV     S3,R0
   \   000000DA   0xEE00 0x6A10      VMOV     S0,R6
   \   000000DE   0xEEF8 0x1AE1      VCVT.F32.S32 S3,S3
   \   000000E2   0xEE31 0x2A60      VSUB.F32 S4,S2,S1
   \   000000E6   0xEEB8 0x0AC0      VCVT.F32.S32 S0,S0
   \   000000EA   0xEE22 0x2A21      VMUL.F32 S4,S4,S3
   \   000000EE   0xEE82 0x2A00      VDIV.F32 S4,S4,S0
   \   000000F2   0xEE72 0x0A20      VADD.F32 S1,S4,S1
   \   000000F6   0xED91 0x2A08      VLDR     S4,[R1, #+32]
   \   000000FA   0xEE32 0x3AC2      VSUB.F32 S6,S5,S4
   \   000000FE   0xEE63 0x1A21      VMUL.F32 S3,S6,S3
   \   00000102   0xEE81 0x0A80      VDIV.F32 S0,S3,S0
   \   00000106   0xEE30 0x0A02      VADD.F32 S0,S0,S4
   \   0000010A   0x42B0             CMP      R0,R6
   \   0000010C   0xDB04             BLT.N    ??Speed_Gain_Scheduler_4
   \   0000010E   0x6514             STR      R4,[R2, #+80]
   \   00000110   0xEEF0 0x0A41      VMOV.F32 S1,S2
   \   00000114   0xEEB0 0x0A62      VMOV.F32 S0,S5
   \                     ??Speed_Gain_Scheduler_4: (+1)
   \   00000118   0xEDC2 0x0A03      VSTR     S1,[R2, #+12]
   \   0000011C   0xED82 0x0A04      VSTR     S0,[R2, #+16]
   \   00000120   0xBC70             POP      {R4-R6}
   \   00000122   0x4770             BX       LR               ;; return

   \                                 In section .bss, align 4
   \                     Speed_Controller:
   \   00000000                      DS8 28
   \   0000001C                      DS8 28
   \   00000038                      DS8 1
   \   00000039                      DS8 1
   \   0000003A                      DS8 2
   \   0000003C                      DS8 2
   \   0000003E                      DS8 2
   \   00000040                      DS8 4
   \   00000044                      DS8 4
   \   00000048                      DS8 4
   \   0000004C                      DS8 4
   \   00000050                      DS8 4
   \   00000054                      DS8 4

   \                                 In section .bss, align 4
   \   00000000                      DS8 4

   \                                 In section .bss, align 2
   \                     Delta_Speed_Timer:
   \   00000000                      DS8 2

   \                                 In section .text, align 4, keep-with-next
   \                     ??DataTable8:
   \   00000000   0x00000000         DC32     0x0

   \                                 In section .text, align 4, keep-with-next
   \                     ??DataTable8_1:
   \   00000000   0x35D67750         DC32     0x35d67750

   \                                 In section .text, align 4, keep-with-next
   \                     ??DataTable8_2:
   \   00000000   0x3DD67750         DC32     0x3dd67750

   \                                 In section .text, align 4, keep-with-next
   \                     ??DataTable8_3:
   \   00000000   0x........         DC32     Speed_Controller

   \                                 In section .text, align 4, keep-with-next
   \                     ??DataTable8_4:
   \   00000000   0x........         DC32     Delta_Speed_Timer
    495          
    496          
    497          static void Delta_Speed_Handler(MCL_SPEED_CTRL_IO_F_TYPE *io)
    498          {
    499              if(Delta_Speed_Timer)
    500              {
    501                  Delta_Speed_Timer--;
    502              }
    503              else
    504              {
    505                  *(io->Ctrl_Specific->Delta_Speed_Rot_Ref) = 0.0f;
    506              }
    507          }

   Maximum stack usage in bytes:

   .cstack Function
   ------- --------
       8   MclSpeedCtrl__1msHandler
         8   -> Braking__SpeedCtrlHandler
       8   MclSpeedCtrl__25msHandler
         8   -> Speed_Gain_Scheduler
       0   MclSpeedCtrl__Initialize
         0   -> Braking__ResetState
       0   MclSpeedCtrl__ResetState
         0   -> Braking__ResetState
      24   MclSpeedCtrl__RunningHandler
        24   -> MathCalc__GetInterpolationFastF
        24   -> MathCalc__SqrtF
        24   -> Pi__CalcPiF
      32   MclSpeedCtrl__SetDeltaSpeedRef
        32   -> Mci__GetParams
       0   MclSpeedCtrl__SetSpeedGainIndex
       0   MclSpeedCtrl__SetSpeedRegLimit
      12   Speed_Gain_Scheduler


   Section sizes:

   Bytes  Function/Label
   -----  --------------
       4  ??DataTable8
       4  ??DataTable8_1
       4  ??DataTable8_2
       4  ??DataTable8_3
       4  ??DataTable8_4
       2  Delta_Speed_Timer
      18  MclSpeedCtrl__1msHandler
      30  MclSpeedCtrl__25msHandler
      88  MclSpeedCtrl__Initialize
      74  MclSpeedCtrl__ResetState
     258  MclSpeedCtrl__RunningHandler
     132  MclSpeedCtrl__SetDeltaSpeedRef
      38  MclSpeedCtrl__SetSpeedGainIndex
      50  MclSpeedCtrl__SetSpeedRegLimit
       4  My_Max_Torque
      88  Speed_Controller
          Load_Angle_Limiter
          Forced_Gain_Selector
          Forced_Gain_Timer
          relative_time
          Torque_Max_Braking
          Max_Squared_Inv_Current_Appl
          Max_Design_Motor_Torque
          Max_Design_Motor_Torque_Appl
          gains_indexer_previous
          gains_indexer
     292  Speed_Gain_Scheduler

 
    94 bytes in section .bss
 1 000 bytes in section .text
 
 1 000 bytes of CODE memory
    94 bytes of DATA memory

Errors: none
Warnings: 1
