###############################################################################
#
# IAR ANSI C/C++ Compiler V7.20.5.7591/W32 for ARM        06/Aug/2024  13:42:09
# Copyright 1999-2014 IAR Systems AB.
#
#    Cpu mode     =  thumb
#    Endian       =  little
#    Source file  =  
#        C:\Data\Python\Self_Commissioning_Bpm\source\XCategory\Driver\Micro\MicroExtInterruptJumpTable.c
#    Command line =  
#        -I./ -I../cx/ -I../cx/inc/ -ICategory/ -ICategory/Application/
#        -ICategory/Application/ThermalModel/
#        -ICategory/Application/ThermalModel/ThermalModelCore_DD/
#        -ICategory/Application/ThermalModel/ThermalModelCore_sBPM/
#        -ICategory/Common/ -ICategory/Common/BoardDebugging/
#        -ICategory/Common/MasterCommander/
#        -ICategory/Common/MasterCommander/Source/
#        -ICategory/Common/MasterCommander/Source/HAL/
#        -ICategory/Common/SelfCommissioning/ -ICategory/Hbl/
#        -IProjectSpecific/ -IProjectSpecific/Application/
#        -IProjectSpecific/Application/API007App/
#        -IProjectSpecific/Application/ModeManagement/
#        -IProjectSpecific/Application/MotorSelector/
#        -IProjectSpecific/Application/ProductInfo/
#        -IProjectSpecific/Application/SRMcuSpeedMonitor/
#        -IProjectSpecific/Application/ThermalModel/
#        -IProjectSpecific/CommonCore/ -IProjectSpecific/Driver/
#        -IProjectSpecific/MasterCommander/ -IProjectSpecific/Mci/
#        -IProjectSpecific/Mci/Mcl/ -IProjectSpecific/Mci/Mcl/old_xls/
#        -IXCategory/ -IXCategory/Application/
#        -IXCategory/Application/MciParametersLoader/
#        -IXCategory/Application/Mode/ -IXCategory/Application/Reveal_APIs/
#        -IXCategory/Application/Reveal_APIs/API003Disc/
#        -IXCategory/Application/Reveal_APIs/API004Debug/
#        -IXCategory/Application/Reveal_APIs/API005LowLevel/
#        -IXCategory/Application/Reveal_APIs/API007Data/
#        -IXCategory/Application/Reveal_APIs/API009System/
#        -IXCategory/Application/Reveal_APIs/API010PollVar/
#        -IXCategory/Application/Reveal_APIs/API011AppCtr/
#        -IXCategory/Application/Reveal_APIs/API013RemoteFunction/
#        -IXCategory/Application/Reveal_APIs/API018Diagnostic/
#        -IXCategory/Application/Reveal_APIs/API019ProductInfo/
#        -IXCategory/Application/Reveal_APIs/API220MotorControl/
#        -IXCategory/Application/Reveal_APIs/API220MotorControl/API/
#        -IXCategory/Application/Reveal_APIs/API221MotionCtrl/
#        -IXCategory/Application/Reveal_APIs/SRAPI020Safety/
#        -IXCategory/Application/SFUpdater/ -IXCategory/Common/
#        -IXCategory/Common/Crc16/ -IXCategory/Common/Crc8/
#        -IXCategory/Common/Log/ -IXCategory/Common/Millis/
#        -IXCategory/Common/SettingFile/ -IXCategory/Common/SRClockMonitor/
#        -IXCategory/Common/SRData/ -IXCategory/Common/SRException/
#        -IXCategory/Common/SRFlow/ -IXCategory/Common/SRIsrMonitor/
#        -IXCategory/Common/SRMain/ -IXCategory/Common/SRMcuSpeedMonitor/
#        -IXCategory/Common/SRPowerMgr/ -IXCategory/Common/SRSignature/
#        -IXCategory/Common/SRSystemConfig/
#        -IXCategory/Common/SRTimerReference/ -IXCategory/Common/SystemConfig/
#        -IXCategory/Common/SystemTimers/ -IXCategory/Common/Utilities/
#        -IXCategory/Driver/ -IXCategory/Driver/API/
#        -IXCategory/Driver/API/Comparator/ -IXCategory/Driver/API/DataFlash/
#        -IXCategory/Driver/API/Dma/ -IXCategory/Driver/API/Flash/
#        -IXCategory/Driver/API/Gpio/ -IXCategory/Driver/API/Micro/
#        -IXCategory/Driver/API/Spi/ -IXCategory/Driver/API/SRMCAtod/
#        -IXCategory/Driver/API/SRMCInputCapture/
#        -IXCategory/Driver/API/SRMCPwm/ -IXCategory/Driver/API/TimerInterrupt/
#        -IXCategory/Driver/API/Uart/ -IXCategory/Driver/Comparator/
#        -IXCategory/Driver/DataFlash/ -IXCategory/Driver/Dma/
#        -IXCategory/Driver/Flash/ -IXCategory/Driver/Gpio/
#        -IXCategory/Driver/Micro/ -IXCategory/Driver/Spi/
#        -IXCategory/Driver/SRMCAtod/ -IXCategory/Driver/SRMCInputCapture/
#        -IXCategory/Driver/SRMCPwm/ -IXCategory/Driver/TimerInterrupt/
#        -IXCategory/Driver/Uart/ -IXCategory/Hbl/ -IXCategory/Hbl/Mci/
#        -IXCategory/Hbl/Mci/InverterTemp/ -IXCategory/Hbl/Mci/Mcl/
#        -IXCategory/Hbl/Mci/Mcl/Braking/ -IXCategory/Hbl/Mci/Mcl/MacroBlocks/
#        -IXCategory/Hbl/Mci/Mcl/MclFvt/ -IXCategory/Hbl/Mci/Mcl/MicroBlocks/
#        -IXCategory/Hbl/Mci/Mcl/MicroBlocks/ClrkPark/
#        -IXCategory/Hbl/Mci/Mcl/MicroBlocks/Filters/
#        -IXCategory/Hbl/Mci/Mcl/MicroBlocks/Math/
#        -IXCategory/Hbl/Mci/Mcl/MicroBlocks/ObserverPmsm/
#        -IXCategory/Hbl/Mci/Mcl/MicroBlocks/Pi/
#        -IXCategory/Hbl/Mci/Mcl/MicroBlocks/PwmModulation/
#        -IXCategory/Hbl/Mci/Mcl/ResistanceEstimation/
#        -IXCategory/Hbl/Mci/PowerModuleManager/
#        -IXCategory/Hbl/Mci/SpeedRefGen/ -IXCategory/Hbl/Mci/SurgeRelay/
#        -IXCategory/Hbl/SRMotorSafetyMgr/
#        -IXCategory/Hbl/SRMotorSafetyMgr/API/ -IXCategory/Service/
#        -IXCategory/Service/Reveal/ -IXCategory/Service/Win/ --remarks
#        --no_tbaa --debug --use_c++_inline --only_stdout --dlib_config
#        ..\cx\inc\DLib_Config_Normal.h -r -D
#        ENABLE_JUMP_TO_APPLICATION_WITHOUT_IAP_FIRMWARE -D
#        SET_FLASH_OPTION_CONFIGURATION -D ARM_MATH_CM4 -e --silent
#        --endian=little --cpu Cortex-M4 --fpu=VFPv4_sp -Ohs -o
#        MicroExtInterruptJumpTable.obj -l
#        ..\listings\MicroExtInterruptJumpTable.lst
#        C:\Data\Python\Self_Commissioning_Bpm\source\XCategory\Driver\Micro\MicroExtInterruptJumpTable.c
#    List file    =  ..\listings\MicroExtInterruptJumpTable.lst
#    Object file  =  MicroExtInterruptJumpTable.obj
#
###############################################################################

C:\Data\Python\Self_Commissioning_Bpm\source\XCategory\Driver\Micro\MicroExtInterruptJumpTable.c
      1          /**
      2           *  @file       
      3           *
      4           *  @brief      This file consists of interrupt vector table which acts as an Jump table from IAP area to Application
      5           *
      6           *  @details    Release project excludes inclusion of this file during linking process
      7           *              This file is added only for the debug projects
      8           *
      9           *              Release Projects - Expects the actual IAP in the IAP location
     10           *              Debug Project - Does not need IAP. Mainly used by developer
     11           *
     12           *  @section    Applicable_Documents
     13           *					List here all the applicable documents if needed. <tr>	
     14           *
     15           *  $Header: $
     16           *
     17           *  @copyright  Copyright 2020-$Date$. Whirlpool Corporation. All rights reserved - CONFIDENTIAL
     18           */
     19          //---------------------------------------------------------------------------------------------------------------------
     20          //---------------------------------------------------------------------------------------------------------------------
     21          
     22          
     23          //-------------------------------------- Include Files ----------------------------------------------------------------
     24          #include "C_Extensions.h"
     25          #include "Micro.h"
     26          #include "uc.h"
     27          
     28          //-------------------------------------- PUBLIC (Variables) -----------------------------------------------------------
     29          
     30          //-------------------------------------- PRIVATE (Variables, Constants & Defines) -------------------------------------
     31          
     32          //-------------------------------------- PRIVATE (Function Prototypes) ------------------------------------------------
     33          
     34          
     35          //=====================================================================================================================
     36          //-------------------------------------- Public Functions -------------------------------------------------------------
     37          //=====================================================================================================================
     38          
     39          #ifdef ENABLE_JUMP_TO_APPLICATION_WITHOUT_IAP_FIRMWARE
     40          extern uint32 __ICFEDIT_INTERRUPT_TABLE_start__;
     41          
     42          __root static void MicroJumptoResetHandler(void);
                        ^
Remark[Pe082]: storage class is not first
     43          
     44          //=====================================================================================================================
     45          /**
     46           * @brief -     Allocates the Non maskable interrupt table for RX210 micro
     47           * @details -   This table is allocated at the 0xFFFFFF80 location
     48           *              __root forces to populate the table in the output file
     49           */
     50          #pragma location = "Non_Maskable_Jump_interrupt_table"

   \                                 In section Non_Maskable_Jump_interrupt_table, align 4, root
     51          __root const intvec_elem NON_MASKABLE_JUMP_INTERRUPT_TABLE[] =
   \                     NON_MASKABLE_JUMP_INTERRUPT_TABLE:
   \   00000000   0x........         DC32 SFE(CSTACK), MicroJumptoResetHandler
   \              0x........   
     52          {
     53          { .__ptr = __sfe( "CSTACK" ) },
     54              MicroJumptoResetHandler,                    //1 Initial Program Counter
     55          };
     56          
     57          
     58          
     59          #pragma optimize=low

   \                                 In section .text, align 4, keep-with-next, root
     60          __root static void MicroJumptoResetHandler(void)
                        ^
Remark[Pe082]: storage class is not first
     61          {
   \                     MicroJumptoResetHandler: (+1)
   \   00000000   0xB580             PUSH     {R7,LR}
     62              ((intfunc)*(((uint32 *)&__ICFEDIT_INTERRUPT_TABLE_start__ + RESET_HANDLER_INDEX)))();
   \   00000002   0x4802             LDR.N    R0,??MicroJumptoResetHandler_0
   \   00000004   0x6840             LDR      R0,[R0, #+4]
   \   00000006   0x4780             BLX      R0
     63          }
   \   00000008   0xBD01             POP      {R0,PC}          ;; return
   \   0000000A   0xBF00             Nop      
   \                     ??MicroJumptoResetHandler_0:
   \   0000000C   0x........         DC32     __ICFEDIT_INTERRUPT_TABLE_start__
     64          
     65          #endif
     66          
     67          
     68          
     69          //=====================================================================================================================
     70          //-------------------------------------- Private Functions ------------------------------------------------------------
     71          //=====================================================================================================================
     72          
     73          

   Maximum stack usage in bytes:

   .cstack Function
   ------- --------
       8   MicroJumptoResetHandler
         8   -- Indirect call


   Section sizes:

   Bytes  Function/Label
   -----  --------------
      16  MicroJumptoResetHandler
       8  NON_MASKABLE_JUMP_INTERRUPT_TABLE

 
 16 bytes in section .text
  8 bytes in section Non_Maskable_Jump_interrupt_table
 
 16 bytes of CODE  memory
  8 bytes of CONST memory

Errors: none
Warnings: none
