###############################################################################
#
# IAR ANSI C/C++ Compiler V7.20.5.7591/W32 for ARM        06/Aug/2024  13:41:38
# Copyright 1999-2014 IAR Systems AB.
#
#    Cpu mode     =  thumb
#    Endian       =  little
#    Source file  =  
#        C:\Data\Python\Self_Commissioning_Bpm\source\ProjectSpecific\Application\MotorSelector\MotorSelector.c
#    Command line =  
#        -I./ -I../cx/ -I../cx/inc/ -ICategory/ -ICategory/Application/
#        -ICategory/Application/ThermalModel/
#        -ICategory/Application/ThermalModel/ThermalModelCore_DD/
#        -ICategory/Application/ThermalModel/ThermalModelCore_sBPM/
#        -ICategory/Common/ -ICategory/Common/BoardDebugging/
#        -ICategory/Common/MasterCommander/
#        -ICategory/Common/MasterCommander/Source/
#        -ICategory/Common/MasterCommander/Source/HAL/
#        -ICategory/Common/SelfCommissioning/ -ICategory/Hbl/
#        -IProjectSpecific/ -IProjectSpecific/Application/
#        -IProjectSpecific/Application/API007App/
#        -IProjectSpecific/Application/ModeManagement/
#        -IProjectSpecific/Application/MotorSelector/
#        -IProjectSpecific/Application/ProductInfo/
#        -IProjectSpecific/Application/SRMcuSpeedMonitor/
#        -IProjectSpecific/Application/ThermalModel/
#        -IProjectSpecific/CommonCore/ -IProjectSpecific/Driver/
#        -IProjectSpecific/MasterCommander/ -IProjectSpecific/Mci/
#        -IProjectSpecific/Mci/Mcl/ -IProjectSpecific/Mci/Mcl/old_xls/
#        -IXCategory/ -IXCategory/Application/
#        -IXCategory/Application/MciParametersLoader/
#        -IXCategory/Application/Mode/ -IXCategory/Application/Reveal_APIs/
#        -IXCategory/Application/Reveal_APIs/API003Disc/
#        -IXCategory/Application/Reveal_APIs/API004Debug/
#        -IXCategory/Application/Reveal_APIs/API005LowLevel/
#        -IXCategory/Application/Reveal_APIs/API007Data/
#        -IXCategory/Application/Reveal_APIs/API009System/
#        -IXCategory/Application/Reveal_APIs/API010PollVar/
#        -IXCategory/Application/Reveal_APIs/API011AppCtr/
#        -IXCategory/Application/Reveal_APIs/API013RemoteFunction/
#        -IXCategory/Application/Reveal_APIs/API018Diagnostic/
#        -IXCategory/Application/Reveal_APIs/API019ProductInfo/
#        -IXCategory/Application/Reveal_APIs/API220MotorControl/
#        -IXCategory/Application/Reveal_APIs/API220MotorControl/API/
#        -IXCategory/Application/Reveal_APIs/API221MotionCtrl/
#        -IXCategory/Application/Reveal_APIs/SRAPI020Safety/
#        -IXCategory/Application/SFUpdater/ -IXCategory/Common/
#        -IXCategory/Common/Crc16/ -IXCategory/Common/Crc8/
#        -IXCategory/Common/Log/ -IXCategory/Common/Millis/
#        -IXCategory/Common/SettingFile/ -IXCategory/Common/SRClockMonitor/
#        -IXCategory/Common/SRData/ -IXCategory/Common/SRException/
#        -IXCategory/Common/SRFlow/ -IXCategory/Common/SRIsrMonitor/
#        -IXCategory/Common/SRMain/ -IXCategory/Common/SRMcuSpeedMonitor/
#        -IXCategory/Common/SRPowerMgr/ -IXCategory/Common/SRSignature/
#        -IXCategory/Common/SRSystemConfig/
#        -IXCategory/Common/SRTimerReference/ -IXCategory/Common/SystemConfig/
#        -IXCategory/Common/SystemTimers/ -IXCategory/Common/Utilities/
#        -IXCategory/Driver/ -IXCategory/Driver/API/
#        -IXCategory/Driver/API/Comparator/ -IXCategory/Driver/API/DataFlash/
#        -IXCategory/Driver/API/Dma/ -IXCategory/Driver/API/Flash/
#        -IXCategory/Driver/API/Gpio/ -IXCategory/Driver/API/Micro/
#        -IXCategory/Driver/API/Spi/ -IXCategory/Driver/API/SRMCAtod/
#        -IXCategory/Driver/API/SRMCInputCapture/
#        -IXCategory/Driver/API/SRMCPwm/ -IXCategory/Driver/API/TimerInterrupt/
#        -IXCategory/Driver/API/Uart/ -IXCategory/Driver/Comparator/
#        -IXCategory/Driver/DataFlash/ -IXCategory/Driver/Dma/
#        -IXCategory/Driver/Flash/ -IXCategory/Driver/Gpio/
#        -IXCategory/Driver/Micro/ -IXCategory/Driver/Spi/
#        -IXCategory/Driver/SRMCAtod/ -IXCategory/Driver/SRMCInputCapture/
#        -IXCategory/Driver/SRMCPwm/ -IXCategory/Driver/TimerInterrupt/
#        -IXCategory/Driver/Uart/ -IXCategory/Hbl/ -IXCategory/Hbl/Mci/
#        -IXCategory/Hbl/Mci/InverterTemp/ -IXCategory/Hbl/Mci/Mcl/
#        -IXCategory/Hbl/Mci/Mcl/Braking/ -IXCategory/Hbl/Mci/Mcl/MacroBlocks/
#        -IXCategory/Hbl/Mci/Mcl/MclFvt/ -IXCategory/Hbl/Mci/Mcl/MicroBlocks/
#        -IXCategory/Hbl/Mci/Mcl/MicroBlocks/ClrkPark/
#        -IXCategory/Hbl/Mci/Mcl/MicroBlocks/Filters/
#        -IXCategory/Hbl/Mci/Mcl/MicroBlocks/Math/
#        -IXCategory/Hbl/Mci/Mcl/MicroBlocks/ObserverPmsm/
#        -IXCategory/Hbl/Mci/Mcl/MicroBlocks/Pi/
#        -IXCategory/Hbl/Mci/Mcl/MicroBlocks/PwmModulation/
#        -IXCategory/Hbl/Mci/Mcl/ResistanceEstimation/
#        -IXCategory/Hbl/Mci/PowerModuleManager/
#        -IXCategory/Hbl/Mci/SpeedRefGen/ -IXCategory/Hbl/Mci/SurgeRelay/
#        -IXCategory/Hbl/SRMotorSafetyMgr/
#        -IXCategory/Hbl/SRMotorSafetyMgr/API/ -IXCategory/Service/
#        -IXCategory/Service/Reveal/ -IXCategory/Service/Win/ --remarks
#        --no_tbaa --debug --use_c++_inline --only_stdout --dlib_config
#        ..\cx\inc\DLib_Config_Normal.h -r -D
#        ENABLE_JUMP_TO_APPLICATION_WITHOUT_IAP_FIRMWARE -D
#        SET_FLASH_OPTION_CONFIGURATION -D ARM_MATH_CM4 -e --silent
#        --endian=little --cpu Cortex-M4 --fpu=VFPv4_sp -Ohs -o
#        MotorSelector.obj -l ..\listings\MotorSelector.lst
#        C:\Data\Python\Self_Commissioning_Bpm\source\ProjectSpecific\Application\MotorSelector\MotorSelector.c
#    List file    =  ..\listings\MotorSelector.lst
#    Object file  =  MotorSelector.obj
#
###############################################################################

C:\Data\Python\Self_Commissioning_Bpm\source\ProjectSpecific\Application\MotorSelector\MotorSelector.c
      1           /**
      2           *  @file       
      3           *
      4           *  @brief      API007App module implementation
      5           *
      6           *  @details    This module takes care of reading and writing mechanism to the memory for bulk data storage.
      7           *
      8           *  @section    Applicable_Documents
      9           *                  List here all the applicable documents if needed. <tr>
     10           *
     11           *
     12           *  @copyright  Copyright 2013-$Date: 2013/09/13 10:23:07EDT $. Whirlpool Corporation. All rights reserved - CONFIDENTIAL
     13           */
     14          //---------------------------------------------------------------------------------------------------------------------
     15          //---------------------------------------------------------------------------------------------------------------------
     16          
     17          //-------------------------------------- Include Files ----------------------------------------------------------------
     18          #include "MotorSelector.h"
     19          #include "Mcl_Additional_sBPM_prm.h"

  PACKED typedef struct
         ^
"C:\Data\Python\Self_Commissioning_Bpm\source\XCategory\Common\SettingFile\SettingFile.h",39  Remark[Pe082]: 
          storage class is not first

   \                                 In section .data, align 4
   \   __absolute signed long Mcl_Additional_Params_sBPM_SF[40]
   \                     Mcl_Additional_Params_sBPM_SF:
   \   00000000   0x00000000         DC32 0, 0, 0, 0, 0, 0, 0, 950976884, 0, 1083179008, 1082526354
   \              0x00000000   
   \              0x00000000   
   \              0x00000000   
   \              0x00000000   
   \              0x00000000   
   \              0x00000000   
   \              0x38AEC174   
   \              0x00000000   
   \              0x40900000   
   \              0x40860A92   
   \   0000002C   0x41860A92         DC32 1099303570, 1099303570, 0, 0, 1034147594, 1036831949, 1045220557
   \              0x41860A92   
   \              0x00000000   
   \              0x00000000   
   \              0x3DA3D70A   
   \              0x3DCCCCCD   
   \              0x3E4CCCCD   
   \   00000048   0x00000000         DC32 0, 1128724400, 1064514355, 0, 0, 0, 0, 1017370378, 1028443341
   \              0x4346F7B0   
   \              0x3F733333   
   \              0x00000000   
   \              0x00000000   
   \              0x00000000   
   \              0x00000000   
   \              0x3CA3D70A   
   \              0x3D4CCCCD   
   \   0000006C   0x3A83126F         DC32 981668463, 0, 936490775, 1030899525, 1038153993, 0, 0, 19800, 100
   \              0x00000000   
   \              0x37D1B717   
   \              0x3D724745   
   \              0x3DE0F909   
   \              0x00000000   
   \              0x00000000   
   \              0x00004D58   
   \              0x00000064   
   \   00000090   0x00000FA0         DC32 4000, 4000, 1, 1
   \              0x00000FA0   
   \              0x00000001   
   \              0x00000001   
     20          #include "Mcl_Additional_DD_prm.h"

   \                                 In section .data, align 4
   \   __absolute signed long Mcl_Additional_Params_DD_SF[40]
   \                     Mcl_Additional_Params_DD_SF:
   \   00000000   0x3D4CCCCD         DC32 1028443341, 1068826100, 1028443341, 15, 0, 0, 0, 950976884, 8000
   \              0x3FB4FDF4   
   \              0x3D4CCCCD   
   \              0x0000000F   
   \              0x00000000   
   \              0x00000000   
   \              0x00000000   
   \              0x38AEC174   
   \              0x00001F40   
   \   00000024   0x40900000         DC32 1083179008, 1054242640, 1089553978, 1099413376, 0, 0, 1064279474
   \              0x3ED67750   
   \              0x40F1463A   
   \              0x4187B780   
   \              0x00000000   
   \              0x00000000   
   \              0x3F6F9DB2   
   \   00000040   0x3F95C28F         DC32 1066779279, 1075167887, 0, 1099303570, 1064514355, 1, 0, 0, 1
   \              0x4015C28F   
   \              0x00000000   
   \              0x41860A92   
   \              0x3F733333   
   \              0x00000001   
   \              0x00000000   
   \              0x00000000   
   \              0x00000001   
   \   00000064   0x3CA3D70A         DC32 1017370378, 1028443341, 981668463, 0, 936490775, 1039663943
   \              0x3D4CCCCD   
   \              0x3A83126F   
   \              0x00000000   
   \              0x37D1B717   
   \              0x3DF80347   
   \   0000007C   0x3E664C30         DC32 1046891568, 0, 0, 2000, 10, 85, 50, 1, 1
   \              0x00000000   
   \              0x00000000   
   \              0x000007D0   
   \              0x0000000A   
   \              0x00000055   
   \              0x00000032   
   \              0x00000001   
   \              0x00000001   
     21          #include "Mcl_Complete_sBPM_prm.h"

   \                                 In section .data, align 4
     22          #include "Mcl_Complete_DD_prm.h"
     23          
     24          #include "Mci.h"
     25          #include "SettingFile.h"
     26          
     27          //-------------------------------------- PUBLIC (Variables) -----------------------------------------------------------
     28          unsigned long int* Mcl_Params_SF;
     29          //-------------------------------------- PRIVATE (Variables, Constants & Defines) -------------------------------------
     30          
     31          //-------------------------------------- PRIVATE (Function Prototypes) ------------------------------------------------
     32          //=====================================================================================================================
     33          
     34          //-------------------------------------- Public Functions -------------------------------------------------------------
     35          //=====================================================================================================================
     36          
     37          uint8 Motor_Selector_Params_Raady = FALSE;
   \                     Motor_Selector_Params_Raady:
   \   00000000   0x00               DC8 0
   \   00000001   0x00 0x00          DC8 0, 0, 0
   \              0x00         
   \                     Mcl_Params_SF:
   \   00000004   0x00 0x00          DC8 0, 0, 0, 0
   \              0x00 0x00    
   \   __absolute unsigned long Mcl_Complete_Params_sBPM_SF[311]
   \                     Mcl_Complete_Params_sBPM_SF:
   \   00000008   0x3F7FFEB1         DC32 1065352881, 1077390868, 1041865114, 1042536203, 1083179008
   \              0x4037AE14   
   \              0x3E19999A   
   \              0x3E23D70B   
   \              0x40900000   
   \   0000001C   0x40860A8B         DC32 1082526347, 0, 1034751574, 1114636288, 0, 1056964608, 1109888301
   \              0x00000000   
   \              0x3DAD0E56   
   \              0x42700000   
   \              0x00000000   
   \              0x3F000000   
   \              0x42278D2D   
   \   00000038   0x40800000         DC32 1082130432, 500, 1122762752, 1046101361, 948114031, 1126552699
   \              0x000001F4   
   \              0x42EC0000   
   \              0x3E5A3D71   
   \              0x3883126F   
   \              0x4325D47B   
   \   00000050   0x000003E8         DC32 1000, 956502639, 1066611507, 1092616192, 1048576000, 1153138688
   \              0x3903126F   
   \              0x3F933333   
   \              0x41200000   
   \              0x3E800000   
   \              0x44BB8000   
   \   00000068   0x41960000         DC32 1100349440, 1156456448, 80, 1125515264, 1069547521, 1174011904
   \              0x44EE2000   
   \              0x00000050   
   \              0x43160000   
   \              0x3FC00001   
   \              0x45FA0000   
   \   00000080   0x42E10001         DC32 1122041857, 1180352512, 120, 1125515264, 1069547521, 1174011904
   \              0x465AC000   
   \              0x00000078   
   \              0x43160000   
   \              0x3FC00001   
   \              0x45FA0000   
   \   00000098   0x42E10001         DC32 1122041857, 1184645120, 120, 1034751574, 1045220557, 1000
   \              0x469C4000   
   \              0x00000078   
   \              0x3DAD0E56   
   \              0x3E4CCCCD   
   \              0x000003E8   
   \   000000B0   0x38D1B717         DC32 953267991, 1101499693, 1067030938, 1058306785, 1056964608
   \              0x41A78D2D   
   \              0x3F99999A   
   \              0x3F147AE1   
   \              0x3F000000   
   \   000000C4   0x3F7AE148         DC32 1065017672, 1073510186, 1116684715, 1103036985, 5, 72, 4000, 600
   \              0x3FFC772A   
   \              0x428F41AB   
   \              0x41BF0239   
   \              0x00000005   
   \              0x00000048   
   \              0x00000FA0   
   \              0x00000258   
   \   000000E4   0x00000258         DC32 600, 1111683235, 4000, 1082130432, 1084227584, 1065353216, 600
   \              0x4242F0A3   
   \              0x00000FA0   
   \              0x40800000   
   \              0x40A00000   
   \              0x3F800000   
   \              0x00000258   
   \   00000100   0x00000258         DC32 600, 400, 1025758986, 1025758986, 1033896607, 100, 1133903872
   \              0x00000190   
   \              0x3D23D70A   
   \              0x3D23D70A   
   \              0x3DA0029F   
   \              0x00000064   
   \              0x43960000   
   \   0000011C   0x4037AE14         DC32 1077390868, 1078530000, 14400, 7, 1154859008, 2400, 3, 12000, 3
   \              0x40490FD0   
   \              0x00003840   
   \              0x00000007   
   \              0x44D5C000   
   \              0x00000960   
   \              0x00000003   
   \              0x00002EE0   
   \              0x00000003   
   \   00000140   0x4037AE14         DC32 1077390868, 1130895770, 1051878832, 999108151, 1103626240, 1024
   \              0x4368199A   
   \              0x3EB265B0   
   \              0x3B8D2E37   
   \              0x41C80000   
   \              0x00000400   
   \   00000158   0x42960000         DC32 1117126656, 1097859072, 1126552699, 0, 0, 1066611507, 1114636288
   \              0x41700000   
   \              0x4325D47B   
   \              0x00000000   
   \              0x00000000   
   \              0x3F933333   
   \              0x42700000   
   \   00000174   0x40500001         DC32 1078984705, 1114636288, 1078984705, 0, 0, 0, 0, 0, 0, 0, 0, 0, 0
   \              0x42700000   
   \              0x40500001   
   \              0x00000000   
   \              0x00000000   
   \              0x00000000   
   \              0x00000000   
   \              0x00000000   
   \              0x00000000   
   \              0x00000000   
   \              0x00000000   
   \              0x00000000   
   \              0x00000000   
   \   000001A8   0x00000000         DC32 0, 0, 0, 0, 1169915904, 8, 1065353216, 0, 1017998517, 1065353216
   \              0x00000000   
   \              0x00000000   
   \              0x00000000   
   \              0x45BB8000   
   \              0x00000008   
   \              0x3F800000   
   \              0x00000000   
   \              0x3CAD6CB5   
   \              0x3F800000   
   \   000001D0   0x3CAD6CB5         DC32 1017998517, 1073741824, 1017998517, 1077936128, 1017998517
   \              0x40000000   
   \              0x3CAD6CB5   
   \              0x40400000   
   \              0x3CAD6CB5   
   \   000001E4   0x40800000         DC32 1082130432, 1017998517, 1084227584, 1017998517, 1086324736
   \              0x3CAD6CB5   
   \              0x40A00000   
   \              0x3CAD6CB5   
   \              0x40C00000   
   \   000001F8   0x3CAD6CB5         DC32 1017998517, 1088421888, 1017998517, 0, 1021364698, 1065353216
   \              0x40E00000   
   \              0x3CAD6CB5   
   \              0x00000000   
   \              0x3CE0C9DA   
   \              0x3F800000   
   \   00000210   0x3CE37DE9         DC32 1021541865, 1073741824, 1021353960, 1077936128, 1020838564
   \              0x40000000   
   \              0x3CE09FE8   
   \              0x40400000   
   \              0x3CD8C2A4   
   \   00000224   0x40800000         DC32 1082130432, 1019657448, 1084227584, 1019136684, 1086324736
   \              0x3CC6BCE8   
   \              0x40A00000   
   \              0x3CBECAAC   
   \              0x40C00000   
   \   00000238   0x3CB7952D         DC32 1018664237, 1088421888, 1018664237, 0, 0, 1065353216, 0
   \              0x40E00000   
   \              0x3CB7952D   
   \              0x00000000   
   \              0x00000000   
   \              0x3F800000   
   \              0x00000000   
   \   00000254   0x40000000         DC32 1073741824, 0, 1077936128, 0, 1082130432, 0, 1084227584, 0
   \              0x00000000   
   \              0x40400000   
   \              0x00000000   
   \              0x40800000   
   \              0x00000000   
   \              0x40A00000   
   \              0x00000000   
   \   00000274   0x40C00000         DC32 1086324736, 0, 1088421888, 0, 1108344832, 1079194419, 1034751574
   \              0x00000000   
   \              0x40E00000   
   \              0x00000000   
   \              0x42100000   
   \              0x40533333   
   \              0x3DAD0E56   
   \   00000290   0x000003E8         DC32 1000, 3196395192, 0, 1065353216, 1029120114, 933246452, 1144095376
   \              0xBE851EB8   
   \              0x00000000   
   \              0x3F800000   
   \              0x3D572072   
   \              0x37A035F4   
   \              0x44318290   
   \   000002AC   0x00000014         DC32 20, 1025531393, 930763853, 1149337273, 20, 1021192912, 926170291
   \              0x3D205E01   
   \              0x377A544D   
   \              0x44817EB9   
   \              0x00000014   
   \              0x3CDE2AD0   
   \              0x37343CB3   
   \   000002C8   0x457F5A3E         DC32 1165974078, 20, 1011573886, 916206747, 1185132544, 20, 1075838976
   \              0x00000014   
   \              0x3C4B647E   
   \              0x369C349B   
   \              0x46A3B000   
   \              0x00000014   
   \              0x40200000   
   \   000002E4   0x3F800000         DC32 1065353216, 1086324736, 16, 1080332873, 0, 1034872370, 1049582633
   \              0x40C00000   
   \              0x00000010   
   \              0x40649249   
   \              0x00000000   
   \              0x3DAEE632   
   \              0x3E8F5C29   
   \   00000300   0x3DAF1AA0         DC32 1034885792, 1057971241, 1035275023, 1062668861, 1035879003
   \              0x3F0F5C29   
   \              0x3DB50B0F   
   \              0x3F570A3D   
   \              0x3DBE425B   
   \   00000314   0x3F8F5C29         DC32 1066359849, 1036684309, 1068708659, 1037650677, 1071057469
   \              0x3DCA8C15   
   \              0x3FB33333   
   \              0x3DD94AF5   
   \              0x3FD70A3D   
   \   00000328   0x3DE0DED3         DC32 1038147283, 1073406280, 1038362031, 1074748457, 1038536514
   \              0x3FFAE148   
   \              0x3DE425AF   
   \              0x400F5C29   
   \              0x3DE6CF42   
   \   0000033C   0x402147AE         DC32 1075922862, 1039690786, 1077097267, 1040529647, 1078271672
   \              0x3DF86C22   
   \              0x40333333   
   \              0x3E0538EF   
   \              0x40451EB8   
   \   00000350   0x3E0EBEE0         DC32 1041153760, 1079446077, 1041791294, 1080620483, 1042435539
   \              0x40570A3D   
   \              0x3E18793E   
   \              0x4068F5C3   
   \              0x3E224DD3   
   \   00000364   0x407AE148         DC32 1081794888, 1043079784, 1082549862, 1043079784, 16, 1119211893
   \              0x3E2C2268   
   \              0x40866666   
   \              0x3E2C2268   
   \              0x00000010   
   \              0x42B5D175   
   \   0000037C   0x3BE56042         DC32 1004888130, 1032013532, 1016296636, 1053340729, 1022202216
   \              0x3D8346DC   
   \              0x3C9374BC   
   \              0x3EC8B439   
   \              0x3CED9168   
   \   00000390   0x3F27CED9         DC32 1059573465, 1025758986, 1063745959, 1028711776, 1066515877
   \              0x3D23D70A   
   \              0x3F6779A7   
   \              0x3D50E560   
   \              0x3F91BDA5   
   \   000003A4   0x3D7DF3B6         DC32 1031664566, 1068337883, 1033208070, 1069982889, 1034684465
   \              0x3FAD8ADB   
   \              0x3D958106   
   \              0x3FC6A4A9   
   \              0x3DAC0831   
   \   000003B8   0x3FD99653         DC32 1071224403, 1036160860, 1074077788, 1037637255, 1076249179
   \              0x3DC28F5C   
   \              0x4005205C   
   \              0x3DD91687   
   \              0x4026425B   
   \   000003CC   0x3DEF9DB2         DC32 1039113650, 1078751501, 1040388719, 1079194419, 1041126916
   \              0x404C710D   
   \              0x3E03126F   
   \              0x40533333   
   \              0x3E0E5604   
   \   000003E0   0x40533333         DC32 1079194419, 1041865114, 1079194419, 1042603311, 1079194419
   \              0x3E19999A   
   \              0x40533333   
   \              0x3E24DD2F   
   \              0x40533333   
   \   000003F4   0x3E3020C5         DC32 1043341509, 1079194419, 8, 1065353216, 1065353216, 1034751574
   \              0x40533333   
   \              0x00000008   
   \              0x3F800000   
   \              0x3F800000   
   \              0x3DAD0E56   
   \   0000040C   0x40000000         DC32 1073741824, 1034751574, 1077936128, 1034751574, 1082130432
   \              0x3DAD0E56   
   \              0x40400000   
   \              0x3DAD0E56   
   \              0x40800000   
   \   00000420   0x3DAD0E56         DC32 1034751574, 1084227584, 1034751574, 1086324736, 1034751574
   \              0x40A00000   
   \              0x3DAD0E56   
   \              0x40C00000   
   \              0x3DAD0E56   
   \   00000434   0x40E00000         DC32 1088421888, 1034751574, 1090519040, 1034751574, 0, 0, 0, 0, 0, 0
   \              0x3DAD0E56   
   \              0x41000000   
   \              0x3DAD0E56   
   \              0x00000000   
   \              0x00000000   
   \              0x00000000   
   \              0x00000000   
   \              0x00000000   
   \              0x00000000   
   \   0000045C   0x00000000         DC32 0, 950976884, 0, 1083179008, 1082526354, 1099303570, 1099303570, 0
   \              0x38AEC174   
   \              0x00000000   
   \              0x40900000   
   \              0x40860A92   
   \              0x41860A92   
   \              0x41860A92   
   \              0x00000000   
   \   0000047C   0x00000000         DC32 0, 1034147594, 1036831949, 1045220557, 0, 1128724400, 1064514355
   \              0x3DA3D70A   
   \              0x3DCCCCCD   
   \              0x3E4CCCCD   
   \              0x00000000   
   \              0x4346F7B0   
   \              0x3F733333   
   \   00000498   0x00000000         DC32 0, 0, 0, 0, 1017370378, 1028443341, 981668463, 0, 936490775
   \              0x00000000   
   \              0x00000000   
   \              0x00000000   
   \              0x3CA3D70A   
   \              0x3D4CCCCD   
   \              0x3A83126F   
   \              0x00000000   
   \              0x37D1B717   
   \   000004BC   0x3D724745         DC32 1030899525, 1038153993, 0, 0, 19800, 100, 4000, 4000, 1, 1
   \              0x3DE0F909   
   \              0x00000000   
   \              0x00000000   
   \              0x00004D58   
   \              0x00000064   
   \              0x00000FA0   
   \              0x00000FA0   
   \              0x00000001   
   \              0x00000001   

   \                                 In section .data, align 4
   \   __absolute unsigned long Mcl_Complete_Params_DD_SF[311]
   \                     Mcl_Complete_Params_DD_SF:
   \   00000000   0x3F7FBE77         DC32 1065336439, 1085485875, 1032805417, 1042536203, 1083179008
   \              0x40B33333   
   \              0x3D8F5C29   
   \              0x3E23D70B   
   \              0x40900000   
   \   00000014   0x3ED67745         DC32 1054242629, 0, 1043408617, 1114636288, 0, 1056964608, 1109888301
   \              0x00000000   
   \              0x3E3126E9   
   \              0x42700000   
   \              0x00000000   
   \              0x3F000000   
   \              0x42278D2D   
   \   00000030   0x41900000         DC32 1099956224, 500, 1116471296, 1028443341, 948114031, 1128383119
   \              0x000001F4   
   \              0x428C0000   
   \              0x3D4CCCCD   
   \              0x3883126F   
   \              0x4341C28F   
   \   00000048   0x000003E8         DC32 1000, 956502639, 1066611507, 1075838976, 1023410176, 1133903872
   \              0x3903126F   
   \              0x3F933333   
   \              0x40200000   
   \              0x3D000000   
   \              0x43960000   
   \   00000060   0x40F2FAE2         DC32 1089665762, 1128792064, 80, 1098996777, 1041999332, 1167669023
   \              0x43480000   
   \              0x00000050   
   \              0x41815C29   
   \              0x3E1BA5E4   
   \              0x4599371F   
   \   00000078   0x43354001         DC32 1127563265, 1145569280, 120, 1097722757, 1042888524, 1167669043
   \              0x44480000   
   \              0x00000078   
   \              0x416DEB85   
   \              0x3E29374C   
   \              0x45993733   
   \   00000090   0x43354001         DC32 1127563265, 1153138688, 120, 1043408617, 1056964608, 1000
   \              0x44BB8000   
   \              0x00000078   
   \              0x3E3126E9   
   \              0x3F000000   
   \              0x000003E8   
   \   000000A8   0x3A378034         DC32 976715828, 1070141392, 1068708659, 0, 1056964608, 1065353216
   \              0x3FC90FD0   
   \              0x3FB33333   
   \              0x00000000   
   \              0x3F000000   
   \              0x3F800000   
   \   000000C0   0x3E5B399B         DC32 1046165915, 1074137739, 1074137739, 0, 72, 4000, 600, 600
   \              0x40060A8B   
   \              0x40060A8B   
   \              0x00000000   
   \              0x00000048   
   \              0x00000FA0   
   \              0x00000258   
   \              0x00000258   
   \   000000E0   0x425002E2         DC32 1112539874, 4000, 1082130432, 1084227584, 1065353216, 600, 600
   \              0x00000FA0   
   \              0x40800000   
   \              0x40A00000   
   \              0x3F800000   
   \              0x00000258   
   \              0x00000258   
   \   000000FC   0x00000190         DC32 400, 1025758986, 1025758986, 1033896607, 100, 1133903872
   \              0x3D23D70A   
   \              0x3D23D70A   
   \              0x3DA0029F   
   \              0x00000064   
   \              0x43960000   
   \   00000114   0x40B33333         DC32 1085485875, 1050728819, 14400, 7, 1126891520, 2400, 3, 12000, 3
   \              0x3EA0D973   
   \              0x00003840   
   \              0x00000007   
   \              0x432B0000   
   \              0x00000960   
   \              0x00000003   
   \              0x00002EE0   
   \              0x00000003   
   \   00000138   0x40B33333         DC32 1085485875, 1130895770, 1043782510, 999108151, 1103626240, 1024
   \              0x4368199A   
   \              0x3E36DB6E   
   \              0x3B8D2E37   
   \              0x41C80000   
   \              0x00000400   
   \   00000150   0x41000000         DC32 1090519040, 1073741824, 1128383119, 0, 0, 1066611507, 1114636288
   \              0x40000000   
   \              0x4341C28F   
   \              0x00000000   
   \              0x00000000   
   \              0x3F933333   
   \              0x42700000   
   \   0000016C   0x40500001         DC32 1078984705, 1114636288, 1078984705, 0, 0, 0, 0, 0, 0, 0, 0, 0, 0
   \              0x42700000   
   \              0x40500001   
   \              0x00000000   
   \              0x00000000   
   \              0x00000000   
   \              0x00000000   
   \              0x00000000   
   \              0x00000000   
   \              0x00000000   
   \              0x00000000   
   \              0x00000000   
   \              0x00000000   
   \   000001A0   0x00000000         DC32 0, 0, 0, 0, 1128792064, 8, 1065353216, 0, 1027967942, 1065353216
   \              0x00000000   
   \              0x00000000   
   \              0x00000000   
   \              0x43480000   
   \              0x00000008   
   \              0x3F800000   
   \              0x00000000   
   \              0x3D458BC6   
   \              0x3F800000   
   \   000001C8   0x3D458BC6         DC32 1027967942, 1073741824, 1027967942, 1077936128, 1027967942
   \              0x40000000   
   \              0x3D458BC6   
   \              0x40400000   
   \              0x3D458BC6   
   \   000001DC   0x40800000         DC32 1082130432, 1027459525, 1084227584, 1026939028, 1086324736
   \              0x3D3DC9C5   
   \              0x40A00000   
   \              0x3D35D894   
   \              0x40C00000   
   \   000001F0   0x3D2BCC6D         DC32 1026280557, 1088421888, 1025755496, 0, 1028113165, 1065353216
   \              0x40E00000   
   \              0x3D23C968   
   \              0x00000000   
   \              0x3D47C30D   
   \              0x3F800000   
   \   00000208   0x3D4767D3         DC32 1028089811, 1073741824, 1028066189, 1077936128, 1028044446
   \              0x40000000   
   \              0x3D470B8D   
   \              0x40400000   
   \              0x3D46B69E   
   \   0000021C   0x40800000         DC32 1082130432, 1027777621, 1084227584, 1027257125, 1086324736
   \              0x3D42A455   
   \              0x40A00000   
   \              0x3D3AB325   
   \              0x40C00000   
   \   00000230   0x3D30A6FC         DC32 1026598652, 1088421888, 1025805157, 0, 0, 1065353216, 0
   \              0x40E00000   
   \              0x3D248B65   
   \              0x00000000   
   \              0x00000000   
   \              0x3F800000   
   \              0x00000000   
   \   0000024C   0x40000000         DC32 1073741824, 0, 1077936128, 0, 1082130432, 0, 1084227584, 0
   \              0x00000000   
   \              0x40400000   
   \              0x00000000   
   \              0x40800000   
   \              0x00000000   
   \              0x40A00000   
   \              0x00000000   
   \   0000026C   0x40C00000         DC32 1086324736, 0, 1088421888, 0, 1109645067, 1104150528, 1043408617
   \              0x00000000   
   \              0x40E00000   
   \              0x00000000   
   \              0x4223D70B   
   \              0x41D00000   
   \              0x3E3126E9   
   \   00000288   0x000003E8         DC32 1000, 3196395192, 1106247680, 1048576000, 1087359737, 993002310
   \              0xBE851EB8   
   \              0x41F00000   
   \              0x3E800000   
   \              0x40CFCAF9   
   \              0x3B300346   
   \   000002A0   0x42740000         DC32 1114898432, 20, 1085757630, 990644008, 1122369536, 20, 1083454601
   \              0x00000014   
   \              0x40B758BE   
   \              0x3B0C0728   
   \              0x42E60000   
   \              0x00000014   
   \              0x40943489   
   \   000002BC   0x3B0881F9         DC32 990413305, 1140490240, 20, 1066192747, 965775535, 1156415488, 20
   \              0x43FA8000   
   \              0x00000014   
   \              0x3F8CCF6B   
   \              0x399090AF   
   \              0x44ED8000   
   \              0x00000014   
   \   000002D8   0x400CCCCD         DC32 1074580685, 1092616192, 1104674816, 16, 1055586398, 1069052592
   \              0x41200000   
   \              0x41D80000   
   \              0x00000010   
   \              0x3EEAF85E   
   \              0x3FB872B0   
   \   000002F0   0x3E322D0E         DC32 1043475726, 1080536596, 1043677053, 1085903208, 1044012597
   \              0x4067AE14   
   \              0x3E353F7D   
   \              0x40B99168   
   \              0x3E3A5E35   
   \   00000304   0x40FF4BC7         DC32 1090472903, 1044549468, 1092780818, 1045220557, 1095065666
   \              0x3E428F5C   
   \              0x41228312   
   \              0x3E4CCCCD   
   \              0x41456042   
   \   00000318   0x3E591687         DC32 1046025863, 1097350513, 1046898278, 1099271504, 1047904911
   \              0x41683D71   
   \              0x3E666666   
   \              0x41858D50   
   \              0x3E75C28F   
   \   0000032C   0x4196FBE7         DC32 1100413927, 1048743772, 1101556351, 1049112871, 1102698775
   \              0x3E828F5C   
   \              0x41A86A7F   
   \              0x3E883127   
   \              0x41B9D917   
   \   00000340   0x3E8F5C29         DC32 1049582633, 1103841198, 1050085949, 1104983622, 1050253722
   \              0x41CB47AE   
   \              0x3E970A3D   
   \              0x41DCB646   
   \              0x3E99999A   
   \   00000354   0x41EE24DD         DC32 1106126045, 1050253722, 1107268469, 1050253722, 1107853574
   \              0x3E99999A   
   \              0x41FF9375   
   \              0x3E99999A   
   \              0x42088106   
   \   00000368   0x3E99999A         DC32 1050253722, 16, 1114327882, 1018444120, 1074618434, 1025490551
   \              0x00000010   
   \              0x426B4B4A   
   \              0x3CB43958   
   \              0x400D6042   
   \              0x3D1FBE77   
   \   00000380   0x407A8F5C         DC32 1081773916, 1030053954, 1085538304, 1033208070, 1089126531
   \              0x3D656042   
   \              0x40B40000   
   \              0x3D958106   
   \              0x40EAC083   
   \   00000394   0x3DB851EC         DC32 1035489772, 1091611656, 1037771473, 1093399478, 1040053174
   \              0x4110AC08   
   \              0x3DDB22D1   
   \              0x412BF3B6   
   \              0x3DFDF3B6   
   \   000003A8   0x41473F7D         DC32 1095188349, 1041261134, 1096982462, 1042401985, 1098775527
   \              0x3E10624E   
   \              0x41629FBE   
   \              0x3E21CAC1   
   \              0x417DFBE7   
   \   000003BC   0x3E333333         DC32 1043542835, 1099736023, 1044683686, 1100629934, 1045824537
   \              0x418CA3D7   
   \              0x3E449BA6   
   \              0x419A47AE   
   \              0x3E560419   
   \   000003D0   0x41A7ED91         DC32 1101524369, 1046965387, 1102421950, 1048106238, 1103317959
   \              0x3E676C8B   
   \              0x41B59FBE   
   \              0x3E78D4FE   
   \              0x41C34BC7   
   \   000003E4   0x3E851EB8         DC32 1048911544, 1104212394, 1049481970, 1106490635, 8, 1065353216
   \              0x41D0F1AA   
   \              0x3E8DD2F2   
   \              0x41F3B50B   
   \              0x00000008   
   \              0x3F800000   
   \   000003FC   0x3F800000         DC32 1065353216, 1043408617, 1073741824, 1043408617, 1077936128
   \              0x3E3126E9   
   \              0x40000000   
   \              0x3E3126E9   
   \              0x40400000   
   \   00000410   0x3E3126E9         DC32 1043408617, 1082130432, 1043408617, 1084227584, 1042737529
   \              0x40800000   
   \              0x3E3126E9   
   \              0x40A00000   
   \              0x3E26E979   
   \   00000424   0x40C00000         DC32 1086324736, 1042066440, 1088421888, 1041865114, 1090519040
   \              0x3E1CAC08   
   \              0x40E00000   
   \              0x3E19999A   
   \              0x41000000   
   \   00000438   0x3E19999A         DC32 1041865114, 1028443341, 1068826100, 1028443341, 15, 0, 0, 0
   \              0x3D4CCCCD   
   \              0x3FB4FDF4   
   \              0x3D4CCCCD   
   \              0x0000000F   
   \              0x00000000   
   \              0x00000000   
   \              0x00000000   
   \   00000458   0x38AEC174         DC32 950976884, 8000, 1083179008, 1054242640, 1089553978, 1099413376, 0
   \              0x00001F40   
   \              0x40900000   
   \              0x3ED67750   
   \              0x40F1463A   
   \              0x4187B780   
   \              0x00000000   
   \   00000474   0x00000000         DC32 0, 1064279474, 1066779279, 1075167887, 0, 1099303570, 1064514355
   \              0x3F6F9DB2   
   \              0x3F95C28F   
   \              0x4015C28F   
   \              0x00000000   
   \              0x41860A92   
   \              0x3F733333   
   \   00000490   0x00000001         DC32 1, 0, 0, 1, 1017370378, 1028443341, 981668463, 0, 936490775
   \              0x00000000   
   \              0x00000000   
   \              0x00000001   
   \              0x3CA3D70A   
   \              0x3D4CCCCD   
   \              0x3A83126F   
   \              0x00000000   
   \              0x37D1B717   
   \   000004B4   0x3DF80347         DC32 1039663943, 1046891568, 0, 0, 2000, 10, 85, 50, 1, 1
   \              0x3E664C30   
   \              0x00000000   
   \              0x00000000   
   \              0x000007D0   
   \              0x0000000A   
   \              0x00000055   
   \              0x00000032   
   \              0x00000001   
   \              0x00000001   
     38          
     39          //---------------------------------------------------------------------------------------------------------------------
     40          /**
     41           *  @brief      It Initializes the module and its variables
     42           *
     43           */

   \                                 In section .text, align 2, keep-with-next
     44          void MotorSelector__Initialize(void)
     45          {
     46              SETTINGFILE_LOADER_TYPE temp_ptr;
                                             ^
Warning[Pe177]: variable "temp_ptr" was declared but never referenced
     47          #ifndef    MCI_INTERNAL_PARAMS
     48          
     49              Motor_Selector_Params_Raady = FALSE;
     50          
     51              if((SettingFile__IsValid() == TRUE) &&
     52              (SettingFile__BasicLoader(SF_PTR_MCU_CLASS_A_MCI, SF_DISPL_MOTOR_OTE, &temp_ptr) == PASS))
     53              {
     54                  Mcl_Params_SF = Mcl_Additional_Params_sBPM_SF;
     55          
     56                  Motor_Selector_Params_Raady = TRUE;
     57              }
     58              else if((SettingFile__IsValid() == TRUE) &&
     59              (SettingFile__BasicLoader(SF_PTR_MCU_CLASS_A_MCI, SF_DISPL_OTE_DD, &temp_ptr) == PASS))
     60              {
     61                  Mcl_Params_SF = Mcl_Additional_Params_DD_SF;
     62          
     63                  Motor_Selector_Params_Raady = TRUE;
     64              }
     65          #else
     66              #if 1
     67              Mcl_Params_SF = Mcl_Complete_Params_sBPM_SF;
   \                     MotorSelector__Initialize: (+1)
   \   00000000   0x....             LDR.N    R0,??DataTable0
   \   00000002   0xF100 0x0108      ADD      R1,R0,#+8
   \   00000006   0x6041             STR      R1,[R0, #+4]
     68              #else
     69              Mcl_Params_SF = Mcl_Complete_Params_DD_SF;
     70              #endif
     71          
     72              Motor_Selector_Params_Raady = TRUE;
   \   00000008   0x2101             MOVS     R1,#+1
   \   0000000A   0x7001             STRB     R1,[R0, #+0]
     73          #endif
     74          }
   \   0000000C   0x4770             BX       LR               ;; return
     75          
     76          
     77          //----------------------------------------------------------------------------------------------------------
     78          /**
     79           * @brief Writing and Reading handlers
     80           *
     81           */
     82          

   \                                 In section .text, align 2, keep-with-next
     83          void MotorSelector__Handler (void)
     84          {
     85              SETTINGFILE_LOADER_TYPE temp_ptr;
                                             ^
Warning[Pe177]: variable "temp_ptr" was declared but never referenced
     86          #ifndef    MCI_INTERNAL_PARAMS
     87          
     88              if(Motor_Selector_Params_Raady == FALSE)
     89              {
     90                  if((SettingFile__IsValid() == TRUE) &&
     91                  (SettingFile__BasicLoader(SF_PTR_MCU_CLASS_A_MCI, SF_DISPL_MOTOR_OTE, &temp_ptr) == PASS))
     92                  {
     93                      Mcl_Params_SF = Mcl_Additional_Params_sBPM_SF;
     94                      Motor_Selector_Params_Raady = TRUE;
     95                  }
     96                  else if((SettingFile__IsValid() == TRUE) &&
     97                  (SettingFile__BasicLoader(SF_PTR_MCU_CLASS_A_MCI, SF_DISPL_OTE_DD, &temp_ptr) == PASS))
     98                  {
     99                      Mcl_Params_SF = Mcl_Additional_Params_DD_SF;
    100                      Motor_Selector_Params_Raady = TRUE;
    101                  }
    102              }
    103          #endif
    104          }
   \                     MotorSelector__Handler: (+1)
   \   00000000   0x4770             BX       LR               ;; return

   \                                 In section .text, align 4, keep-with-next
   \                     ??DataTable0:
   \   00000000   0x........         DC32     Motor_Selector_Params_Raady

   Maximum stack usage in bytes:

   .cstack Function
   ------- --------
       0   MotorSelector__Handler
       0   MotorSelector__Initialize


   Section sizes:

   Bytes  Function/Label
   -----  --------------
       4  ??DataTable0
     160  Mcl_Additional_Params_DD_SF
     160  Mcl_Additional_Params_sBPM_SF
    1244  Mcl_Complete_Params_DD_SF
       2  MotorSelector__Handler
      14  MotorSelector__Initialize
    1252  Motor_Selector_Params_Raady
          Mcl_Params_SF
          Mcl_Complete_Params_sBPM_SF

 
 2 816 bytes in section .data
    20 bytes in section .text
 
    20 bytes of CODE memory
 2 816 bytes of DATA memory

Errors: none
Warnings: 2
