###############################################################################
#
# IAR ANSI C/C++ Compiler V7.20.5.7591/W32 for ARM        06/Aug/2024  13:42:29
# Copyright 1999-2014 IAR Systems AB.
#
#    Cpu mode     =  thumb
#    Endian       =  little
#    Source file  =  
#        C:\Data\Python\Self_Commissioning_Bpm\source\XCategory\Hbl\Mci\Mcl\ResistanceEstimation\ResistanceEstimation.c
#    Command line =  
#        -I./ -I../cx/ -I../cx/inc/ -ICategory/ -ICategory/Application/
#        -ICategory/Application/ThermalModel/
#        -ICategory/Application/ThermalModel/ThermalModelCore_DD/
#        -ICategory/Application/ThermalModel/ThermalModelCore_sBPM/
#        -ICategory/Common/ -ICategory/Common/BoardDebugging/
#        -ICategory/Common/MasterCommander/
#        -ICategory/Common/MasterCommander/Source/
#        -ICategory/Common/MasterCommander/Source/HAL/
#        -ICategory/Common/SelfCommissioning/ -ICategory/Hbl/
#        -IProjectSpecific/ -IProjectSpecific/Application/
#        -IProjectSpecific/Application/API007App/
#        -IProjectSpecific/Application/ModeManagement/
#        -IProjectSpecific/Application/MotorSelector/
#        -IProjectSpecific/Application/ProductInfo/
#        -IProjectSpecific/Application/SRMcuSpeedMonitor/
#        -IProjectSpecific/Application/ThermalModel/
#        -IProjectSpecific/CommonCore/ -IProjectSpecific/Driver/
#        -IProjectSpecific/MasterCommander/ -IProjectSpecific/Mci/
#        -IProjectSpecific/Mci/Mcl/ -IProjectSpecific/Mci/Mcl/old_xls/
#        -IXCategory/ -IXCategory/Application/
#        -IXCategory/Application/MciParametersLoader/
#        -IXCategory/Application/Mode/ -IXCategory/Application/Reveal_APIs/
#        -IXCategory/Application/Reveal_APIs/API003Disc/
#        -IXCategory/Application/Reveal_APIs/API004Debug/
#        -IXCategory/Application/Reveal_APIs/API005LowLevel/
#        -IXCategory/Application/Reveal_APIs/API007Data/
#        -IXCategory/Application/Reveal_APIs/API009System/
#        -IXCategory/Application/Reveal_APIs/API010PollVar/
#        -IXCategory/Application/Reveal_APIs/API011AppCtr/
#        -IXCategory/Application/Reveal_APIs/API013RemoteFunction/
#        -IXCategory/Application/Reveal_APIs/API018Diagnostic/
#        -IXCategory/Application/Reveal_APIs/API019ProductInfo/
#        -IXCategory/Application/Reveal_APIs/API220MotorControl/
#        -IXCategory/Application/Reveal_APIs/API220MotorControl/API/
#        -IXCategory/Application/Reveal_APIs/API221MotionCtrl/
#        -IXCategory/Application/Reveal_APIs/SRAPI020Safety/
#        -IXCategory/Application/SFUpdater/ -IXCategory/Common/
#        -IXCategory/Common/Crc16/ -IXCategory/Common/Crc8/
#        -IXCategory/Common/Log/ -IXCategory/Common/Millis/
#        -IXCategory/Common/SettingFile/ -IXCategory/Common/SRClockMonitor/
#        -IXCategory/Common/SRData/ -IXCategory/Common/SRException/
#        -IXCategory/Common/SRFlow/ -IXCategory/Common/SRIsrMonitor/
#        -IXCategory/Common/SRMain/ -IXCategory/Common/SRMcuSpeedMonitor/
#        -IXCategory/Common/SRPowerMgr/ -IXCategory/Common/SRSignature/
#        -IXCategory/Common/SRSystemConfig/
#        -IXCategory/Common/SRTimerReference/ -IXCategory/Common/SystemConfig/
#        -IXCategory/Common/SystemTimers/ -IXCategory/Common/Utilities/
#        -IXCategory/Driver/ -IXCategory/Driver/API/
#        -IXCategory/Driver/API/Comparator/ -IXCategory/Driver/API/DataFlash/
#        -IXCategory/Driver/API/Dma/ -IXCategory/Driver/API/Flash/
#        -IXCategory/Driver/API/Gpio/ -IXCategory/Driver/API/Micro/
#        -IXCategory/Driver/API/Spi/ -IXCategory/Driver/API/SRMCAtod/
#        -IXCategory/Driver/API/SRMCInputCapture/
#        -IXCategory/Driver/API/SRMCPwm/ -IXCategory/Driver/API/TimerInterrupt/
#        -IXCategory/Driver/API/Uart/ -IXCategory/Driver/Comparator/
#        -IXCategory/Driver/DataFlash/ -IXCategory/Driver/Dma/
#        -IXCategory/Driver/Flash/ -IXCategory/Driver/Gpio/
#        -IXCategory/Driver/Micro/ -IXCategory/Driver/Spi/
#        -IXCategory/Driver/SRMCAtod/ -IXCategory/Driver/SRMCInputCapture/
#        -IXCategory/Driver/SRMCPwm/ -IXCategory/Driver/TimerInterrupt/
#        -IXCategory/Driver/Uart/ -IXCategory/Hbl/ -IXCategory/Hbl/Mci/
#        -IXCategory/Hbl/Mci/InverterTemp/ -IXCategory/Hbl/Mci/Mcl/
#        -IXCategory/Hbl/Mci/Mcl/Braking/ -IXCategory/Hbl/Mci/Mcl/MacroBlocks/
#        -IXCategory/Hbl/Mci/Mcl/MclFvt/ -IXCategory/Hbl/Mci/Mcl/MicroBlocks/
#        -IXCategory/Hbl/Mci/Mcl/MicroBlocks/ClrkPark/
#        -IXCategory/Hbl/Mci/Mcl/MicroBlocks/Filters/
#        -IXCategory/Hbl/Mci/Mcl/MicroBlocks/Math/
#        -IXCategory/Hbl/Mci/Mcl/MicroBlocks/ObserverPmsm/
#        -IXCategory/Hbl/Mci/Mcl/MicroBlocks/Pi/
#        -IXCategory/Hbl/Mci/Mcl/MicroBlocks/PwmModulation/
#        -IXCategory/Hbl/Mci/Mcl/ResistanceEstimation/
#        -IXCategory/Hbl/Mci/PowerModuleManager/
#        -IXCategory/Hbl/Mci/SpeedRefGen/ -IXCategory/Hbl/Mci/SurgeRelay/
#        -IXCategory/Hbl/SRMotorSafetyMgr/
#        -IXCategory/Hbl/SRMotorSafetyMgr/API/ -IXCategory/Service/
#        -IXCategory/Service/Reveal/ -IXCategory/Service/Win/ --remarks
#        --no_tbaa --debug --use_c++_inline --only_stdout --dlib_config
#        ..\cx\inc\DLib_Config_Normal.h -r -D
#        ENABLE_JUMP_TO_APPLICATION_WITHOUT_IAP_FIRMWARE -D
#        SET_FLASH_OPTION_CONFIGURATION -D ARM_MATH_CM4 -e --silent
#        --endian=little --cpu Cortex-M4 --fpu=VFPv4_sp -Ohs -o
#        ResistanceEstimation.obj -l ..\listings\ResistanceEstimation.lst
#        C:\Data\Python\Self_Commissioning_Bpm\source\XCategory\Hbl\Mci\Mcl\ResistanceEstimation\ResistanceEstimation.c
#    List file    =  ..\listings\ResistanceEstimation.lst
#    Object file  =  ResistanceEstimation.obj
#
###############################################################################

C:\Data\Python\Self_Commissioning_Bpm\source\XCategory\Hbl\Mci\Mcl\ResistanceEstimation\ResistanceEstimation.c
      1          /**
      2           *  @file       ResistanceDetection.c
      3           *  @brief      Basic description of file contents
      4           *
      5           *  @details    Detailed description of the file contents
      6           *
      7           *---------------------------------------------------------------------------------------------------------------------
      8           *------------------- Copyright 2016.  Whirlpool Corporation.  All rights reserved - CONFIDENTIAL ---------------------
      9           *---------------------------------------------------------------------------------------------------------------------
     10           */
     11          
     12          //-------------------------------------- Include Files ----------------------------------------------------------------
     13          #include "ResistanceEstimation.h"
     14          #include "MclConfig.h"
     15          #include "MathCalc.h"
     16          #include "Mci.h"
     17          #include "SpeedRefGen.h"
     18          
     19          
     20          //-------------------------------------- PUBLIC (Variables) -----------------------------------------------------------
     21          
     22          
     23          //-------------------------------------- PRIVATE (Variables, Constants & Defines) -------------------------------------
     24          #ifndef RPM_TO_RADS
     25              #define RPM_TO_RADS     0.10471975511965977461542144610932f
     26          #endif
     27          
     28          
     29          typedef enum
     30          {
     31              RES_EST_MEASURE_RESISTANCE_REQ = 0,                     //!< 0 - Request to measure resistance on next start
     32              RES_EST_MEASURE_ERROR          = 1,                     //!< 1 - Error occurs during resistanec estimation procedure
     33          } RES_EST_FLAGS_TYPE;
     34          
     35          /*
     36          typedef enum
     37          {
     38              RES_DETECT_INIT = 0,                            //!< 0
     39              RES_DETECT_RESISTANCE_ESTIMATED,                //!< 1
     40              RES_DETECT_WAIT_FOR_IDLE,                       //!< 2
     41              RES_DETECT_WAIT_PARK_TIME,                      //!< 3
     42              RES_DETECT_1ST_PLATEAU_WAIT,                    //!< 4
     43              RES_DETECT_SECOND_RAMP,                         //!< 5
     44              RES_DETECT_2ND_PLATEAU_WAIT,                    //!< 6
     45              RES_DETECT_THIRD_RAMP,                          //!< 7
     46              RES_DETECT_3RD_PLATEAU_WAIT,                    //!< 8
     47              RES_DETECT_CALCULATE_RESISTANCE                 //!< 9
     48          } RESISTANCE_ESTIMATION_TYPE;
     49          */
     50          
     51          // NEW
     52          typedef enum
     53          {
     54              RES_DETECT_INIT = 0,                            //!< 0
     55              RES_DETECT_WAIT_PARK_TIME,                      //!< 1
     56              RES_DETECT_1ST_PLATEAU_WAIT,                    //!< 2
     57              RES_DETECT_SECOND_RAMP,                         //!< 3
     58              RES_DETECT_2ND_PLATEAU_WAIT,                    //!< 4
     59              RES_DETECT_THIRD_RAMP,                          //!< 5
     60              RES_DETECT_3RD_PLATEAU_WAIT,                    //!< 6
     61              RES_DETECT_RESISTANCE_ESTIMATED,                //!< 7
     62          } RESISTANCE_ESTIMATION_TYPE;
     63          
     64          typedef enum
     65          {
     66                  RE_RATE_PATTERN_INITIALIZING = 0,
     67                  RE_RATE_PATTERN_WAITING_FIRST_START,
     68                  RE_RATE_PATTERN_AFTER_RESET,
     69                  RE_RATE_PATTERN_NORMAL,
     70                  RE_RATE_PATTERN_AFTER_SPIN,
     71          } RESISTANCE_ESTIMATION_FREQUENCY_TYPE;
     72          
     73          

   \                                 In section .bss, align 4
     74          static RESISTANCE_ESTIMATION_FREQUENCY_TYPE Res_Measure_Rate_State;
   \                     Res_Measure_Rate_State:
   \   00000000                      DS8 1
   \   00000001                      DS8 1
   \   00000002                      DS8 1
   \   00000003                      DS8 1
   \   00000004                      DS8 1
   \   00000005                      DS8 1
   \   00000006                      DS8 2
   \   00000008                      DS8 2
   \   0000000A                      DS8 2
   \   0000000C                      DS8 2
   \   0000000E                      DS8 2
   \   00000010                      DS8 2
   \   00000012                      DS8 2
   \   00000014                      DS8 4
   \   00000018                      DS8 4
   \   0000001C                      DS8 4
   \   00000020                      DS8 4
   \   00000024                      DS8 4
   \   00000028                      DS8 4
   \   0000002C                      DS8 4
   \   00000030                      DS8 4
   \   00000034                      DS8 4
     75          static RESISTANCE_ESTIMATION_TYPE Res_Est_State;
     76          static uint16 Res_Est_Flags;
     77          static float32 Estimated_Resistance;
     78          static float32 Last_Estimated_Resistance;
     79          static uint16 Speed_Oscillation_Debouncer;
     80          static uint32 Timer_To_Reset_Resistance;
     81          static float32 Voltage_Level;
     82          static uint16 Res_Frequency_Timer;
     83          static uint8 Res_Frequency_Counter;
     84          static uint8 Res_Frequency_Counter_Spin;
     85          
     86          static uint16 This_Timer;
     87          static uint16 This_Timeout;
     88          #if (FAST_RESISTANCE_CALC == ENABLED)
     89          static float32 Current_1st_Averaged;
     90          static float32 Voltage_1st_Averaged;
     91          static float32 Current_2nd_Averaged;
     92          static float32 Voltage_2nd_Averaged;
     93          #endif
     94          static uint8 Time_Prescaler;
     95          static sint16 Sample_Counter;
     96          static float32 Voltage_1st_Sum;
     97          static float32 Current_1st_Sum;
     98          static float32 Voltage_2nd_Sum;
     99          static float32 Current_2nd_Sum;
    100          static float32 Delta_Current_Nominal;
    101          
    102          
    103          #define RE_SET_FLOW(re_flag)                BIT_SET(Res_Est_Flags, (re_flag))
    104          #define RE_CLR_FLOW(re_flag)                BIT_CLR(Res_Est_Flags, (re_flag))
    105          #define RE_TEST_FLOW(re_flag)               BIT_TEST(Res_Est_Flags, (re_flag))
    106          
    107          
    108          //=====================================================================================================================
    109          //-------------------------------------- PRIVATE (Function Prototypes) ------------------------------------------------
    110          //=====================================================================================================================
    111          static void CalculateResistance(void);
    112          static void TimerDefinition(RES_EST_PARAM_TYPE *param);
    113          static void OscillationCheck(RES_EST_IO_TYPE *io, RES_EST_PARAM_TYPE *param);
    114          static uint8 OscillationCheckPassed(RES_EST_PARAM_TYPE *param);
    115          
    116          //=====================================================================================================================
    117          //-------------------------------------- Public Functions -------------------------------------------------------------
    118          //=====================================================================================================================
    119          
    120          
    121          /**
    122           *
    123              @startuml{Resistance Estimation State Machine.png}
    124          
    125                  title Resistance Estimation - State Machine
    126          
    127                  [*] --> 0_RES_DETECT_INIT
    128          
    129                  0_RES_DETECT_INIT : Waits until Resistance Estimation Start request is issued
    130                  0_RES_DETECT_INIT : Do / Keep voltage level to 0
    131                  0_RES_DETECT_INIT --> 1_RES_DETECT_WAIT_PARK_TIME : [Resistance Estimation Start request]
    132          
    133          
    134                  1_RES_DETECT_WAIT_PARK_TIME : Pump Voltage to generate the first current level
    135                  1_RES_DETECT_WAIT_PARK_TIME : Entry / Set the timer for first step and the timeout (RES_DETECT_WAIT_FOR_IDLE)
    136                  1_RES_DETECT_WAIT_PARK_TIME : Do / Increase the voltage level till reaching the first current level
    137                  1_RES_DETECT_WAIT_PARK_TIME : Exit /
    138                  1_RES_DETECT_WAIT_PARK_TIME --> 2_RES_DETECT_1ST_PLATEAU_WAIT   : [1st step current level reached and time expired]
    139                  1_RES_DETECT_WAIT_PARK_TIME --> MCI_FAILED : [timeout expired - current level not reached]
    140          
    141          
    142                  2_RES_DETECT_1ST_PLATEAU_WAIT : Start measuring (1st current step)
    143                  2_RES_DETECT_1ST_PLATEAU_WAIT : Entry / Reset the sample counter and voltage and current accumulators
    144                  2_RES_DETECT_1ST_PLATEAU_WAIT : Do / Start accumulating voltage and current samples after oscillation check
    145                  2_RES_DETECT_1ST_PLATEAU_WAIT : Exit /
    146                  2_RES_DETECT_1ST_PLATEAU_WAIT --> 3_RES_DETECT_SECOND_RAMP : [minimum number of samples reached]
    147                  2_RES_DETECT_1ST_PLATEAU_WAIT --> 7_RES_DETECT_RESISTANCE_ESTIMATED : [timeout expired - **__Resistance value not updated__**]
    148          
    149                  3_RES_DETECT_SECOND_RAMP : increase\decrease voltage level to reach the current second step
    150                  3_RES_DETECT_SECOND_RAMP : Entry / Calculate the current and voltage average on first step and set the timer for second step
    151                  3_RES_DETECT_SECOND_RAMP : Do / Increase\decrease the voltage level till reaching the second current level
    152                  3_RES_DETECT_SECOND_RAMP : Exit /
    153                  3_RES_DETECT_SECOND_RAMP --> 4_RES_DETECT_2ND_PLATEAU_WAIT   : [time expired and checked 2nd step current level reached]
    154                  3_RES_DETECT_SECOND_RAMP --> 7_RES_DETECT_RESISTANCE_ESTIMATED : [timeout expired - **__Resistance value not updated__**]
    155          
    156          
    157                  4_RES_DETECT_2ND_PLATEAU_WAIT : Start measuring (2nd current step)
    158                  4_RES_DETECT_2ND_PLATEAU_WAIT : Entry / Reset the sample counter and voltage and current accumulators
    159                  4_RES_DETECT_2ND_PLATEAU_WAIT : Do / Start accumulating voltage and current samples after oscillation check
    160                  4_RES_DETECT_2ND_PLATEAU_WAIT : Exit /
    161                  4_RES_DETECT_2ND_PLATEAU_WAIT --> 5_RES_DETECT_THIRD_RAMP : [minimum number of samples reached]
    162                  4_RES_DETECT_2ND_PLATEAU_WAIT --> 7_RES_DETECT_RESISTANCE_ESTIMATED : [timeout expired - **__Resistance value not updated__**]
    163          
    164          
    165                  5_RES_DETECT_THIRD_RAMP : **__Update resistance value on entry__** and decrease voltage level to reach the final current value
    166                  5_RES_DETECT_THIRD_RAMP : Entry / calculate the resistance value estimated by the procedure
    167                  5_RES_DETECT_THIRD_RAMP : Do / Decrease the voltage level till reaching the final current level
    168                  5_RES_DETECT_THIRD_RAMP : Exit /
    169                  5_RES_DETECT_THIRD_RAMP --> 6_RES_DETECT_3RD_PLATEAU_WAIT   : [final current level reached]
    170                  5_RES_DETECT_THIRD_RAMP --> 7_RES_DETECT_RESISTANCE_ESTIMATED : [timeout expired]
    171          
    172          
    173                  6_RES_DETECT_3RD_PLATEAU_WAIT : wait the time for 3rd current step
    174                  6_RES_DETECT_3RD_PLATEAU_WAIT : Entry / Set the timer value for the third step
    175                  6_RES_DETECT_3RD_PLATEAU_WAIT : Do /
    176                  6_RES_DETECT_3RD_PLATEAU_WAIT : Exit /
    177                  6_RES_DETECT_3RD_PLATEAU_WAIT --> 7_RES_DETECT_RESISTANCE_ESTIMATED : [timer expired or timeout expired]
    178          
    179          
    180                  MCI_FAILED : resistance estimation error (probably due to motor not connected)
    181          
    182          
    183          
    184          
    185          
    186              @enduml
    187           */
    188          
    189          
    190          
    191          
    192          
    193          
    194          
    195          //---------------------------------------------------------------------------------------------------------------------
    196          /**
    197           *  @brief      It Initializes the module ResistanceDetection and its variables
    198           *
    199           */

   \                                 In section .text, align 2, keep-with-next
    200          void ResistanceEstimation__Initialize(RES_EST_PARAM_TYPE *param)
    201          {
    202          #if (defined (COMPILE_4_SIMULINK)) && (defined (SKIP_RESISTANCE_ESTIMATION))
    203              Res_Est_State = RES_DETECT_RESISTANCE_ESTIMATED;
    204              Estimated_Resistance = param->nominal_resistance;
    205              Last_Estimated_Resistance = Estimated_Resistance;
    206              RE_CLR_FLOW(RES_EST_MEASURE_RESISTANCE_REQ);
    207              Res_Measure_Rate_State = RE_RATE_PATTERN_NORMAL;
    208              Res_Frequency_Timer = param->time_estimate_resistance_normal;
    209          #else
    210              Res_Est_State = RES_DETECT_INIT;
   \                     ResistanceEstimation__Initialize: (+1)
   \   00000000   0x.... 0x....      LDR.W    R1,??DataTable7_2
   \   00000004   0x2200             MOVS     R2,#+0
   \   00000006   0x704A             STRB     R2,[R1, #+1]
    211              Last_Estimated_Resistance = 0.0f;
   \   00000008   0x618A             STR      R2,[R1, #+24]
    212              Estimated_Resistance = param->nominal_resistance;
   \   0000000A   0x6B02             LDR      R2,[R0, #+48]
   \   0000000C   0x614A             STR      R2,[R1, #+20]
    213              RE_SET_FLOW(RES_EST_MEASURE_RESISTANCE_REQ);
    214              Res_Measure_Rate_State = RE_RATE_PATTERN_INITIALIZING;
   \   0000000E   0x2200             MOVS     R2,#+0
   \   00000010   0x700A             STRB     R2,[R1, #+0]
    215              Time_Prescaler = param->timer_prescaler;
   \   00000012   0x6BC2             LDR      R2,[R0, #+60]
   \   00000014   0x710A             STRB     R2,[R1, #+4]
    216              Sample_Counter = 0;
   \   00000016   0x2200             MOVS     R2,#+0
   \   00000018   0x820A             STRH     R2,[R1, #+16]
    217              Delta_Current_Nominal = MATHCALC__FABS(param->current_level_1st - param->current_level_2nd) * 0.5f * param->min_number_of_samples;  //50% tolerance
   \   0000001A   0xED90 0x0A01      VLDR     S0,[R0, #+4]
   \   0000001E   0xEDD0 0x0A02      VLDR     S1,[R0, #+8]
    218              RE_CLR_FLOW(RES_EST_MEASURE_ERROR);
   \   00000022   0x88CA             LDRH     R2,[R1, #+6]
   \   00000024   0xEE30 0x0A60      VSUB.F32 S0,S0,S1
   \   00000028   0xEEB0 0x0AC0      VABS.F32 S0,S0
   \   0000002C   0xEEF6 0x0A00      VMOV.F32 S1,#0.5
   \   00000030   0xEE20 0x0A20      VMUL.F32 S0,S0,S1
   \   00000034   0xEDD0 0x0A0B      VLDR     S1,[R0, #+44]
   \   00000038   0x2001             MOVS     R0,#+1
   \   0000003A   0xEE20 0x0A20      VMUL.F32 S0,S0,S1
   \   0000003E   0xF360 0x0201      BFI      R2,R0,#+0,#+2
   \   00000042   0xED81 0x0A0D      VSTR     S0,[R1, #+52]
   \   00000046   0x80CA             STRH     R2,[R1, #+6]
    219          #endif
    220          }
   \   00000048   0x4770             BX       LR               ;; return
    221          
    222          
    223          
    224          
    225          //---------------------------------------------------------------------------------------------------------------------
    226          /**
    227           *  @brief      Enter brief description of function.
    228           *
    229           *  @param
    230           *  @return
    231           */

   \                                 In section .text, align 2, keep-with-next
    232          void ResistanceEstimation__Start(RES_EST_PARAM_TYPE *param)
    233          {
    234              Voltage_Level = 0.0f;
   \                     ResistanceEstimation__Start: (+1)
   \   00000000   0x.... 0x....      LDR.W    R1,??DataTable7_2
   \   00000004   0x2200             MOVS     R2,#+0
   \   00000006   0x620A             STR      R2,[R1, #+32]
    235              //Res_Est_State = RES_DETECT_WAIT_FOR_IDLE;
    236              Res_Est_State = RES_DETECT_WAIT_PARK_TIME;
   \   00000008   0x2201             MOVS     R2,#+1
   \   0000000A   0x704A             STRB     R2,[R1, #+1]
    237              This_Timer = param->time_1st_step;
   \   0000000C   0x6902             LDR      R2,[R0, #+16]
   \   0000000E   0x818A             STRH     R2,[R1, #+12]
    238              This_Timeout = param->timeout_threshold;
   \   00000010   0x6802             LDR      R2,[R0, #+0]
   \   00000012   0x81CA             STRH     R2,[R1, #+14]
    239          
    240          
    241              if(Res_Measure_Rate_State == RE_RATE_PATTERN_WAITING_FIRST_START)
   \   00000014   0x780A             LDRB     R2,[R1, #+0]
   \   00000016   0x2A01             CMP      R2,#+1
   \   00000018   0xD106             BNE.N    ??ResistanceEstimation__Start_0
    242              {
    243                  Res_Measure_Rate_State = RE_RATE_PATTERN_AFTER_RESET;
   \   0000001A   0x2202             MOVS     R2,#+2
   \   0000001C   0x700A             STRB     R2,[R1, #+0]
    244                  Res_Frequency_Counter++;
   \   0000001E   0x788A             LDRB     R2,[R1, #+2]
   \   00000020   0x1C52             ADDS     R2,R2,#+1
   \   00000022   0x708A             STRB     R2,[R1, #+2]
    245                  Res_Frequency_Timer = param->time_estimate_resistance_after_reset;
   \   00000024   0x6C40             LDR      R0,[R0, #+68]
   \   00000026   0x8148             STRH     R0,[R1, #+10]
    246              }
    247          }
   \                     ??ResistanceEstimation__Start_0: (+1)
   \   00000028   0x4770             BX       LR               ;; return
    248          
    249          
    250          
    251          
    252          

   \                                 In section .text, align 2, keep-with-next
    253          BOOL_TYPE ResistanceEstimation__Requested(void)
    254          {
    255              BOOL_TYPE ret_val;
    256          
    257              if(RE_TEST_FLOW(RES_EST_MEASURE_RESISTANCE_REQ))
    258              {
    259                  ret_val = TRUE;
    260              }
    261              else
    262              {
    263                  ret_val = FALSE;
    264              }
    265          
    266              return ret_val;
   \                     ResistanceEstimation__Requested: (+1)
   \   00000000   0x.... 0x....      LDR.W    R0,??DataTable7_2
   \   00000004   0x7980             LDRB     R0,[R0, #+6]
   \   00000006   0xF000 0x0001      AND      R0,R0,#0x1
   \   0000000A   0x4770             BX       LR               ;; return
    267          }
    268          
    269          
    270          
    271          
    272          

   \                                 In section .text, align 4, keep-with-next
    273          BOOL_TYPE ResistanceEstimation__Calculate(RES_EST_IO_TYPE *io, RES_EST_PARAM_TYPE *param)
    274          {
   \                     ResistanceEstimation__Calculate: (+1)
   \   00000000   0xE92D 0x41F0      PUSH     {R4-R8,LR}
    275              BOOL_TYPE calculation_finished;
    276              BOOL_TYPE current_reached;
    277          
    278          
    279              calculation_finished = FALSE;
    280              current_reached = FALSE;
    281          
    282              if(Time_Prescaler)
   \   00000004   0x.... 0x....      LDR.W    R3,??DataTable7_2
   \   00000008   0x899C             LDRH     R4,[R3, #+12]
   \   0000000A   0xF9B3 0x5010      LDRSH    R5,[R3, #+16]
   \   0000000E   0x891E             LDRH     R6,[R3, #+8]
   \   00000010   0x791F             LDRB     R7,[R3, #+4]
   \   00000012   0xED93 0x0A09      VLDR     S0,[R3, #+36]
   \   00000016   0xEDD3 0x0A0A      VLDR     S1,[R3, #+40]
   \   0000001A   0xED93 0x1A0B      VLDR     S2,[R3, #+44]
   \   0000001E   0xEDD3 0x1A0C      VLDR     S3,[R3, #+48]
   \   00000022   0x460A             MOV      R2,R1
   \   00000024   0x2100             MOVS     R1,#+0
   \   00000026   0xB117             CBZ.N    R7,??ResistanceEstimation__Calculate_1
    283              {
    284                  Time_Prescaler--;
   \   00000028   0x1E7A             SUBS     R2,R7,#+1
   \   0000002A   0x711A             STRB     R2,[R3, #+4]
   \   0000002C   0xE12E             B.N      ??ResistanceEstimation__Calculate_2
    285              }
    286              else
    287              {
    288                  Time_Prescaler = param->timer_prescaler;
   \                     ??ResistanceEstimation__Calculate_1: (+1)
   \   0000002E   0x6BD7             LDR      R7,[R2, #+60]
   \   00000030   0x711F             STRB     R7,[R3, #+4]
    289          
    290          
    291                  if(This_Timer)
   \   00000032   0xB104             CBZ.N    R4,??ResistanceEstimation__Calculate_3
    292                  {
    293                      This_Timer--;
   \   00000034   0x1E64             SUBS     R4,R4,#+1
    294                  }
    295          
    296          
    297                  OscillationCheck(io, param);
   \                     ??ResistanceEstimation__Calculate_3: (+1)
   \   00000036   0xF8D0 0xE008      LDR      LR,[R0, #+8]
   \   0000003A   0xEDD2 0x2A0D      VLDR     S5,[R2, #+52]
   \   0000003E   0xF8DE 0x7010      LDR      R7,[LR, #+16]
   \   00000042   0xED97 0x2A00      VLDR     S4,[R7, #0]
   \   00000046   0xEEB4 0x2A62      VCMP.F32 S4,S5
   \   0000004A   0xEEF1 0xFA10      FMSTAT   
   \   0000004E   0xBF4C             ITE      MI 
   \   00000050   0x1C76             ADDMI    R6,R6,#+1
   \   00000052   0x2600             MOVPL    R6,#+0
    298          
    299                  switch (Res_Est_State)
   \   00000054   0xF893 0x8001      LDRB     R8,[R3, #+1]
   \   00000058   0x88DF             LDRH     R7,[R3, #+6]
   \   0000005A   0xED93 0x2A08      VLDR     S4,[R3, #+32]
   \   0000005E   0xF1B8 0x0F07      CMP      R8,#+7
   \   00000062   0xF200 0x80F1      BHI.W    ??ResistanceEstimation__Calculate_4
   \   00000066   0xE8DF 0xF008      TBB      [PC, R8]
   \                     ??ResistanceEstimation__Calculate_0:
   \   0000006A   0x04 0x07          DC8      0x4,0x7,0x23,0x48
   \              0x23 0x48    
   \   0000006E   0x75 0xCE          DC8      0x75,0xCE,0xE4,0xEB
   \              0xE4 0xEB    
    300                  {
    301                      //////////////////////////////////////////////////////////////////////////////
    302                      //////////////////////////////////////////////////////////////////////////////
    303                      //////////////////////////////////////////////////////////////////////////////
    304                      case RES_DETECT_INIT:
    305          
    306                          Voltage_Level = 0.0f;
   \                     ??ResistanceEstimation__Calculate_5: (+1)
   \   00000072   0xED9F 0x....      VLDR.W   S4,??DataTable7  ;; 0x0
    307          
    308                          break;
   \   00000076   0xE0E7             B.N      ??ResistanceEstimation__Calculate_4
    309          
    310          
    311          
    312          
    313                      //////////////////////////////////////////////////////////////////////////////
    314                      //////////////////////////////////////////////////////////////////////////////
    315                      //////////////////////////////////////////////////////////////////////////////
    316                      case RES_DETECT_WAIT_PARK_TIME:
    317          
    318                          if((*io->Ctrl_Specific->Is_Abs) < (param->current_level_1st))
   \                     ??ResistanceEstimation__Calculate_6: (+1)
   \   00000078   0xF8DE 0xC050      LDR      R12,[LR, #+80]
   \   0000007C   0xED92 0x3A01      VLDR     S6,[R2, #+4]
   \   00000080   0xEDDC 0x2A00      VLDR     S5,[R12, #0]
   \   00000084   0xEEF4 0x2A43      VCMP.F32 S5,S6
   \   00000088   0xEEF1 0xFA10      FMSTAT   
   \   0000008C   0xBF48             IT       MI 
    319                          {
    320                              Voltage_Level += (param->delta_voltage_to_1st_step);
   \   0000008E   0xEDD2 0x2A07      VLDRMI   S5,[R2, #+28]
   \   00000092   0xD446             BMI.N    ??ResistanceEstimation__Calculate_7
    321                          }
    322                          else
    323                          {
    324                              if(!This_Timer)
   \   00000094   0xB2A4             UXTH     R4,R4
   \   00000096   0x2C00             CMP      R4,#+0
   \   00000098   0xF040 0x80D6      BNE.W    ??ResistanceEstimation__Calculate_4
    325                              {
    326                                  Sample_Counter = 0;
    327                                  Voltage_1st_Sum = 0.0f;
    328                                  Current_1st_Sum = 0.0f;
    329          
    330                                  Res_Est_State = RES_DETECT_1ST_PLATEAU_WAIT;
   \   0000009C   0xF04F 0x0C02      MOV      R12,#+2
   \   000000A0   0x2500             MOVS     R5,#+0
   \   000000A2   0xED9F 0x....      VLDR.W   S0,??DataTable7  ;; 0x0
   \   000000A6   0xEDDF 0x....      VLDR.W   S1,??DataTable7  ;; 0x0
   \   000000AA   0xF883 0xC001      STRB     R12,[R3, #+1]
   \   000000AE   0xE0CB             B.N      ??ResistanceEstimation__Calculate_4
    331                              }
    332                          }
    333          
    334                          break;
    335          
    336          
    337          
    338          
    339                      //////////////////////////////////////////////////////////////////////////////
    340                      //////////////////////////////////////////////////////////////////////////////
    341                      //////////////////////////////////////////////////////////////////////////////
    342                      case RES_DETECT_1ST_PLATEAU_WAIT:
    343          
    344                          if((OscillationCheckPassed(param) == TRUE))
   \                     ??ResistanceEstimation__Calculate_8: (+1)
   \   000000B0   0xB2B6             UXTH     R6,R6
   \   000000B2   0xF8D2 0xC028      LDR      R12,[R2, #+40]
   \   000000B6   0x45B4             CMP      R12,R6
   \   000000B8   0xDA0C             BGE.N    ??ResistanceEstimation__Calculate_9
    345                          {
    346                              Voltage_1st_Sum += *io->vs_voltage_abs;
   \   000000BA   0xF8D0 0xC000      LDR      R12,[R0, #+0]
   \   000000BE   0xEDDC 0x2A00      VLDR     S5,[R12, #0]
    347                              Current_1st_Sum += *io->Ctrl_Specific->Is_Abs;
   \   000000C2   0xF8DE 0xC050      LDR      R12,[LR, #+80]
   \   000000C6   0xEE30 0x0A22      VADD.F32 S0,S0,S5
   \   000000CA   0xEDDC 0x2A00      VLDR     S5,[R12, #0]
   \   000000CE   0xEE70 0x0AA2      VADD.F32 S1,S1,S5
    348                              Sample_Counter++;
   \   000000D2   0x1C6D             ADDS     R5,R5,#+1
    349                          }
    350          
    351          
    352                          if(Sample_Counter >= param->min_number_of_samples)
   \                     ??ResistanceEstimation__Calculate_9: (+1)
   \   000000D4   0xB22D             SXTH     R5,R5
   \   000000D6   0xEE02 0x5A90      VMOV     S5,R5
   \   000000DA   0xEEF8 0x2AE2      VCVT.F32.S32 S5,S5
   \   000000DE   0xED92 0x3A0B      VLDR     S6,[R2, #+44]
   \   000000E2   0xEEF4 0x2A43      VCMP.F32 S5,S6
   \   000000E6   0xEEF1 0xFA10      FMSTAT   
   \   000000EA   0xF2C0 0x80AD      BLT.W    ??ResistanceEstimation__Calculate_4
    353                          {
    354                              //! First plateau is finished. Go to seconds plateau
    355                              #if (FAST_RESISTANCE_CALC == ENABLED)
    356                              Voltage_1st_Averaged = Voltage_1st_Sum / Sample_Counter;
    357                              Current_1st_Averaged = Current_1st_Sum / Sample_Counter;
    358                              #endif
    359                              This_Timer = param->time_2nd_step;
   \   000000EE   0x6954             LDR      R4,[R2, #+20]
    360                              Res_Est_State = RES_DETECT_SECOND_RAMP;
   \   000000F0   0xF04F 0x0C03      MOV      R12,#+3
   \   000000F4   0xF883 0xC001      STRB     R12,[R3, #+1]
   \   000000F8   0xE0A6             B.N      ??ResistanceEstimation__Calculate_4
    361          
    362                          }
    363                          break;
    364          
    365          
    366          
    367          
    368                      //////////////////////////////////////////////////////////////////////////////
    369                      //////////////////////////////////////////////////////////////////////////////
    370                      //////////////////////////////////////////////////////////////////////////////
    371                      case RES_DETECT_SECOND_RAMP:
    372                          if((param->current_level_2nd) >= (param->current_level_1st))
   \                     ??ResistanceEstimation__Calculate_10: (+1)
   \   000000FA   0xF8DE 0xC050      LDR      R12,[LR, #+80]
   \   000000FE   0xED92 0x3A02      VLDR     S6,[R2, #+8]
   \   00000102   0xEDD2 0x3A01      VLDR     S7,[R2, #+4]
   \   00000106   0xEDDC 0x2A00      VLDR     S5,[R12, #0]
   \   0000010A   0xEEB4 0x3A63      VCMP.F32 S6,S7
   \   0000010E   0xEEF1 0xFA10      FMSTAT   
   \   00000112   0xDB09             BLT.N    ??ResistanceEstimation__Calculate_11
    373                          {
    374                              if((*io->Ctrl_Specific->Is_Abs) < (param->current_level_2nd))
   \   00000114   0xEEF4 0x2A43      VCMP.F32 S5,S6
   \   00000118   0xEEF1 0xFA10      FMSTAT   
   \   0000011C   0xD50C             BPL.N    ??ResistanceEstimation__Calculate_12
    375                              {
    376                                  Voltage_Level += (param->delta_voltage_to_2nd_step);
   \   0000011E   0xEDD2 0x2A08      VLDR     S5,[R2, #+32]
   \                     ??ResistanceEstimation__Calculate_7: (+1)
   \   00000122   0xEE32 0x2A22      VADD.F32 S4,S4,S5
   \   00000126   0xE08F             B.N      ??ResistanceEstimation__Calculate_4
    377                              }
    378                              else
    379                              {
    380                                  current_reached = TRUE;
    381                              }
    382                          }
    383                          else // CURR_DC_LEVEL_1ST > CURR_DC_LEVEL_2ND
    384                          {
    385                              if((*io->Ctrl_Specific->Is_Abs) > (param->current_level_2nd))
   \                     ??ResistanceEstimation__Calculate_11: (+1)
   \   00000128   0xEEB4 0x3A62      VCMP.F32 S6,S5
   \   0000012C   0xEEF1 0xFA10      FMSTAT   
   \   00000130   0xBF48             IT       MI 
    386                              {
    387                                  Voltage_Level -= (param->delta_voltage_to_2nd_step);
   \   00000132   0xEDD2 0x2A08      VLDRMI   S5,[R2, #+32]
   \   00000136   0xD473             BMI.N    ??ResistanceEstimation__Calculate_13
    388                              }
    389                              else
    390                              {
    391                                  current_reached = TRUE;
   \                     ??ResistanceEstimation__Calculate_12: (+1)
   \   00000138   0xB2A4             UXTH     R4,R4
   \   0000013A   0x2C00             CMP      R4,#+0
   \   0000013C   0xF040 0x8084      BNE.W    ??ResistanceEstimation__Calculate_4
    392                              }
    393                          }
    394          
    395                          if(current_reached && (!This_Timer))
    396                          {
    397                              Sample_Counter = 0;
    398                              Voltage_2nd_Sum = 0.0f;
    399                              Current_2nd_Sum = 0.0f;
    400          
    401                              Res_Est_State = RES_DETECT_2ND_PLATEAU_WAIT;
   \   00000140   0xF04F 0x0C04      MOV      R12,#+4
   \   00000144   0x2500             MOVS     R5,#+0
   \   00000146   0xED9F 0x....      VLDR.W   S2,??DataTable7  ;; 0x0
   \   0000014A   0xEDDF 0x....      VLDR.W   S3,??DataTable7  ;; 0x0
   \   0000014E   0xF883 0xC001      STRB     R12,[R3, #+1]
   \   00000152   0xE079             B.N      ??ResistanceEstimation__Calculate_4
    402                          }
    403          
    404                          break;
    405          
    406          
    407          
    408          
    409                      //////////////////////////////////////////////////////////////////////////////
    410                      //////////////////////////////////////////////////////////////////////////////
    411                      //////////////////////////////////////////////////////////////////////////////
    412                      case RES_DETECT_2ND_PLATEAU_WAIT:
    413          
    414                          if((OscillationCheckPassed(param) == TRUE))
   \                     ??ResistanceEstimation__Calculate_14: (+1)
   \   00000154   0xB2B6             UXTH     R6,R6
   \   00000156   0xF8D2 0xC028      LDR      R12,[R2, #+40]
   \   0000015A   0x45B4             CMP      R12,R6
   \   0000015C   0xDA0C             BGE.N    ??ResistanceEstimation__Calculate_15
    415                          {
    416                              Voltage_2nd_Sum += *io->vs_voltage_abs;
   \   0000015E   0xF8D0 0xC000      LDR      R12,[R0, #+0]
   \   00000162   0xEDDC 0x2A00      VLDR     S5,[R12, #0]
    417                              Current_2nd_Sum += *io->Ctrl_Specific->Is_Abs;
   \   00000166   0xF8DE 0xC050      LDR      R12,[LR, #+80]
   \   0000016A   0xEE31 0x1A22      VADD.F32 S2,S2,S5
   \   0000016E   0xEDDC 0x2A00      VLDR     S5,[R12, #0]
   \   00000172   0xEE71 0x1AA2      VADD.F32 S3,S3,S5
    418                              Sample_Counter++;
   \   00000176   0x1C6D             ADDS     R5,R5,#+1
    419          
    420                          }
    421          
    422                          if(Sample_Counter >= param->min_number_of_samples)
   \                     ??ResistanceEstimation__Calculate_15: (+1)
   \   00000178   0xB22D             SXTH     R5,R5
   \   0000017A   0xEE02 0x5A90      VMOV     S5,R5
   \   0000017E   0xEEF8 0x2AE2      VCVT.F32.S32 S5,S5
   \   00000182   0xED92 0x3A0B      VLDR     S6,[R2, #+44]
   \   00000186   0xEEF4 0x2A43      VCMP.F32 S5,S6
   \   0000018A   0xEEF1 0xFA10      FMSTAT   
   \   0000018E   0xDB5B             BLT.N    ??ResistanceEstimation__Calculate_4
    423                          {
    424                              #if (FAST_RESISTANCE_CALC == ENABLED)
    425                              Voltage_2nd_Averaged = Voltage_2nd_Sum / Sample_Counter;
    426                              Current_2nd_Averaged = Current_2nd_Sum / Sample_Counter;
    427                              #endif
    428                              //! Second plateau is finished. Calculate resistance value
    429          
    430                              CalculateResistance();
   \   00000190   0xEE71 0x2AE0      VSUB.F32 S5,S3,S1
   \   00000194   0xEEF0 0x2AE2      VABS.F32 S5,S5
   \   00000198   0xED93 0x3A0D      VLDR     S6,[R3, #+52]
   \   0000019C   0xEEF4 0x2A43      VCMP.F32 S5,S6
   \   000001A0   0xEEF1 0xFA10      FMSTAT   
   \   000001A4   0xDB0A             BLT.N    ??ResistanceEstimation__Calculate_16
   \   000001A6   0xEE31 0x3A40      VSUB.F32 S6,S2,S0
   \   000001AA   0xEEC3 0x2A22      VDIV.F32 S5,S6,S5
   \   000001AE   0xF64F 0x7CFD      MOVW     R12,#+65533
   \   000001B2   0xEEF0 0x2AE2      VABS.F32 S5,S5
   \   000001B6   0xEA0C 0x0707      AND      R7,R12,R7
   \   000001BA   0xE003             B.N      ??ResistanceEstimation__Calculate_17
   \                     ??ResistanceEstimation__Calculate_16: (+1)
   \   000001BC   0xEDD3 0x2A06      VLDR     S5,[R3, #+24]
   \   000001C0   0xF047 0x0702      ORR      R7,R7,#0x2
    431          
    432                              // check if 0
    433                              if(!Estimated_Resistance)
   \                     ??ResistanceEstimation__Calculate_17: (+1)
   \   000001C4   0xEEF5 0x2A40      VCMP.F32 S5,#0.0
   \   000001C8   0xEEF1 0xFA10      FMSTAT   
   \   000001CC   0xBF08             IT       EQ 
    434                              {
    435                                  Estimated_Resistance = param->nominal_resistance;
   \   000001CE   0xEDD2 0x2A0C      VLDREQ   S5,[R2, #+48]
   \   000001D2   0xEDC3 0x2A05      VSTR     S5,[R3, #+20]
    436                              }
    437          
    438                              // Refresh the timer that indicates when the last resistance was measured
    439                              Timer_To_Reset_Resistance = param->timer_to_reset_resistance;
   \   000001D6   0xF8D2 0xC038      LDR      R12,[R2, #+56]
   \   000001DA   0xF8C3 0xC01C      STR      R12,[R3, #+28]
    440                              Last_Estimated_Resistance = Estimated_Resistance;
   \   000001DE   0xF8D3 0xC014      LDR      R12,[R3, #+20]
   \   000001E2   0xF8C3 0xC018      STR      R12,[R3, #+24]
    441          
    442                              if(Res_Measure_Rate_State == RE_RATE_PATTERN_AFTER_SPIN)
   \   000001E6   0xF893 0xC000      LDRB     R12,[R3, #+0]
   \   000001EA   0xF1BC 0x0F04      CMP      R12,#+4
   \   000001EE   0xD105             BNE.N    ??ResistanceEstimation__Calculate_18
    443                              {
    444                                  Res_Frequency_Counter_Spin++;
   \   000001F0   0xF893 0xC003      LDRB     R12,[R3, #+3]
   \   000001F4   0xF10C 0x0C01      ADD      R12,R12,#+1
   \   000001F8   0xF883 0xC003      STRB     R12,[R3, #+3]
    445                              }
    446                              Res_Est_State = RES_DETECT_THIRD_RAMP;
   \                     ??ResistanceEstimation__Calculate_18: (+1)
   \   000001FC   0xF04F 0x0C05      MOV      R12,#+5
   \   00000200   0xF883 0xC001      STRB     R12,[R3, #+1]
   \   00000204   0xE020             B.N      ??ResistanceEstimation__Calculate_4
    447                          }
    448                          break;
    449          
    450          
    451          
    452          
    453                      //////////////////////////////////////////////////////////////////////////////
    454                      //////////////////////////////////////////////////////////////////////////////
    455                      //////////////////////////////////////////////////////////////////////////////
    456                      case RES_DETECT_THIRD_RAMP:
    457                          if(*io->Ctrl_Specific->Is_Abs > (param->current_level_3rd))
   \                     ??ResistanceEstimation__Calculate_19: (+1)
   \   00000206   0xF8DE 0xC050      LDR      R12,[LR, #+80]
   \   0000020A   0xEDD2 0x2A03      VLDR     S5,[R2, #+12]
   \   0000020E   0xED9C 0x3A00      VLDR     S6,[R12, #0]
   \   00000212   0xEEF4 0x2A43      VCMP.F32 S5,S6
   \   00000216   0xEEF1 0xFA10      FMSTAT   
   \   0000021A   0xD504             BPL.N    ??ResistanceEstimation__Calculate_20
    458                          {
    459                              Voltage_Level -= (param->delta_voltage_to_3rd_step);
   \   0000021C   0xEDD2 0x2A09      VLDR     S5,[R2, #+36]
   \                     ??ResistanceEstimation__Calculate_13: (+1)
   \   00000220   0xEE32 0x2A62      VSUB.F32 S4,S4,S5
   \   00000224   0xE010             B.N      ??ResistanceEstimation__Calculate_4
    460                          }
    461                          else
    462                          {
    463                              This_Timer = param->time_3rd_step;
   \                     ??ResistanceEstimation__Calculate_20: (+1)
   \   00000226   0x6994             LDR      R4,[R2, #+24]
    464                              Res_Est_State = RES_DETECT_3RD_PLATEAU_WAIT;
   \   00000228   0xF04F 0x0C06      MOV      R12,#+6
   \   0000022C   0xF883 0xC001      STRB     R12,[R3, #+1]
   \   00000230   0xE00A             B.N      ??ResistanceEstimation__Calculate_4
    465                          }
    466                          break;
    467          
    468          
    469          
    470          
    471                      //////////////////////////////////////////////////////////////////////////////
    472                      //////////////////////////////////////////////////////////////////////////////
    473                      //////////////////////////////////////////////////////////////////////////////
    474                      case RES_DETECT_3RD_PLATEAU_WAIT:
    475                          if(!This_Timer)
   \                     ??ResistanceEstimation__Calculate_21: (+1)
   \   00000232   0xB2A4             UXTH     R4,R4
   \   00000234   0xB944             CBNZ.N   R4,??ResistanceEstimation__Calculate_4
    476                          {
    477                              Res_Est_State = RES_DETECT_RESISTANCE_ESTIMATED;
   \   00000236   0xF04F 0x0C07      MOV      R12,#+7
   \   0000023A   0xF883 0xC001      STRB     R12,[R3, #+1]
   \   0000023E   0xE003             B.N      ??ResistanceEstimation__Calculate_4
    478          
    479                          }
    480                          break;
    481          
    482          
    483          
    484          
    485                      //////////////////////////////////////////////////////////////////////////////
    486                      //////////////////////////////////////////////////////////////////////////////
    487                      //////////////////////////////////////////////////////////////////////////////
    488                      case RES_DETECT_RESISTANCE_ESTIMATED:
    489          
    490                          // when finished stay here.
    491                          RE_CLR_FLOW(RES_EST_MEASURE_RESISTANCE_REQ);
   \                     ??ResistanceEstimation__Calculate_22: (+1)
   \   00000240   0xF64F 0x71FE      MOVW     R1,#+65534
   \   00000244   0x400F             ANDS     R7,R1,R7
    492          
    493                          calculation_finished = TRUE;
   \   00000246   0x2101             MOVS     R1,#+1
    494                          break;
   \                     ??ResistanceEstimation__Calculate_4: (+1)
   \   00000248   0x80DF             STRH     R7,[R3, #+6]
   \   0000024A   0xED83 0x2A08      VSTR     S4,[R3, #+32]
    495          
    496          
    497                      //////////////////////////////////////////////////////////////////////////////
    498                      //////////////////////////////////////////////////////////////////////////////
    499                      //////////////////////////////////////////////////////////////////////////////
    500                      default:
    501                          // Left blank intentionally.
    502                          break;
    503                  }
    504          
    505          
    506                  //Time out for resistance estimation.
    507                  if(This_Timeout)
   \   0000024E   0x89DF             LDRH     R7,[R3, #+14]
   \   00000250   0xB117             CBZ.N    R7,??ResistanceEstimation__Calculate_23
    508                  {
    509                      This_Timeout--;
   \   00000252   0x1E7A             SUBS     R2,R7,#+1
   \   00000254   0x81DA             STRH     R2,[R3, #+14]
   \   00000256   0xE019             B.N      ??ResistanceEstimation__Calculate_2
    510                  }
    511                  else
    512                  {
    513                      Voltage_Level = 0.0f;
   \                     ??ResistanceEstimation__Calculate_23: (+1)
   \   00000258   0x621F             STR      R7,[R3, #+32]
    514          
    515                      //If time expires a limit, assumes the last resistance measured.
    516                      //If it is not available, it assumes the nominal resistance value
    517                      Estimated_Resistance = Last_Estimated_Resistance;
   \   0000025A   0xED93 0x2A06      VLDR     S4,[R3, #+24]
   \   0000025E   0xED83 0x2A05      VSTR     S4,[R3, #+20]
    518                      if(!Estimated_Resistance)
   \   00000262   0xEEB5 0x2A40      VCMP.F32 S4,#0.0
   \   00000266   0xEEF1 0xFA10      FMSTAT   
   \   0000026A   0xBF04             ITT      EQ 
    519                      {
    520                          Estimated_Resistance = param->nominal_resistance;
   \   0000026C   0x6B12             LDREQ    R2,[R2, #+48]
   \   0000026E   0x615A             STREQ    R2,[R3, #+20]
    521                      }
    522          
    523                      if(Res_Est_State == RES_DETECT_WAIT_PARK_TIME)
   \   00000270   0x785A             LDRB     R2,[R3, #+1]
   \   00000272   0x2A01             CMP      R2,#+1
   \   00000274   0xD104             BNE.N    ??ResistanceEstimation__Calculate_24
    524                      {
    525                          // resistance estimation error (probably due to motor not connected)
    526                          io->Ctrl_Specific->flags.bit.resistance_est_error = 1;
   \   00000276   0x6882             LDR      R2,[R0, #+8]
   \   00000278   0x6817             LDR      R7,[R2, #+0]
   \   0000027A   0xF047 0x0720      ORR      R7,R7,#0x20
   \   0000027E   0x6017             STR      R7,[R2, #+0]
    527                      }
    528                      Res_Est_State = RES_DETECT_RESISTANCE_ESTIMATED;
   \                     ??ResistanceEstimation__Calculate_24: (+1)
   \   00000280   0x2207             MOVS     R2,#+7
   \   00000282   0x705A             STRB     R2,[R3, #+1]
    529          			RE_SET_FLOW(RES_EST_MEASURE_ERROR);
   \   00000284   0x88DA             LDRH     R2,[R3, #+6]
   \   00000286   0xF042 0x0202      ORR      R2,R2,#0x2
   \   0000028A   0x80DA             STRH     R2,[R3, #+6]
   \                     ??ResistanceEstimation__Calculate_2: (+1)
   \   0000028C   0x811E             STRH     R6,[R3, #+8]
   \   0000028E   0xEDC3 0x1A0C      VSTR     S3,[R3, #+48]
   \   00000292   0xED83 0x1A0B      VSTR     S2,[R3, #+44]
   \   00000296   0xEDC3 0x0A0A      VSTR     S1,[R3, #+40]
   \   0000029A   0xED83 0x0A09      VSTR     S0,[R3, #+36]
   \   0000029E   0x821D             STRH     R5,[R3, #+16]
   \   000002A0   0x819C             STRH     R4,[R3, #+12]
    530                  }
    531              }
    532          
    533              *io->level_injection_out = Voltage_Level;
   \   000002A2   0x6840             LDR      R0,[R0, #+4]
   \   000002A4   0x6A1A             LDR      R2,[R3, #+32]
   \   000002A6   0x6002             STR      R2,[R0, #+0]
    534          
    535              return calculation_finished;
   \   000002A8   0x4608             MOV      R0,R1
   \   000002AA   0xE8BD 0x81F0      POP      {R4-R8,PC}       ;; return
    536          }
    537          
    538          
    539          
    540          
    541          

   \                                 In section .text, align 2, keep-with-next
    542          float32 ResistanceEstimation__GetResistance(void)
    543          {
    544              return Estimated_Resistance;
   \                     ResistanceEstimation__GetResistance: (+1)
   \   00000000   0x....             LDR.N    R0,??DataTable7_2
   \   00000002   0xED90 0x0A05      VLDR     S0,[R0, #+20]
   \   00000006   0x4770             BX       LR               ;; return
    545          }
    546          
    547          
    548          
    549          
    550          //---------------------------------------------------------------------------------------------------------------------
    551          /**
    552           *  @brief      Enter brief description of function.
    553           *
    554           *  @param
    555           *  @return
    556           */

   \                                 In section .text, align 2, keep-with-next
    557          void ResistanceEstimation__Handler25ms(RES_EST_PARAM_TYPE *param)
    558          {
    559              if(Timer_To_Reset_Resistance)
   \                     ResistanceEstimation__Handler25ms: (+1)
   \   00000000   0x....             LDR.N    R1,??DataTable7_2
   \   00000002   0x69CA             LDR      R2,[R1, #+28]
   \   00000004   0xB10A             CBZ.N    R2,??ResistanceEstimation__Handler25ms_0
    560              {
    561                  Timer_To_Reset_Resistance--;
   \   00000006   0x1E52             SUBS     R2,R2,#+1
   \   00000008   0x61CA             STR      R2,[R1, #+28]
    562              }
    563              else
    564              {
    565          #if RESET_RESISTANCE_MANAGEMENT == ENABLED
    566                  // Force to nominal value when reset timer expires and resistance measurement is not successful
    567                  // (if not defined, the last value is always used till a new good measurement)
    568                  Last_Estimated_Resistance = 0;
    569          #endif
    570              }
    571          
    572              TimerDefinition(param);
   \                     ??ResistanceEstimation__Handler25ms_0: (+1)
   \   0000000A   0x....             B.N      TimerDefinition
    573          }
    574          
    575          
    576          
    577          /**
    578           *  @brief      Tells if resistance has been measured recently based on a timer (RES_TIMER_40S_BASE_25MS).
    579           *
    580           *  @param      none
    581           *  @return     TRUE (yes) or FALSE (no)
    582           */

   \                                 In section .text, align 2, keep-with-next
    583          BOOL_TYPE ResistanceEstimation__IsResBeenUpdated(void)
    584          {
    585              BOOL_TYPE response;
    586          
    587              if(Timer_To_Reset_Resistance)
   \                     ResistanceEstimation__IsResBeenUpdated: (+1)
   \   00000000   0x....             LDR.N    R0,??DataTable7_2
   \   00000002   0x69C0             LDR      R0,[R0, #+28]
   \   00000004   0x1E40             SUBS     R0,R0,#+1
   \   00000006   0x4180             SBCS     R0,R0,R0
   \   00000008   0x43C0             MVNS     R0,R0
   \   0000000A   0x0FC0             LSRS     R0,R0,#+31
    588              {
    589                  response = TRUE;
    590              }
    591              else
    592              {
    593                  response = FALSE;
    594              }
    595          
    596              return(response);
   \   0000000C   0x4770             BX       LR               ;; return
    597          }
    598          
    599          
    600          //=====================================================================================================================
    601          //-------------------------------------- Private Functions ------------------------------------------------------------
    602          //=====================================================================================================================
    603          
    604          
    605          void CalculateResistance(void)
    606          {
    607          #if(FAST_RESISTANCE_CALC == DISABLED)
    608              // check proper delta current
    609              float32 delta_current;
    610              delta_current = MATHCALC__FABS(Current_2nd_Sum - Current_1st_Sum);
    611              // update estimated value if delta current is correct
    612              if (delta_current >= Delta_Current_Nominal)
    613              {
    614                  Estimated_Resistance = (Voltage_2nd_Sum - Voltage_1st_Sum)/delta_current;
    615                  Estimated_Resistance = MATHCALC__FABS(Estimated_Resistance);
    616                  RE_CLR_FLOW(RES_EST_MEASURE_ERROR);
    617              }
    618              else
    619              {
    620                  Estimated_Resistance = Last_Estimated_Resistance;
    621                  RE_SET_FLOW(RES_EST_MEASURE_ERROR);
    622              }
    623          
    624          #else
    625                  Estimated_Resistance = ((Voltage_1st_Averaged/Current_1st_Averaged) + (Voltage_2nd_Averaged/Current_2nd_Averaged));
    626                  Estimated_Resistance = (Estimated_Resistance/2.0f);
    627                  Estimated_Resistance = MATHCALC__FABS(Estimated_Resistance);
    628                  Estimated_Resistance = (Estimated_Resistance - R_COMP_FACTOR);
    629          #endif
    630          
    631          }
    632          
    633          //---------------------------------------------------------------------------------------------------------------------
    634          /**
    635           *  @brief      Enter brief description of function.
    636           *
    637           *  @param
    638           *  @return
    639           */
    640          void OscillationCheck(RES_EST_IO_TYPE *io, RES_EST_PARAM_TYPE *param)
    641          {
    642              float32 speed_thr_rads;
    643              speed_thr_rads = param->oscillation_speed_threshold;
    644              //The oscillation threshold is considered as 0.005% of the full speed range
    645              if((*io->Ctrl_Specific->Speed_Rotor_Observed_Mech_Abs) < speed_thr_rads)
    646              {
    647                  Speed_Oscillation_Debouncer++;
    648              }
    649              else
    650              {
    651                  Speed_Oscillation_Debouncer = 0;
    652              }
    653          }
    654          
    655          
    656          
    657          
    658          uint8 OscillationCheckPassed(RES_EST_PARAM_TYPE *param)
    659          {
    660              uint8 passed;
    661          
    662              if(Speed_Oscillation_Debouncer > param->oscillation_check_timer)
    663              {
    664                  passed = TRUE;
    665              }
    666              else
    667              {
    668                  passed = FALSE;
    669              }
    670          
    671              return passed;
    672          }
    673          
    674          

   \                                 In section .text, align 4, keep-with-next
    675          void TimerDefinition(RES_EST_PARAM_TYPE *param)
    676          {
   \                     TimerDefinition: (+1)
   \   00000000   0xB530             PUSH     {R4,R5,LR}
   \   00000002   0xB081             SUB      SP,SP,#+4
   \   00000004   0x4604             MOV      R4,R0
   \   00000006   0xED2D 0x8B02      VPUSH    {D8}
    677              float32 speed_ref;
    678              float32 speed_thr_rads;
    679              speed_thr_rads = param->speed_threshold_to_estimate_resistance * RPM_TO_RADS;
   \   0000000A   0xED94 0x0A10      VLDR     S0,[R4, #+64]
    680          
    681              speed_ref = SpeedRefGen__GetSpeedRef();
    682              if(speed_ref > speed_thr_rads)
   \   0000000E   0x....             LDR.N    R5,??DataTable7_2
   \   00000010   0xEDDF 0x....      VLDR.W   S1,??DataTable7_1  ;; 0x3dd67750
   \   00000014   0xEE20 0x8A20      VMUL.F32 S16,S0,S1
   \   00000018   0x.... 0x....      BL       SpeedRefGen__GetSpeedRef
   \   0000001C   0xEEB4 0x8A40      VCMP.F32 S16,S0
   \   00000020   0xEEF1 0xFA10      FMSTAT   
   \   00000024   0xD503             BPL.N    ??TimerDefinition_1
    683              {
    684                  Res_Measure_Rate_State = RE_RATE_PATTERN_AFTER_SPIN;
   \   00000026   0x2004             MOVS     R0,#+4
   \   00000028   0x7028             STRB     R0,[R5, #+0]
    685                  Res_Frequency_Counter_Spin = 0;
   \   0000002A   0x2000             MOVS     R0,#+0
   \   0000002C   0x70E8             STRB     R0,[R5, #+3]
    686              }
    687          
    688              if(Mci__GetError(MOTOR0,MCI_ERROR_ANY_ERROR_FOUND))
   \                     ??TimerDefinition_1: (+1)
   \   0000002E   0x2100             MOVS     R1,#+0
   \   00000030   0x2000             MOVS     R0,#+0
   \   00000032   0x.... 0x....      BL       Mci__GetError
   \   00000036   0xB118             CBZ.N    R0,??TimerDefinition_2
    689              {
    690                  RE_SET_FLOW(RES_EST_MEASURE_RESISTANCE_REQ);
   \   00000038   0x88E8             LDRH     R0,[R5, #+6]
   \   0000003A   0xF040 0x0001      ORR      R0,R0,#0x1
   \   0000003E   0x80E8             STRH     R0,[R5, #+6]
    691              }
    692          
    693              switch(Res_Measure_Rate_State)
   \                     ??TimerDefinition_2: (+1)
   \   00000040   0x7828             LDRB     R0,[R5, #+0]
   \   00000042   0x2804             CMP      R0,#+4
   \   00000044   0xD84C             BHI.N    ??TimerDefinition_3
   \   00000046   0xE8DF 0xF000      TBB      [PC, R0]
   \                     ??TimerDefinition_0:
   \   0000004A   0x03 0x4D          DC8      0x3,0x4D,0xE,0x39
   \              0x0E 0x39    
   \   0000004E   0x27 0x00          DC8      0x27,0x0
    694              {
    695          
    696                  case RE_RATE_PATTERN_INITIALIZING:
    697                      Res_Frequency_Timer        = 0;
   \                     ??TimerDefinition_4: (+1)
   \   00000050   0x2000             MOVS     R0,#+0
   \   00000052   0x8168             STRH     R0,[R5, #+10]
    698                      Res_Frequency_Counter      = 0;
   \   00000054   0x70A8             STRB     R0,[R5, #+2]
    699                      Res_Frequency_Counter_Spin = 0;
   \   00000056   0x70E8             STRB     R0,[R5, #+3]
    700          
    701                      if (Mci__GetDigital(MOTOR0, MCI_DI_IDLE))
   \   00000058   0x2103             MOVS     R1,#+3
   \   0000005A   0x.... 0x....      BL       Mci__GetDigital
   \   0000005E   0x2800             CMP      R0,#+0
   \   00000060   0xD040             BEQ.N    ??TimerDefinition_5
    702                      {
    703                          Res_Measure_Rate_State = RE_RATE_PATTERN_WAITING_FIRST_START;
   \   00000062   0x2001             MOVS     R0,#+1
   \   00000064   0xE03D             B.N      ??TimerDefinition_6
    704                      }
    705                      break;
    706          
    707                  case RE_RATE_PATTERN_WAITING_FIRST_START:
    708                          //Just waiting for first measurement...
    709                      break;
    710          
    711                  case RE_RATE_PATTERN_AFTER_RESET:
    712                      if(!Res_Frequency_Timer)
   \                     ??TimerDefinition_7: (+1)
   \   00000066   0x8968             LDRH     R0,[R5, #+10]
   \   00000068   0xBBA0             CBNZ.N   R0,??TimerDefinition_8
    713                      {
    714                          Res_Frequency_Timer = param->time_estimate_resistance_after_reset;
   \   0000006A   0x6C60             LDR      R0,[R4, #+68]
   \   0000006C   0x8168             STRH     R0,[R5, #+10]
    715                          RE_SET_FLOW(RES_EST_MEASURE_RESISTANCE_REQ);
   \   0000006E   0x88E8             LDRH     R0,[R5, #+6]
   \   00000070   0xF040 0x0001      ORR      R0,R0,#0x1
   \   00000074   0x80E8             STRH     R0,[R5, #+6]
    716                          Res_Frequency_Counter++;
   \   00000076   0x78A8             LDRB     R0,[R5, #+2]
   \   00000078   0x1C40             ADDS     R0,R0,#+1
   \   0000007A   0x70A8             STRB     R0,[R5, #+2]
    717          
    718                          if(Res_Frequency_Counter > param->number_estimation_after_reset)
   \   0000007C   0xB2C0             UXTB     R0,R0
   \   0000007E   0x6CA1             LDR      R1,[R4, #+72]
   \   00000080   0x4281             CMP      R1,R0
   \   00000082   0xD22F             BCS.N    ??TimerDefinition_5
    719                          {
    720                              Res_Frequency_Counter = 0;
   \   00000084   0x2000             MOVS     R0,#+0
   \   00000086   0x70A8             STRB     R0,[R5, #+2]
    721                              Res_Measure_Rate_State = RE_RATE_PATTERN_NORMAL;
   \   00000088   0x2003             MOVS     R0,#+3
   \   0000008A   0x7028             STRB     R0,[R5, #+0]
    722                              Res_Frequency_Timer = param->time_estimate_resistance_normal;
   \   0000008C   0x6CE0             LDR      R0,[R4, #+76]
   \   0000008E   0x8168             STRH     R0,[R5, #+10]
    723                          }
    724                      }
    725                      else
    726                      {
    727                          Res_Frequency_Timer--;
    728                      }
    729                      break;
    730          
    731                  case RE_RATE_PATTERN_AFTER_SPIN:
    732                      RE_SET_FLOW(RES_EST_MEASURE_RESISTANCE_REQ);
    733          
    734                      if(Res_Frequency_Counter_Spin >= param->number_estimation_after_spin)
    735                      {
    736                          Res_Frequency_Counter_Spin = 0;
    737                          Res_Measure_Rate_State = RE_RATE_PATTERN_NORMAL;
    738                          Res_Frequency_Timer = param->time_estimate_resistance_normal;
    739                      }
    740                      break;
    741          
    742                  case RE_RATE_PATTERN_NORMAL:
    743                      if(!Res_Frequency_Timer)
    744                      {
    745                          Res_Frequency_Timer = param->time_estimate_resistance_normal;
    746                          RE_SET_FLOW(RES_EST_MEASURE_RESISTANCE_REQ);
    747                      }
    748                      else
    749                      {
    750                          Res_Frequency_Timer--;
    751                      }
    752                      break;
    753          
    754                  default:
    755                      // Go back to the beginning..
    756                      Res_Measure_Rate_State = RE_RATE_PATTERN_INITIALIZING;
    757                      break;
    758              }
    759          }
   \   00000090   0xECBD 0x8B02      VPOP     {D8}
   \   00000094   0xB001             ADD      SP,SP,#+4
   \   00000096   0xBD30             POP      {R4,R5,PC}
   \                     ??TimerDefinition_9: (+1)
   \   00000098   0x88E8             LDRH     R0,[R5, #+6]
   \   0000009A   0xF040 0x0001      ORR      R0,R0,#0x1
   \   0000009E   0x80E8             STRH     R0,[R5, #+6]
   \   000000A0   0x6D21             LDR      R1,[R4, #+80]
   \   000000A2   0x78E8             LDRB     R0,[R5, #+3]
   \   000000A4   0x4288             CMP      R0,R1
   \   000000A6   0xD31D             BCC.N    ??TimerDefinition_5
   \   000000A8   0x2000             MOVS     R0,#+0
   \   000000AA   0x70E8             STRB     R0,[R5, #+3]
   \   000000AC   0x2003             MOVS     R0,#+3
   \   000000AE   0x7028             STRB     R0,[R5, #+0]
   \   000000B0   0x6CE0             LDR      R0,[R4, #+76]
   \   000000B2   0x8168             STRH     R0,[R5, #+10]
   \   000000B4   0xECBD 0x8B02      VPOP     {D8}
   \   000000B8   0xB001             ADD      SP,SP,#+4
   \   000000BA   0xBD30             POP      {R4,R5,PC}
   \                     ??TimerDefinition_10: (+1)
   \   000000BC   0x8968             LDRH     R0,[R5, #+10]
   \   000000BE   0xB948             CBNZ.N   R0,??TimerDefinition_8
   \   000000C0   0x6CE0             LDR      R0,[R4, #+76]
   \   000000C2   0x8168             STRH     R0,[R5, #+10]
   \   000000C4   0x88E8             LDRH     R0,[R5, #+6]
   \   000000C6   0xF040 0x0001      ORR      R0,R0,#0x1
   \   000000CA   0x80E8             STRH     R0,[R5, #+6]
   \   000000CC   0xECBD 0x8B02      VPOP     {D8}
   \   000000D0   0xB001             ADD      SP,SP,#+4
   \   000000D2   0xBD30             POP      {R4,R5,PC}
   \                     ??TimerDefinition_8: (+1)
   \   000000D4   0x1E40             SUBS     R0,R0,#+1
   \   000000D6   0x8168             STRH     R0,[R5, #+10]
   \   000000D8   0xECBD 0x8B02      VPOP     {D8}
   \   000000DC   0xB001             ADD      SP,SP,#+4
   \   000000DE   0xBD30             POP      {R4,R5,PC}
   \                     ??TimerDefinition_3: (+1)
   \   000000E0   0x2000             MOVS     R0,#+0
   \                     ??TimerDefinition_6: (+1)
   \   000000E2   0x7028             STRB     R0,[R5, #+0]
   \                     ??TimerDefinition_5: (+1)
   \   000000E4   0xECBD 0x8B02      VPOP     {D8}
   \   000000E8   0xB001             ADD      SP,SP,#+4
   \   000000EA   0xBD30             POP      {R4,R5,PC}       ;; return

   \                                 In section .text, align 4, keep-with-next
   \                     ??DataTable7:
   \   00000000   0x00000000         DC32     0x0

   \                                 In section .text, align 4, keep-with-next
   \                     ??DataTable7_1:
   \   00000000   0x3DD67750         DC32     0x3dd67750

   \                                 In section .text, align 4, keep-with-next
   \                     ??DataTable7_2:
   \   00000000   0x........         DC32     Res_Measure_Rate_State

   Maximum stack usage in bytes:

   .cstack Function
   ------- --------
      24   ResistanceEstimation__Calculate
       0   ResistanceEstimation__GetResistance
       0   ResistanceEstimation__Handler25ms
         0   -> TimerDefinition
       0   ResistanceEstimation__Initialize
       0   ResistanceEstimation__IsResBeenUpdated
       0   ResistanceEstimation__Requested
       0   ResistanceEstimation__Start
      24   TimerDefinition
        24   -> Mci__GetDigital
        24   -> Mci__GetError
        24   -> SpeedRefGen__GetSpeedRef


   Section sizes:

   Bytes  Function/Label
   -----  --------------
       4  ??DataTable7
       4  ??DataTable7_1
       4  ??DataTable7_2
      56  Res_Measure_Rate_State
          Res_Est_State
          Res_Frequency_Counter
          Res_Frequency_Counter_Spin
          Time_Prescaler
          Res_Est_Flags
          Speed_Oscillation_Debouncer
          Res_Frequency_Timer
          This_Timer
          This_Timeout
          Sample_Counter
          Estimated_Resistance
          Last_Estimated_Resistance
          Timer_To_Reset_Resistance
          Voltage_Level
          Voltage_1st_Sum
          Current_1st_Sum
          Voltage_2nd_Sum
          Current_2nd_Sum
          Delta_Current_Nominal
     686  ResistanceEstimation__Calculate
       8  ResistanceEstimation__GetResistance
      12  ResistanceEstimation__Handler25ms
      74  ResistanceEstimation__Initialize
      14  ResistanceEstimation__IsResBeenUpdated
      12  ResistanceEstimation__Requested
      42  ResistanceEstimation__Start
     236  TimerDefinition

 
    56 bytes in section .bss
 1 096 bytes in section .text
 
 1 096 bytes of CODE memory
    56 bytes of DATA memory

Errors: none
Warnings: none
