###############################################################################
#
# IAR ANSI C/C++ Compiler V7.20.5.7591/W32 for ARM        06/Aug/2024  13:42:30
# Copyright 1999-2014 IAR Systems AB.
#
#    Cpu mode     =  thumb
#    Endian       =  little
#    Source file  =  
#        C:\Data\Python\Self_Commissioning_Bpm\source\XCategory\Hbl\Mci\SpeedRefGen\SpeedRefGen.c
#    Command line =  
#        -I./ -I../cx/ -I../cx/inc/ -ICategory/ -ICategory/Application/
#        -ICategory/Application/ThermalModel/
#        -ICategory/Application/ThermalModel/ThermalModelCore_DD/
#        -ICategory/Application/ThermalModel/ThermalModelCore_sBPM/
#        -ICategory/Common/ -ICategory/Common/BoardDebugging/
#        -ICategory/Common/MasterCommander/
#        -ICategory/Common/MasterCommander/Source/
#        -ICategory/Common/MasterCommander/Source/HAL/
#        -ICategory/Common/SelfCommissioning/ -ICategory/Hbl/
#        -IProjectSpecific/ -IProjectSpecific/Application/
#        -IProjectSpecific/Application/API007App/
#        -IProjectSpecific/Application/ModeManagement/
#        -IProjectSpecific/Application/MotorSelector/
#        -IProjectSpecific/Application/ProductInfo/
#        -IProjectSpecific/Application/SRMcuSpeedMonitor/
#        -IProjectSpecific/Application/ThermalModel/
#        -IProjectSpecific/CommonCore/ -IProjectSpecific/Driver/
#        -IProjectSpecific/MasterCommander/ -IProjectSpecific/Mci/
#        -IProjectSpecific/Mci/Mcl/ -IProjectSpecific/Mci/Mcl/old_xls/
#        -IXCategory/ -IXCategory/Application/
#        -IXCategory/Application/MciParametersLoader/
#        -IXCategory/Application/Mode/ -IXCategory/Application/Reveal_APIs/
#        -IXCategory/Application/Reveal_APIs/API003Disc/
#        -IXCategory/Application/Reveal_APIs/API004Debug/
#        -IXCategory/Application/Reveal_APIs/API005LowLevel/
#        -IXCategory/Application/Reveal_APIs/API007Data/
#        -IXCategory/Application/Reveal_APIs/API009System/
#        -IXCategory/Application/Reveal_APIs/API010PollVar/
#        -IXCategory/Application/Reveal_APIs/API011AppCtr/
#        -IXCategory/Application/Reveal_APIs/API013RemoteFunction/
#        -IXCategory/Application/Reveal_APIs/API018Diagnostic/
#        -IXCategory/Application/Reveal_APIs/API019ProductInfo/
#        -IXCategory/Application/Reveal_APIs/API220MotorControl/
#        -IXCategory/Application/Reveal_APIs/API220MotorControl/API/
#        -IXCategory/Application/Reveal_APIs/API221MotionCtrl/
#        -IXCategory/Application/Reveal_APIs/SRAPI020Safety/
#        -IXCategory/Application/SFUpdater/ -IXCategory/Common/
#        -IXCategory/Common/Crc16/ -IXCategory/Common/Crc8/
#        -IXCategory/Common/Log/ -IXCategory/Common/Millis/
#        -IXCategory/Common/SettingFile/ -IXCategory/Common/SRClockMonitor/
#        -IXCategory/Common/SRData/ -IXCategory/Common/SRException/
#        -IXCategory/Common/SRFlow/ -IXCategory/Common/SRIsrMonitor/
#        -IXCategory/Common/SRMain/ -IXCategory/Common/SRMcuSpeedMonitor/
#        -IXCategory/Common/SRPowerMgr/ -IXCategory/Common/SRSignature/
#        -IXCategory/Common/SRSystemConfig/
#        -IXCategory/Common/SRTimerReference/ -IXCategory/Common/SystemConfig/
#        -IXCategory/Common/SystemTimers/ -IXCategory/Common/Utilities/
#        -IXCategory/Driver/ -IXCategory/Driver/API/
#        -IXCategory/Driver/API/Comparator/ -IXCategory/Driver/API/DataFlash/
#        -IXCategory/Driver/API/Dma/ -IXCategory/Driver/API/Flash/
#        -IXCategory/Driver/API/Gpio/ -IXCategory/Driver/API/Micro/
#        -IXCategory/Driver/API/Spi/ -IXCategory/Driver/API/SRMCAtod/
#        -IXCategory/Driver/API/SRMCInputCapture/
#        -IXCategory/Driver/API/SRMCPwm/ -IXCategory/Driver/API/TimerInterrupt/
#        -IXCategory/Driver/API/Uart/ -IXCategory/Driver/Comparator/
#        -IXCategory/Driver/DataFlash/ -IXCategory/Driver/Dma/
#        -IXCategory/Driver/Flash/ -IXCategory/Driver/Gpio/
#        -IXCategory/Driver/Micro/ -IXCategory/Driver/Spi/
#        -IXCategory/Driver/SRMCAtod/ -IXCategory/Driver/SRMCInputCapture/
#        -IXCategory/Driver/SRMCPwm/ -IXCategory/Driver/TimerInterrupt/
#        -IXCategory/Driver/Uart/ -IXCategory/Hbl/ -IXCategory/Hbl/Mci/
#        -IXCategory/Hbl/Mci/InverterTemp/ -IXCategory/Hbl/Mci/Mcl/
#        -IXCategory/Hbl/Mci/Mcl/Braking/ -IXCategory/Hbl/Mci/Mcl/MacroBlocks/
#        -IXCategory/Hbl/Mci/Mcl/MclFvt/ -IXCategory/Hbl/Mci/Mcl/MicroBlocks/
#        -IXCategory/Hbl/Mci/Mcl/MicroBlocks/ClrkPark/
#        -IXCategory/Hbl/Mci/Mcl/MicroBlocks/Filters/
#        -IXCategory/Hbl/Mci/Mcl/MicroBlocks/Math/
#        -IXCategory/Hbl/Mci/Mcl/MicroBlocks/ObserverPmsm/
#        -IXCategory/Hbl/Mci/Mcl/MicroBlocks/Pi/
#        -IXCategory/Hbl/Mci/Mcl/MicroBlocks/PwmModulation/
#        -IXCategory/Hbl/Mci/Mcl/ResistanceEstimation/
#        -IXCategory/Hbl/Mci/PowerModuleManager/
#        -IXCategory/Hbl/Mci/SpeedRefGen/ -IXCategory/Hbl/Mci/SurgeRelay/
#        -IXCategory/Hbl/SRMotorSafetyMgr/
#        -IXCategory/Hbl/SRMotorSafetyMgr/API/ -IXCategory/Service/
#        -IXCategory/Service/Reveal/ -IXCategory/Service/Win/ --remarks
#        --no_tbaa --debug --use_c++_inline --only_stdout --dlib_config
#        ..\cx\inc\DLib_Config_Normal.h -r -D
#        ENABLE_JUMP_TO_APPLICATION_WITHOUT_IAP_FIRMWARE -D
#        SET_FLASH_OPTION_CONFIGURATION -D ARM_MATH_CM4 -e --silent
#        --endian=little --cpu Cortex-M4 --fpu=VFPv4_sp -Ohs -o SpeedRefGen.obj
#        -l ..\listings\SpeedRefGen.lst
#        C:\Data\Python\Self_Commissioning_Bpm\source\XCategory\Hbl\Mci\SpeedRefGen\SpeedRefGen.c
#    List file    =  ..\listings\SpeedRefGen.lst
#    Object file  =  SpeedRefGen.obj
#
###############################################################################

C:\Data\Python\Self_Commissioning_Bpm\source\XCategory\Hbl\Mci\SpeedRefGen\SpeedRefGen.c
      1          /**
      2           *  @file       SpeedRefGen.c
      3           *  @brief      Basic description of file contents
      4           *
      5           *  @details    Detailed description of the file contents
      6           *
      7           *---------------------------------------------------------------------------------------------------------------------
      8           *------------------- Copyright 2012.  Whirlpool Corporation.  All rights reserved - CONFIDENTIAL ---------------------
      9           *---------------------------------------------------------------------------------------------------------------------
     10           */
     11          
     12          //-------------------------------------- Include Files ----------------------------------------------------------------
     13          #include "SpeedRefGen.h"
     14          #include "MclConfig.h"
     15          #include "McMathCalc_macros.h"
     16          #include "Mci.h"
     17          
     18          
     19          //-------------------------------------- PUBLIC (Variables) -----------------------------------------------------------
     20          

   \                                 In section .bss, align 4
     21          uint8 Apply_Default_Accel;
   \                     Apply_Default_Accel:
   \   00000000                      DS8 1
   \   00000001                      DS8 3
     22          float32 Default_Accel;
   \                     Default_Accel:
   \   00000004                      DS8 4
     23          float32 Increment;
   \                     Increment:
   \   00000008                      DS8 4
     24          float32 SpeedRef_Target_Speed;
   \                     SpeedRef_Target_Speed:
   \   0000000C                      DS8 4
     25          float32 SpeedRef_Reference_Speed;
   \                     SpeedRef_Reference_Speed:
   \   00000010                      DS8 4
     26          

   \                                 In section .bss, align 4
     27          float32 Max_Delta_Rpm;
   \                     Max_Delta_Rpm:
   \   00000000                      DS8 4

   \                                 In section .bss, align 4
     28          float32 Starting_Accel;
   \                     Starting_Accel:
   \   00000000                      DS8 4

   \                                 In section .bss, align 4
     29          float32 Min_Speed_For_Fixed_Accel;
   \                     Min_Speed_For_Fixed_Accel:
   \   00000000                      DS8 4
     30          //-------------------------------------- PRIVATE (Variables, Constants & Defines) -------------------------------------
     31          #ifndef RPM_TO_RADS
     32              #define RPM_TO_RADS     0.10471975511965977461542144610932f
     33          #endif
     34          
     35          //! Converts a value into TRUE or FALSE; 0 is FALSE, TRUE otherwise.
     36          #ifndef GET_TRUE_FALSE
     37              #define GET_TRUE_FALSE(value)           (BOOL_TYPE)(((value) == 0) ? (FALSE) : (TRUE))
     38          #endif
     39          //-------------------------------------- PRIVATE (Function Prototypes) ------------------------------------------------
     40          
     41          //=====================================================================================================================
     42          //-------------------------------------- Public Functions -------------------------------------------------------------
     43          //=====================================================================================================================
     44          
     45          
     46          
     47          //---------------------------------------------------------------------------------------------------------------------
     48          /**
     49           * @brief       Initialize the speed reference generator.
     50           */

   \                                 In section .text, align 2, keep-with-next
     51          void SpeedRefGen__Initialize(void)
     52          {
     53              SpeedRef_Target_Speed = 0.0f;
   \                     SpeedRefGen__Initialize: (+1)
   \   00000000   0x....             LDR.N    R0,??DataTable10_4
   \   00000002   0x2100             MOVS     R1,#+0
   \   00000004   0x60C1             STR      R1,[R0, #+12]
     54              SpeedRef_Reference_Speed = 0.0f;
   \   00000006   0x6101             STR      R1,[R0, #+16]
     55              Default_Accel = 0.0f;
   \   00000008   0x6041             STR      R1,[R0, #+4]
     56              Apply_Default_Accel = FALSE;
   \   0000000A   0x7001             STRB     R1,[R0, #+0]
     57          }
   \   0000000C   0x4770             BX       LR               ;; return
     58          
     59          
     60          
     61          
     62          //---------------------------------------------------------------------------------------------------------------------

   \                                 In section .text, align 4, keep-with-next
     63          void SpeedRefGen__SetSpeedParams(float32 default_accel)
     64          {
     65              Default_Accel = default_accel * SPEEDREF__TS * RPM_TO_RADS;
   \                     SpeedRefGen__SetSpeedParams: (+1)
   \   00000000   0xEDDF 0x....      VLDR.W   S1,??DataTable10  ;; 0x3903126f
   \   00000004   0xEE20 0x0A20      VMUL.F32 S0,S0,S1
   \   00000008   0xEDDF 0x....      VLDR.W   S1,??DataTable10_1  ;; 0x3dd67750
   \   0000000C   0x....             LDR.N    R0,??DataTable10_4
   \   0000000E   0xEE20 0x0A20      VMUL.F32 S0,S0,S1
   \   00000012   0xED80 0x0A01      VSTR     S0,[R0, #+4]
     66          }
   \   00000016   0x4770             BX       LR               ;; return
     67          
     68          
     69          
     70          
     71          //---------------------------------------------------------------------------------------------------------------------
     72          /**
     73           * @brief       Reset only intermediate variables, speed and accel targets are kept!
     74           *
     75           */

   \                                 In section .text, align 2, keep-with-next
     76          void SpeedRefGen__Reset(void)
     77          {
     78              SpeedRef_Reference_Speed = 0.0f;
   \                     SpeedRefGen__Reset: (+1)
   \   00000000   0x....             LDR.N    R0,??DataTable10_4
   \   00000002   0x2100             MOVS     R1,#+0
   \   00000004   0x6101             STR      R1,[R0, #+16]
     79          }
   \   00000006   0x4770             BX       LR               ;; return
     80          
     81          
     82          
     83          
     84          //---------------------------------------------------------------------------------------------------------------------
     85          /**
     86           * @brief       Configure the new speed.
     87           *
     88           * @param       target_rpm this is the target in RPM
     89           * @param       accel_rpm_s acceleration in RPM/s
     90           * @return      SPEED_REF_DENIED    [0] either speed or acceleration denied
     91           *              SPEED_REF_ACCEPTED  [1] both speed and acceleration accepted
     92           *              SPEED_REF_NEG_STEP  [2] step on speed reference accepted
     93           *              SPEED_REF_POS_STEP  [3] step on speed reference accepted
     94           */

   \                                 In section .text, align 4, keep-with-next
     95          SPEED_REF_SET_NEW_SPEED_TYPE SpeedRefGen__SetNewSpeed(sint32 target_rpm, sint32 accel_rpm_s)
     96          {
     97              float32 temp_f;
     98              SPEED_REF_SET_NEW_SPEED_TYPE ret_val;
     99              sint32 accel_rpm_s_abs;
    100          
    101              ret_val = SPEED_REF_DENIED;
   \                     SpeedRefGen__SetNewSpeed: (+1)
   \   00000000   0x2200             MOVS     R2,#+0
    102          
    103              accel_rpm_s_abs = MATHCALC__ABS(accel_rpm_s);
   \   00000002   0x2900             CMP      R1,#+0
   \   00000004   0xBF48             IT       MI 
   \   00000006   0x4249             RSBMI    R1,R1,#+0
    104          
    105              if(accel_rpm_s_abs == 0)
   \   00000008   0xED9F 0x....      VLDR.W   S0,??DataTable10_1  ;; 0x3dd67750
   \   0000000C   0x....             LDR.N    R3,??DataTable10_4
   \   0000000E   0xBB09             CBNZ.N   R1,??SpeedRefGen__SetNewSpeed_0
    106              {
    107                  temp_f  = (float32)(MATHCALC__ABS(target_rpm)) * RPM_TO_RADS;
   \   00000010   0x0001             MOVS     R1,R0
   \   00000012   0xBF48             IT       MI 
   \   00000014   0x4249             RSBMI    R1,R1,#+0
    108                  temp_f -= MATHCALC__FABS(SpeedRefGen__GetSpeedRef());
   \   00000016   0xED93 0x1A04      VLDR     S2,[R3, #+16]
   \   0000001A   0xEE00 0x1A90      VMOV     S1,R1
   \   0000001E   0xEEF8 0x0AE0      VCVT.F32.S32 S1,S1
   \   00000022   0xEE60 0x0A80      VMUL.F32 S1,S1,S0
   \   00000026   0xEEB0 0x1AC1      VABS.F32 S2,S2
   \   0000002A   0xEE70 0x0AC1      VSUB.F32 S1,S1,S2
   \   0000002E   0xEEF5 0x0A40      VCMP.F32 S1,#0.0
   \   00000032   0xEEF1 0xFA10      FMSTAT   
   \   00000036   0xD522             BPL.N    ??SpeedRefGen__SetNewSpeed_1
    109          
    110                  if(temp_f < 0)
    111                  {
    112                      SpeedRef_Reference_Speed = (float32) target_rpm * RPM_TO_RADS;
   \   00000038   0xEE00 0x0A90      VMOV     S1,R0
    113                      SpeedRef_Target_Speed = SpeedRef_Reference_Speed;
    114                      Increment = 0.0f;
   \   0000003C   0x609A             STR      R2,[R3, #+8]
   \   0000003E   0xEEF8 0x0AE0      VCVT.F32.S32 S1,S1
   \   00000042   0xEE20 0x0A80      VMUL.F32 S0,S1,S0
    115          
    116                      ret_val = SPEED_REF_NEG_STEP;
   \   00000046   0x2202             MOVS     R2,#+2
   \   00000048   0xED83 0x0A04      VSTR     S0,[R3, #+16]
   \   0000004C   0xED83 0x0A03      VSTR     S0,[R3, #+12]
    117                  }
    118              }
    119              else
    120              {
    121                  SpeedRef_Target_Speed = (float32) target_rpm * RPM_TO_RADS;
    122          
    123                  //The speed reference is incremented by means of Gradient * FunctionCallTime which is [Rpm/s] * [s] => [Rpm]
    124                  Increment  = (float32) accel_rpm_s_abs * SPEEDREF__TS * RPM_TO_RADS;
    125          
    126                  ret_val = SPEED_REF_ACCEPTED;
    127              }
    128          
    129              return(ret_val);
   \   00000050   0x4610             MOV      R0,R2
   \   00000052   0x4770             BX       LR
   \                     ??SpeedRefGen__SetNewSpeed_0: (+1)
   \   00000054   0xEE00 0x0A90      VMOV     S1,R0
   \   00000058   0xEEF8 0x0AE0      VCVT.F32.S32 S1,S1
   \   0000005C   0xEE60 0x0A80      VMUL.F32 S1,S1,S0
   \   00000060   0xEDC3 0x0A03      VSTR     S1,[R3, #+12]
   \   00000064   0xEE00 0x1A90      VMOV     S1,R1
   \   00000068   0xEEF8 0x0AE0      VCVT.F32.S32 S1,S1
   \   0000006C   0xED9F 0x....      VLDR.W   S2,??DataTable10  ;; 0x3903126f
   \   00000070   0xEE60 0x0A81      VMUL.F32 S1,S1,S2
   \   00000074   0xEE20 0x0A80      VMUL.F32 S0,S1,S0
   \   00000078   0xED83 0x0A02      VSTR     S0,[R3, #+8]
   \   0000007C   0x2201             MOVS     R2,#+1
   \                     ??SpeedRefGen__SetNewSpeed_1: (+1)
   \   0000007E   0x4610             MOV      R0,R2
   \   00000080   0x4770             BX       LR               ;; return
    130          }
    131          
    132          
    133          
    134          
    135          //---------------------------------------------------------------------------------------------------------------------
    136          /**
    137           * @brief       This is the handler to generate the new speed reference
    138           * @return      the new speed reference in rad\s (mechanical)
    139           */

   \                                 In section .text, align 4, keep-with-next
    140          float32 SpeedRefGen__Generator(void)
    141          {
   \                     SpeedRefGen__Generator: (+1)
   \   00000000   0xB510             PUSH     {R4,LR}
    142          	float32 temp_increment;
    143          
    144          	if((Apply_Default_Accel)&&(Default_Accel!=0.0f))
   \   00000002   0x....             LDR.N    R4,??DataTable10_4
   \   00000004   0xED2D 0x8B04      VPUSH    {D8-D9}
   \   00000008   0x7820             LDRB     R0,[R4, #+0]
   \   0000000A   0x2800             CMP      R0,#+0
   \   0000000C   0xBF1D             ITTTE    NE 
   \   0000000E   0xEDD4 0x8A01      VLDRNE   S17,[R4, #+4]
   \   00000012   0xEEF5 0x8A40      VCMPNE.F32 S17,#0.0
   \   00000016   0xEEF1 0xFA10      FMSTATNE 
    145          	{
    146          		temp_increment = Default_Accel;
    147          	}
    148          	else
    149          	{
    150          		temp_increment = Increment;
   \   0000001A   0xEDD4 0x8A02      VLDREQ   S17,[R4, #+8]
    151          	}
    152          
    153          
    154              if(SpeedRef_Target_Speed > SpeedRef_Reference_Speed)
   \   0000001E   0xED94 0x0A03      VLDR     S0,[R4, #+12]
   \   00000022   0xEDD4 0x0A04      VLDR     S1,[R4, #+16]
   \   00000026   0xEEF4 0x0A40      VCMP.F32 S1,S0
   \   0000002A   0xEEF1 0xFA10      FMSTAT   
   \   0000002E   0xD53A             BPL.N    ??SpeedRefGen__Generator_0
    155              {
    156              	if ((temp_increment > SPEEDREF__MAX_RPM_PER_SEC_DECEL())&&(SpeedRef_Target_Speed < 0))
   \   00000030   0xED9F 0x....      VLDR.W   S16,??DataTable10_2  ;; 0x40c90fdb
   \   00000034   0xED9F 0x....      VLDR.W   S18,??DataTable10  ;; 0x3903126f
   \   00000038   0x2103             MOVS     R1,#+3
   \   0000003A   0x2000             MOVS     R0,#+0
   \   0000003C   0x.... 0x....      BL       Mci__GetParams
   \   00000040   0xEE00 0x0A10      VMOV     S0,R0
   \   00000044   0xEEB8 0x0AC0      VCVT.F32.S32 S0,S0
   \   00000048   0xEE20 0x0A09      VMUL.F32 S0,S0,S18
   \   0000004C   0xEE20 0x0A08      VMUL.F32 S0,S0,S16
   \   00000050   0xEDDF 0x....      VLDR.W   S1,??DataTable10_3  ;; 0x42700000
   \   00000054   0xEE80 0x0A20      VDIV.F32 S0,S0,S1
   \   00000058   0xEEB4 0x0A68      VCMP.F32 S0,S17
   \   0000005C   0xEEF1 0xFA10      FMSTAT   
   \   00000060   0xBF42             ITTT     MI 
   \   00000062   0xED94 0x0A03      VLDRMI   S0,[R4, #+12]
   \   00000066   0xEEB5 0x0A40      VCMPMI.F32 S0,#0.0
   \   0000006A   0xEEF1 0xFA10      FMSTATMI 
   \   0000006E   0xD50F             BPL.N    ??SpeedRefGen__Generator_1
    157              	{
    158                  		temp_increment = SPEEDREF__MAX_RPM_PER_SEC_DECEL();
   \   00000070   0x2103             MOVS     R1,#+3
   \   00000072   0x2000             MOVS     R0,#+0
   \   00000074   0x.... 0x....      BL       Mci__GetParams
   \   00000078   0xEE00 0x0A10      VMOV     S0,R0
   \   0000007C   0xEEB8 0x0AC0      VCVT.F32.S32 S0,S0
   \   00000080   0xEE20 0x0A09      VMUL.F32 S0,S0,S18
   \   00000084   0xEE20 0x0A08      VMUL.F32 S0,S0,S16
   \   00000088   0xEDDF 0x....      VLDR.W   S1,??DataTable10_3  ;; 0x42700000
   \   0000008C   0xEEC0 0x8A20      VDIV.F32 S17,S0,S1
    159              	}
    160          
    161                  SpeedRef_Reference_Speed += temp_increment;
   \                     ??SpeedRefGen__Generator_1: (+1)
   \   00000090   0xED94 0x0A04      VLDR     S0,[R4, #+16]
    162                  if(SpeedRef_Reference_Speed >= SpeedRef_Target_Speed)
   \   00000094   0xEDD4 0x0A03      VLDR     S1,[R4, #+12]
   \   00000098   0xEE30 0x0A28      VADD.F32 S0,S0,S17
   \   0000009C   0xED84 0x0A04      VSTR     S0,[R4, #+16]
   \   000000A0   0xEEB4 0x0A60      VCMP.F32 S0,S1
   \   000000A4   0xE03E             B.N      ??SpeedRefGen__Generator_2
    163                  {
    164                      SpeedRef_Reference_Speed = SpeedRef_Target_Speed;
    165                  }
    166              }
    167              else if(SpeedRef_Target_Speed < SpeedRef_Reference_Speed)
   \                     ??SpeedRefGen__Generator_0: (+1)
   \   000000A6   0xEEB4 0x0A60      VCMP.F32 S0,S1
   \   000000AA   0xEEF1 0xFA10      FMSTAT   
   \   000000AE   0xD53E             BPL.N    ??SpeedRefGen__Generator_3
    168              {
    169          
    170              	if ((temp_increment > SPEEDREF__MAX_RPM_PER_SEC_DECEL())&&(SpeedRef_Target_Speed >0))
   \   000000B0   0xED9F 0x....      VLDR.W   S16,??DataTable10_2  ;; 0x40c90fdb
   \   000000B4   0xED9F 0x....      VLDR.W   S18,??DataTable10  ;; 0x3903126f
   \   000000B8   0x2103             MOVS     R1,#+3
   \   000000BA   0x2000             MOVS     R0,#+0
   \   000000BC   0x.... 0x....      BL       Mci__GetParams
   \   000000C0   0xEE00 0x0A10      VMOV     S0,R0
   \   000000C4   0xEEB8 0x0AC0      VCVT.F32.S32 S0,S0
   \   000000C8   0xEE20 0x0A09      VMUL.F32 S0,S0,S18
   \   000000CC   0xEE20 0x0A08      VMUL.F32 S0,S0,S16
   \   000000D0   0xEDDF 0x....      VLDR.W   S1,??DataTable10_3  ;; 0x42700000
   \   000000D4   0xEE80 0x0A20      VDIV.F32 S0,S0,S1
   \   000000D8   0xEEB4 0x0A68      VCMP.F32 S0,S17
   \   000000DC   0xEEF1 0xFA10      FMSTAT   
   \   000000E0   0xD516             BPL.N    ??SpeedRefGen__Generator_4
   \   000000E2   0xED94 0x0A03      VLDR     S0,[R4, #+12]
   \   000000E6   0xEEB5 0x0A40      VCMP.F32 S0,#0.0
   \   000000EA   0xEEF1 0xFA10      FMSTAT   
   \   000000EE   0xDD0F             BLE.N    ??SpeedRefGen__Generator_4
    171              	{
    172              			temp_increment = SPEEDREF__MAX_RPM_PER_SEC_DECEL();
   \   000000F0   0x2103             MOVS     R1,#+3
   \   000000F2   0x2000             MOVS     R0,#+0
   \   000000F4   0x.... 0x....      BL       Mci__GetParams
   \   000000F8   0xEE00 0x0A10      VMOV     S0,R0
   \   000000FC   0xEEB8 0x0AC0      VCVT.F32.S32 S0,S0
   \   00000100   0xEE20 0x0A09      VMUL.F32 S0,S0,S18
   \   00000104   0xEE20 0x0A08      VMUL.F32 S0,S0,S16
   \   00000108   0xEDDF 0x....      VLDR.W   S1,??DataTable10_3  ;; 0x42700000
   \   0000010C   0xEEC0 0x8A20      VDIV.F32 S17,S0,S1
    173              	}
    174          
    175          
    176                  SpeedRef_Reference_Speed -= temp_increment;
   \                     ??SpeedRefGen__Generator_4: (+1)
   \   00000110   0xED94 0x0A04      VLDR     S0,[R4, #+16]
    177                  if(SpeedRef_Target_Speed >= SpeedRef_Reference_Speed)
   \   00000114   0xEDD4 0x0A03      VLDR     S1,[R4, #+12]
   \   00000118   0xEE30 0x0A68      VSUB.F32 S0,S0,S17
   \   0000011C   0xED84 0x0A04      VSTR     S0,[R4, #+16]
   \   00000120   0xEEF4 0x0A40      VCMP.F32 S1,S0
   \                     ??SpeedRefGen__Generator_2: (+1)
   \   00000124   0xEEF1 0xFA10      FMSTAT   
   \   00000128   0xBFA8             IT       GE 
    178                  {
    179                      SpeedRef_Reference_Speed = SpeedRef_Target_Speed;
   \   0000012A   0xEDC4 0x0A04      VSTRGE   S1,[R4, #+16]
    180                  }
    181              }
    182          
    183              return(SpeedRef_Reference_Speed);
   \                     ??SpeedRefGen__Generator_3: (+1)
   \   0000012E   0xED94 0x0A04      VLDR     S0,[R4, #+16]
   \   00000132   0xECBD 0x8B04      VPOP     {D8-D9}
   \   00000136   0xBD10             POP      {R4,PC}          ;; return
    184          }
    185          
    186          
    187          
    188          
    189          //---------------------------------------------------------------------------------------------------------------------
    190          /**
    191           * @brief       Get speed reference
    192           * @return      speed reference in rad\s
    193           */

   \                                 In section .text, align 2, keep-with-next
    194          float32 SpeedRefGen__GetSpeedRef(void)
    195          {
    196              float32 ret_val;
    197          
    198              ret_val = SpeedRef_Reference_Speed;
    199          
    200              return(ret_val);
   \                     SpeedRefGen__GetSpeedRef: (+1)
   \   00000000   0x....             LDR.N    R0,??DataTable10_4
   \   00000002   0xED90 0x0A04      VLDR     S0,[R0, #+16]
   \   00000006   0x4770             BX       LR               ;; return
    201          }
    202          
    203          
    204          
    205          
    206          //---------------------------------------------------------------------------------------------------------------------
    207          /**
    208           * @brief       Get speed target
    209           * @return      speed target in rad\s
    210           */

   \                                 In section .text, align 2, keep-with-next
    211          float32 SpeedRefGen__GetSpeedTarget(void)
    212          {
    213              float32 ret_val;
    214          
    215              ret_val = SpeedRef_Target_Speed;
    216          
    217              return(ret_val);
   \                     SpeedRefGen__GetSpeedTarget: (+1)
   \   00000000   0x....             LDR.N    R0,??DataTable10_4
   \   00000002   0xED90 0x0A03      VLDR     S0,[R0, #+12]
   \   00000006   0x4770             BX       LR               ;; return
    218          }
    219          
    220          
    221          
    222          
    223          //---------------------------------------------------------------------------------------------------------------------
    224          /**
    225           * @brief       Get the current status of the speed reference, the return data info is
    226           *              explained in the return data.
    227           * @return      SPEED_REF_ZEROED - the speed reference is at zero
    228           *              SPEED_REF_ACCELERATING - speed reference is increasing
    229           *              SPEED_REF_DECELERATING - speed reference is decreasing
    230           *              SPEED_REF_AT_PLATEAU - the speed reference is at the target
    231           *
    232           *       ***********************  Combinatorial table  *****************************
    233           *       target ... ref     sign target      sign product        status
    234           *       ***************************************************************************
    235           *               <              +                +               decelerating
    236           *               >              +                +               accelerating
    237           *               <              -                +               accelerating
    238           *               >              -                +               decelerating
    239           *               <              +                -               not possible
    240           *               >              +                -               decelerating
    241           *               <              -                -               decelerating
    242           *               >              -                -               not possible
    243           *       ***************************************************************************
    244           */
    245          

   \                                 In section .text, align 2, keep-with-next
    246          SPEED_REF_STATUS_TYPE SpeedRefGen__GetStatus(void)
    247          {
    248              SPEED_REF_STATUS_TYPE status;
    249              float32 target_temp;
    250              float32 reference_temp;
    251              float32 target_ref_product;
    252          
    253              target_temp = MATHCALC__FABS(SpeedRef_Target_Speed);
   \                     SpeedRefGen__GetStatus: (+1)
   \   00000000   0x....             LDR.N    R0,??DataTable10_4
   \   00000002   0xED90 0x0A03      VLDR     S0,[R0, #+12]
    254              reference_temp = MATHCALC__FABS(SpeedRef_Reference_Speed);
   \   00000006   0xED90 0x1A04      VLDR     S2,[R0, #+16]
   \   0000000A   0xEEF0 0x0AC0      VABS.F32 S1,S0
    255          
    256              target_ref_product = SpeedRef_Target_Speed * SpeedRef_Reference_Speed;
    257          
    258          
    259              if( (!target_temp)  &&
    260                  (!reference_temp)  )
   \   0000000E   0xEEF5 0x0A40      VCMP.F32 S1,#0.0
   \   00000012   0xEEF0 0x1AC1      VABS.F32 S3,S2
   \   00000016   0xEE20 0x2A01      VMUL.F32 S4,S0,S2
   \   0000001A   0xEEF1 0xFA10      FMSTAT   
   \   0000001E   0xBF04             ITT      EQ 
   \   00000020   0xEEF5 0x1A40      VCMPEQ.F32 S3,#0.0
   \   00000024   0xEEF1 0xFA10      FMSTATEQ 
   \   00000028   0xD101             BNE.N    ??SpeedRefGen__GetStatus_0
    261              {
    262                  status = SPEED_REF_ZEROED;
   \   0000002A   0x2000             MOVS     R0,#+0
   \   0000002C   0x4770             BX       LR
    263              }
    264              else if(SpeedRef_Target_Speed == SpeedRef_Reference_Speed)
   \                     ??SpeedRefGen__GetStatus_0: (+1)
   \   0000002E   0xEEB4 0x0A41      VCMP.F32 S0,S2
   \   00000032   0xEEF1 0xFA10      FMSTAT   
   \   00000036   0xD101             BNE.N    ??SpeedRefGen__GetStatus_1
    265              {
    266                  status = SPEED_REF_AT_PLATEAU;
   \   00000038   0x2003             MOVS     R0,#+3
   \   0000003A   0x4770             BX       LR
    267              }
    268              else if(target_ref_product >= 0)
   \                     ??SpeedRefGen__GetStatus_1: (+1)
   \   0000003C   0xEEB5 0x2A40      VCMP.F32 S4,#0.0
   \   00000040   0xEEF1 0xFA10      FMSTAT   
   \   00000044   0xDB06             BLT.N    ??SpeedRefGen__GetStatus_2
    269              {
    270                  if(target_temp < reference_temp)
   \   00000046   0xEEF4 0x0A61      VCMP.F32 S1,S3
   \   0000004A   0xEEF1 0xFA10      FMSTAT   
   \   0000004E   0xD401             BMI.N    ??SpeedRefGen__GetStatus_2
    271                  {
    272                      status = SPEED_REF_DECELERATING;
    273                  }
    274                  else //if(target_temp > reference_temp)
    275                  {
    276                      status = SPEED_REF_ACCELERATING;
   \   00000050   0x2001             MOVS     R0,#+1
   \   00000052   0x4770             BX       LR
    277                  }
    278              }
    279              else
    280              {
    281                  status = SPEED_REF_DECELERATING;
   \                     ??SpeedRefGen__GetStatus_2: (+1)
   \   00000054   0x2002             MOVS     R0,#+2
    282              }
    283          
    284              return(status);
   \   00000056   0x4770             BX       LR               ;; return
    285          }
    286          
    287          
    288          
    289          /*
    290           * @brief		Request the speed reference to apply minimum acceleration
    291           * @param[in]	apply_min_accel: 	TRUE - force default acceleration read from Mci
    292           * 									FALSE - use user acceleration from Mci API
    293           */

   \                                 In section .text, align 2, keep-with-next
    294          void SpeedRefGen__ApplyDefaultAccel(uint8 apply_min_accel)
    295          {
    296          	Apply_Default_Accel = GET_TRUE_FALSE(apply_min_accel);
   \                     SpeedRefGen__ApplyDefaultAccel: (+1)
   \   00000000   0x1E41             SUBS     R1,R0,#+1
   \   00000002   0x4189             SBCS     R1,R1,R1
   \   00000004   0x43C9             MVNS     R1,R1
   \   00000006   0x....             LDR.N    R0,??DataTable10_4
   \   00000008   0x0FC9             LSRS     R1,R1,#+31
   \   0000000A   0x7001             STRB     R1,[R0, #+0]
    297          }
   \   0000000C   0x4770             BX       LR               ;; return
    298          
    299          
    300          
    301          //---------------------------------------------------------------------------------------------------------------------
    302          /**
    303           * @brief       Get speed reference in IQ format
    304           * @params      speed base and IQ format
    305           * @return      speed target in IQ format
    306           */

   \                                 In section .text, align 2, keep-with-next
    307          sint32 SpeedRefGen__GetSpeedRefIQ(float32 speed_base, uint8 iq_format)
    308          {
    309             sint32 ret_val;
    310          
    311             ret_val = (sint32)(SpeedRef_Reference_Speed / speed_base * (float32)(1U<<iq_format));
    312          
    313             return(ret_val);
   \                     SpeedRefGen__GetSpeedRefIQ: (+1)
   \   00000000   0x....             LDR.N    R1,??DataTable10_4
   \   00000002   0xEDD1 0x0A04      VLDR     S1,[R1, #+16]
   \   00000006   0x2101             MOVS     R1,#+1
   \   00000008   0xEE80 0x0A80      VDIV.F32 S0,S1,S0
   \   0000000C   0xFA01 0xF000      LSL      R0,R1,R0
   \   00000010   0xEE00 0x0A90      VMOV     S1,R0
   \   00000014   0xEEF8 0x0A60      VCVT.F32.U32 S1,S1
   \   00000018   0xEE20 0x0A20      VMUL.F32 S0,S0,S1
   \   0000001C   0xEEBD 0x0AC0      VCVT.S32.F32 S0,S0
   \   00000020   0xEE10 0x0A10      VMOV     R0,S0
   \   00000024   0x4770             BX       LR               ;; return
    314          }
    315          
    316          //---------------------------------------------------------------------------------------------------------------------
    317          /**
    318           * @brief       Get speed target in IQ format
    319           * @params      speed base and IQ format
    320           * @return      speed target in IQ format
    321           */

   \                                 In section .text, align 2, keep-with-next
    322          sint32 SpeedRefGen__GetSpeedTargetIQ(float32 speed_base, uint8 iq_format)
    323          {
    324              sint32 ret_val;
    325          
    326              ret_val = (sint32)(SpeedRef_Target_Speed / speed_base * (float32)(1U<<iq_format));
    327          
    328              return(ret_val);
   \                     SpeedRefGen__GetSpeedTargetIQ: (+1)
   \   00000000   0x....             LDR.N    R1,??DataTable10_4
   \   00000002   0xEDD1 0x0A03      VLDR     S1,[R1, #+12]
   \   00000006   0x2101             MOVS     R1,#+1
   \   00000008   0xEE80 0x0A80      VDIV.F32 S0,S1,S0
   \   0000000C   0xFA01 0xF000      LSL      R0,R1,R0
   \   00000010   0xEE00 0x0A90      VMOV     S1,R0
   \   00000014   0xEEF8 0x0A60      VCVT.F32.U32 S1,S1
   \   00000018   0xEE20 0x0A20      VMUL.F32 S0,S0,S1
   \   0000001C   0xEEBD 0x0AC0      VCVT.S32.F32 S0,S0
   \   00000020   0xEE10 0x0A10      VMOV     R0,S0
   \   00000024   0x4770             BX       LR               ;; return
    329          }

   \                                 In section .text, align 4, keep-with-next
   \                     ??DataTable10:
   \   00000000   0x3903126F         DC32     0x3903126f

   \                                 In section .text, align 4, keep-with-next
   \                     ??DataTable10_1:
   \   00000000   0x3DD67750         DC32     0x3dd67750

   \                                 In section .text, align 4, keep-with-next
   \                     ??DataTable10_2:
   \   00000000   0x40C90FDB         DC32     0x40c90fdb

   \                                 In section .text, align 4, keep-with-next
   \                     ??DataTable10_3:
   \   00000000   0x42700000         DC32     0x42700000

   \                                 In section .text, align 4, keep-with-next
   \                     ??DataTable10_4:
   \   00000000   0x........         DC32     Apply_Default_Accel
    330          
    331          
    332          //=====================================================================================================================
    333          //---------------------------------------------- Private Functions ----------------------------------------------------
    334          //=====================================================================================================================
    335          
    336          
    337          

   Maximum stack usage in bytes:

   .cstack Function
   ------- --------
       0   SpeedRefGen__ApplyDefaultAccel
      24   SpeedRefGen__Generator
        24   -> Mci__GetParams
       0   SpeedRefGen__GetSpeedRef
       0   SpeedRefGen__GetSpeedRefIQ
       0   SpeedRefGen__GetSpeedTarget
       0   SpeedRefGen__GetSpeedTargetIQ
       0   SpeedRefGen__GetStatus
       0   SpeedRefGen__Initialize
       0   SpeedRefGen__Reset
       0   SpeedRefGen__SetNewSpeed
       0   SpeedRefGen__SetSpeedParams


   Section sizes:

   Bytes  Function/Label
   -----  --------------
       4  ??DataTable10
       4  ??DataTable10_1
       4  ??DataTable10_2
       4  ??DataTable10_3
       4  ??DataTable10_4
      20  Apply_Default_Accel
          Default_Accel
          Increment
          SpeedRef_Target_Speed
          SpeedRef_Reference_Speed
       4  Max_Delta_Rpm
       4  Min_Speed_For_Fixed_Accel
      14  SpeedRefGen__ApplyDefaultAccel
     312  SpeedRefGen__Generator
       8  SpeedRefGen__GetSpeedRef
      38  SpeedRefGen__GetSpeedRefIQ
       8  SpeedRefGen__GetSpeedTarget
      38  SpeedRefGen__GetSpeedTargetIQ
      88  SpeedRefGen__GetStatus
      14  SpeedRefGen__Initialize
       8  SpeedRefGen__Reset
     130  SpeedRefGen__SetNewSpeed
      24  SpeedRefGen__SetSpeedParams
       4  Starting_Accel

 
  32 bytes in section .bss
 702 bytes in section .text
 
 702 bytes of CODE memory
  32 bytes of DATA memory

Errors: none
Warnings: none
