###############################################################################
#
# IAR ANSI C/C++ Compiler V7.20.5.7591/W32 for ARM        06/Aug/2024  13:41:52
# Copyright 1999-2014 IAR Systems AB.
#
#    Cpu mode     =  thumb
#    Endian       =  little
#    Source file  =  
#        C:\Data\Python\Self_Commissioning_Bpm\source\XCategory\Application\Reveal_APIs\SRAPI020Safety\SRAPI020Safety.c
#    Command line =  
#        -I./ -I../cx/ -I../cx/inc/ -ICategory/ -ICategory/Application/
#        -ICategory/Application/ThermalModel/
#        -ICategory/Application/ThermalModel/ThermalModelCore_DD/
#        -ICategory/Application/ThermalModel/ThermalModelCore_sBPM/
#        -ICategory/Common/ -ICategory/Common/BoardDebugging/
#        -ICategory/Common/MasterCommander/
#        -ICategory/Common/MasterCommander/Source/
#        -ICategory/Common/MasterCommander/Source/HAL/
#        -ICategory/Common/SelfCommissioning/ -ICategory/Hbl/
#        -IProjectSpecific/ -IProjectSpecific/Application/
#        -IProjectSpecific/Application/API007App/
#        -IProjectSpecific/Application/ModeManagement/
#        -IProjectSpecific/Application/MotorSelector/
#        -IProjectSpecific/Application/ProductInfo/
#        -IProjectSpecific/Application/SRMcuSpeedMonitor/
#        -IProjectSpecific/Application/ThermalModel/
#        -IProjectSpecific/CommonCore/ -IProjectSpecific/Driver/
#        -IProjectSpecific/MasterCommander/ -IProjectSpecific/Mci/
#        -IProjectSpecific/Mci/Mcl/ -IProjectSpecific/Mci/Mcl/old_xls/
#        -IXCategory/ -IXCategory/Application/
#        -IXCategory/Application/MciParametersLoader/
#        -IXCategory/Application/Mode/ -IXCategory/Application/Reveal_APIs/
#        -IXCategory/Application/Reveal_APIs/API003Disc/
#        -IXCategory/Application/Reveal_APIs/API004Debug/
#        -IXCategory/Application/Reveal_APIs/API005LowLevel/
#        -IXCategory/Application/Reveal_APIs/API007Data/
#        -IXCategory/Application/Reveal_APIs/API009System/
#        -IXCategory/Application/Reveal_APIs/API010PollVar/
#        -IXCategory/Application/Reveal_APIs/API011AppCtr/
#        -IXCategory/Application/Reveal_APIs/API013RemoteFunction/
#        -IXCategory/Application/Reveal_APIs/API018Diagnostic/
#        -IXCategory/Application/Reveal_APIs/API019ProductInfo/
#        -IXCategory/Application/Reveal_APIs/API220MotorControl/
#        -IXCategory/Application/Reveal_APIs/API220MotorControl/API/
#        -IXCategory/Application/Reveal_APIs/API221MotionCtrl/
#        -IXCategory/Application/Reveal_APIs/SRAPI020Safety/
#        -IXCategory/Application/SFUpdater/ -IXCategory/Common/
#        -IXCategory/Common/Crc16/ -IXCategory/Common/Crc8/
#        -IXCategory/Common/Log/ -IXCategory/Common/Millis/
#        -IXCategory/Common/SettingFile/ -IXCategory/Common/SRClockMonitor/
#        -IXCategory/Common/SRData/ -IXCategory/Common/SRException/
#        -IXCategory/Common/SRFlow/ -IXCategory/Common/SRIsrMonitor/
#        -IXCategory/Common/SRMain/ -IXCategory/Common/SRMcuSpeedMonitor/
#        -IXCategory/Common/SRPowerMgr/ -IXCategory/Common/SRSignature/
#        -IXCategory/Common/SRSystemConfig/
#        -IXCategory/Common/SRTimerReference/ -IXCategory/Common/SystemConfig/
#        -IXCategory/Common/SystemTimers/ -IXCategory/Common/Utilities/
#        -IXCategory/Driver/ -IXCategory/Driver/API/
#        -IXCategory/Driver/API/Comparator/ -IXCategory/Driver/API/DataFlash/
#        -IXCategory/Driver/API/Dma/ -IXCategory/Driver/API/Flash/
#        -IXCategory/Driver/API/Gpio/ -IXCategory/Driver/API/Micro/
#        -IXCategory/Driver/API/Spi/ -IXCategory/Driver/API/SRMCAtod/
#        -IXCategory/Driver/API/SRMCInputCapture/
#        -IXCategory/Driver/API/SRMCPwm/ -IXCategory/Driver/API/TimerInterrupt/
#        -IXCategory/Driver/API/Uart/ -IXCategory/Driver/Comparator/
#        -IXCategory/Driver/DataFlash/ -IXCategory/Driver/Dma/
#        -IXCategory/Driver/Flash/ -IXCategory/Driver/Gpio/
#        -IXCategory/Driver/Micro/ -IXCategory/Driver/Spi/
#        -IXCategory/Driver/SRMCAtod/ -IXCategory/Driver/SRMCInputCapture/
#        -IXCategory/Driver/SRMCPwm/ -IXCategory/Driver/TimerInterrupt/
#        -IXCategory/Driver/Uart/ -IXCategory/Hbl/ -IXCategory/Hbl/Mci/
#        -IXCategory/Hbl/Mci/InverterTemp/ -IXCategory/Hbl/Mci/Mcl/
#        -IXCategory/Hbl/Mci/Mcl/Braking/ -IXCategory/Hbl/Mci/Mcl/MacroBlocks/
#        -IXCategory/Hbl/Mci/Mcl/MclFvt/ -IXCategory/Hbl/Mci/Mcl/MicroBlocks/
#        -IXCategory/Hbl/Mci/Mcl/MicroBlocks/ClrkPark/
#        -IXCategory/Hbl/Mci/Mcl/MicroBlocks/Filters/
#        -IXCategory/Hbl/Mci/Mcl/MicroBlocks/Math/
#        -IXCategory/Hbl/Mci/Mcl/MicroBlocks/ObserverPmsm/
#        -IXCategory/Hbl/Mci/Mcl/MicroBlocks/Pi/
#        -IXCategory/Hbl/Mci/Mcl/MicroBlocks/PwmModulation/
#        -IXCategory/Hbl/Mci/Mcl/ResistanceEstimation/
#        -IXCategory/Hbl/Mci/PowerModuleManager/
#        -IXCategory/Hbl/Mci/SpeedRefGen/ -IXCategory/Hbl/Mci/SurgeRelay/
#        -IXCategory/Hbl/SRMotorSafetyMgr/
#        -IXCategory/Hbl/SRMotorSafetyMgr/API/ -IXCategory/Service/
#        -IXCategory/Service/Reveal/ -IXCategory/Service/Win/ --remarks
#        --no_tbaa --debug --use_c++_inline --only_stdout --dlib_config
#        ..\cx\inc\DLib_Config_Normal.h -r -D
#        ENABLE_JUMP_TO_APPLICATION_WITHOUT_IAP_FIRMWARE -D
#        SET_FLASH_OPTION_CONFIGURATION -D ARM_MATH_CM4 -e --silent
#        --endian=little --cpu Cortex-M4 --fpu=VFPv4_sp -Ohs -o
#        SRAPI020Safety.obj -l ..\listings\SRAPI020Safety.lst
#        C:\Data\Python\Self_Commissioning_Bpm\source\XCategory\Application\Reveal_APIs\SRAPI020Safety\SRAPI020Safety.c
#    List file    =  ..\listings\SRAPI020Safety.lst
#    Object file  =  SRAPI020Safety.obj
#
###############################################################################

C:\Data\Python\Self_Commissioning_Bpm\source\XCategory\Application\Reveal_APIs\SRAPI020Safety\SRAPI020Safety.c
      1          /**
      2           * @file
      3           * @defgroup    CLASS_B
      4           * @brief       API020 Safety is used to transfer Class B data over a Class A communication bus.
      5           *
      6           * @details     The strategy of this module is to define receive (RX) and transmit (TX) Class B
      7           *              data channels through the configuration files.
      8           *
      9           *              Receive (RX) Channels:
     10           *
     11           *                  The SRAPI020Safety module keeps track of the received messages on the
     12           *                  communications bus and ensures that the received data is valid. A Class B
     13           *                  module can call SRAPI020Safety__GetRxValue() at any time to check if there is
     14           *                  any valid data from the remote node.
     15           *
     16           *                  The SRAPI020Safety module considers the RX channel valid when the following
     17           *                  conditions are met:
     18           *                      - The last message was received within the timeout period.
     19           *                      - The time between the last two received messages was less than the
     20           *                          timeout period.
     21           *                      - The last two received messages were sequential messages.
     22           *
     23           *              Transmit (TX) Channels:
     24           *
     25           *                  The SRAPI020Safety module manages the sequence and timing for transmitted
     26           *                  messages. A Class B module must call SRAPI020Safety__SetTxValue() periodically
     27           *                  in order to maintain a valid sequence of messages. The time between calls must
     28           *                  be less than the timeout specified in the configuration.
     29           *
     30           *                  The SRAPI020Safety module sends the messages with valid sequence numbers as
     31           *                  long as the SRAPI020Safety__SetTxValue() function is called with the
     32           *                  appropriate timing.
     33           *
     34           *              The receiver will not consider the value valid until two sequential message have
     35           *              been received. The sender can send two sequential messages in rapid succession to
     36           *              force this condition.
     37           *
     38           * @copyright   Copyright 2017 Whirlpool Corporation.  All rights reserved - CONFIDENTIAL.
     39           */
     40          
     41          //  --- Include Files -------------------------------------------------------------------------------------------------
     42          
     43          // -- This Module --
     44          #include "SRSystemConfig.h"
     45          
     46          #ifndef API020SAFETY_FEATURE
     47              // API020SAFETY_FEATURE should be ENABLED for applications that must transfer Class B data over Reveal.
     48              #error API020SAFETY_FEATURE must be defined via SystemConfig.h as ENABLED or DISABLED.
     49          #endif
     50          
     51          #if (API020SAFETY_FEATURE == ENABLED)
     52          
     53          #include "SRAPI020Safety.h"

  PACKED typedef struct API019_APPLIANCE_DATA_STRUCT
         ^
"C:\Data\Python\Self_Commissioning_Bpm\source\XCategory\Application\Reveal_APIs\API019ProductInfo\API019ProductInfo_Defs.h",42  Remark[Pe082]: 
          storage class is not first

  PACKED typedef struct API019_BOARD_DATA_STRUCT
         ^
"C:\Data\Python\Self_Commissioning_Bpm\source\XCategory\Application\Reveal_APIs\API019ProductInfo\API019ProductInfo_Defs.h",50  Remark[Pe082]: 
          storage class is not first

  PACKED typedef struct API019_TEST_DATA_STRUCT
         ^
"C:\Data\Python\Self_Commissioning_Bpm\source\XCategory\Application\Reveal_APIs\API019ProductInfo\API019ProductInfo_Defs.h",143  Remark[Pe082]: 
          storage class is not first

  PACKED typedef struct API019_SERVICE_DATA_STRUCT
         ^
"C:\Data\Python\Self_Commissioning_Bpm\source\XCategory\Application\Reveal_APIs\API019ProductInfo\API019ProductInfo_Defs.h",152  Remark[Pe082]: 
          storage class is not first

  PACKED typedef struct API019_PROJECT_DATA_STRUCT
         ^
"C:\Data\Python\Self_Commissioning_Bpm\source\XCategory\Application\Reveal_APIs\API019ProductInfo\API019ProductInfo_Defs.h",188  Remark[Pe082]: 
          storage class is not first
     54          #include "SRAPI020Safety_prv.h"

   \                                 In section .rodata, align 4, keep-with-next
   \   __absolute struct API020_RX_CONFIG_STRUCT const API020_RX_CHANNEL[1]
   \                     API020_RX_CHANNEL:
   \   00000000   0x........         DC32 API020_Door_Lock_RX_Status, N_API020_Door_Lock_RX_Status
   \              0x........   
   \   00000008   0x1F40             DC16 8000
   \   0000000A   0x02 0x01          DC8 2, 1, 1, 0, 0, 0
   \              0x01 0x00    
   \              0x00 0x00    

   \                                 In section .rodata, align 4, keep-with-next
   \   __absolute struct API020_TX_CONFIG_STRUCT const API020_TX_CHANNEL[1]
   \                     API020_TX_CHANNEL:
   \   00000000   0x0708             DC16 1800
   \   00000002   0x02 0x01          DC8 2, 1, 1, 0, 0, 0
   \              0x01 0x00    
   \              0x00 0x00    

   \                                 In section .bss, align 4
     55          
     56          // -- Other Modules --
     57          #include "Crc8.h"
     58          #include <limits.h>
     59          #include "Micro_Defs.h"
     60          #include "SRData.h"
     61          #include "SRTimerReference.h"
     62          #include <string.h>
     63          #include "Win.h"
     64          
     65          
     66          #if (API020_NUMBER_OF_RX_CHANNELS > 0)
     67              // The number of receive channels specified must match the number defined in API020_RX_CHANNEL.
     68              CT_ASSERT(API020_NUMBER_OF_RX_CHANNELS == ELEMENTS_IN_ARRAY(API020_RX_CHANNEL));
     69          #endif
     70          #if (API020_NUMBER_OF_TX_CHANNELS > 0)
     71              // The number of transmit channels specified must match the number defined in API020_TX_CHANNEL.
     72              CT_ASSERT(API020_NUMBER_OF_TX_CHANNELS == ELEMENTS_IN_ARRAY(API020_TX_CHANNEL));
     73          #endif
     74          #ifndef WIN_TOOL_ADDRESS
     75              #define WIN_TOOL_ADDRESS 14
     76          #endif
     77          
     78          
     79          //  --- Private Declarations ------------------------------------------------------------------------------------------
     80          
     81          
     82          // -- Private Constant Declarations --
     83          
     84          //! The number of bytes that each API020 payload consumes as overhead when transferring safety data.
     85          #define API020_PACKET_OVERHEAD (sizeof(API020_SAFETY_PACKET_TYPE) - MAX_CLASSB_DATA_SIZE)
     86          
     87          //! The maximum size of Class B Safety Data on a single Transmit Channel or Receive Channel.
     88          #define MAX_CLASSB_DATA_SIZE 11
     89          
     90          #if (API020_NUMBER_OF_TX_CHANNELS > 0)
     91              //! The first Sequence Number used on a Transmit Channel after a reset.
     92          	#define SEQUENCE_RESET 0
     93          #endif
     94          
     95          //! The Sequence Number that sequentially follows the SEQUENCE_LAST Sequence Number.
     96          //! This is also the first Sequence Number that represents a potentially valid sequence.
     97          #define SEQUENCE_FIRST 1
     98          
     99          //! The last Sequence Number before having to restart counting at a lower value.
    100          #define SEQUENCE_LAST 253
    101          
    102          #if (API020_NUMBER_OF_TX_CHANNELS > 0)
    103          	//! A Sequence Number that represents that the Transmit Channel did not satisfy the timing requirements.
    104          	#define SEQUENCE_LOST 254
    105          #endif
    106          
    107          //! A Sequence Number used internally to represent an invalid Sequence Number.
    108          //! This Sequence Number is not expected in the API020 messages.
    109          #define SEQUENCE_INVALID 255
    110          
    111          
    112          // -- Private Structure Type Declarations --
    113          
    114          //! The format of a data packet.
    115          typedef struct API020_SAFETY_PACKET_STRUCT
    116          {
    117              uint8 Sequence;
    118              uint8 Src_Addr;
    119              uint8 Dst_Addr;
    120              uint8 Data[MAX_CLASSB_DATA_SIZE + sizeof(uint8) /* sizeof(Crc8) */];
    121          } API020_SAFETY_PACKET_TYPE;
    122          
    123          //! A structure that declares all the variables used by this module.
    124          typedef struct API020_DATA_STRUCT
    125          {
    126              #if (API020_NUMBER_OF_RX_CHANNELS > 0)
    127                  // The time of the last received message for each Receive Channel.
    128                  uint32 Rx_Time[API020_NUMBER_OF_RX_CHANNELS];
    129          
    130                  // The expected sequence number for the next received message on each Receive Channel.
    131                  uint8 Rx_Expected_Sequence[API020_NUMBER_OF_RX_CHANNELS];
    132          
    133                  // A flag that indicates that the Receive Channel has satisfied all sequence requirements.
    134                  uint8 Rx_Sequence_Valid[API020_NUMBER_OF_RX_CHANNELS];
    135          
    136          		#if (API020_USE_RX_ARRAY == ENABLED)
    137                  /* current number of messages stored in the array */
    138                  uint8 Rx_Num_Of_Readings[API020_NUMBER_OF_RX_CHANNELS];
    139          
    140                  /* 1 = array overflowed; 0 = no overflow */
    141                  uint8 Rx_Overflowed[API020_NUMBER_OF_RX_CHANNELS];
    142          		#endif
    143              #endif
    144              #if (API020_NUMBER_OF_TX_CHANNELS > 0)
    145                  // The time of the last transmitted message for each Transmit Channel.
    146                  uint32 Tx_Time[API020_NUMBER_OF_TX_CHANNELS];
    147          
    148                  // The expected sequence number for the next transmitted message on each Transmit Channel.
    149                  uint8 Tx_Next_Sequence[API020_NUMBER_OF_TX_CHANNELS];
    150              #endif
    151          } API020_DATA_TYPE;
    152          
    153          //  --- Private Definitions -------------------------------------------------------------------------------------------
    154          
    155          #if (API020_NUMBER_OF_RX_CHANNELS > 0)
    156          	/*
    157          	 * Returns if the message Period time has been exceeded.
    158          	 * @param rx_channel = The Receive Channel whose Class B Safety Data is requested.
    159          	 * @param now the current free running timer ticks
    160          	 * @return TRUE time between messages is valid
    161          	 * @return FALSE the time between messages has exceeded the maximum Period
    162          	 */
    163          	#define IS_MESSAGE_PERIOD_VALID(rx_channel, now)\
    164          		( (now - Api020.Rx_Time[rx_channel] <= API020_RX_CHANNEL[rx_channel].Period) ? TRUE : FALSE )
    165          #endif
    166          
    167          // -- Private Variable Definitions --
    168          
    169          //! The variables used by this module.
    170          static API020_DATA_TYPE Api020;
   \                     Api020:
   \   00000000                      DS8 16
   \   static __absolute enum <unnamed> API020_Door_Lock_RX_Status
   \                     API020_Door_Lock_RX_Status:
   \   00000010                      DS8 1
   \   static __absolute enum <unnamed> N_API020_Door_Lock_RX_Status
   \                     N_API020_Door_Lock_RX_Status:
   \   00000011                      DS8 1
   \   00000012                      DS8 2
   \   00000014                      DS8 16
    171          
    172          //! Inverted memory for the variables used by this module.
    173          static API020_DATA_TYPE N_Api020;
    174          
    175          
    176          //  --- Private Function Prototypes -----------------------------------------------------------------------------------
    177          
    178          #if (API020_NUMBER_OF_RX_CHANNELS > 0)
    179          static void ResetRxChannel(API020_RX_CHANNEL_INDEX_TYPE rx_channel);
    180          static void SaveSafetyData(API020_RX_CHANNEL_INDEX_TYPE rx_channel, uint8 sequence, void* data);
    181          	#if (API020_USE_RX_ARRAY == ENABLED)
    182          	static void WriteToArray(API020_RX_CHANNEL_INDEX_TYPE rx_channel, void * data);
    183          	#endif
    184          #endif
    185          
    186          //=====================================================================================================================
    187          //  --- Public Functions ----------------------------------------------------------------------------------------------
    188          //=====================================================================================================================
    189          
    190          
    191          //---------------------------------------------------------------------------------------------------------------------
    192          /**
    193           * Initialize the module's variables.
    194           */

   \                                 In section .text, align 2, keep-with-next
    195          void SRAPI020Safety__Initialize(void)
    196          {
   \                     SRAPI020Safety__Initialize: (+1)
   \   00000000   0xB5F0             PUSH     {R4-R7,LR}
    197              memset(&Api020, 0, sizeof(Api020));
   \   00000002   0x....             LDR.N    R4,??DataTable5
   \   00000004   0x2510             MOVS     R5,#+16
   \   00000006   0xB081             SUB      SP,SP,#+4
   \   00000008   0x2600             MOVS     R6,#+0
   \   0000000A   0x2200             MOVS     R2,#+0
   \   0000000C   0x4629             MOV      R1,R5
   \   0000000E   0x4620             MOV      R0,R4
   \   00000010   0x.... 0x....      BL       __aeabi_memset4
    198              memset(&N_Api020, ~0, sizeof(N_Api020));
   \   00000014   0xF04F 0x37FF      MOV      R7,#-1
   \   00000018   0x463A             MOV      R2,R7
   \   0000001A   0x4629             MOV      R1,R5
   \   0000001C   0xF104 0x0014      ADD      R0,R4,#+20
   \   00000020   0x.... 0x....      BL       __aeabi_memset4
    199              #if (API020_NUMBER_OF_RX_CHANNELS > 0)
    200                  memset(&Api020.Rx_Expected_Sequence, ~0, sizeof(Api020.Rx_Expected_Sequence));
   \   00000024   0x2501             MOVS     R5,#+1
   \   00000026   0x463A             MOV      R2,R7
   \   00000028   0x4629             MOV      R1,R5
   \   0000002A   0x1D20             ADDS     R0,R4,#+4
   \   0000002C   0x.... 0x....      BL       __aeabi_memset4
    201                  memset(&N_Api020.Rx_Expected_Sequence, 0, sizeof(N_Api020.Rx_Expected_Sequence));
   \   00000030   0x4632             MOV      R2,R6
   \   00000032   0x4629             MOV      R1,R5
   \   00000034   0xF104 0x0018      ADD      R0,R4,#+24
   \   00000038   0x.... 0x....      BL       __aeabi_memset4
    202              #endif      // #if (API020_NUMBER_OF_RX_CHANNELS > 0)
    203          
    204              API020_INIT_TASK_SEQUENCE();
   \   0000003C   0xB001             ADD      SP,SP,#+4
   \   0000003E   0xE8BD 0x40F0      POP      {R4-R7,LR}
   \   00000042   0x2007             MOVS     R0,#+7
   \   00000044   0x.... 0x....      B.W      SRFlow__InitLogEvent
    205          }
    206          
    207          
    208          //---------------------------------------------------------------------------------------------------------------------
    209          /**
    210           * This method parses API020 feedbacks sent to a broadcast or exclusively to this node.
    211           * The function will ignore messages that do not satisfy the stringent Class B requirements:
    212           *      - The opcode of the message must match the opcode used by the Receive Channel
    213           *      - The sequence number must match the expected sequence number based on the previously received sequence number
    214           *      - The message must have originated from the expected source address for the Receive Channel
    215           *      - The source address in the message must match the expected source address for the Receive Channel
    216           *      - The destination address must match this node's bus address.
    217           *      - The safety data must be 0 to 11 bytes
    218           *      - The CRC at the end of the payload must be correct.
    219           * The function will only accept the data as valid if:
    220           *      - The last two messages were sequential (no lost message)
    221           *      - The time between the last two messages was less than the Receive Channel's timeout period.
    222           * @param fbk = Pointer to the received feedback message.
    223           */

   \                                 In section .text, align 2, keep-with-next
    224          void SRAPI020Safety__FeedbackParser(REVEAL_MSG_TYPE * fbk)
    225          {
   \                     SRAPI020Safety__FeedbackParser: (+1)
   \   00000000   0xE92D 0x42F0      PUSH     {R4-R7,R9,LR}
   \   00000004   0x4606             MOV      R6,R0
    226              #if (API020_NUMBER_OF_RX_CHANNELS > 0)
    227                  uint8 size = fbk->size;
   \   00000006   0xF896 0x4048      LDRB     R4,[R6, #+72]
    228                  if ((API020_PACKET_OVERHEAD <= size) && (size <= sizeof(API020_SAFETY_PACKET_TYPE)))
   \   0000000A   0x1F20             SUBS     R0,R4,#+4
   \   0000000C   0x280C             CMP      R0,#+12
   \   0000000E   0xD25F             BCS.N    ??SRAPI020Safety__FeedbackParser_0
    229                  {
    230                      // Check for a correct CRC, a potentially valid Sequence Number, and a correct destination node.
    231                      uint8 crc8 = Crc8(UCHAR_MAX, fbk->payload, size - 1);
   \   00000010   0x1D77             ADDS     R7,R6,#+5
   \   00000012   0x1E62             SUBS     R2,R4,#+1
   \   00000014   0xB2D2             UXTB     R2,R2
   \   00000016   0x4639             MOV      R1,R7
   \   00000018   0x20FF             MOVS     R0,#+255
   \   0000001A   0x.... 0x....      BL       Crc8
    232                      API020_SAFETY_PACKET_TYPE* packet = (API020_SAFETY_PACKET_TYPE*)(void*)fbk->payload;
    233                      if ((fbk->payload[size - 1] == crc8) &&         // if CRC is valid, and...
    234                          (packet->Sequence != SEQUENCE_INVALID) &&   // if sequence is potentially valid, and...
    235                          (packet->Dst_Addr == WIN_NODE_DEF))         // if message is intended for this bus address
   \   0000001E   0x19A1             ADDS     R1,R4,R6
   \   00000020   0x7909             LDRB     R1,[R1, #+4]
   \   00000022   0x4281             CMP      R1,R0
   \   00000024   0xD154             BNE.N    ??SRAPI020Safety__FeedbackParser_0
   \   00000026   0x783C             LDRB     R4,[R7, #+0]
   \   00000028   0x2CFF             CMP      R4,#+255
   \   0000002A   0xD051             BEQ.N    ??SRAPI020Safety__FeedbackParser_0
   \   0000002C   0x78B8             LDRB     R0,[R7, #+2]
   \   0000002E   0x2800             CMP      R0,#+0
   \   00000030   0xD14E             BNE.N    ??SRAPI020Safety__FeedbackParser_0
    236                      {
    237                          // Look for the RX channel used to receive this Class B data.
    238                          for (API020_RX_CHANNEL_INDEX_TYPE rx_channel = (API020_RX_CHANNEL_INDEX_TYPE)0; rx_channel < API020_NUMBER_OF_RX_CHANNELS; rx_channel++)
    239                          {
    240                              API020_RX_CONFIG_TYPE const* config = &API020_RX_CHANNEL[rx_channel];
    241                              if (((fbk->node_id == config->Node) ||
    242                                   (fbk->node_id == WIN_TOOL_ADDRESS)) &&                     // if received from expected node, and...
    243                                  (fbk->op_code == config->Op_Code) &&                        // if received expected opcode, and...
    244                                  (fbk->size == API020_PACKET_OVERHEAD + config->Length) &&   // if received expected number of bytes, and...
    245                                  ((packet->Src_Addr == config->Node) ||
    246                                   (packet->Src_Addr == WIN_TOOL_ADDRESS)))                   // if source node in the message matches expected source node.
   \   00000032   0x7831             LDRB     R1,[R6, #+0]
   \   00000034   0x7878             LDRB     R0,[R7, #+1]
   \   00000036   0x0909             LSRS     R1,R1,#+4
   \   00000038   0x2901             CMP      R1,#+1
   \   0000003A   0xBF18             IT       NE 
   \   0000003C   0x290E             CMPNE    R1,#+14
   \   0000003E   0xD147             BNE.N    ??SRAPI020Safety__FeedbackParser_0
   \   00000040   0x7931             LDRB     R1,[R6, #+4]
   \   00000042   0xF001 0x011F      AND      R1,R1,#0x1F
   \   00000046   0x2902             CMP      R1,#+2
   \   00000048   0xBF04             ITT      EQ 
   \   0000004A   0xF896 0x1048      LDRBEQ   R1,[R6, #+72]
   \   0000004E   0x2905             CMPEQ    R1,#+5
   \   00000050   0xD13E             BNE.N    ??SRAPI020Safety__FeedbackParser_0
   \   00000052   0x2801             CMP      R0,#+1
   \   00000054   0xBF18             IT       NE 
   \   00000056   0x280E             CMPNE    R0,#+14
   \   00000058   0xD13A             BNE.N    ??SRAPI020Safety__FeedbackParser_0
    247                              {
    248                                  SaveSafetyData(rx_channel, packet->Sequence, packet->Data);
   \   0000005A   0x1CFE             ADDS     R6,R7,#+3
   \   0000005C   0x....             LDR.N    R7,??DataTable5
   \   0000005E   0xF107 0x0118      ADD      R1,R7,#+24
   \   00000062   0x1D38             ADDS     R0,R7,#+4
   \   00000064   0x.... 0x....      BL       SRData__CheckByte
   \   00000068   0xF107 0x0114      ADD      R1,R7,#+20
   \   0000006C   0x4638             MOV      R0,R7
   \   0000006E   0x.... 0x....      BL       SRData__CheckLong
   \   00000072   0x.... 0x....      BL       SRTimerReference__GetTimer
   \   00000076   0x4681             MOV      R9,R0
   \   00000078   0x7938             LDRB     R0,[R7, #+4]
   \   0000007A   0x4284             CMP      R4,R0
   \   0000007C   0xD10F             BNE.N    ??SRAPI020Safety__FeedbackParser_1
   \   0000007E   0x6838             LDR      R0,[R7, #+0]
   \   00000080   0xEBA9 0x0000      SUB      R0,R9,R0
   \   00000084   0xF5B0 0x5FFA      CMP      R0,#+8000
   \   00000088   0xD809             BHI.N    ??SRAPI020Safety__FeedbackParser_1
   \   0000008A   0x2501             MOVS     R5,#+1
   \   0000008C   0x2301             MOVS     R3,#+1
   \   0000008E   0x4632             MOV      R2,R6
   \   00000090   0xF107 0x0111      ADD      R1,R7,#+17
   \   00000094   0xF107 0x0010      ADD      R0,R7,#+16
   \   00000098   0x.... 0x....      BL       SRData__UpdateArray
   \   0000009C   0xE000             B.N      ??SRAPI020Safety__FeedbackParser_2
   \                     ??SRAPI020Safety__FeedbackParser_1: (+1)
   \   0000009E   0x2500             MOVS     R5,#+0
   \                     ??SRAPI020Safety__FeedbackParser_2: (+1)
   \   000000A0   0x2CFD             CMP      R4,#+253
   \   000000A2   0xBFB4             ITE      LT 
   \   000000A4   0x1C62             ADDLT    R2,R4,#+1
   \   000000A6   0x2201             MOVGE    R2,#+1
   \   000000A8   0xB2D2             UXTB     R2,R2
   \   000000AA   0xF107 0x0118      ADD      R1,R7,#+24
   \   000000AE   0x1D38             ADDS     R0,R7,#+4
   \   000000B0   0x.... 0x....      BL       SRData__UpdateByte
   \   000000B4   0x464A             MOV      R2,R9
   \   000000B6   0xF107 0x0114      ADD      R1,R7,#+20
   \   000000BA   0x4638             MOV      R0,R7
   \   000000BC   0x.... 0x....      BL       SRData__UpdateLong
   \   000000C0   0x462A             MOV      R2,R5
   \   000000C2   0xF107 0x0119      ADD      R1,R7,#+25
   \   000000C6   0x1D78             ADDS     R0,R7,#+5
   \   000000C8   0xE8BD 0x42F0      POP      {R4-R7,R9,LR}
   \   000000CC   0x.... 0x....      B.W      SRData__UpdateByte
    249                                  break;                      // Break out of the for() loop.
    250                              }
    251                          }
    252                      }
    253                  }
    254              #endif      // #if (API020_NUMBER_OF_RX_CHANNELS > 0)
    255          }
   \                     ??SRAPI020Safety__FeedbackParser_0: (+1)
   \   000000D0   0xE8BD 0x82F0      POP      {R4-R7,R9,PC}    ;; return
    256          
    257          
    258          #if (API020_NUMBER_OF_RX_CHANNELS > 0)
    259          //---------------------------------------------------------------------------------------------------------------------
    260          /**
    261           * Get the most recently received Class B Safety Data if it's validity has been maintained.
    262           * @param rx_channel = The Receive Channel whose Class B Safety Data is requested.
    263           * @param data = Pointer to a buffer to fill with the secure Class B Safety Data.
    264           * @return TRUE if and only if the Receive Channel messages have preserved the sequence.
    265           */

   \                                 In section .text, align 2, keep-with-next
    266          BOOL_TYPE SRAPI020Safety__GetRxValue(API020_RX_CHANNEL_INDEX_TYPE rx_channel, void* data)
    267          {
   \                     SRAPI020Safety__GetRxValue: (+1)
   \   00000000   0xB5F0             PUSH     {R4-R7,LR}
   \   00000002   0xB081             SUB      SP,SP,#+4
   \   00000004   0x460D             MOV      R5,R1
    268              if ( rx_channel < ELEMENTS_IN_ARRAY(API020_RX_CHANNEL) )
   \   00000006   0xBB30             CBNZ.N   R0,??SRAPI020Safety__GetRxValue_0
    269              {
    270              	uint32 now = SRTimerReference__GetTimer();
   \   00000008   0x.... 0x....      BL       SRTimerReference__GetTimer
   \   0000000C   0x4606             MOV      R6,R0
    271          
    272              	MICRO_DECLARE_INTERRUPT_CONTEXT_LOCAL();
    273              	MICRO_SAVE_INTERRUPT_CONTEXT_LOCAL();
   \   0000000E   0xF3EF 0x8410      MRS      R4,PRIMASK
   \   00000012   0xB672             CPSID    I
    274          
    275                  // Check whether the RX channel has preserved the required message sequence.
    276                  SR_CHECK_BYTE(Api020.Rx_Sequence_Valid[rx_channel]);
   \   00000014   0x....             LDR.N    R7,??DataTable5
   \   00000016   0xF107 0x0119      ADD      R1,R7,#+25
   \   0000001A   0x1D78             ADDS     R0,R7,#+5
   \   0000001C   0x.... 0x....      BL       SRData__CheckByte
    277                  if (Api020.Rx_Sequence_Valid[rx_channel] == TRUE)
   \   00000020   0x7978             LDRB     R0,[R7, #+5]
   \   00000022   0x2801             CMP      R0,#+1
   \   00000024   0xD115             BNE.N    ??SRAPI020Safety__GetRxValue_1
    278                  {
    279                      // Determine how long it has been since the last received message.
    280                      SR_CHECK_LONG(Api020.Rx_Time[rx_channel]);
   \   00000026   0xF107 0x0114      ADD      R1,R7,#+20
   \   0000002A   0x4638             MOV      R0,R7
   \   0000002C   0x.... 0x....      BL       SRData__CheckLong
    281                      if ( IS_MESSAGE_PERIOD_VALID(rx_channel, now) == FALSE )
   \   00000030   0x6838             LDR      R0,[R7, #+0]
   \   00000032   0x1A30             SUBS     R0,R6,R0
   \   00000034   0xF5B0 0x5FFA      CMP      R0,#+8000
   \   00000038   0xD910             BLS.N    ??SRAPI020Safety__GetRxValue_2
    282                      {
    283                      	ResetRxChannel(rx_channel);
   \   0000003A   0x22FF             MOVS     R2,#+255
   \   0000003C   0xF107 0x0118      ADD      R1,R7,#+24
   \   00000040   0x1D38             ADDS     R0,R7,#+4
   \   00000042   0x.... 0x....      BL       SRData__UpdateByte
   \   00000046   0x2200             MOVS     R2,#+0
   \   00000048   0xF107 0x0119      ADD      R1,R7,#+25
   \   0000004C   0x1D78             ADDS     R0,R7,#+5
   \   0000004E   0x.... 0x....      BL       SRData__UpdateByte
    284                      }
    285                      else
    286                      {
    287                          // Return the recently received data.
    288          				API020_RX_CONFIG_TYPE const* config = &API020_RX_CHANNEL[rx_channel];
    289                          (void)SRData__CheckArray(config->Address, config->N_Address, config->Length);
    290                          memcpy(data, config->Address, config->Length);
    291                          MICRO_RESTORE_INTERRUPT_CONTEXT_LOCAL();
    292                          return TRUE;
    293                      }
    294                  }
    295              	MICRO_RESTORE_INTERRUPT_CONTEXT_LOCAL();
   \                     ??SRAPI020Safety__GetRxValue_1: (+1)
   \   00000052   0xF384 0x8810      MSR      PRIMASK,R4
    296              }
    297              return FALSE;
   \                     ??SRAPI020Safety__GetRxValue_0: (+1)
   \   00000056   0x2000             MOVS     R0,#+0
   \   00000058   0xB001             ADD      SP,SP,#+4
   \   0000005A   0xBDF0             POP      {R4-R7,PC}       ;; return
   \                     ??SRAPI020Safety__GetRxValue_2: (+1)
   \   0000005C   0x2201             MOVS     R2,#+1
   \   0000005E   0xF107 0x0111      ADD      R1,R7,#+17
   \   00000062   0xF107 0x0010      ADD      R0,R7,#+16
   \   00000066   0x.... 0x....      BL       SRData__CheckArray
   \   0000006A   0xF107 0x0010      ADD      R0,R7,#+16
   \   0000006E   0x7801             LDRB     R1,[R0, #0]
   \   00000070   0x7029             STRB     R1,[R5, #+0]
   \   00000072   0xF384 0x8810      MSR      PRIMASK,R4
   \   00000076   0x2001             MOVS     R0,#+1
   \   00000078   0xB001             ADD      SP,SP,#+4
   \   0000007A   0xBDF0             POP      {R4-R7,PC}
    298          }
    299          
    300          #if (API020_USE_RX_ARRAY == ENABLED)
    301          
    302          /**
    303           * Publishes the API020 messages for the specified Rx channel.
    304           * The private array is cleared when this API function is called.
    305           * @param rx_channel = Specifies which RX channel to read. The specified Rx channel must support message arrays.
    306           * @param message_array = Pointer to an array to fill with the recently received data.
    307           * 						  Array pointed to should be equal than or greater to the array size defined in
    308           * 						  API020_RX_CHANNEL[rx_channel].Array_Size.
    309           * @param messages_received = Number of messages received since the last call to this function.
    310           *                            Returns 0 if no messages have been received.
    311           * @retval TRUE buffer has overflowed since previous read
    312           * @retval FALSE buffer has not overflowed prior to being read
    313           *
    314           *	@startuml{SRAPI020Safety_Get_Buffer.jpg}
    315           *		title SRAPI020Safety Get Buffer
    316           *
    317           *		participant Application as App
    318           *		participant SRAPI020Safety as Api020
    319           *
    320           *		App -> Api020 : SRAPI020Safety__GetRxArray(rx_channel, *message_array, *messages_received)
    321           *		alt any function argument is invalid
    322           *			Api020 -> Api020 : set *messages_received = 0
    323           *			App <-- Api020 : FALSE
    324           *		else function arguments are valid
    325           *			Api020 -> Api020 : write all the messages in the private array to *message_array
    326           *			Api020 -> Api020 : *messages_received = number of messages in *message_array
    327           *			Api020 -> Api020 : clear private buffer
    328           *			alt buffer has overflowed since previous call to SRAPI020Safety__GetRxArray()
    329           *				App <-- Api020 : TRUE
    330           *			else buffer has not overflowed since previous call to SRAPI020Safety__GetRxArray()
    331           *				App <-- Api020 : FALSE
    332           *			end
    333           *		end
    334           *	@enduml
    335           */
    336          BOOL_TYPE SRAPI020Safety__GetRxArray(API020_RX_CHANNEL_INDEX_TYPE rx_channel, void* message_array, uint8* messages_received)
    337          {
    338          	if (( rx_channel >= ELEMENTS_IN_ARRAY(API020_RX_CHANNEL) ) ||
    339          		( API020_RX_CHANNEL[rx_channel].Array_Size < 2 ))
    340          	{
    341          		*messages_received = 0;
    342          		return ( FALSE );
    343          	}
    344          
    345          	API020_RX_CONFIG_TYPE const * config = &API020_RX_CHANNEL[rx_channel];
    346          	uint32 now = SRTimerReference__GetTimer();
    347          
    348          	MICRO_DECLARE_INTERRUPT_CONTEXT_LOCAL();
    349          	MICRO_SAVE_INTERRUPT_CONTEXT_LOCAL();
    350          
    351          	/* write the Error_Value to the array if the Rx_Time has exceeded the Period for the channel */
    352          	SR_CHECK_LONG(Api020.Rx_Time[rx_channel]);
    353          	if ( IS_MESSAGE_PERIOD_VALID(rx_channel, now) == FALSE )
    354          	{
    355          		WriteToArray(rx_channel, config->Error_Value);
    356          		ResetRxChannel(rx_channel);
    357          	}
    358          
    359          	MICRO_RESTORE_INTERRUPT_CONTEXT_LOCAL();
    360          	MICRO_SAVE_INTERRUPT_CONTEXT_LOCAL();
    361          
    362          	/* get the current number of readings in the array and reset the static RAM variable */
    363          	SR_CHECK_BYTE(Api020.Rx_Num_Of_Readings[rx_channel]);
    364          	uint8 num_of_readings = Api020.Rx_Num_Of_Readings[rx_channel];
    365          	SR_SET_BYTE(Api020.Rx_Num_Of_Readings[rx_channel], 0);
    366          
    367          	/* get if the array has overflowed since the previous read and reset the static RAM variable */
    368          	SR_CHECK_BYTE(Api020.Rx_Overflowed[rx_channel]);
    369          	uint8 overflowed = Api020.Rx_Overflowed[rx_channel];
    370          	SR_SET_BYTE(Api020.Rx_Overflowed[rx_channel], 0);
    371          
    372          	/* write the array to the application only if there are readings in the array */
    373          	if ( num_of_readings > 0 )
    374          	{
    375          		SRData__CheckArray(config->Address, config->N_Address, num_of_readings * config->Length);
    376          		memcpy(message_array, config->Address, num_of_readings * config->Length);
    377          	}
    378          
    379          	MICRO_RESTORE_INTERRUPT_CONTEXT_LOCAL();
    380          
    381          	*messages_received = num_of_readings;
    382          	return ( overflowed != 0 ? TRUE : FALSE );
    383          }
    384          
    385          /**
    386           * Returns the Error_Value for the specified Rx channel.
    387           * @param rx_channel = Specifies which RX channel to read. The specified Rx channel must support message arrays.
    388           * @retval void * pointer to the memory address at which the value of Error_Value is stored
    389           */
    390          void * SRAPI020Safety__GetRxErrorValue(API020_RX_CHANNEL_INDEX_TYPE rx_channel)
    391          {
    392          	return ( rx_channel >= ELEMENTS_IN_ARRAY(API020_RX_CHANNEL) ? NULL : API020_RX_CHANNEL[rx_channel].Error_Value );
    393          }
    394          
    395          #endif /* #if (API020_USE_RX_ARRAY == ENABLED) */
    396          
    397          #endif /* #if (API020_NUMBER_OF_RX_CHANNELS > 0) */
    398          
    399          
    400          
    401          
    402          
    403          
    404          #if (API020_NUMBER_OF_TX_CHANNELS > 0)
    405          //---------------------------------------------------------------------------------------------------------------------
    406          /**
    407           * Transmit the next sequential message on the specified Transmit Channel.
    408           * @param tx_channel = The Transmit Channel on which the message should be transmitted.
    409           * @param data = Pointer to the data to send on the transmit channel.
    410           * @return TRUE if and only if Reveal was able to build and queue the message.
    411           */

   \                                 In section .text, align 2, keep-with-next
    412          BOOL_TYPE SRAPI020Safety__SetTxValue(API020_TX_CHANNEL_INDEX_TYPE tx_channel, void* data)
    413          {
   \                     SRAPI020Safety__SetTxValue: (+1)
   \   00000000   0xE92D 0x41F0      PUSH     {R4-R8,LR}
    414              BOOL_TYPE result = FALSE;
   \   00000004   0x2400             MOVS     R4,#+0
   \   00000006   0xB084             SUB      SP,SP,#+16
   \   00000008   0x4688             MOV      R8,R1
    415              if (tx_channel < API020_NUMBER_OF_TX_CHANNELS)
   \   0000000A   0x2800             CMP      R0,#+0
   \   0000000C   0xD14F             BNE.N    ??SRAPI020Safety__SetTxValue_0
    416              {
    417                  // Determine the next Sequence Number value.
    418                  (void)SR_CHECK_BYTE(Api020.Tx_Next_Sequence[tx_channel]);
   \   0000000E   0x....             LDR.N    R5,??DataTable5
   \   00000010   0xF105 0x0120      ADD      R1,R5,#+32
   \   00000014   0xF105 0x000C      ADD      R0,R5,#+12
   \   00000018   0x.... 0x....      BL       SRData__CheckByte
    419                  uint8 sequence = Api020.Tx_Next_Sequence[tx_channel];
   \   0000001C   0x7B2E             LDRB     R6,[R5, #+12]
    420          
    421                  // Determine the time since the last message was sent.
    422                  (void)SR_CHECK_LONG(Api020.Tx_Time[tx_channel]);
   \   0000001E   0xF105 0x011C      ADD      R1,R5,#+28
   \   00000022   0xF105 0x0008      ADD      R0,R5,#+8
   \   00000026   0x.... 0x....      BL       SRData__CheckLong
    423                  uint32 now = SRTimerReference__GetTimer();
   \   0000002A   0x.... 0x....      BL       SRTimerReference__GetTimer
   \   0000002E   0x4607             MOV      R7,R0
    424          
    425                  // If it has been too long since the last message, then break the sequence.
    426                  API020_TX_CONFIG_TYPE const* config = &API020_TX_CHANNEL[tx_channel];
    427                  if (sequence != SEQUENCE_RESET)
   \   00000030   0xB12E             CBZ.N    R6,??SRAPI020Safety__SetTxValue_1
    428                  {
    429                      uint32 milliseconds = now - Api020.Tx_Time[tx_channel];
    430                      if (milliseconds >= config->Period)
   \   00000032   0x68A8             LDR      R0,[R5, #+8]
   \   00000034   0x1A38             SUBS     R0,R7,R0
   \   00000036   0xF5B0 0x6FE1      CMP      R0,#+1800
   \   0000003A   0xBF28             IT       CS 
    431                      {
    432                          sequence = SEQUENCE_LOST;
   \   0000003C   0x26FE             MOVCS    R6,#+254
    433                      }
    434                  }
    435          
    436                  // Transmit the packet.
    437                  if (config->Node == WIN_NODE_DEF)
    438                  {
    439                      #if (API020_NUMBER_OF_RX_CHANNELS > 0)
    440                          // Find the receive channel that receives this safety data.
    441                          for (API020_RX_CHANNEL_INDEX_TYPE rx_channel = (API020_RX_CHANNEL_INDEX_TYPE)0; rx_channel < API020_NUMBER_OF_RX_CHANNELS; rx_channel++)
    442                          {
    443                              if ((API020_RX_CHANNEL[rx_channel].Node == WIN_NODE_DEF) &&
    444                                  (API020_RX_CHANNEL[rx_channel].Op_Code == config->Op_Code) &&
    445                                  (API020_RX_CHANNEL[rx_channel].Length == config->Length))
    446                              {
    447                                  SaveSafetyData(rx_channel, sequence, data);
    448                                  result = TRUE;
    449                                  break;                      // Break out of the for() loop.
    450                              }
    451                          }
    452                      #endif      // #if (API020_NUMBER_OF_RX_CHANNELS > 0)
    453                  }
    454                  else
    455                  {
    456                      // Build the packet for this transmit channel.
    457                      API020_SAFETY_PACKET_TYPE packet;
    458                      packet.Sequence = sequence;
    459                      packet.Src_Addr = WIN_NODE_DEF;
    460                      packet.Dst_Addr = config->Node;
   \                     ??SRAPI020Safety__SetTxValue_1: (+1)
   \   0000003E   0x2001             MOVS     R0,#+1
   \   00000040   0xF88D 0x0002      STRB     R0,[SP, #+2]
   \   00000044   0xF88D 0x6000      STRB     R6,[SP, #+0]
   \   00000048   0xF88D 0x4001      STRB     R4,[SP, #+1]
    461                      memcpy(&packet.Data, data, config->Length);
   \   0000004C   0xF10D 0x0003      ADD      R0,SP,#+3
   \   00000050   0xF898 0x1000      LDRB     R1,[R8, #0]
   \   00000054   0x7001             STRB     R1,[R0, #+0]
    462                      uint8 size = API020_PACKET_OVERHEAD + config->Length;
    463                      packet.Data[config->Length] = Crc8(UCHAR_MAX, (uint8*)(void*)&packet, size - 1);
   \   00000056   0x2204             MOVS     R2,#+4
   \   00000058   0xA900             ADD      R1,SP,#+0
   \   0000005A   0x20FF             MOVS     R0,#+255
   \   0000005C   0x.... 0x....      BL       Crc8
   \   00000060   0xF88D 0x0004      STRB     R0,[SP, #+4]
    464          
    465                      REVEAL_COMMAND_TYPE* msg = Reveal__PriorityNewFeedback(API020SAFETY_NUM, config->Op_Code, config->Node, size);
   \   00000064   0x2305             MOVS     R3,#+5
   \   00000066   0x2201             MOVS     R2,#+1
   \   00000068   0x2102             MOVS     R1,#+2
   \   0000006A   0x2014             MOVS     R0,#+20
   \   0000006C   0x.... 0x....      BL       Reveal__PriorityNewFeedback
   \   00000070   0x4680             MOV      R8,R0
    466                      if ((Reveal__AddDataU8Buffer(msg, (uint8*)(void*)&packet, size) == PASS) &&
    467                          (Reveal__QueueCommand(msg) == TRUE))
   \   00000072   0x2205             MOVS     R2,#+5
   \   00000074   0xA900             ADD      R1,SP,#+0
   \   00000076   0x.... 0x....      BL       Reveal__AddDataU8Buffer
   \   0000007A   0x2801             CMP      R0,#+1
   \   0000007C   0xD117             BNE.N    ??SRAPI020Safety__SetTxValue_0
   \   0000007E   0x4640             MOV      R0,R8
   \   00000080   0x.... 0x....      BL       Reveal__QueueCommand
   \   00000084   0x2801             CMP      R0,#+1
   \   00000086   0xD112             BNE.N    ??SRAPI020Safety__SetTxValue_0
    468                      {
    469                          result = TRUE;
   \   00000088   0x2401             MOVS     R4,#+1
    470                      }
    471                  }
    472                  if (result == TRUE)
    473                  {
    474                      // Successfully passed to receiving node, so update transmit variables.
    475                      sequence = (sequence < SEQUENCE_LAST) ? sequence + 1 : SEQUENCE_FIRST;
   \   0000008A   0x2EFD             CMP      R6,#+253
   \   0000008C   0xBFB4             ITE      LT 
   \   0000008E   0x1C72             ADDLT    R2,R6,#+1
   \   00000090   0x2201             MOVGE    R2,#+1
    476                      SR_SET_BYTE(Api020.Tx_Next_Sequence[tx_channel], sequence);
   \   00000092   0xB2D2             UXTB     R2,R2
   \   00000094   0xF105 0x0120      ADD      R1,R5,#+32
   \   00000098   0xF105 0x000C      ADD      R0,R5,#+12
   \   0000009C   0x.... 0x....      BL       SRData__UpdateByte
    477                      SR_SET_LONG(Api020.Tx_Time[tx_channel], now);
   \   000000A0   0x463A             MOV      R2,R7
   \   000000A2   0xF105 0x011C      ADD      R1,R5,#+28
   \   000000A6   0xF105 0x0008      ADD      R0,R5,#+8
   \   000000AA   0x.... 0x....      BL       SRData__UpdateLong
    478                  }
    479              }
    480              return result;
   \                     ??SRAPI020Safety__SetTxValue_0: (+1)
   \   000000AE   0x4620             MOV      R0,R4
   \   000000B0   0xB004             ADD      SP,SP,#+16
   \   000000B2   0xE8BD 0x81F0      POP      {R4-R8,PC}       ;; return
    481          }

   \                                 In section .text, align 4, keep-with-next
   \                     ??DataTable5:
   \   00000000   0x........         DC32     Api020
    482          #endif      // #if (API020_NUMBER_OF_TX_CHANNELS > 0)
    483          
    484          
    485          //=====================================================================================================================
    486          //  --- Private Functions ---------------------------------------------------------------------------------------------
    487          //=====================================================================================================================
    488          
    489          
    490          #if (API020_NUMBER_OF_RX_CHANNELS > 0)
    491          
    492          //---------------------------------------------------------------------------------------------------------------------
    493          /**
    494           * Save the received safety data.
    495           * @param rx_channel = The receive channel to which the safety data is related.
    496           *                     Used as an index into the API020_RX_CHANNEL[rx_channel] array.
    497           * @param sequence = The sequence of the newly received data.
    498           * @param data = The safety data that was received.
    499           */
    500          static void ResetRxChannel(API020_RX_CHANNEL_INDEX_TYPE rx_channel)
    501          {
    502          	SR_SET_BYTE(Api020.Rx_Expected_Sequence[rx_channel], SEQUENCE_INVALID);
    503          	SR_SET_BYTE(Api020.Rx_Sequence_Valid[rx_channel], FALSE);
    504          }
    505          
    506          //---------------------------------------------------------------------------------------------------------------------
    507          /**
    508           * Save the received safety data.
    509           * @param rx_channel = The receive channel to which the safety data is related.
    510           *                     Used as an index into the API020_RX_CHANNEL[rx_channel] array.
    511           * @param sequence = The sequence of the newly received data.
    512           * @param data = The safety data that was received.
    513           */
    514          static void SaveSafetyData(API020_RX_CHANNEL_INDEX_TYPE rx_channel, uint8 sequence, void* data)
    515          {
    516              API020_RX_CONFIG_TYPE const* config = &API020_RX_CHANNEL[rx_channel];
    517          
    518              // Determine if the Class B packet sequence was preserved by this message.
    519              SR_CHECK_BYTE(Api020.Rx_Expected_Sequence[rx_channel]);
    520              SR_CHECK_LONG(Api020.Rx_Time[rx_channel]);
    521              uint32 now = SRTimerReference__GetTimer();
    522              uint8 sequence_preserved = (( sequence == Api020.Rx_Expected_Sequence[rx_channel] ) &&	/* is the sequence id valid AND */
    523              							( IS_MESSAGE_PERIOD_VALID(rx_channel, now) == TRUE ));		/* is the time between messages valid */
    524          
    525          	#if (API020_USE_RX_ARRAY == ENABLED)
    526              if ( API020_RX_CHANNEL[rx_channel].Array_Size >= 2 )
    527              {
    528              	/* if the sequence id and time have been met, write the data to the array, else write the Error_Value */
    529              	WriteToArray(rx_channel, sequence_preserved ? data : config->Error_Value);
    530              }
    531              else /* config->Array_Size < 2 */
    532          	/* write the data to a variable */
    533          	#endif
    534              {
    535          		if ( sequence_preserved )
    536          		{
    537          			// This is a valid packet received in the expected sequence.
    538          			// Save the received data.
    539          			SRData__UpdateArray(config->Address, config->N_Address, data, config->Length);
    540          		}
    541              }
    542          
    543              // Determine the next expected Sequence Number for this RX channel.
    544              sequence = (sequence < SEQUENCE_LAST) ? sequence + 1 : SEQUENCE_FIRST;
    545          
    546              // Save the RX channel status information.
    547              SR_SET_BYTE(Api020.Rx_Expected_Sequence[rx_channel], sequence);
    548              SR_SET_LONG(Api020.Rx_Time[rx_channel], now);
    549              SR_SET_BYTE(Api020.Rx_Sequence_Valid[rx_channel], sequence_preserved);
    550          }
    551          
    552          
    553          #if (API020_USE_RX_ARRAY == ENABLED)
    554          
    555          //---------------------------------------------------------------------------------------------------------------------
    556          /**
    557           * Write data to the array.
    558           * @param rx_channel = Specifies which RX channel to read. The specified Rx channel must support message arrays.
    559           * @retval void * pointer to the memory address at which the data is stored
    560           */
    561          static void WriteToArray(API020_RX_CHANNEL_INDEX_TYPE rx_channel, void * value)
    562          {
    563          	API020_RX_CONFIG_TYPE const* config = &API020_RX_CHANNEL[rx_channel];
    564          
    565          	SR_CHECK_BYTE(Api020.Rx_Num_Of_Readings[rx_channel]);
    566          	uint8 num_of_readings = Api020.Rx_Num_Of_Readings[rx_channel];
    567          
    568          	/* calculate the address of the slot within the array */
    569          	#define SLOT_ADDR(slot)\
    570          		( slot * API020_RX_CHANNEL[rx_channel].Length )
    571          
    572          	BOOL_TYPE write_to_array = TRUE;
    573          
    574          	/*
    575          	 * If the data is equal to the Error_Value, write the Error_Value to the array only if the most recently
    576          	 * written to slot in the array does not contain the Error_Value.
    577          	 */
    578          	if (( memcmp(value, config->Error_Value, config->Length) == 0 ) &&		/* the data to write is the Error_Value AND */
    579          		( num_of_readings >= 1 ))											/* the array is not empty */
    580          	{
    581          		uint8 slot = num_of_readings - 1;
    582          		(void)SRData__CheckArray((void*)((uint8*)config->Address + SLOT_ADDR(slot)), (void*)((uint8*)config->N_Address + SLOT_ADDR(slot)), config->Length);
    583          		if ( memcmp((void*)((uint8*)config->Address + SLOT_ADDR(slot)), config->Error_Value, config->Length) == 0 )
    584          		{
    585          			/* the most recently written to slot in the buffer already has the Error_Value written to it, do not write another Error_Value to the array */
    586          			write_to_array = FALSE;
    587          		}
    588          	}
    589          
    590          	if ( write_to_array == TRUE )
    591          	{
    592          		/* if the array is full, shift all the readings in the array back by 1 to make room for the new data value to write to the array */
    593          		if ( num_of_readings >= config->Array_Size )
    594          		{
    595          			/* array is full */
    596          			SR_SET_BYTE(Api020.Rx_Overflowed[rx_channel], 1);
    597          			SRData__UpdateArray(config->Address, config->N_Address, (void*)((uint8*)config->Address + SLOT_ADDR(1)), (config->Array_Size - 1) * config->Length);
    598          			num_of_readings = config->Array_Size - 1;
    599          		}
    600          
    601          		/* write the value to the array */
    602          		SRData__UpdateArray((void*)((uint8*)config->Address + SLOT_ADDR(num_of_readings)), (void*)((uint8*)config->N_Address + SLOT_ADDR(num_of_readings)), value, config->Length);
    603          		SR_SET_BYTE(Api020.Rx_Num_Of_Readings[rx_channel], num_of_readings + 1);
    604          	}
    605          }
    606          
    607          #endif /* (API020_USE_RX_ARRAY == ENABLED) */
    608          
    609          #endif      // #if (API020_NUMBER_OF_RX_CHANNELS > 0)
    610          
    611          #endif      // #if (API020SAFETY_FEATURE == ENABLED)
    612          
    613          

   Maximum stack usage in bytes:

   .cstack Function
   ------- --------
      24   SRAPI020Safety__FeedbackParser
        24   -> Crc8
        24   -> SRData__CheckByte
        24   -> SRData__CheckLong
        24   -> SRData__UpdateArray
         0   -> SRData__UpdateByte
        24   -> SRData__UpdateByte
        24   -> SRData__UpdateLong
        24   -> SRTimerReference__GetTimer
      24   SRAPI020Safety__GetRxValue
        24   -> SRData__CheckArray
        24   -> SRData__CheckByte
        24   -> SRData__CheckLong
        24   -> SRData__UpdateByte
        24   -> SRTimerReference__GetTimer
      24   SRAPI020Safety__Initialize
         0   -> SRFlow__InitLogEvent
        24   -> __aeabi_memset4
      40   SRAPI020Safety__SetTxValue
        40   -> Crc8
        40   -> Reveal__AddDataU8Buffer
        40   -> Reveal__PriorityNewFeedback
        40   -> Reveal__QueueCommand
        40   -> SRData__CheckByte
        40   -> SRData__CheckLong
        40   -> SRData__UpdateByte
        40   -> SRData__UpdateLong
        40   -> SRTimerReference__GetTimer


   Section sizes:

   Bytes  Function/Label
   -----  --------------
       4  ??DataTable5
      16  API020_RX_CHANNEL
       8  API020_TX_CHANNEL
      36  Api020
          API020_Door_Lock_RX_Status
          N_API020_Door_Lock_RX_Status
          N_Api020
     212  SRAPI020Safety__FeedbackParser
     124  SRAPI020Safety__GetRxValue
      72  SRAPI020Safety__Initialize
     182  SRAPI020Safety__SetTxValue

 
  36 bytes in section .bss
  24 bytes in section .rodata
 594 bytes in section .text
 
 594 bytes of CODE  memory
  24 bytes of CONST memory
  36 bytes of DATA  memory

Errors: none
Warnings: none
