###############################################################################
#
# IAR ANSI C/C++ Compiler V7.20.5.7591/W32 for ARM        06/Aug/2024  13:41:57
# Copyright 1999-2014 IAR Systems AB.
#
#    Cpu mode     =  thumb
#    Endian       =  little
#    Source file  =  
#        C:\Data\Python\Self_Commissioning_Bpm\source\XCategory\Common\SRClockMonitor\SRClockMonitor.c
#    Command line =  
#        -I./ -I../cx/ -I../cx/inc/ -ICategory/ -ICategory/Application/
#        -ICategory/Application/ThermalModel/
#        -ICategory/Application/ThermalModel/ThermalModelCore_DD/
#        -ICategory/Application/ThermalModel/ThermalModelCore_sBPM/
#        -ICategory/Common/ -ICategory/Common/BoardDebugging/
#        -ICategory/Common/MasterCommander/
#        -ICategory/Common/MasterCommander/Source/
#        -ICategory/Common/MasterCommander/Source/HAL/
#        -ICategory/Common/SelfCommissioning/ -ICategory/Hbl/
#        -IProjectSpecific/ -IProjectSpecific/Application/
#        -IProjectSpecific/Application/API007App/
#        -IProjectSpecific/Application/ModeManagement/
#        -IProjectSpecific/Application/MotorSelector/
#        -IProjectSpecific/Application/ProductInfo/
#        -IProjectSpecific/Application/SRMcuSpeedMonitor/
#        -IProjectSpecific/Application/ThermalModel/
#        -IProjectSpecific/CommonCore/ -IProjectSpecific/Driver/
#        -IProjectSpecific/MasterCommander/ -IProjectSpecific/Mci/
#        -IProjectSpecific/Mci/Mcl/ -IProjectSpecific/Mci/Mcl/old_xls/
#        -IXCategory/ -IXCategory/Application/
#        -IXCategory/Application/MciParametersLoader/
#        -IXCategory/Application/Mode/ -IXCategory/Application/Reveal_APIs/
#        -IXCategory/Application/Reveal_APIs/API003Disc/
#        -IXCategory/Application/Reveal_APIs/API004Debug/
#        -IXCategory/Application/Reveal_APIs/API005LowLevel/
#        -IXCategory/Application/Reveal_APIs/API007Data/
#        -IXCategory/Application/Reveal_APIs/API009System/
#        -IXCategory/Application/Reveal_APIs/API010PollVar/
#        -IXCategory/Application/Reveal_APIs/API011AppCtr/
#        -IXCategory/Application/Reveal_APIs/API013RemoteFunction/
#        -IXCategory/Application/Reveal_APIs/API018Diagnostic/
#        -IXCategory/Application/Reveal_APIs/API019ProductInfo/
#        -IXCategory/Application/Reveal_APIs/API220MotorControl/
#        -IXCategory/Application/Reveal_APIs/API220MotorControl/API/
#        -IXCategory/Application/Reveal_APIs/API221MotionCtrl/
#        -IXCategory/Application/Reveal_APIs/SRAPI020Safety/
#        -IXCategory/Application/SFUpdater/ -IXCategory/Common/
#        -IXCategory/Common/Crc16/ -IXCategory/Common/Crc8/
#        -IXCategory/Common/Log/ -IXCategory/Common/Millis/
#        -IXCategory/Common/SettingFile/ -IXCategory/Common/SRClockMonitor/
#        -IXCategory/Common/SRData/ -IXCategory/Common/SRException/
#        -IXCategory/Common/SRFlow/ -IXCategory/Common/SRIsrMonitor/
#        -IXCategory/Common/SRMain/ -IXCategory/Common/SRMcuSpeedMonitor/
#        -IXCategory/Common/SRPowerMgr/ -IXCategory/Common/SRSignature/
#        -IXCategory/Common/SRSystemConfig/
#        -IXCategory/Common/SRTimerReference/ -IXCategory/Common/SystemConfig/
#        -IXCategory/Common/SystemTimers/ -IXCategory/Common/Utilities/
#        -IXCategory/Driver/ -IXCategory/Driver/API/
#        -IXCategory/Driver/API/Comparator/ -IXCategory/Driver/API/DataFlash/
#        -IXCategory/Driver/API/Dma/ -IXCategory/Driver/API/Flash/
#        -IXCategory/Driver/API/Gpio/ -IXCategory/Driver/API/Micro/
#        -IXCategory/Driver/API/Spi/ -IXCategory/Driver/API/SRMCAtod/
#        -IXCategory/Driver/API/SRMCInputCapture/
#        -IXCategory/Driver/API/SRMCPwm/ -IXCategory/Driver/API/TimerInterrupt/
#        -IXCategory/Driver/API/Uart/ -IXCategory/Driver/Comparator/
#        -IXCategory/Driver/DataFlash/ -IXCategory/Driver/Dma/
#        -IXCategory/Driver/Flash/ -IXCategory/Driver/Gpio/
#        -IXCategory/Driver/Micro/ -IXCategory/Driver/Spi/
#        -IXCategory/Driver/SRMCAtod/ -IXCategory/Driver/SRMCInputCapture/
#        -IXCategory/Driver/SRMCPwm/ -IXCategory/Driver/TimerInterrupt/
#        -IXCategory/Driver/Uart/ -IXCategory/Hbl/ -IXCategory/Hbl/Mci/
#        -IXCategory/Hbl/Mci/InverterTemp/ -IXCategory/Hbl/Mci/Mcl/
#        -IXCategory/Hbl/Mci/Mcl/Braking/ -IXCategory/Hbl/Mci/Mcl/MacroBlocks/
#        -IXCategory/Hbl/Mci/Mcl/MclFvt/ -IXCategory/Hbl/Mci/Mcl/MicroBlocks/
#        -IXCategory/Hbl/Mci/Mcl/MicroBlocks/ClrkPark/
#        -IXCategory/Hbl/Mci/Mcl/MicroBlocks/Filters/
#        -IXCategory/Hbl/Mci/Mcl/MicroBlocks/Math/
#        -IXCategory/Hbl/Mci/Mcl/MicroBlocks/ObserverPmsm/
#        -IXCategory/Hbl/Mci/Mcl/MicroBlocks/Pi/
#        -IXCategory/Hbl/Mci/Mcl/MicroBlocks/PwmModulation/
#        -IXCategory/Hbl/Mci/Mcl/ResistanceEstimation/
#        -IXCategory/Hbl/Mci/PowerModuleManager/
#        -IXCategory/Hbl/Mci/SpeedRefGen/ -IXCategory/Hbl/Mci/SurgeRelay/
#        -IXCategory/Hbl/SRMotorSafetyMgr/
#        -IXCategory/Hbl/SRMotorSafetyMgr/API/ -IXCategory/Service/
#        -IXCategory/Service/Reveal/ -IXCategory/Service/Win/ --remarks
#        --no_tbaa --debug --use_c++_inline --only_stdout --dlib_config
#        ..\cx\inc\DLib_Config_Normal.h -r -D
#        ENABLE_JUMP_TO_APPLICATION_WITHOUT_IAP_FIRMWARE -D
#        SET_FLASH_OPTION_CONFIGURATION -D ARM_MATH_CM4 -e --silent
#        --endian=little --cpu Cortex-M4 --fpu=VFPv4_sp -Ohs -o
#        SRClockMonitor.obj -l ..\listings\SRClockMonitor.lst
#        C:\Data\Python\Self_Commissioning_Bpm\source\XCategory\Common\SRClockMonitor\SRClockMonitor.c
#    List file    =  ..\listings\SRClockMonitor.lst
#    Object file  =  SRClockMonitor.obj
#
###############################################################################

C:\Data\Python\Self_Commissioning_Bpm\source\XCategory\Common\SRClockMonitor\SRClockMonitor.c
      1          /**
      2           *  @file
      3           *
      4           *  @defgroup CLASS_B
      5           *
      6           *  @brief      This module compares an internal clock source given by the 1ms timer interrupt with an external clock source.
      7           *
      8           *  @details    This module generates exceptions in case of the clocks get disaligned
      9           *
     10           *  $Header: SRClockMonitor.c 1.10 2012/06/18 18:04:25EDT MANOEL GARBUIO DE SOUZA (SOUZAMG) Exp  $
     11           *
     12           *  @copyright  Copyright 2010-$Date: 2012/06/18 18:04:25EDT $. Whirlpool Corporation. All rights reserved - CONFIDENTIAL
     13           */
     14          
     15          //-------------------------------------- Include Files ----------------------------------------------------------------
     16          #include "SRSystemConfig.h"
     17          #include "SRClockMonitor.h"
     18          #include "SRClockMonitor_prv.h"
     19          #include "SRException.h"
     20          #include "SRData.h"
     21          //-------------------------------------- PUBLIC (Variables) -----------------------------------------------------------
     22          
     23          #ifndef SRCLOCKMONITOR_FEATURE
     24              #define SRCLOCKMONITOR_FEATURE      ENABLED
     25          #endif
     26          
     27          
     28          //-------------------------------------- PRIVATE (Variables, Constants & Defines) -------------------------------------
     29          
     30          
     31          #if (SRCLOCKMONITOR_FEATURE == ENABLED)

   \                                 In section .bss, align 2
     32              static uint16 SRClockMonitor_Counter;
     33              static uint8 SRClock_First_Reading;
   \                     SRClock_First_Reading:
   \   00000000                      DS8 1
   \   00000001                      DS8 1
   \   00000002                      DS8 1
   \   00000003                      DS8 1
   \   00000004                      DS8 2
   \   00000006                      DS8 1
   \   00000007                      DS8 1
   \   00000008                      DS8 1
   \   00000009                      DS8 1
   \   0000000A                      DS8 2
     34              static uint8 SRClockMonitor_ErrorCount;
     35              static uint8 SRClockMonitor_Event;
     36              static uint16 N_SRClockMonitor_Counter;
     37              static uint8 N_SRClock_First_Reading;
     38              static uint8 N_SRClockMonitor_ErrorCount;
     39              static uint8 N_SRClockMonitor_Event;
     40          
     41              #ifndef SRCLOCKMONITOR_MAX_ERROR_OCCURENCE
     42                  #define SRCLOCKMONITOR_MAX_ERROR_OCCURENCE          4
     43              #endif
     44          
     45              #ifndef SRCLOCKMONITOR_INITIAL_DISREGARDED_READINGS
     46                  #define SRCLOCKMONITOR_INITIAL_DISREGARDED_READINGS 4
     47              #endif
     48          
     49              #ifndef SRCLOCK_MAX_ABSOLUT_COUNTER
     50                  #define SRCLOCK_MAX_ABSOLUT_COUNTER         0xFFFF
     51              #endif
     52          
     53              #if(SRCLOCK_MAX_ABSOLUT_COUNTER > 0xFFFF)
     54                  #error "SRCLOCK_MAX_ABSOLUT_COUNTER cannot be higher than 0xFFFF"
     55              #endif
     56          
     57          #define     SRCLOCKMONITOR_EVENT_KEYWORD            0x51u
     58          #define     SRCLOCKMONITOR_NO_EVENT_KEYWORD         0xA5u
     59          
     60          #endif
     61          
     62          
     63          //-------------------------------------- PRIVATE (Function Prototypes) ------------------------------------------------
     64          
     65          
     66          //=====================================================================================================================
     67          //-------------------------------------- Public Functions -------------------------------------------------------------
     68          //=====================================================================================================================
     69          
     70          //---------------------------------------------------------------------------------------------------------------------
     71          /**
     72           *  @brief      It Initializes the module SRClockMonitor and its variables
     73           *
     74           */

   \                                 In section .text, align 2, keep-with-next
     75          void SRClockMonitor__Initialize(void)
     76          {
   \                     SRClockMonitor__Initialize: (+1)
   \   00000000   0xB510             PUSH     {R4,LR}
     77          
     78          #if (SRCLOCKMONITOR_FEATURE == ENABLED)
     79              SRCLOCKMONITOR_INIT_FLOW();
   \   00000002   0x2002             MOVS     R0,#+2
   \   00000004   0x.... 0x....      BL       SRFlow__InitLogEvent
     80              SRData__UpdateByte(&SRClockMonitor_Event,&N_SRClockMonitor_Event,SRCLOCKMONITOR_NO_EVENT_KEYWORD);
   \   00000008   0x....             LDR.N    R4,??DataTable2
   \   0000000A   0x22A5             MOVS     R2,#+165
   \   0000000C   0xF104 0x0108      ADD      R1,R4,#+8
   \   00000010   0x1CA0             ADDS     R0,R4,#+2
   \   00000012   0x.... 0x....      BL       SRData__UpdateByte
     81              SRData__UpdateShort(&SRClockMonitor_Counter,&N_SRClockMonitor_Counter,0u);
   \   00000016   0x2200             MOVS     R2,#+0
   \   00000018   0xF104 0x010A      ADD      R1,R4,#+10
   \   0000001C   0x1D20             ADDS     R0,R4,#+4
   \   0000001E   0x.... 0x....      BL       SRData__UpdateShort
     82              SRData__UpdateByte(&SRClock_First_Reading,&N_SRClock_First_Reading,0u);
   \   00000022   0x2200             MOVS     R2,#+0
   \   00000024   0x1DA1             ADDS     R1,R4,#+6
   \   00000026   0x4620             MOV      R0,R4
   \   00000028   0x.... 0x....      BL       SRData__UpdateByte
     83              SRData__UpdateByte(&SRClockMonitor_ErrorCount,&N_SRClockMonitor_ErrorCount,0u);
   \   0000002C   0x1DE1             ADDS     R1,R4,#+7
   \   0000002E   0x1C60             ADDS     R0,R4,#+1
   \   00000030   0xE8BD 0x4010      POP      {R4,LR}
   \   00000034   0x2200             MOVS     R2,#+0
   \   00000036   0x.... 0x....      B.W      SRData__UpdateByte
     84          #endif
     85          }
     86          
     87          //---------------------------------------------------------------------------------------------------------------------
     88          /**
     89           * @brief Monitor 1ms
     90           *  This method is responsible by the TimerInterrupot clock monitoring.
     91           *  It counts ticks based on timerInterruption for the MonitorExtclk compare with the external clock source.
     92           */

   \                                 In section .text, align 2, keep-with-next
     93          void SRClockMonitor__Monitor1ms(void)
     94          {
   \                     SRClockMonitor__Monitor1ms: (+1)
   \   00000000   0xB510             PUSH     {R4,LR}
     95          
     96          #if (SRCLOCKMONITOR_FEATURE == ENABLED)
     97              SRCLOCKMONITOR_1MS_FLOW();
   \   00000002   0x2002             MOVS     R0,#+2
   \   00000004   0x.... 0x....      BL       SRFlow__ISRLogEvent
     98              (void) SRData__CheckShort(&SRClockMonitor_Counter,&N_SRClockMonitor_Counter);
   \   00000008   0x....             LDR.N    R4,??DataTable2
   \   0000000A   0xF104 0x010A      ADD      R1,R4,#+10
   \   0000000E   0x1D20             ADDS     R0,R4,#+4
   \   00000010   0x.... 0x....      BL       SRData__CheckShort
     99              (void) SRData__CheckByte(&SRClockMonitor_Event,&N_SRClockMonitor_Event);
   \   00000014   0xF104 0x0108      ADD      R1,R4,#+8
   \   00000018   0x1CA0             ADDS     R0,R4,#+2
   \   0000001A   0x.... 0x....      BL       SRData__CheckByte
    100              
    101              if(SRClockMonitor_Event == SRCLOCKMONITOR_EVENT_KEYWORD)
   \   0000001E   0x78A0             LDRB     R0,[R4, #+2]
   \   00000020   0x2851             CMP      R0,#+81
   \   00000022   0xD10B             BNE.N    ??SRClockMonitor__Monitor1ms_0
    102              {
    103                  SRData__UpdateByte(&SRClockMonitor_Event,&N_SRClockMonitor_Event,SRCLOCKMONITOR_NO_EVENT_KEYWORD);
   \   00000024   0x22A5             MOVS     R2,#+165
   \   00000026   0xF104 0x0108      ADD      R1,R4,#+8
   \   0000002A   0x1CA0             ADDS     R0,R4,#+2
   \   0000002C   0x.... 0x....      BL       SRData__UpdateByte
    104                  SRData__UpdateShort(&SRClockMonitor_Counter,&N_SRClockMonitor_Counter,0u);
   \   00000030   0x2200             MOVS     R2,#+0
   \   00000032   0xF104 0x010A      ADD      R1,R4,#+10
   \   00000036   0x1D20             ADDS     R0,R4,#+4
   \   00000038   0x.... 0x....      BL       SRData__UpdateShort
    105              }
    106          
    107              SRData__UpdateShort(&SRClockMonitor_Counter,&N_SRClockMonitor_Counter,SRClockMonitor_Counter + 1u);
   \                     ??SRClockMonitor__Monitor1ms_0: (+1)
   \   0000003C   0x88A0             LDRH     R0,[R4, #+4]
   \   0000003E   0x1C42             ADDS     R2,R0,#+1
   \   00000040   0xB292             UXTH     R2,R2
   \   00000042   0xF104 0x010A      ADD      R1,R4,#+10
   \   00000046   0x1D20             ADDS     R0,R4,#+4
   \   00000048   0x.... 0x....      BL       SRData__UpdateShort
    108              if (SRClockMonitor_Counter >= (uint16) SRCLOCK_MAX_ABSOLUT_COUNTER)
   \   0000004C   0x88A1             LDRH     R1,[R4, #+4]
   \   0000004E   0xF64F 0x70FF      MOVW     R0,#+65535
   \   00000052   0x4281             CMP      R1,R0
   \   00000054   0xD10B             BNE.N    ??SRClockMonitor__Monitor1ms_1
    109              {
    110                  SRException__Queue(SREXCEPTION_SRCLOCK_OVERRUN,(uint32)SRClockMonitor_Counter,0u);
   \   00000056   0x2200             MOVS     R2,#+0
   \   00000058   0x2019             MOVS     R0,#+25
   \   0000005A   0x.... 0x....      BL       SRException__Queue
    111                  SRData__UpdateShort(&SRClockMonitor_Counter,&N_SRClockMonitor_Counter,0u);
   \   0000005E   0xF104 0x010A      ADD      R1,R4,#+10
   \   00000062   0x1D20             ADDS     R0,R4,#+4
   \   00000064   0xE8BD 0x4010      POP      {R4,LR}
   \   00000068   0x2200             MOVS     R2,#+0
   \   0000006A   0x.... 0x....      B.W      SRData__UpdateShort
    112              }
    113          #endif
    114          }
   \                     ??SRClockMonitor__Monitor1ms_1: (+1)
   \   0000006E   0xBD10             POP      {R4,PC}          ;; return
    115          
    116          //---------------------------------------------------------------------------------------------------------------------
    117          /**
    118           * @brief This method is responsible to check the internal clock by comparing the ticks counted by the Monitor1ms
    119           * with the ext_ticks from the external source of clock.
    120           *
    121           * @param   ext_ticks   Number of ticks expected to happen in the 1ms interrupt since the last call of this method.
    122           */

   \                                 In section .text, align 2, keep-with-next
    123          void SRClockMonitor__MonitorExtClk(uint16 ext_ticks)
    124          {
   \                     SRClockMonitor__MonitorExtClk: (+1)
   \   00000000   0xB530             PUSH     {R4,R5,LR}
   \   00000002   0x4605             MOV      R5,R0
    125          #if (SRCLOCKMONITOR_FEATURE == ENABLED)
    126          
    127              SRCLOCKMONITOR_EXT_FLOW();
    128              (void) SRData__CheckByte(&SRClock_First_Reading,&N_SRClock_First_Reading);
   \   00000004   0x....             LDR.N    R4,??DataTable2
   \   00000006   0xB081             SUB      SP,SP,#+4
   \   00000008   0x1DA1             ADDS     R1,R4,#+6
   \   0000000A   0x4620             MOV      R0,R4
   \   0000000C   0x.... 0x....      BL       SRData__CheckByte
    129              //To avoid the lack of precision in the first interaction it ignores the first interactions,
    130              //after that we do expect the system to be in sync
    131              if (SRClock_First_Reading < (uint8) SRCLOCKMONITOR_INITIAL_DISREGARDED_READINGS )
   \   00000010   0x7820             LDRB     R0,[R4, #+0]
   \   00000012   0x2804             CMP      R0,#+4
   \   00000014   0xDA04             BGE.N    ??SRClockMonitor__MonitorExtClk_0
    132              {
    133                  SRData__UpdateByte(&SRClock_First_Reading,&N_SRClock_First_Reading,SRClock_First_Reading+1u);
   \   00000016   0x1C42             ADDS     R2,R0,#+1
   \   00000018   0xB2D2             UXTB     R2,R2
   \   0000001A   0x1DA1             ADDS     R1,R4,#+6
   \   0000001C   0x4620             MOV      R0,R4
   \   0000001E   0xE024             B.N      ??SRClockMonitor__MonitorExtClk_1
    134              }
    135              else
    136              {
    137                  sint32 max = (sint32) ext_ticks + SRCLOCKMONITOR_CLK_TICKS_ABOVE;
    138                  sint32 min = (sint32) ext_ticks - SRCLOCKMONITOR_CLK_TICKS_BELOW;
    139          
    140                  (void) SRData__CheckShort(&SRClockMonitor_Counter,&N_SRClockMonitor_Counter);
   \                     ??SRClockMonitor__MonitorExtClk_0: (+1)
   \   00000020   0xF104 0x010A      ADD      R1,R4,#+10
   \   00000024   0x1D20             ADDS     R0,R4,#+4
   \   00000026   0x.... 0x....      BL       SRData__CheckShort
    141                  (void) SRData__CheckByte(&SRClockMonitor_ErrorCount,&N_SRClockMonitor_ErrorCount);
   \   0000002A   0x1DE1             ADDS     R1,R4,#+7
   \   0000002C   0x1C60             ADDS     R0,R4,#+1
   \   0000002E   0x.... 0x....      BL       SRData__CheckByte
   \   00000032   0x88A0             LDRH     R0,[R4, #+4]
   \   00000034   0xF1A5 0x0246      SUB      R2,R5,#+70
   \   00000038   0x4290             CMP      R0,R2
   \   0000003A   0xBFA4             ITT      GE 
   \   0000003C   0xF105 0x0146      ADDGE    R1,R5,#+70
   \   00000040   0x4281             CMPGE    R1,R0
   \   00000042   0xDA0F             BGE.N    ??SRClockMonitor__MonitorExtClk_2
    142                  if (((sint32) SRClockMonitor_Counter < min ) ||
    143                      ((sint32) SRClockMonitor_Counter > max))
    144                  {
    145                      SRData__UpdateByte(&SRClockMonitor_ErrorCount,&N_SRClockMonitor_ErrorCount,SRClockMonitor_ErrorCount+1u);
   \   00000044   0x7860             LDRB     R0,[R4, #+1]
   \   00000046   0x1C42             ADDS     R2,R0,#+1
   \   00000048   0xB2D2             UXTB     R2,R2
   \   0000004A   0x1DE1             ADDS     R1,R4,#+7
   \   0000004C   0x1C60             ADDS     R0,R4,#+1
   \   0000004E   0x.... 0x....      BL       SRData__UpdateByte
    146                      if (SRClockMonitor_ErrorCount >= (uint16) SRCLOCKMONITOR_MAX_ERROR_OCCURENCE)
   \   00000052   0x7860             LDRB     R0,[R4, #+1]
   \   00000054   0x2804             CMP      R0,#+4
   \   00000056   0xDB0A             BLT.N    ??SRClockMonitor__MonitorExtClk_3
    147                      {
    148                          // Out of Range
    149                          SRException__Queue(SREXCEPTION_SRCLOCK_TEST,(uint32)SRClockMonitor_Counter,(uint32)ext_ticks);
   \   00000058   0x88A1             LDRH     R1,[R4, #+4]
   \   0000005A   0x462A             MOV      R2,R5
   \   0000005C   0x2018             MOVS     R0,#+24
   \   0000005E   0x.... 0x....      BL       SRException__Queue
   \   00000062   0xE004             B.N      ??SRClockMonitor__MonitorExtClk_3
    150                      }
    151                  }
    152                  else
    153                  {
    154                      SRData__UpdateByte(&SRClockMonitor_ErrorCount,&N_SRClockMonitor_ErrorCount,0u);
   \                     ??SRClockMonitor__MonitorExtClk_2: (+1)
   \   00000064   0x2200             MOVS     R2,#+0
   \   00000066   0x1DE1             ADDS     R1,R4,#+7
   \   00000068   0x1C60             ADDS     R0,R4,#+1
   \                     ??SRClockMonitor__MonitorExtClk_1: (+1)
   \   0000006A   0x.... 0x....      BL       SRData__UpdateByte
    155                  }
    156              }
    157          
    158              // Set external clock event occurred
    159              (void) SRData__CheckByte(&SRClockMonitor_Event,&N_SRClockMonitor_Event);
   \                     ??SRClockMonitor__MonitorExtClk_3: (+1)
   \   0000006E   0xF104 0x0108      ADD      R1,R4,#+8
   \   00000072   0x1CA0             ADDS     R0,R4,#+2
   \   00000074   0x.... 0x....      BL       SRData__CheckByte
    160              if(SRClockMonitor_Event == SRCLOCKMONITOR_NO_EVENT_KEYWORD)
   \   00000078   0x78A0             LDRB     R0,[R4, #+2]
   \   0000007A   0x28A5             CMP      R0,#+165
   \   0000007C   0xD108             BNE.N    ??SRClockMonitor__MonitorExtClk_4
    161              {
    162                  SRData__UpdateByte(&SRClockMonitor_Event,&N_SRClockMonitor_Event,SRCLOCKMONITOR_EVENT_KEYWORD);
   \   0000007E   0xF104 0x0108      ADD      R1,R4,#+8
   \   00000082   0x1CA0             ADDS     R0,R4,#+2
   \   00000084   0xB001             ADD      SP,SP,#+4
   \   00000086   0xE8BD 0x4030      POP      {R4,R5,LR}
   \   0000008A   0x2251             MOVS     R2,#+81
   \   0000008C   0x.... 0x....      B.W      SRData__UpdateByte
    163              }
    164          #endif
    165          
    166          }
   \                     ??SRClockMonitor__MonitorExtClk_4: (+1)
   \   00000090   0xB001             ADD      SP,SP,#+4
   \   00000092   0xBD30             POP      {R4,R5,PC}       ;; return

   \                                 In section .text, align 4, keep-with-next
   \                     ??DataTable2:
   \   00000000   0x........         DC32     SRClock_First_Reading
    167          
    168          //=====================================================================================================================
    169          //-------------------------------------- Private Functions ------------------------------------------------------------
    170          //=====================================================================================================================
    171          
    172          

   Maximum stack usage in bytes:

   .cstack Function
   ------- --------
       8   SRClockMonitor__Initialize
         0   -> SRData__UpdateByte
         8   -> SRData__UpdateByte
         8   -> SRData__UpdateShort
         8   -> SRFlow__InitLogEvent
       8   SRClockMonitor__Monitor1ms
         8   -> SRData__CheckByte
         8   -> SRData__CheckShort
         8   -> SRData__UpdateByte
         0   -> SRData__UpdateShort
         8   -> SRData__UpdateShort
         8   -> SRException__Queue
         8   -> SRFlow__ISRLogEvent
      16   SRClockMonitor__MonitorExtClk
        16   -> SRData__CheckByte
        16   -> SRData__CheckShort
         0   -> SRData__UpdateByte
        16   -> SRData__UpdateByte
        16   -> SRException__Queue


   Section sizes:

   Bytes  Function/Label
   -----  --------------
       4  ??DataTable2
      58  SRClockMonitor__Initialize
     112  SRClockMonitor__Monitor1ms
     148  SRClockMonitor__MonitorExtClk
      12  SRClock_First_Reading
          SRClockMonitor_ErrorCount
          SRClockMonitor_Event
          SRClockMonitor_Counter
          N_SRClock_First_Reading
          N_SRClockMonitor_ErrorCount
          N_SRClockMonitor_Event
          N_SRClockMonitor_Counter

 
  12 bytes in section .bss
 322 bytes in section .text
 
 322 bytes of CODE memory
  12 bytes of DATA memory

Errors: none
Warnings: none
