###############################################################################
#
# IAR ANSI C/C++ Compiler V7.20.5.7591/W32 for ARM        06/Aug/2024  13:42:02
# Copyright 1999-2014 IAR Systems AB.
#
#    Cpu mode     =  thumb
#    Endian       =  little
#    Source file  =  
#        C:\Data\Python\Self_Commissioning_Bpm\source\XCategory\Common\SRSignature\SRSignature.c
#    Command line =  
#        -I./ -I../cx/ -I../cx/inc/ -ICategory/ -ICategory/Application/
#        -ICategory/Application/ThermalModel/
#        -ICategory/Application/ThermalModel/ThermalModelCore_DD/
#        -ICategory/Application/ThermalModel/ThermalModelCore_sBPM/
#        -ICategory/Common/ -ICategory/Common/BoardDebugging/
#        -ICategory/Common/MasterCommander/
#        -ICategory/Common/MasterCommander/Source/
#        -ICategory/Common/MasterCommander/Source/HAL/
#        -ICategory/Common/SelfCommissioning/ -ICategory/Hbl/
#        -IProjectSpecific/ -IProjectSpecific/Application/
#        -IProjectSpecific/Application/API007App/
#        -IProjectSpecific/Application/ModeManagement/
#        -IProjectSpecific/Application/MotorSelector/
#        -IProjectSpecific/Application/ProductInfo/
#        -IProjectSpecific/Application/SRMcuSpeedMonitor/
#        -IProjectSpecific/Application/ThermalModel/
#        -IProjectSpecific/CommonCore/ -IProjectSpecific/Driver/
#        -IProjectSpecific/MasterCommander/ -IProjectSpecific/Mci/
#        -IProjectSpecific/Mci/Mcl/ -IProjectSpecific/Mci/Mcl/old_xls/
#        -IXCategory/ -IXCategory/Application/
#        -IXCategory/Application/MciParametersLoader/
#        -IXCategory/Application/Mode/ -IXCategory/Application/Reveal_APIs/
#        -IXCategory/Application/Reveal_APIs/API003Disc/
#        -IXCategory/Application/Reveal_APIs/API004Debug/
#        -IXCategory/Application/Reveal_APIs/API005LowLevel/
#        -IXCategory/Application/Reveal_APIs/API007Data/
#        -IXCategory/Application/Reveal_APIs/API009System/
#        -IXCategory/Application/Reveal_APIs/API010PollVar/
#        -IXCategory/Application/Reveal_APIs/API011AppCtr/
#        -IXCategory/Application/Reveal_APIs/API013RemoteFunction/
#        -IXCategory/Application/Reveal_APIs/API018Diagnostic/
#        -IXCategory/Application/Reveal_APIs/API019ProductInfo/
#        -IXCategory/Application/Reveal_APIs/API220MotorControl/
#        -IXCategory/Application/Reveal_APIs/API220MotorControl/API/
#        -IXCategory/Application/Reveal_APIs/API221MotionCtrl/
#        -IXCategory/Application/Reveal_APIs/SRAPI020Safety/
#        -IXCategory/Application/SFUpdater/ -IXCategory/Common/
#        -IXCategory/Common/Crc16/ -IXCategory/Common/Crc8/
#        -IXCategory/Common/Log/ -IXCategory/Common/Millis/
#        -IXCategory/Common/SettingFile/ -IXCategory/Common/SRClockMonitor/
#        -IXCategory/Common/SRData/ -IXCategory/Common/SRException/
#        -IXCategory/Common/SRFlow/ -IXCategory/Common/SRIsrMonitor/
#        -IXCategory/Common/SRMain/ -IXCategory/Common/SRMcuSpeedMonitor/
#        -IXCategory/Common/SRPowerMgr/ -IXCategory/Common/SRSignature/
#        -IXCategory/Common/SRSystemConfig/
#        -IXCategory/Common/SRTimerReference/ -IXCategory/Common/SystemConfig/
#        -IXCategory/Common/SystemTimers/ -IXCategory/Common/Utilities/
#        -IXCategory/Driver/ -IXCategory/Driver/API/
#        -IXCategory/Driver/API/Comparator/ -IXCategory/Driver/API/DataFlash/
#        -IXCategory/Driver/API/Dma/ -IXCategory/Driver/API/Flash/
#        -IXCategory/Driver/API/Gpio/ -IXCategory/Driver/API/Micro/
#        -IXCategory/Driver/API/Spi/ -IXCategory/Driver/API/SRMCAtod/
#        -IXCategory/Driver/API/SRMCInputCapture/
#        -IXCategory/Driver/API/SRMCPwm/ -IXCategory/Driver/API/TimerInterrupt/
#        -IXCategory/Driver/API/Uart/ -IXCategory/Driver/Comparator/
#        -IXCategory/Driver/DataFlash/ -IXCategory/Driver/Dma/
#        -IXCategory/Driver/Flash/ -IXCategory/Driver/Gpio/
#        -IXCategory/Driver/Micro/ -IXCategory/Driver/Spi/
#        -IXCategory/Driver/SRMCAtod/ -IXCategory/Driver/SRMCInputCapture/
#        -IXCategory/Driver/SRMCPwm/ -IXCategory/Driver/TimerInterrupt/
#        -IXCategory/Driver/Uart/ -IXCategory/Hbl/ -IXCategory/Hbl/Mci/
#        -IXCategory/Hbl/Mci/InverterTemp/ -IXCategory/Hbl/Mci/Mcl/
#        -IXCategory/Hbl/Mci/Mcl/Braking/ -IXCategory/Hbl/Mci/Mcl/MacroBlocks/
#        -IXCategory/Hbl/Mci/Mcl/MclFvt/ -IXCategory/Hbl/Mci/Mcl/MicroBlocks/
#        -IXCategory/Hbl/Mci/Mcl/MicroBlocks/ClrkPark/
#        -IXCategory/Hbl/Mci/Mcl/MicroBlocks/Filters/
#        -IXCategory/Hbl/Mci/Mcl/MicroBlocks/Math/
#        -IXCategory/Hbl/Mci/Mcl/MicroBlocks/ObserverPmsm/
#        -IXCategory/Hbl/Mci/Mcl/MicroBlocks/Pi/
#        -IXCategory/Hbl/Mci/Mcl/MicroBlocks/PwmModulation/
#        -IXCategory/Hbl/Mci/Mcl/ResistanceEstimation/
#        -IXCategory/Hbl/Mci/PowerModuleManager/
#        -IXCategory/Hbl/Mci/SpeedRefGen/ -IXCategory/Hbl/Mci/SurgeRelay/
#        -IXCategory/Hbl/SRMotorSafetyMgr/
#        -IXCategory/Hbl/SRMotorSafetyMgr/API/ -IXCategory/Service/
#        -IXCategory/Service/Reveal/ -IXCategory/Service/Win/ --remarks
#        --no_tbaa --debug --use_c++_inline --only_stdout --dlib_config
#        ..\cx\inc\DLib_Config_Normal.h -r -D
#        ENABLE_JUMP_TO_APPLICATION_WITHOUT_IAP_FIRMWARE -D
#        SET_FLASH_OPTION_CONFIGURATION -D ARM_MATH_CM4 -e --silent
#        --endian=little --cpu Cortex-M4 --fpu=VFPv4_sp -Ohs -o SRSignature.obj
#        -l ..\listings\SRSignature.lst
#        C:\Data\Python\Self_Commissioning_Bpm\source\XCategory\Common\SRSignature\SRSignature.c
#    List file    =  ..\listings\SRSignature.lst
#    Object file  =  SRSignature.obj
#
###############################################################################

C:\Data\Python\Self_Commissioning_Bpm\source\XCategory\Common\SRSignature\SRSignature.c
      1          /**
      2           *  @file
      3           *  @defgroup   CLASS_B
      4           *  @brief      This module is responsible to expose the Class B Signature.
      5           *
      6           *
      7           *  @copyright  Copyright 2016. Whirlpool Corporation. All rights reserved - CONFIDENTIAL
      8           */
      9          //---------------------------------------------------------------------------------------------------------------------
     10          //---------------------------------------------------------------------------------------------------------------------
     11          
     12          
     13          //-------------------------------------- Include Files ----------------------------------------------------------------
     14          #include "C_Extensions.h"
     15          #include "SRSignature.h"
     16          
     17          #include "ClassB_Signature.h"
     18          //-------------------------------------- PUBLIC (Variables) -----------------------------------------------------------
     19          
     20          //-------------------------------------- PRIVATE (Variables, Constants & Defines) -------------------------------------

   \                                 In section .text, align 4, keep-with-next
     21          static const uint8 CLASS_B_SIGNATURE[]          = CLASSB_SIGNATURE;
                                                                                   ^
Remark[Pe381]: extra ";" ignored
   \                     CLASS_B_SIGNATURE:
   \   00000000   0xE4 0x08          DC8 228, 8, 52, 17, 28, 245, 73, 105, 196, 168, 242, 153, 250, 42, 126
   \              0x34 0x11    
   \              0x1C 0xF5    
   \              0x49 0x69    
   \              0xC4 0xA8    
   \              0xF2 0x99    
   \              0xFA 0x2A    
   \              0x7E         
   \   0000000F   0xF8 0x9A          DC8 248, 154, 8, 215, 160, 105, 86, 7, 75, 20, 45, 126, 181, 87, 113
   \              0x08 0xD7    
   \              0xA0 0x69    
   \              0x56 0x07    
   \              0x4B 0x14    
   \              0x2D 0x7E    
   \              0xB5 0x57    
   \              0x71         
   \   0000001E   0xD5 0x94          DC8 213, 148
     22          //-------------------------------------- PRIVATE (Function Prototypes) ------------------------------------------------
     23          
     24          
     25          //=====================================================================================================================
     26          //-------------------------------------- Public Functions -------------------------------------------------------------
     27          //=====================================================================================================================
     28          
     29          //---------------------------------------------------------------------------------------------------------------------
     30          /**
     31           * @brief This process returns the string of values for the Class B Signature;
     32           * @return
     33           */

   \                                 In section .text, align 2, keep-with-next
     34          uint8 * SRSignature__GetClassBSignature(void)
     35          {
     36              return ((uint8*)CLASS_B_SIGNATURE);             //lint !e926 Suppress Info: cast from pointer to pointer [MISRA 2004 Rule 11.4]
   \                     SRSignature__GetClassBSignature: (+1)
   \   00000000   0x.... 0x....      ADR.W    R0,CLASS_B_SIGNATURE
   \   00000004   0x4770             BX       LR               ;; return
     37          }
     38          
     39          /**
     40           * @brief This process returns size of the Class B String signature.
     41           * @return
     42           */

   \                                 In section .text, align 2, keep-with-next
     43          uint8 SRSignature__GetClassBSignatureSize(void)
     44          {
     45              return (sizeof(CLASS_B_SIGNATURE));
   \                     SRSignature__GetClassBSignatureSize: (+1)
   \   00000000   0x2020             MOVS     R0,#+32
   \   00000002   0x4770             BX       LR               ;; return
     46          }
     47          
     48          
     49          //=====================================================================================================================
     50          //-------------------------------------- Private Functions ------------------------------------------------------------
     51          //=====================================================================================================================
     52          
     53          

   Maximum stack usage in bytes:

   .cstack Function
   ------- --------
       0   SRSignature__GetClassBSignature
       0   SRSignature__GetClassBSignatureSize


   Section sizes:

   Bytes  Function/Label
   -----  --------------
      32  CLASS_B_SIGNATURE
       6  SRSignature__GetClassBSignature
       4  SRSignature__GetClassBSignatureSize

 
 42 bytes in section .text
 
 42 bytes of CODE memory

Errors: none
Warnings: none
