###############################################################################
#
# IAR ANSI C/C++ Compiler V7.20.5.7591/W32 for ARM        06/Aug/2024  13:42:30
# Copyright 1999-2014 IAR Systems AB.
#
#    Cpu mode     =  thumb
#    Endian       =  little
#    Source file  =  
#        C:\Data\Python\Self_Commissioning_Bpm\source\XCategory\Hbl\Mci\SurgeRelay\SurgeRelay.c
#    Command line =  
#        -I./ -I../cx/ -I../cx/inc/ -ICategory/ -ICategory/Application/
#        -ICategory/Application/ThermalModel/
#        -ICategory/Application/ThermalModel/ThermalModelCore_DD/
#        -ICategory/Application/ThermalModel/ThermalModelCore_sBPM/
#        -ICategory/Common/ -ICategory/Common/BoardDebugging/
#        -ICategory/Common/MasterCommander/
#        -ICategory/Common/MasterCommander/Source/
#        -ICategory/Common/MasterCommander/Source/HAL/
#        -ICategory/Common/SelfCommissioning/ -ICategory/Hbl/
#        -IProjectSpecific/ -IProjectSpecific/Application/
#        -IProjectSpecific/Application/API007App/
#        -IProjectSpecific/Application/ModeManagement/
#        -IProjectSpecific/Application/MotorSelector/
#        -IProjectSpecific/Application/ProductInfo/
#        -IProjectSpecific/Application/SRMcuSpeedMonitor/
#        -IProjectSpecific/Application/ThermalModel/
#        -IProjectSpecific/CommonCore/ -IProjectSpecific/Driver/
#        -IProjectSpecific/MasterCommander/ -IProjectSpecific/Mci/
#        -IProjectSpecific/Mci/Mcl/ -IProjectSpecific/Mci/Mcl/old_xls/
#        -IXCategory/ -IXCategory/Application/
#        -IXCategory/Application/MciParametersLoader/
#        -IXCategory/Application/Mode/ -IXCategory/Application/Reveal_APIs/
#        -IXCategory/Application/Reveal_APIs/API003Disc/
#        -IXCategory/Application/Reveal_APIs/API004Debug/
#        -IXCategory/Application/Reveal_APIs/API005LowLevel/
#        -IXCategory/Application/Reveal_APIs/API007Data/
#        -IXCategory/Application/Reveal_APIs/API009System/
#        -IXCategory/Application/Reveal_APIs/API010PollVar/
#        -IXCategory/Application/Reveal_APIs/API011AppCtr/
#        -IXCategory/Application/Reveal_APIs/API013RemoteFunction/
#        -IXCategory/Application/Reveal_APIs/API018Diagnostic/
#        -IXCategory/Application/Reveal_APIs/API019ProductInfo/
#        -IXCategory/Application/Reveal_APIs/API220MotorControl/
#        -IXCategory/Application/Reveal_APIs/API220MotorControl/API/
#        -IXCategory/Application/Reveal_APIs/API221MotionCtrl/
#        -IXCategory/Application/Reveal_APIs/SRAPI020Safety/
#        -IXCategory/Application/SFUpdater/ -IXCategory/Common/
#        -IXCategory/Common/Crc16/ -IXCategory/Common/Crc8/
#        -IXCategory/Common/Log/ -IXCategory/Common/Millis/
#        -IXCategory/Common/SettingFile/ -IXCategory/Common/SRClockMonitor/
#        -IXCategory/Common/SRData/ -IXCategory/Common/SRException/
#        -IXCategory/Common/SRFlow/ -IXCategory/Common/SRIsrMonitor/
#        -IXCategory/Common/SRMain/ -IXCategory/Common/SRMcuSpeedMonitor/
#        -IXCategory/Common/SRPowerMgr/ -IXCategory/Common/SRSignature/
#        -IXCategory/Common/SRSystemConfig/
#        -IXCategory/Common/SRTimerReference/ -IXCategory/Common/SystemConfig/
#        -IXCategory/Common/SystemTimers/ -IXCategory/Common/Utilities/
#        -IXCategory/Driver/ -IXCategory/Driver/API/
#        -IXCategory/Driver/API/Comparator/ -IXCategory/Driver/API/DataFlash/
#        -IXCategory/Driver/API/Dma/ -IXCategory/Driver/API/Flash/
#        -IXCategory/Driver/API/Gpio/ -IXCategory/Driver/API/Micro/
#        -IXCategory/Driver/API/Spi/ -IXCategory/Driver/API/SRMCAtod/
#        -IXCategory/Driver/API/SRMCInputCapture/
#        -IXCategory/Driver/API/SRMCPwm/ -IXCategory/Driver/API/TimerInterrupt/
#        -IXCategory/Driver/API/Uart/ -IXCategory/Driver/Comparator/
#        -IXCategory/Driver/DataFlash/ -IXCategory/Driver/Dma/
#        -IXCategory/Driver/Flash/ -IXCategory/Driver/Gpio/
#        -IXCategory/Driver/Micro/ -IXCategory/Driver/Spi/
#        -IXCategory/Driver/SRMCAtod/ -IXCategory/Driver/SRMCInputCapture/
#        -IXCategory/Driver/SRMCPwm/ -IXCategory/Driver/TimerInterrupt/
#        -IXCategory/Driver/Uart/ -IXCategory/Hbl/ -IXCategory/Hbl/Mci/
#        -IXCategory/Hbl/Mci/InverterTemp/ -IXCategory/Hbl/Mci/Mcl/
#        -IXCategory/Hbl/Mci/Mcl/Braking/ -IXCategory/Hbl/Mci/Mcl/MacroBlocks/
#        -IXCategory/Hbl/Mci/Mcl/MclFvt/ -IXCategory/Hbl/Mci/Mcl/MicroBlocks/
#        -IXCategory/Hbl/Mci/Mcl/MicroBlocks/ClrkPark/
#        -IXCategory/Hbl/Mci/Mcl/MicroBlocks/Filters/
#        -IXCategory/Hbl/Mci/Mcl/MicroBlocks/Math/
#        -IXCategory/Hbl/Mci/Mcl/MicroBlocks/ObserverPmsm/
#        -IXCategory/Hbl/Mci/Mcl/MicroBlocks/Pi/
#        -IXCategory/Hbl/Mci/Mcl/MicroBlocks/PwmModulation/
#        -IXCategory/Hbl/Mci/Mcl/ResistanceEstimation/
#        -IXCategory/Hbl/Mci/PowerModuleManager/
#        -IXCategory/Hbl/Mci/SpeedRefGen/ -IXCategory/Hbl/Mci/SurgeRelay/
#        -IXCategory/Hbl/SRMotorSafetyMgr/
#        -IXCategory/Hbl/SRMotorSafetyMgr/API/ -IXCategory/Service/
#        -IXCategory/Service/Reveal/ -IXCategory/Service/Win/ --remarks
#        --no_tbaa --debug --use_c++_inline --only_stdout --dlib_config
#        ..\cx\inc\DLib_Config_Normal.h -r -D
#        ENABLE_JUMP_TO_APPLICATION_WITHOUT_IAP_FIRMWARE -D
#        SET_FLASH_OPTION_CONFIGURATION -D ARM_MATH_CM4 -e --silent
#        --endian=little --cpu Cortex-M4 --fpu=VFPv4_sp -Ohs -o SurgeRelay.obj
#        -l ..\listings\SurgeRelay.lst
#        C:\Data\Python\Self_Commissioning_Bpm\source\XCategory\Hbl\Mci\SurgeRelay\SurgeRelay.c
#    List file    =  ..\listings\SurgeRelay.lst
#    Object file  =  SurgeRelay.obj
#
###############################################################################

C:\Data\Python\Self_Commissioning_Bpm\source\XCategory\Hbl\Mci\SurgeRelay\SurgeRelay.c
      1          /**
      2           *  @file       SurgeRelay.c
      3           *  @brief      Basic description of file contents
      4           *
      5           *  @details    Detailed description of the file contents
      6           *
      7           *---------------------------------------------------------------------------------------------------------------------
      8           *------------------- Copyright 2012.  Whirlpool Corporation.  All rights reserved - CONFIDENTIAL ---------------------
      9           *---------------------------------------------------------------------------------------------------------------------
     10           */
     11          
     12          //-------------------------------------- Include Files ----------------------------------------------------------------
     13          #include "SurgeRelay.h"
     14          #include "C_Extensions.h"
     15          #include "Gpio.h"

  PACKED typedef struct
         ^
"C:\Data\Python\Self_Commissioning_Bpm\source\XCategory\Driver\API\Gpio\Gpio.h",44  Remark[Pe082]: 
          storage class is not first
     16          
     17          //-------------------------------------- PUBLIC (Variables) -----------------------------------------------------------
     18          #ifndef SRAPI20_CHECK
     19          #define SRAPI20_CHECK() TRUE
     20          #else
     21          SRAPI020_SPEED_MONITOR_RX_BIT_TYPE data_api20_rx;
     22          #endif
     23          
     24          #ifdef SURGE_RELAY_USED
     25              typedef enum
     26              {
     27                  SURGE_INITIALIZATION,
     28                  SURGE_WAITING,
     29                  SURGE_CLOSE,
     30                  SURGE_OPEN,
     31                  SURGE_MANUAL_MODE
     32              } SURGE_STATES_TYPE;
     33          

   \                                 In section .bss, align 2
     34              static SURGE_STATES_TYPE Surge_State;
   \                     Surge_State:
   \   00000000                      DS8 1
   \   00000001                      DS8 1
   \   00000002                      DS8 2
   \   00000004                      DS8 2
     35              static unsigned short int Bus_Voltage;
     36              static unsigned short int Bus_Voltage_Previous;
     37              static unsigned char Bus_Voltage_Timer;
     38          #endif
     39          
     40          
     41          //-------------------------------------- PRIVATE (Variables, Constants & Defines) -------------------------------------
     42          #ifdef SURGE_RELAY_USED
     43              #define RELAY_CONFIG()  Gpio__PinConfig(SURGE_RELAY_PORT, SURGE_RELAY_PIN, OUTPUT_PUSHPULL)
     44              #define RELAY_OPEN()    Gpio__PinWrite(SURGE_RELAY_PORT, SURGE_RELAY_PIN, FALSE)
     45              #define RELAY_CLOSE()   Gpio__PinWrite(SURGE_RELAY_PORT, SURGE_RELAY_PIN, TRUE)
     46          
     47              #define BUS_BASE_TIME   (VBUS_HANDLER_CALLRATE_MS/25)
     48              #define VBUS_DV_DT      (VBUS_TOLERANCE_DV_DT / (1000/VBUS_HANDLER_CALLRATE_MS))
     49          #endif
     50          
     51          //-------------------------------------- PRIVATE (Function Prototypes) ------------------------------------------------
     52          #ifdef SURGE_RELAY_USED
     53              static unsigned char IsdVbusdtStable(void);
     54          #endif
     55          
     56          //=====================================================================================================================
     57          //-------------------------------------- Public Functions -------------------------------------------------------------
     58          //=====================================================================================================================
     59          //---------------------------------------------------------------------------------------------------------------------
     60          /**
     61           *  @brief      It Initializes the module SurgeRelay and its variables
     62           *
     63           */

   \                                 In section .text, align 2, keep-with-next
     64          void SurgeRelay__Initialize(void)
     65          {
   \                     SurgeRelay__Initialize: (+1)
   \   00000000   0xB500             PUSH     {LR}
   \   00000002   0xB081             SUB      SP,SP,#+4
     66          #ifdef SURGE_RELAY_USED
     67              RELAY_CONFIG();
   \   00000004   0x2206             MOVS     R2,#+6
   \   00000006   0x2118             MOVS     R1,#+24
   \   00000008   0x2004             MOVS     R0,#+4
   \   0000000A   0x.... 0x....      BL       Gpio__PinConfig
     68              Surge_State = SURGE_WAITING;
   \   0000000E   0x....             LDR.N    R0,??DataTable3
   \   00000010   0x2101             MOVS     R1,#+1
   \   00000012   0x7001             STRB     R1,[R0, #+0]
     69              Bus_Voltage_Previous = 0;
     70              Bus_Voltage_Timer = 1;                            // Force to execute the handler at first call.
     71              RELAY_OPEN();
   \   00000014   0xB001             ADD      SP,SP,#+4
   \   00000016   0x2100             MOVS     R1,#+0
   \   00000018   0x8081             STRH     R1,[R0, #+4]
   \   0000001A   0x2200             MOVS     R2,#+0
   \   0000001C   0x2101             MOVS     R1,#+1
   \   0000001E   0x7041             STRB     R1,[R0, #+1]
   \   00000020   0x2118             MOVS     R1,#+24
   \   00000022   0xF85D 0xEB04      POP      {LR}
   \   00000026   0x2004             MOVS     R0,#+4
   \   00000028   0x.... 0x....      B.W      Gpio__PinWrite
     72          #endif
     73          }
     74          
     75          //---------------------------------------------------------------------------------------------------------------------
     76          /**
     77           *  @brief      Handler the state machine which will control the surge relay. The use of Vbus voltage is required.
     78           *
     79           *  @param      None
     80           *  @return     None
     81           */

   \                                 In section .text, align 2, keep-with-next
     82          void SurgeRelay__25msHandler(void)
     83          {
   \                     SurgeRelay__25msHandler: (+1)
   \   00000000   0xB510             PUSH     {R4,LR}
     84          
     85          #ifdef SURGE_RELAY_USED
     86              Bus_Voltage_Timer--;
   \   00000002   0x....             LDR.N    R4,??DataTable3
   \   00000004   0x7860             LDRB     R0,[R4, #+1]
   \   00000006   0x1E40             SUBS     R0,R0,#+1
   \   00000008   0x7060             STRB     R0,[R4, #+1]
     87              if(!Bus_Voltage_Timer)
   \   0000000A   0xB2C0             UXTB     R0,R0
   \   0000000C   0x2800             CMP      R0,#+0
   \   0000000E   0xD13E             BNE.N    ??SurgeRelay__25msHandler_0
     88              {
     89                  Bus_Voltage_Timer = BUS_BASE_TIME;
   \   00000010   0x2008             MOVS     R0,#+8
   \   00000012   0x7060             STRB     R0,[R4, #+1]
     90                  Bus_Voltage = SURGERELAY_READ_DCBUS_VOLTAGE();
   \   00000014   0x210D             MOVS     R1,#+13
   \   00000016   0x2000             MOVS     R0,#+0
   \   00000018   0x.... 0x....      BL       Mci__GetAnalog
   \   0000001C   0x1400             ASRS     R0,R0,#+16
   \   0000001E   0x8060             STRH     R0,[R4, #+2]
     91                  switch(Surge_State)
   \   00000020   0x7820             LDRB     R0,[R4, #+0]
   \   00000022   0x2801             CMP      R0,#+1
   \   00000024   0xD004             BEQ.N    ??SurgeRelay__25msHandler_1
   \   00000026   0xD332             BCC.N    ??SurgeRelay__25msHandler_0
   \   00000028   0x2803             CMP      R0,#+3
   \   0000002A   0xD02B             BEQ.N    ??SurgeRelay__25msHandler_2
   \   0000002C   0xD319             BCC.N    ??SurgeRelay__25msHandler_3
   \   0000002E   0xBD10             POP      {R4,PC}
     92                  {
     93                      case SURGE_WAITING:
     94                          if( (IsdVbusdtStable())  &&
     95                              (Bus_Voltage >= VBUS_RELAY_MIN_WAIT_VOLTAGE)&&(SRAPI20_CHECK()==TRUE))
   \                     ??SurgeRelay__25msHandler_1: (+1)
   \   00000030   0x210D             MOVS     R1,#+13
   \   00000032   0x2000             MOVS     R0,#+0
   \   00000034   0x.... 0x....      BL       Mci__GetAnalog
   \   00000038   0x1400             ASRS     R0,R0,#+16
   \   0000003A   0x88A1             LDRH     R1,[R4, #+4]
   \   0000003C   0xB280             UXTH     R0,R0
   \   0000003E   0x4288             CMP      R0,R1
   \   00000040   0xBFAC             ITE      GE 
   \   00000042   0x1A41             SUBGE    R1,R0,R1
   \   00000044   0x1A09             SUBLT    R1,R1,R0
   \   00000046   0xB289             UXTH     R1,R1
   \   00000048   0x80A0             STRH     R0,[R4, #+4]
   \   0000004A   0x2903             CMP      R1,#+3
   \   0000004C   0xDA1F             BGE.N    ??SurgeRelay__25msHandler_0
   \   0000004E   0x8860             LDRH     R0,[R4, #+2]
   \   00000050   0x28C8             CMP      R0,#+200
   \   00000052   0xDB1C             BLT.N    ??SurgeRelay__25msHandler_0
     96                          {
     97                              RELAY_CLOSE();
   \   00000054   0x2201             MOVS     R2,#+1
   \   00000056   0x2118             MOVS     R1,#+24
   \   00000058   0x2004             MOVS     R0,#+4
   \   0000005A   0x.... 0x....      BL       Gpio__PinWrite
     98                              Surge_State = SURGE_CLOSE;
   \   0000005E   0x2002             MOVS     R0,#+2
   \   00000060   0xE014             B.N      ??SurgeRelay__25msHandler_4
     99                          }
    100                          break;
    101          
    102                      case SURGE_CLOSE:
    103                          if((Bus_Voltage < VBUS_RELAY_OPEN_VOLTAGE)||(SRAPI20_CHECK()==FALSE))
   \                     ??SurgeRelay__25msHandler_3: (+1)
   \   00000062   0x8860             LDRH     R0,[R4, #+2]
   \   00000064   0x288C             CMP      R0,#+140
   \   00000066   0xDA06             BGE.N    ??SurgeRelay__25msHandler_5
    104                          {
    105                              RELAY_OPEN();
   \   00000068   0x2200             MOVS     R2,#+0
   \   0000006A   0x2118             MOVS     R1,#+24
   \   0000006C   0x2004             MOVS     R0,#+4
   \   0000006E   0x.... 0x....      BL       Gpio__PinWrite
    106                              Surge_State = SURGE_OPEN;
   \   00000072   0x2003             MOVS     R0,#+3
   \   00000074   0xE00A             B.N      ??SurgeRelay__25msHandler_4
    107                          }
    108                          else
    109                          {
    110                              RELAY_CLOSE();                      // Do refresh on Surge relay pin.
   \                     ??SurgeRelay__25msHandler_5: (+1)
   \   00000076   0xE8BD 0x4010      POP      {R4,LR}
   \   0000007A   0x2201             MOVS     R2,#+1
   \   0000007C   0x2118             MOVS     R1,#+24
   \   0000007E   0x2004             MOVS     R0,#+4
   \   00000080   0x.... 0x....      B.W      Gpio__PinWrite
    111                          }
    112                          break;
    113          
    114                      case SURGE_OPEN:
    115                          if(Bus_Voltage > VBUS_RELAY_CLOSE_VOLTAGE)
   \                     ??SurgeRelay__25msHandler_2: (+1)
   \   00000084   0x8860             LDRH     R0,[R4, #+2]
   \   00000086   0x28C9             CMP      R0,#+201
   \   00000088   0xDB01             BLT.N    ??SurgeRelay__25msHandler_0
    116                          {
    117                              Surge_State = SURGE_WAITING;
   \   0000008A   0x2001             MOVS     R0,#+1
   \                     ??SurgeRelay__25msHandler_4: (+1)
   \   0000008C   0x7020             STRB     R0,[R4, #+0]
    118                          }
    119                          break;
    120          
    121                      default:
    122                          // This was left blank intentionally.
    123                          break;
    124                  }
    125              }
    126          #endif
    127          
    128          
    129          
    130          }
   \                     ??SurgeRelay__25msHandler_0: (+1)
   \   0000008E   0xBD10             POP      {R4,PC}          ;; return
    131          
    132          //---------------------------------------------------------------------------------------------------------------------
    133          /**
    134           *  @brief      Returns if the DC bus voltage is already stabilized and set to go.
    135           *
    136           *  @param      None
    137           *  @return     TRUE - DC Bus ready
    138           *              FALSE - DC Bus not ready.
    139           */

   \                                 In section .text, align 2, keep-with-next
    140          unsigned char SurgeRelay__IsBusReady(void)
    141          {
    142          #ifdef SURGE_RELAY_USED
    143              unsigned char result;
    144          
    145              result = FALSE;
    146          
    147              if(Surge_State == SURGE_CLOSE)
   \                     SurgeRelay__IsBusReady: (+1)
   \   00000000   0x....             LDR.N    R1,??DataTable3
   \   00000002   0x7809             LDRB     R1,[R1, #+0]
   \   00000004   0x2000             MOVS     R0,#+0
   \   00000006   0x2902             CMP      R1,#+2
   \   00000008   0xBF14             ITE      NE 
    148              {
    149                  result = TRUE;
    150              }
    151              else if(Surge_State == SURGE_MANUAL_MODE)
   \   0000000A   0x2904             CMPNE    R1,#+4
    152              {
    153                  result = TRUE;
   \   0000000C   0x2001             MOVEQ    R0,#+1
    154              }
    155          
    156              return(result);
   \   0000000E   0x4770             BX       LR               ;; return
    157          #else
    158              return(TRUE);
    159          #endif
    160          }
    161          //---------------------------------------------------------------------------------------------------------------------
    162          /**
    163           *  @brief      Manual operation of surge relay.
    164           *
    165           *  @param      [in] action SURGERELAY_OPEN = force open state
    166           *                          SURGERELAY_CLOSE = force closed state
    167           *                          SURGERELAY_NORMAL = returns to the state machine to control the output
    168           */

   \                                 In section .text, align 2, keep-with-next
    169          void SurgeRelay__Action(SURGERELAY_ACTION_TYPE action)
    170          {
    171          #ifdef SURGE_RELAY_USED
    172              if(action == SURGERELAY_OPEN)
   \                     SurgeRelay__Action: (+1)
   \   00000000   0x2801             CMP      R0,#+1
   \   00000002   0xD105             BNE.N    ??SurgeRelay__Action_0
    173              {
    174                  // Force state change immediately
    175                  Surge_State = SURGE_MANUAL_MODE;
   \   00000004   0x....             LDR.N    R1,??DataTable3
   \   00000006   0x2004             MOVS     R0,#+4
   \   00000008   0x7008             STRB     R0,[R1, #+0]
    176                  RELAY_OPEN();
   \   0000000A   0x2200             MOVS     R2,#+0
   \   0000000C   0x2118             MOVS     R1,#+24
   \   0000000E   0xE012             B.N      ??SurgeRelay__Action_1
    177              }
    178              else if(action == SURGERELAY_CLOSE)
   \                     ??SurgeRelay__Action_0: (+1)
   \   00000010   0x2802             CMP      R0,#+2
   \   00000012   0xD105             BNE.N    ??SurgeRelay__Action_2
    179              {
    180                  // Force state change immediately
    181                  Surge_State = SURGE_MANUAL_MODE;
   \   00000014   0x....             LDR.N    R1,??DataTable3
   \   00000016   0x2004             MOVS     R0,#+4
   \   00000018   0x7008             STRB     R0,[R1, #+0]
    182                  RELAY_CLOSE();
   \   0000001A   0x2201             MOVS     R2,#+1
   \   0000001C   0x2118             MOVS     R1,#+24
   \   0000001E   0xE00A             B.N      ??SurgeRelay__Action_1
    183              }
    184              else if(action == SURGERELAY_NORMAL)
   \                     ??SurgeRelay__Action_2: (+1)
   \   00000020   0x2803             CMP      R0,#+3
   \   00000022   0xBF02             ITTT     EQ 
    185              {
    186                  if(Surge_State == SURGE_MANUAL_MODE)
   \   00000024   0x....             LDREQ.N  R0,??DataTable3
   \   00000026   0x7801             LDRBEQ   R1,[R0, #+0]
   \   00000028   0x2904             CMPEQ    R1,#+4
   \   0000002A   0xD106             BNE.N    ??SurgeRelay__Action_3
    187                  {
    188                      // Force state change immediately
    189                      Surge_State = SURGE_WAITING;
   \   0000002C   0x2101             MOVS     R1,#+1
   \   0000002E   0x7001             STRB     R1,[R0, #+0]
    190                      RELAY_OPEN();
   \   00000030   0x2200             MOVS     R2,#+0
   \   00000032   0x2118             MOVS     R1,#+24
   \   00000034   0x2004             MOVS     R0,#+4
   \                     ??SurgeRelay__Action_1: (+1)
   \   00000036   0x.... 0x....      B.W      Gpio__PinWrite
    191                  }
    192              }
    193          #endif
    194          }
   \                     ??SurgeRelay__Action_3: (+1)
   \   0000003A   0x4770             BX       LR               ;; return

   \                                 In section .text, align 4, keep-with-next
   \                     ??DataTable3:
   \   00000000   0x........         DC32     Surge_State
    195          
    196          //=====================================================================================================================
    197          //-------------------------------------- Private Functions ------------------------------------------------------------
    198          //=====================================================================================================================
    199          
    200          
    201          //---------------------------------------------------------------------------------------------------------------------
    202          /**
    203           *  @brief      Calculate the dVbus/dt and apply an hysteresis.
    204           *
    205           *  @param      None
    206           *  @return     TRUE - DC Bus voltage is stable
    207           *              FALSE - DC Bus voltage is not stable
    208           */
    209          #ifdef SURGE_RELAY_USED
    210          unsigned char IsdVbusdtStable(void)
    211          {
    212              unsigned short int result;
    213              unsigned short int vbus;
    214          
    215              vbus = SURGERELAY_READ_DCBUS_VOLTAGE();
    216          
    217              if(vbus >= Bus_Voltage_Previous)
    218              {
    219                  result = vbus - Bus_Voltage_Previous;
    220              }
    221              else
    222              {
    223                  result = Bus_Voltage_Previous - vbus;
    224              }
    225          
    226              Bus_Voltage_Previous = vbus;
    227          
    228              if(result <= VBUS_DV_DT)
    229              {
    230                  result = TRUE;
    231              }
    232              else
    233              {
    234                  result = FALSE;
    235              }
    236          
    237              return(result);
    238          }
    239          #endif
    240          
    241          

   Maximum stack usage in bytes:

   .cstack Function
   ------- --------
       8   SurgeRelay__25msHandler
         0   -> Gpio__PinWrite
         8   -> Gpio__PinWrite
         8   -> Mci__GetAnalog
       0   SurgeRelay__Action
         0   -> Gpio__PinWrite
       8   SurgeRelay__Initialize
         8   -> Gpio__PinConfig
         0   -> Gpio__PinWrite
       0   SurgeRelay__IsBusReady


   Section sizes:

   Bytes  Function/Label
   -----  --------------
       4  ??DataTable3
     144  SurgeRelay__25msHandler
      60  SurgeRelay__Action
      44  SurgeRelay__Initialize
      16  SurgeRelay__IsBusReady
       6  Surge_State
          Bus_Voltage_Timer
          Bus_Voltage
          Bus_Voltage_Previous

 
   6 bytes in section .bss
 268 bytes in section .text
 
 268 bytes of CODE memory
   6 bytes of DATA memory

Errors: none
Warnings: none
