###############################################################################
#
# IAR ANSI C/C++ Compiler V7.20.5.7591/W32 for ARM        06/Aug/2024  13:41:26
# Copyright 1999-2014 IAR Systems AB.
#
#    Cpu mode     =  thumb
#    Endian       =  little
#    Source file  =  
#        C:\Data\Python\Self_Commissioning_Bpm\source\Category\Application\ThermalModel\ThermalModel.c
#    Command line =  
#        -I./ -I../cx/ -I../cx/inc/ -ICategory/ -ICategory/Application/
#        -ICategory/Application/ThermalModel/
#        -ICategory/Application/ThermalModel/ThermalModelCore_DD/
#        -ICategory/Application/ThermalModel/ThermalModelCore_sBPM/
#        -ICategory/Common/ -ICategory/Common/BoardDebugging/
#        -ICategory/Common/MasterCommander/
#        -ICategory/Common/MasterCommander/Source/
#        -ICategory/Common/MasterCommander/Source/HAL/
#        -ICategory/Common/SelfCommissioning/ -ICategory/Hbl/
#        -IProjectSpecific/ -IProjectSpecific/Application/
#        -IProjectSpecific/Application/API007App/
#        -IProjectSpecific/Application/ModeManagement/
#        -IProjectSpecific/Application/MotorSelector/
#        -IProjectSpecific/Application/ProductInfo/
#        -IProjectSpecific/Application/SRMcuSpeedMonitor/
#        -IProjectSpecific/Application/ThermalModel/
#        -IProjectSpecific/CommonCore/ -IProjectSpecific/Driver/
#        -IProjectSpecific/MasterCommander/ -IProjectSpecific/Mci/
#        -IProjectSpecific/Mci/Mcl/ -IProjectSpecific/Mci/Mcl/old_xls/
#        -IXCategory/ -IXCategory/Application/
#        -IXCategory/Application/MciParametersLoader/
#        -IXCategory/Application/Mode/ -IXCategory/Application/Reveal_APIs/
#        -IXCategory/Application/Reveal_APIs/API003Disc/
#        -IXCategory/Application/Reveal_APIs/API004Debug/
#        -IXCategory/Application/Reveal_APIs/API005LowLevel/
#        -IXCategory/Application/Reveal_APIs/API007Data/
#        -IXCategory/Application/Reveal_APIs/API009System/
#        -IXCategory/Application/Reveal_APIs/API010PollVar/
#        -IXCategory/Application/Reveal_APIs/API011AppCtr/
#        -IXCategory/Application/Reveal_APIs/API013RemoteFunction/
#        -IXCategory/Application/Reveal_APIs/API018Diagnostic/
#        -IXCategory/Application/Reveal_APIs/API019ProductInfo/
#        -IXCategory/Application/Reveal_APIs/API220MotorControl/
#        -IXCategory/Application/Reveal_APIs/API220MotorControl/API/
#        -IXCategory/Application/Reveal_APIs/API221MotionCtrl/
#        -IXCategory/Application/Reveal_APIs/SRAPI020Safety/
#        -IXCategory/Application/SFUpdater/ -IXCategory/Common/
#        -IXCategory/Common/Crc16/ -IXCategory/Common/Crc8/
#        -IXCategory/Common/Log/ -IXCategory/Common/Millis/
#        -IXCategory/Common/SettingFile/ -IXCategory/Common/SRClockMonitor/
#        -IXCategory/Common/SRData/ -IXCategory/Common/SRException/
#        -IXCategory/Common/SRFlow/ -IXCategory/Common/SRIsrMonitor/
#        -IXCategory/Common/SRMain/ -IXCategory/Common/SRMcuSpeedMonitor/
#        -IXCategory/Common/SRPowerMgr/ -IXCategory/Common/SRSignature/
#        -IXCategory/Common/SRSystemConfig/
#        -IXCategory/Common/SRTimerReference/ -IXCategory/Common/SystemConfig/
#        -IXCategory/Common/SystemTimers/ -IXCategory/Common/Utilities/
#        -IXCategory/Driver/ -IXCategory/Driver/API/
#        -IXCategory/Driver/API/Comparator/ -IXCategory/Driver/API/DataFlash/
#        -IXCategory/Driver/API/Dma/ -IXCategory/Driver/API/Flash/
#        -IXCategory/Driver/API/Gpio/ -IXCategory/Driver/API/Micro/
#        -IXCategory/Driver/API/Spi/ -IXCategory/Driver/API/SRMCAtod/
#        -IXCategory/Driver/API/SRMCInputCapture/
#        -IXCategory/Driver/API/SRMCPwm/ -IXCategory/Driver/API/TimerInterrupt/
#        -IXCategory/Driver/API/Uart/ -IXCategory/Driver/Comparator/
#        -IXCategory/Driver/DataFlash/ -IXCategory/Driver/Dma/
#        -IXCategory/Driver/Flash/ -IXCategory/Driver/Gpio/
#        -IXCategory/Driver/Micro/ -IXCategory/Driver/Spi/
#        -IXCategory/Driver/SRMCAtod/ -IXCategory/Driver/SRMCInputCapture/
#        -IXCategory/Driver/SRMCPwm/ -IXCategory/Driver/TimerInterrupt/
#        -IXCategory/Driver/Uart/ -IXCategory/Hbl/ -IXCategory/Hbl/Mci/
#        -IXCategory/Hbl/Mci/InverterTemp/ -IXCategory/Hbl/Mci/Mcl/
#        -IXCategory/Hbl/Mci/Mcl/Braking/ -IXCategory/Hbl/Mci/Mcl/MacroBlocks/
#        -IXCategory/Hbl/Mci/Mcl/MclFvt/ -IXCategory/Hbl/Mci/Mcl/MicroBlocks/
#        -IXCategory/Hbl/Mci/Mcl/MicroBlocks/ClrkPark/
#        -IXCategory/Hbl/Mci/Mcl/MicroBlocks/Filters/
#        -IXCategory/Hbl/Mci/Mcl/MicroBlocks/Math/
#        -IXCategory/Hbl/Mci/Mcl/MicroBlocks/ObserverPmsm/
#        -IXCategory/Hbl/Mci/Mcl/MicroBlocks/Pi/
#        -IXCategory/Hbl/Mci/Mcl/MicroBlocks/PwmModulation/
#        -IXCategory/Hbl/Mci/Mcl/ResistanceEstimation/
#        -IXCategory/Hbl/Mci/PowerModuleManager/
#        -IXCategory/Hbl/Mci/SpeedRefGen/ -IXCategory/Hbl/Mci/SurgeRelay/
#        -IXCategory/Hbl/SRMotorSafetyMgr/
#        -IXCategory/Hbl/SRMotorSafetyMgr/API/ -IXCategory/Service/
#        -IXCategory/Service/Reveal/ -IXCategory/Service/Win/ --remarks
#        --no_tbaa --debug --use_c++_inline --only_stdout --dlib_config
#        ..\cx\inc\DLib_Config_Normal.h -r -D
#        ENABLE_JUMP_TO_APPLICATION_WITHOUT_IAP_FIRMWARE -D
#        SET_FLASH_OPTION_CONFIGURATION -D ARM_MATH_CM4 -e --silent
#        --endian=little --cpu Cortex-M4 --fpu=VFPv4_sp -Ohs -o
#        ThermalModel.obj -l ..\listings\ThermalModel.lst
#        C:\Data\Python\Self_Commissioning_Bpm\source\Category\Application\ThermalModel\ThermalModel.c
#    List file    =  ..\listings\ThermalModel.lst
#    Object file  =  ThermalModel.obj
#
###############################################################################

C:\Data\Python\Self_Commissioning_Bpm\source\Category\Application\ThermalModel\ThermalModel.c
      1          /**
      2           *  @file
      3           *
      4           *  @brief      Basic description of file contents
      5           *
      6           *  @details    Detailed description of the file contents
      7           *
      8           *  @section    Applicable_Documents
      9           *                  List here all the applicable documents if needed. <tr>
     10           *
     11           *  $Header: ThermalModel.c 1.13.1.3.1.1.1.3 2016/05/25 07:46:59EDT Eduardo Couto (HENRIE2) Exp  $
     12           *
     13           *  @copyright  Copyright 2013-$Date: 2016/05/25 07:46:59EDT $. Whirlpool Corporation. All rights reserved - CONFIDENTIAL
     14           */
     15          //---------------------------------------------------------------------------------------------------------------------
     16          //---------------------------------------------------------------------------------------------------------------------
     17          
     18          
     19          //-------------------------------------- Include Files ----------------------------------------------------------------
     20          #include "ThermalModel.h"
     21          #include "ThermalModelCoreDD.h"
     22          #include "ThermalModelCoreBPM.h"
     23          #include "Mci.h"
     24          #include <math.h>
     25          
     26          #ifndef OTE_SET_PARAMETERS_INTERNAL
     27          #include "string.h"
     28          #include "SettingFile.h"

  PACKED typedef struct
         ^
"C:\Data\Python\Self_Commissioning_Bpm\source\XCategory\Common\SettingFile\SettingFile.h",39  Remark[Pe082]: 
          storage class is not first
     29          #include "Mode.h"
     30          
     31          #ifndef PLATFORM_USED
     32              #define NUCLEUS_BASED                   0
     33              #define PLATFORM_2_5_BASED              1
     34          
     35              #define PLATFORM_USED                  NUCLEUS_BASED
     36          #endif
     37          
     38          
     39          #if (PLATFORM_USED == PLATFORM_2_5_BASED)
     40          #include "Params.h"
     41          #endif
     42          
     43          #endif
     44          //-------------------------------------- PUBLIC (Variables) -----------------------------------------------------------
     45          
     46          //-------------------------------------- PRIVATE (Variables, Constants & Defines) -------------------------------------

   \                                 In section .bss, align 4
     47          static uint16 Thermal_Model_Start = 0;
     48          static uint16 Set_Temperature_From_Outside = 0;
     49          
     50          #define THERMAL_MODEL_AUTO_RESET
     51          #ifdef THERMAL_MODEL_AUTO_RESET
     52              #define THERMAL_MODEL_COUNTER_MAX (60*60/0.025)//144000
     53          #endif
     54          
     55          #ifdef THERMAL_MODEL_AUTO_RESET
     56          static unsigned long Thermal_Model_Reset_Counter;
     57          #endif
     58          
     59          float TemperatureFromRes;
     60          float DriftAdjust;
     61          float ResetModel;
     62          
     63          static BOOL_TYPE ParamsReady;
   \                     ParamsReady:
   \   00000000                      DS8 1
     64          
     65          
     66          OTE_MOTOR_ENUM_TYPE Motor_Type;
   \                     Motor_Type:
   \   00000001                      DS8 1
   \   00000002                      DS8 2
   \   00000004                      DS8 2
   \   00000006                      DS8 2
   \   00000008                      DS8 4
   \                     TemperatureFromRes:
   \   0000000C                      DS8 4
   \                     DriftAdjust:
   \   00000010                      DS8 4
   \                     ResetModel:
   \   00000014                      DS8 4
     67          //-------------------------------------- PRIVATE (Function Prototypes) ------------------------------------------------
     68          
     69          //=====================================================================================================================
     70          //-------------------------------------- Public Functions -------------------------------------------------------------
     71          //=====================================================================================================================
     72          
     73          //---------------------------------------------------------------------------------------------------------------------
     74          /**
     75           *  @brief      It Initializes the module ThermalModel and its variables and in case of failure this function is used
     76           *              to restart the module.
     77           *
     78           */

   \                                 In section .text, align 2, keep-with-next
     79          void ThermalModel__Initialize(void)
     80          {
   \                     ThermalModel__Initialize: (+1)
   \   00000000   0xB510             PUSH     {R4,LR}
     81              Thermal_Model_Start = 0;
   \   00000002   0x....             LDR.N    R4,??DataTable4_2
   \   00000004   0x2000             MOVS     R0,#+0
   \   00000006   0x8060             STRH     R0,[R4, #+2]
     82          #ifdef THERMAL_MODEL_AUTO_RESET
     83              Thermal_Model_Reset_Counter = 0;
   \   00000008   0x60A0             STR      R0,[R4, #+8]
   \   0000000A   0xB082             SUB      SP,SP,#+8
     84          #endif
     85              TemperatureFromRes = 25.0f;
   \   0000000C   0x....             LDR.N    R0,??DataTable4_3  ;; 0x41c80000
   \   0000000E   0x60E0             STR      R0,[R4, #+12]
     86              DriftAdjust = 0.0f;
   \   00000010   0x2000             MOVS     R0,#+0
   \   00000012   0x6120             STR      R0,[R4, #+16]
     87              ResetModel = 0.0f;
   \   00000014   0x6160             STR      R0,[R4, #+20]
     88          
     89              ParamsReady = FALSE;
   \   00000016   0x7020             STRB     R0,[R4, #+0]
     90              Motor_Type = NOT_DEFINED;
   \   00000018   0x7060             STRB     R0,[R4, #+1]
     91          #ifndef OTE_SET_PARAMETERS_INTERNAL
     92              if (Mode__IsProgrammingEngaged() == FALSE) //Mci is Initialized and parameters not loaded
   \   0000001A   0x.... 0x....      BL       Mode__IsProgrammingEngaged
   \   0000001E   0xBB30             CBNZ.N   R0,??ThermalModel__Initialize_0
     93              {
     94          
     95                  SETTINGFILE_LOADER_TYPE Set_OTE_Prm_Ptr;
     96                  if(SettingFile__IsValid() == TRUE)
   \   00000020   0x.... 0x....      BL       SettingFile__IsValid
   \   00000024   0x2801             CMP      R0,#+1
   \   00000026   0xD122             BNE.N    ??ThermalModel__Initialize_0
     97                  {
     98                      if(SettingFile__BasicLoader(SF_PTR_MCU_CLASS_A_MCI, SF_DISPL_MOTOR_OTE, &Set_OTE_Prm_Ptr) == PASS)
   \   00000028   0xAA00             ADD      R2,SP,#+0
   \   0000002A   0x2107             MOVS     R1,#+7
   \   0000002C   0xF44F 0x7004      MOV      R0,#+528
   \   00000030   0x.... 0x....      BL       SettingFile__BasicLoader
   \   00000034   0x2801             CMP      R0,#+1
   \   00000036   0xD109             BNE.N    ??ThermalModel__Initialize_1
     99                      {
    100                          ThermalModelCoreBPM_Params = (OTE2_PARAMS_BPM_TYPE *)(void*)(Set_OTE_Prm_Ptr.Data);
   \   00000038   0x9800             LDR      R0,[SP, #+0]
   \   0000003A   0x....             LDR.N    R1,??DataTable4_4
   \   0000003C   0x6008             STR      R0,[R1, #+0]
    101                          ParamsReady = TRUE;
   \   0000003E   0x2001             MOVS     R0,#+1
   \   00000040   0x7020             STRB     R0,[R4, #+0]
    102                          Motor_Type = sBPM;
   \   00000042   0x7060             STRB     R0,[R4, #+1]
    103                          ThermalModelCoreBPM_initialize();
   \   00000044   0x.... 0x....      BL       ThermalModelCoreBPM_initialize
    104                      }
    105                      else if(SettingFile__BasicLoader(SF_PTR_MCU_CLASS_A_MCI, SF_DISPL_OTE_DD, &Set_OTE_Prm_Ptr) == PASS)
    106                      {
    107                          ThermalModelCoreDD_Params = (OTE2_PARAMS_DD_TYPE *)(void*)(Set_OTE_Prm_Ptr.Data);
    108                          ParamsReady = TRUE;
    109                          Motor_Type = DD;
    110                          ThermalModelCoreDD_initialize();
    111                      }
    112                  }
    113              }
    114          #else
    115          
    116              #if (THERMALMODEL_SF_DISPL == SF_DISPL_MOTOR_OTE)
    117                  Motor_Type = sBPM
    118              #elif (THERMALMODEL_SF_DISPL == SF_DISPL_OTE_DD)
    119                  Motor_Type = DD
    120              #endif
    121          
    122              if(Motor_Type == sBPM)
    123              {
    124                  ThermalModelCoreBPM_Params = (OTE2_PARAMS_BPM_TYPE *) (ThermalModelCoreBPM_ConstP.MapleSimParameters_Value);
    125                  ParamsReady = TRUE;
    126                  ThermalModelCoreBPM_initialize();
    127              }
    128              else if(Motor_Type == DD)
    129              {
    130                  ThermalModelCoreDD_Params = (OTE2_PARAMS_DD_TYPE *) (ThermalModelCoreDD_ConstP.MapleSimParameters_Value);
    131                  ParamsReady = TRUE;
    132                  ThermalModelCoreDD_initialize();
    133              }
    134          #endif
    135          
    136          
    137          
    138          }
   \   00000048   0xB002             ADD      SP,SP,#+8
   \   0000004A   0xBD10             POP      {R4,PC}
   \                     ??ThermalModel__Initialize_1: (+1)
   \   0000004C   0xAA00             ADD      R2,SP,#+0
   \   0000004E   0x210C             MOVS     R1,#+12
   \   00000050   0xF44F 0x7004      MOV      R0,#+528
   \   00000054   0x.... 0x....      BL       SettingFile__BasicLoader
   \   00000058   0x2801             CMP      R0,#+1
   \   0000005A   0xD108             BNE.N    ??ThermalModel__Initialize_0
   \   0000005C   0x9800             LDR      R0,[SP, #+0]
   \   0000005E   0x....             LDR.N    R1,??DataTable4_5
   \   00000060   0x6008             STR      R0,[R1, #+0]
   \   00000062   0x2001             MOVS     R0,#+1
   \   00000064   0x7020             STRB     R0,[R4, #+0]
   \   00000066   0x2002             MOVS     R0,#+2
   \   00000068   0x7060             STRB     R0,[R4, #+1]
   \   0000006A   0x.... 0x....      BL       ThermalModelCoreDD_initialize
   \                     ??ThermalModel__Initialize_0: (+1)
   \   0000006E   0xB002             ADD      SP,SP,#+8
   \   00000070   0xBD10             POP      {R4,PC}          ;; return
    139          
    140          //---------------------------------------------------------------------------------------------------------------------
    141          /**
    142           *  @brief This function is used to calculate the thermal model itself.
    143           */

   \                                 In section .text, align 4, keep-with-next
    144          void ThermalModel__Handler25ms(void)
    145          {
   \                     ThermalModel__Handler25ms: (+1)
   \   00000000   0xB530             PUSH     {R4,R5,LR}
   \   00000002   0xB081             SUB      SP,SP,#+4
    146              sint32 value;
                            ^
Warning[Pe177]: variable "value" was declared but never referenced
    147          
    148              if(ParamsReady == TRUE)
   \   00000004   0x....             LDR.N    R4,??DataTable4_2
   \   00000006   0xED2D 0x8B02      VPUSH    {D8}
   \   0000000A   0x7820             LDRB     R0,[R4, #+0]
   \   0000000C   0xB082             SUB      SP,SP,#+8
   \   0000000E   0x2801             CMP      R0,#+1
   \   00000010   0xD16D             BNE.N    ??ThermalModel__Handler25ms_0
    149              {
    150          		if(Set_Temperature_From_Outside == 1)
   \   00000012   0x88A0             LDRH     R0,[R4, #+4]
   \   00000014   0x2801             CMP      R0,#+1
   \   00000016   0xD10D             BNE.N    ??ThermalModel__Handler25ms_1
    151          		{
    152          			if(Thermal_Model_Start == 0)
   \   00000018   0x8860             LDRH     R0,[R4, #+2]
   \   0000001A   0xEEB7 0x0A00      VMOV.F32 S0,#1.0
   \   0000001E   0x2800             CMP      R0,#+0
   \   00000020   0xBF03             ITTTE    EQ 
    153          			{
    154          				ResetModel = 1.0f;
   \   00000022   0xED84 0x0A05      VSTREQ   S0,[R4, #+20]
    155          				Thermal_Model_Start = 1;
   \   00000026   0x2001             MOVEQ    R0,#+1
   \   00000028   0x8060             STRHEQ   R0,[R4, #+2]
    156          			}
    157          			else
    158          			{
    159          				DriftAdjust = 1.0f;
   \   0000002A   0xED84 0x0A04      VSTRNE   S0,[R4, #+16]
    160          			}
    161          #ifdef THERMAL_MODEL_AUTO_RESET
    162          			Thermal_Model_Reset_Counter = 0;
   \   0000002E   0x2000             MOVS     R0,#+0
   \   00000030   0x60A0             STR      R0,[R4, #+8]
    163          #endif
    164          			Set_Temperature_From_Outside = 0;
   \   00000032   0x80A0             STRH     R0,[R4, #+4]
   \                     ??ThermalModel__Handler25ms_1: (+1)
   \   00000034   0x7860             LDRB     R0,[R4, #+1]
   \   00000036   0x2801             CMP      R0,#+1
   \   00000038   0xD123             BNE.N    ??ThermalModel__Handler25ms_2
    165          		}
    166          
    167          		if(Motor_Type == sBPM)
    168          		{
    169                      ThermalModelCoreBPM_U.Current = (1.0f/(65536.0f)) * Mci__GetAnalog(MOTOR0, MCI_AI_RMS_MOTOR_CURRENT_S16);
   \   0000003A   0x....             LDR.N    R5,??DataTable4_6
   \   0000003C   0xED9F 0x....      VLDR.W   S16,??DataTable4  ;; 0x37800000
   \   00000040   0x2105             MOVS     R1,#+5
   \   00000042   0x2000             MOVS     R0,#+0
   \   00000044   0x.... 0x....      BL       Mci__GetAnalog
   \   00000048   0xEE00 0x0A10      VMOV     S0,R0
   \   0000004C   0xEEB8 0x0AC0      VCVT.F32.S32 S0,S0
   \   00000050   0xEE20 0x0A08      VMUL.F32 S0,S0,S16
   \   00000054   0xED85 0x0A03      VSTR     S0,[R5, #+12]
    170                      ThermalModelCoreBPM_U.Speed = (1.0f/(65536.0f)) * Mci__GetAnalog(MOTOR0, MCI_AI_MEAN_SPEED_S16);
   \   00000058   0x2104             MOVS     R1,#+4
   \   0000005A   0x2000             MOVS     R0,#+0
   \   0000005C   0x.... 0x....      BL       Mci__GetAnalog
   \   00000060   0xEE00 0x0A10      VMOV     S0,R0
    171                      ThermalModelCoreBPM_U.Temperature = TemperatureFromRes;
   \   00000064   0x68E0             LDR      R0,[R4, #+12]
   \   00000066   0x6028             STR      R0,[R5, #+0]
   \   00000068   0xEEB8 0x0AC0      VCVT.F32.S32 S0,S0
    172                      ThermalModelCoreBPM_U.DriftCorrection = DriftAdjust;
   \   0000006C   0x6920             LDR      R0,[R4, #+16]
   \   0000006E   0x6068             STR      R0,[R5, #+4]
   \   00000070   0xEE20 0x0A08      VMUL.F32 S0,S0,S16
    173                      ThermalModelCoreBPM_U.Reset = ResetModel;
   \   00000074   0x6960             LDR      R0,[R4, #+20]
   \   00000076   0xED85 0x0A04      VSTR     S0,[R5, #+16]
   \   0000007A   0x60A8             STR      R0,[R5, #+8]
    174                      ThermalModelCoreBPM_step();
   \   0000007C   0x.... 0x....      BL       ThermalModelCoreBPM_step
   \   00000080   0xE024             B.N      ??ThermalModel__Handler25ms_3
    175          		}
    176          		else if(Motor_Type == DD)
   \                     ??ThermalModel__Handler25ms_2: (+1)
   \   00000082   0x2802             CMP      R0,#+2
   \   00000084   0xD122             BNE.N    ??ThermalModel__Handler25ms_3
    177          		{
    178                      ThermalModelCoreDD_U.Current = (1.0f/(65536.0f)) * Mci__GetAnalog(MOTOR0, MCI_AI_RMS_MOTOR_CURRENT_S16);
   \   00000086   0xED9F 0x....      VLDR.W   S16,??DataTable4  ;; 0x37800000
   \   0000008A   0x....             LDR.N    R5,??DataTable4_7
   \   0000008C   0x2105             MOVS     R1,#+5
   \   0000008E   0x2000             MOVS     R0,#+0
   \   00000090   0x.... 0x....      BL       Mci__GetAnalog
   \   00000094   0xEE00 0x0A10      VMOV     S0,R0
   \   00000098   0xEEB8 0x0AC0      VCVT.F32.S32 S0,S0
   \   0000009C   0xEE20 0x0A08      VMUL.F32 S0,S0,S16
   \   000000A0   0xED85 0x0A03      VSTR     S0,[R5, #+12]
    179                      ThermalModelCoreDD_U.Speed = (1.0f/(65536.0f)) * Mci__GetAnalog(MOTOR0, MCI_AI_MEAN_SPEED_S16);
   \   000000A4   0x2104             MOVS     R1,#+4
   \   000000A6   0x2000             MOVS     R0,#+0
   \   000000A8   0x.... 0x....      BL       Mci__GetAnalog
   \   000000AC   0xEE00 0x0A10      VMOV     S0,R0
    180                      ThermalModelCoreDD_U.Temperature = TemperatureFromRes;
   \   000000B0   0x68E0             LDR      R0,[R4, #+12]
   \   000000B2   0x6028             STR      R0,[R5, #+0]
   \   000000B4   0xEEB8 0x0AC0      VCVT.F32.S32 S0,S0
    181                      ThermalModelCoreDD_U.DriftCorrection = DriftAdjust;
   \   000000B8   0x6920             LDR      R0,[R4, #+16]
   \   000000BA   0x6068             STR      R0,[R5, #+4]
   \   000000BC   0xEE20 0x0A08      VMUL.F32 S0,S0,S16
    182                      ThermalModelCoreDD_U.Reset = ResetModel;
   \   000000C0   0x6960             LDR      R0,[R4, #+20]
   \   000000C2   0xED85 0x0A04      VSTR     S0,[R5, #+16]
   \   000000C6   0x60A8             STR      R0,[R5, #+8]
    183                      ThermalModelCoreDD_step();
   \   000000C8   0x.... 0x....      BL       ThermalModelCoreDD_step
    184          		}
    185          
    186          		DriftAdjust = 0.0f;
   \                     ??ThermalModel__Handler25ms_3: (+1)
   \   000000CC   0x2000             MOVS     R0,#+0
   \   000000CE   0x6120             STR      R0,[R4, #+16]
    187          		ResetModel = 0.0f;
   \   000000D0   0x6160             STR      R0,[R4, #+20]
    188          
    189          //		value = (sint32)(ThermalModelCore_Y.WindingTemperature * 65536.0f);
    190          //		Mci__SetAnalog(MOTOR0, MCI_AO_MOTOR_TEMPERATURE_S16, value); //OTE new temperature
    191          
    192          #ifdef THERMAL_MODEL_AUTO_RESET
    193          		Thermal_Model_Reset_Counter++;
    194          		if (Thermal_Model_Reset_Counter > THERMAL_MODEL_COUNTER_MAX)
   \   000000D2   0x....             LDR.N    R1,??DataTable4_8  ;; 0x23281
   \   000000D4   0x68A0             LDR      R0,[R4, #+8]
   \   000000D6   0x1C40             ADDS     R0,R0,#+1
   \   000000D8   0x60A0             STR      R0,[R4, #+8]
   \   000000DA   0x4288             CMP      R0,R1
   \   000000DC   0xD334             BCC.N    ??ThermalModel__Handler25ms_4
    195          		{
    196          			//ThermalModel__Initialize();
    197          			Thermal_Model_Start = 0;
   \   000000DE   0x2000             MOVS     R0,#+0
    198          			Thermal_Model_Reset_Counter = 0;
    199          		}
    200          #endif
    201              }else
    202              {
    203          
    204          		if (Mode__IsProgrammingEngaged() == FALSE) //Mci is Initialized and parameters not loaded
    205          		{
    206          		    if(SettingFile__IsValid() == TRUE)
    207                      {
    208          		        SETTINGFILE_LOADER_TYPE Set_OTE_Prm_Ptr;
    209          		        if(SettingFile__BasicLoader(SF_PTR_MCU_CLASS_A_MCI, SF_DISPL_MOTOR_OTE, &Set_OTE_Prm_Ptr) == PASS)
    210                          {
    211                              ThermalModelCoreBPM_Params = (OTE2_PARAMS_BPM_TYPE *)(void*)(Set_OTE_Prm_Ptr.Data);
    212                              ParamsReady = TRUE;
    213                              Motor_Type = sBPM;
    214                              ThermalModelCoreBPM_initialize();
    215                          }
    216                          else if(SettingFile__BasicLoader(SF_PTR_MCU_CLASS_A_MCI, SF_DISPL_OTE_DD, &Set_OTE_Prm_Ptr) == PASS)
    217                          {
    218                              ThermalModelCoreDD_Params = (OTE2_PARAMS_DD_TYPE *)(void*)(Set_OTE_Prm_Ptr.Data);
    219                              ParamsReady = TRUE;
    220                              Motor_Type = DD;
    221                              ThermalModelCoreDD_initialize();
    222                          }
    223                      }
    224          		}
    225          
    226              }
    227          }
   \   000000E0   0xB002             ADD      SP,SP,#+8
   \   000000E2   0x8060             STRH     R0,[R4, #+2]
   \   000000E4   0x60A0             STR      R0,[R4, #+8]
   \   000000E6   0xECBD 0x8B02      VPOP     {D8}
   \   000000EA   0xB001             ADD      SP,SP,#+4
   \   000000EC   0xBD30             POP      {R4,R5,PC}
   \                     ??ThermalModel__Handler25ms_0: (+1)
   \   000000EE   0x.... 0x....      BL       Mode__IsProgrammingEngaged
   \   000000F2   0xBB48             CBNZ.N   R0,??ThermalModel__Handler25ms_4
   \   000000F4   0x.... 0x....      BL       SettingFile__IsValid
   \   000000F8   0x2801             CMP      R0,#+1
   \   000000FA   0xD125             BNE.N    ??ThermalModel__Handler25ms_4
   \   000000FC   0xAA00             ADD      R2,SP,#+0
   \   000000FE   0x2107             MOVS     R1,#+7
   \   00000100   0xF44F 0x7004      MOV      R0,#+528
   \   00000104   0x.... 0x....      BL       SettingFile__BasicLoader
   \   00000108   0x2801             CMP      R0,#+1
   \   0000010A   0xD10C             BNE.N    ??ThermalModel__Handler25ms_5
   \   0000010C   0x9800             LDR      R0,[SP, #+0]
   \   0000010E   0x....             LDR.N    R1,??DataTable4_4
   \   00000110   0x6008             STR      R0,[R1, #+0]
   \   00000112   0x2001             MOVS     R0,#+1
   \   00000114   0x7020             STRB     R0,[R4, #+0]
   \   00000116   0x7060             STRB     R0,[R4, #+1]
   \   00000118   0x.... 0x....      BL       ThermalModelCoreBPM_initialize
   \   0000011C   0xB002             ADD      SP,SP,#+8
   \   0000011E   0xECBD 0x8B02      VPOP     {D8}
   \   00000122   0xB001             ADD      SP,SP,#+4
   \   00000124   0xBD30             POP      {R4,R5,PC}
   \                     ??ThermalModel__Handler25ms_5: (+1)
   \   00000126   0xAA00             ADD      R2,SP,#+0
   \   00000128   0x210C             MOVS     R1,#+12
   \   0000012A   0xF44F 0x7004      MOV      R0,#+528
   \   0000012E   0x.... 0x....      BL       SettingFile__BasicLoader
   \   00000132   0x2801             CMP      R0,#+1
   \   00000134   0xD108             BNE.N    ??ThermalModel__Handler25ms_4
   \   00000136   0x9800             LDR      R0,[SP, #+0]
   \   00000138   0x....             LDR.N    R1,??DataTable4_5
   \   0000013A   0x6008             STR      R0,[R1, #+0]
   \   0000013C   0x2001             MOVS     R0,#+1
   \   0000013E   0x7020             STRB     R0,[R4, #+0]
   \   00000140   0x2002             MOVS     R0,#+2
   \   00000142   0x7060             STRB     R0,[R4, #+1]
   \   00000144   0x.... 0x....      BL       ThermalModelCoreDD_initialize
   \                     ??ThermalModel__Handler25ms_4: (+1)
   \   00000148   0xB002             ADD      SP,SP,#+8
   \   0000014A   0xECBD 0x8B02      VPOP     {D8}
   \   0000014E   0xB001             ADD      SP,SP,#+4
   \   00000150   0xBD30             POP      {R4,R5,PC}       ;; return
    228          
    229          

   \                                 In section .text, align 2, keep-with-next
    230          void ThermalModel__SetStatorTemperature(float input_temperature)
    231          {
    232              TemperatureFromRes = input_temperature;
   \                     ThermalModel__SetStatorTemperature: (+1)
   \   00000000   0x....             LDR.N    R0,??DataTable4_2
   \   00000002   0xED80 0x0A03      VSTR     S0,[R0, #+12]
    233          
    234              Set_Temperature_From_Outside = 1;
   \   00000006   0x2101             MOVS     R1,#+1
   \   00000008   0x8081             STRH     R1,[R0, #+4]
    235          
    236          }
   \   0000000A   0x4770             BX       LR               ;; return
    237          

   \                                 In section .text, align 4, keep-with-next
    238          float ThermalModel__GetStatorTemperature(void)
    239          {
   \                     ThermalModel__GetStatorTemperature: (+1)
   \   00000000   0x....             LDR.N    R0,??DataTable4_2
   \   00000002   0x7840             LDRB     R0,[R0, #+1]
   \   00000004   0x2801             CMP      R0,#+1
   \   00000006   0xBF08             IT       EQ 
    240              if(Motor_Type == sBPM)
    241              {
    242                  return (ThermalModelCoreBPM_Y.WindingTemperature);
   \   00000008   0x....             LDREQ.N  R0,??DataTable4_9
   \   0000000A   0xD002             BEQ.N    ??ThermalModel__GetStatorTemperature_0
    243              }
    244              else if (Motor_Type == DD)
   \   0000000C   0x2802             CMP      R0,#+2
   \   0000000E   0xD103             BNE.N    ??ThermalModel__GetStatorTemperature_1
    245              {
    246                  return (ThermalModelCoreDD_Y.WindingTemperature);
   \   00000010   0x....             LDR.N    R0,??DataTable4_10
   \                     ??ThermalModel__GetStatorTemperature_0: (+1)
   \   00000012   0xED90 0x0A02      VLDR     S0,[R0, #+8]
   \   00000016   0x4770             BX       LR
    247              }
    248              else
    249              {
    250                  return 0.0f;
   \                     ??ThermalModel__GetStatorTemperature_1: (+1)
   \   00000018   0xED9F 0x....      VLDR.W   S0,??DataTable4_1  ;; 0x0
   \   0000001C   0x4770             BX       LR               ;; return
    251              }
    252          }
    253          
    254          

   \                                 In section .text, align 2, keep-with-next
    255          OTE_MOTOR_ENUM_TYPE ThermalModel__GetMotorType(void)
    256          {
    257             return Motor_Type;
   \                     ThermalModel__GetMotorType: (+1)
   \   00000000   0x....             LDR.N    R0,??DataTable4_2
   \   00000002   0x7840             LDRB     R0,[R0, #+1]
   \   00000004   0x4770             BX       LR               ;; return
    258          }

   \                                 In section .text, align 4, keep-with-next
   \                     ??DataTable4:
   \   00000000   0x37800000         DC32     0x37800000

   \                                 In section .text, align 4, keep-with-next
   \                     ??DataTable4_1:
   \   00000000   0x00000000         DC32     0x0

   \                                 In section .text, align 4, keep-with-next
   \                     ??DataTable4_2:
   \   00000000   0x........         DC32     ParamsReady

   \                                 In section .text, align 4, keep-with-next
   \                     ??DataTable4_3:
   \   00000000   0x41C80000         DC32     0x41c80000

   \                                 In section .text, align 4, keep-with-next
   \                     ??DataTable4_4:
   \   00000000   0x........         DC32     ThermalModelCoreBPM_Params

   \                                 In section .text, align 4, keep-with-next
   \                     ??DataTable4_5:
   \   00000000   0x........         DC32     ThermalModelCoreDD_Params

   \                                 In section .text, align 4, keep-with-next
   \                     ??DataTable4_6:
   \   00000000   0x........         DC32     ThermalModelCoreBPM_U

   \                                 In section .text, align 4, keep-with-next
   \                     ??DataTable4_7:
   \   00000000   0x........         DC32     ThermalModelCoreDD_U

   \                                 In section .text, align 4, keep-with-next
   \                     ??DataTable4_8:
   \   00000000   0x00023281         DC32     0x23281

   \                                 In section .text, align 4, keep-with-next
   \                     ??DataTable4_9:
   \   00000000   0x........         DC32     ThermalModelCoreBPM_Y

   \                                 In section .text, align 4, keep-with-next
   \                     ??DataTable4_10:
   \   00000000   0x........         DC32     ThermalModelCoreDD_Y

   Maximum stack usage in bytes:

   .cstack Function
   ------- --------
       0   ThermalModel__GetMotorType
       0   ThermalModel__GetStatorTemperature
      32   ThermalModel__Handler25ms
        32   -> Mci__GetAnalog
        32   -> Mode__IsProgrammingEngaged
        32   -> SettingFile__BasicLoader
        32   -> SettingFile__IsValid
        32   -> ThermalModelCoreBPM_initialize
        32   -> ThermalModelCoreBPM_step
        32   -> ThermalModelCoreDD_initialize
        32   -> ThermalModelCoreDD_step
      16   ThermalModel__Initialize
        16   -> Mode__IsProgrammingEngaged
        16   -> SettingFile__BasicLoader
        16   -> SettingFile__IsValid
        16   -> ThermalModelCoreBPM_initialize
        16   -> ThermalModelCoreDD_initialize
       0   ThermalModel__SetStatorTemperature


   Section sizes:

   Bytes  Function/Label
   -----  --------------
       4  ??DataTable4
       4  ??DataTable4_1
       4  ??DataTable4_10
       4  ??DataTable4_2
       4  ??DataTable4_3
       4  ??DataTable4_4
       4  ??DataTable4_5
       4  ??DataTable4_6
       4  ??DataTable4_7
       4  ??DataTable4_8
       4  ??DataTable4_9
      24  ParamsReady
          Motor_Type
          Thermal_Model_Start
          Set_Temperature_From_Outside
          Thermal_Model_Reset_Counter
          TemperatureFromRes
          DriftAdjust
          ResetModel
       6  ThermalModel__GetMotorType
      30  ThermalModel__GetStatorTemperature
     338  ThermalModel__Handler25ms
     114  ThermalModel__Initialize
      12  ThermalModel__SetStatorTemperature

 
  24 bytes in section .bss
 544 bytes in section .text
 
 544 bytes of CODE memory
  24 bytes of DATA memory

Errors: none
Warnings: 1
