###############################################################################
#
# IAR ANSI C/C++ Compiler V7.20.5.7591/W32 for ARM        06/Aug/2024  13:42:13
# Copyright 1999-2014 IAR Systems AB.
#
#    Cpu mode     =  thumb
#    Endian       =  little
#    Source file  =  
#        C:\Data\Python\Self_Commissioning_Bpm\source\XCategory\Driver\TimerInterrupt\TimerInterrupt.c
#    Command line =  
#        -I./ -I../cx/ -I../cx/inc/ -ICategory/ -ICategory/Application/
#        -ICategory/Application/ThermalModel/
#        -ICategory/Application/ThermalModel/ThermalModelCore_DD/
#        -ICategory/Application/ThermalModel/ThermalModelCore_sBPM/
#        -ICategory/Common/ -ICategory/Common/BoardDebugging/
#        -ICategory/Common/MasterCommander/
#        -ICategory/Common/MasterCommander/Source/
#        -ICategory/Common/MasterCommander/Source/HAL/
#        -ICategory/Common/SelfCommissioning/ -ICategory/Hbl/
#        -IProjectSpecific/ -IProjectSpecific/Application/
#        -IProjectSpecific/Application/API007App/
#        -IProjectSpecific/Application/ModeManagement/
#        -IProjectSpecific/Application/MotorSelector/
#        -IProjectSpecific/Application/ProductInfo/
#        -IProjectSpecific/Application/SRMcuSpeedMonitor/
#        -IProjectSpecific/Application/ThermalModel/
#        -IProjectSpecific/CommonCore/ -IProjectSpecific/Driver/
#        -IProjectSpecific/MasterCommander/ -IProjectSpecific/Mci/
#        -IProjectSpecific/Mci/Mcl/ -IProjectSpecific/Mci/Mcl/old_xls/
#        -IXCategory/ -IXCategory/Application/
#        -IXCategory/Application/MciParametersLoader/
#        -IXCategory/Application/Mode/ -IXCategory/Application/Reveal_APIs/
#        -IXCategory/Application/Reveal_APIs/API003Disc/
#        -IXCategory/Application/Reveal_APIs/API004Debug/
#        -IXCategory/Application/Reveal_APIs/API005LowLevel/
#        -IXCategory/Application/Reveal_APIs/API007Data/
#        -IXCategory/Application/Reveal_APIs/API009System/
#        -IXCategory/Application/Reveal_APIs/API010PollVar/
#        -IXCategory/Application/Reveal_APIs/API011AppCtr/
#        -IXCategory/Application/Reveal_APIs/API013RemoteFunction/
#        -IXCategory/Application/Reveal_APIs/API018Diagnostic/
#        -IXCategory/Application/Reveal_APIs/API019ProductInfo/
#        -IXCategory/Application/Reveal_APIs/API220MotorControl/
#        -IXCategory/Application/Reveal_APIs/API220MotorControl/API/
#        -IXCategory/Application/Reveal_APIs/API221MotionCtrl/
#        -IXCategory/Application/Reveal_APIs/SRAPI020Safety/
#        -IXCategory/Application/SFUpdater/ -IXCategory/Common/
#        -IXCategory/Common/Crc16/ -IXCategory/Common/Crc8/
#        -IXCategory/Common/Log/ -IXCategory/Common/Millis/
#        -IXCategory/Common/SettingFile/ -IXCategory/Common/SRClockMonitor/
#        -IXCategory/Common/SRData/ -IXCategory/Common/SRException/
#        -IXCategory/Common/SRFlow/ -IXCategory/Common/SRIsrMonitor/
#        -IXCategory/Common/SRMain/ -IXCategory/Common/SRMcuSpeedMonitor/
#        -IXCategory/Common/SRPowerMgr/ -IXCategory/Common/SRSignature/
#        -IXCategory/Common/SRSystemConfig/
#        -IXCategory/Common/SRTimerReference/ -IXCategory/Common/SystemConfig/
#        -IXCategory/Common/SystemTimers/ -IXCategory/Common/Utilities/
#        -IXCategory/Driver/ -IXCategory/Driver/API/
#        -IXCategory/Driver/API/Comparator/ -IXCategory/Driver/API/DataFlash/
#        -IXCategory/Driver/API/Dma/ -IXCategory/Driver/API/Flash/
#        -IXCategory/Driver/API/Gpio/ -IXCategory/Driver/API/Micro/
#        -IXCategory/Driver/API/Spi/ -IXCategory/Driver/API/SRMCAtod/
#        -IXCategory/Driver/API/SRMCInputCapture/
#        -IXCategory/Driver/API/SRMCPwm/ -IXCategory/Driver/API/TimerInterrupt/
#        -IXCategory/Driver/API/Uart/ -IXCategory/Driver/Comparator/
#        -IXCategory/Driver/DataFlash/ -IXCategory/Driver/Dma/
#        -IXCategory/Driver/Flash/ -IXCategory/Driver/Gpio/
#        -IXCategory/Driver/Micro/ -IXCategory/Driver/Spi/
#        -IXCategory/Driver/SRMCAtod/ -IXCategory/Driver/SRMCInputCapture/
#        -IXCategory/Driver/SRMCPwm/ -IXCategory/Driver/TimerInterrupt/
#        -IXCategory/Driver/Uart/ -IXCategory/Hbl/ -IXCategory/Hbl/Mci/
#        -IXCategory/Hbl/Mci/InverterTemp/ -IXCategory/Hbl/Mci/Mcl/
#        -IXCategory/Hbl/Mci/Mcl/Braking/ -IXCategory/Hbl/Mci/Mcl/MacroBlocks/
#        -IXCategory/Hbl/Mci/Mcl/MclFvt/ -IXCategory/Hbl/Mci/Mcl/MicroBlocks/
#        -IXCategory/Hbl/Mci/Mcl/MicroBlocks/ClrkPark/
#        -IXCategory/Hbl/Mci/Mcl/MicroBlocks/Filters/
#        -IXCategory/Hbl/Mci/Mcl/MicroBlocks/Math/
#        -IXCategory/Hbl/Mci/Mcl/MicroBlocks/ObserverPmsm/
#        -IXCategory/Hbl/Mci/Mcl/MicroBlocks/Pi/
#        -IXCategory/Hbl/Mci/Mcl/MicroBlocks/PwmModulation/
#        -IXCategory/Hbl/Mci/Mcl/ResistanceEstimation/
#        -IXCategory/Hbl/Mci/PowerModuleManager/
#        -IXCategory/Hbl/Mci/SpeedRefGen/ -IXCategory/Hbl/Mci/SurgeRelay/
#        -IXCategory/Hbl/SRMotorSafetyMgr/
#        -IXCategory/Hbl/SRMotorSafetyMgr/API/ -IXCategory/Service/
#        -IXCategory/Service/Reveal/ -IXCategory/Service/Win/ --remarks
#        --no_tbaa --debug --use_c++_inline --only_stdout --dlib_config
#        ..\cx\inc\DLib_Config_Normal.h -r -D
#        ENABLE_JUMP_TO_APPLICATION_WITHOUT_IAP_FIRMWARE -D
#        SET_FLASH_OPTION_CONFIGURATION -D ARM_MATH_CM4 -e --silent
#        --endian=little --cpu Cortex-M4 --fpu=VFPv4_sp -Ohs -o
#        TimerInterrupt.obj -l ..\listings\TimerInterrupt.lst
#        C:\Data\Python\Self_Commissioning_Bpm\source\XCategory\Driver\TimerInterrupt\TimerInterrupt.c
#    List file    =  ..\listings\TimerInterrupt.lst
#    Object file  =  TimerInterrupt.obj
#
###############################################################################

C:\Data\Python\Self_Commissioning_Bpm\source\XCategory\Driver\TimerInterrupt\TimerInterrupt.c
      1          /**
      2           *	  @file
      3           *    @brief    Timer Interrupt GDM module for MKV03X implements the
      4           *              Timer Interrupt Standard API (Application Programming Interface)
      5           *    @details  Timer Interrupt module gives the Timer interrupt service to the application,
      6           *              basically it is initialized and after that every defined interval an interruption is generated
      7           *              which drives the slotted Architecture where user can execute the Application
      8           *
      9           *  @section    Applicable_Documents
     10           *                  List here all the applicable documents if needed. <tr>
     11           *
     12           *  $Header: TimerInterrupt.c $
     13           *
     14           *  @copyright  Copyright 2019-$Date$. Whirlpool Corporation. All rights reserved - CONFIDENTIAL
     15           */
     16          //-------------------------------------- Include Files ----------------------------------------------------------------
     17          #include "C_Extensions.h"
     18          #include "Micro.h"
     19          #include "TimerInterrupt.h"
     20          #include "string.h"
     21          
     22          //-------------------------------------- PRIVATE (Variables, Constants & Defines) -------------------------------------
     23          //=====================================================================================================================
     24          /**
     25           *    @brief  - Defines the Interrupt Interval in us
     26           *    @details- Due to the Win implementation it is strongly recommended to use the timer interrupt interval of 1ms.
     27           *              The macro value should not be changed
     28           *
     29           *    @param  - 1000 // Do not change the value
     30           *
     31           *    @note   - Following is the Example\n
     32           *              "#define INTERRUPT_INTERVAL   1000"
     33           */
     34          //=====================================================================================================================
     35          #ifndef INTERRUPT_INTERVAL
     36          #define INTERRUPT_INTERVAL          1000                    //Interrupt interval in us
     37          #endif
     38          //=====================================================================================================================
     39          /**
     40           * @brief  - This macro defines the Systik interrupt group priority.
     41           * @details- Consists of 4 interrupt groups and each group consists of 4 sub-priorities.
     42           *           Only the group priority determines preemption of interrupt exceptions.
     43           *           When the processor is executing an interrupt exception handler, another interrupt with the
     44           *           same group priority as the interrupt being handled does not preempt the handler.
     45           *           If multiple pending interrupts have the same group priority, the sub-priority field determines
     46           *           the order in which they are processed. If multiple pending interrupts have the same group priority
     47           *           and sub-priority, the interrupt with the lowest IRQ number is processed first.
     48           *           The lower the Group priority the greater the priority of the corresponding interrupt group.
     49           *           The lower the sub-priority the greater the priorities of the corresponding interrupt within the group.
     50           *
     51           *           Note - Its recommended to configure the systik at highest priority.
     52           *
     53           *
     54           * @param  - 0/1/2/3
     55           *
     56           * @note   - Following are the Examples\n
     57           *           "#define SYSTICK_PREEMPTION_PRIORITY 0"  //The Systik is in interrupt group 0 having highest priority
     58           *           "#define SYSTICK_PREEMPTION_PRIORITY 1"  //The Systik is in interrupt group 1
     59           */
     60          //=====================================================================================================================
     61          #ifndef SYSTICK_PREEMPTION_PRIORITY
     62              #define SYSTICK_PREEMPTION_PRIORITY 3
     63          #endif
     64          
     65          //=====================================================================================================================
     66          /**
     67           * @brief  - This macro defines the Systik interrupt sub-priority.
     68           * @details- Each interrupt group consists of 4 interrupt sub-priorities.
     69           *           If multiple pending interrupts have the same group priority, the sub-priority field determines the
     70           *           order in which they are processed. If multiple pending interrupts have the same group priority
     71           *           and sub-priority, the interrupt with the lowest IRQ number is processed first.
     72           *           The lower the sub-priority the greater the priorities of the corresponding interrupt within the group.
     73           *
     74           *           Note - Its recommended to configure the systik at highest priority.
     75           *
     76           * @param  - 0/1/2/3
     77           *
     78           * @note   - Following are the Examples\n
     79           *           "#define SYSTICK_SUB_PRIORITY 0"  //The Systik sub-priority is 0 having highest priority within the group
     80           *           "#define SYSTICK_SUB_PRIORITY 1"   //The Systik sub-priority is 1
     81           */
     82          //=====================================================================================================================
     83          #ifndef SYSTICK_SUB_PRIORITY
     84              #define SYSTICK_SUB_PRIORITY        3
     85          #endif
     86          
     87          //=====================================================================================================================
     88          /**
     89           * @brief  - This macro defines long duration time interrupt
     90           * @details- The value should be in milli second.
     91           *            Long interval is configured only when the TimerInterrupt__SetLongInterval() is called during low power routine,
     92           *
     93           *           Note - User should take care of the long interval time and the watchdog time
     94           *
     95           * @param  - 1 to 1000
     96           *
     97           * @note   - Following are the Examples\n
     98           *           "#define TIMERITERUPT_LONG_INTERVAL_IN_US 25000"      //systick interval tick sets for every 25ms
     99           */
    100          //=====================================================================================================================
    101          #ifndef TIMERITERUPT_LONG_INTERVAL_IN_US
    102              #define TIMERITERUPT_LONG_INTERVAL_IN_US     25000
    103          #endif
    104          
    105          #define DEF_1MHZ                			1000000			//It generates a Timer clock freq = 1MHz
    106          #define DEF_1KHZ                            1000			//It generates a Timer clock freq = 1KHz
    107          
    108          #define TIMER_RELOAD_COUNT()            (Micro__GetClock()->HCLK_Frequency / (DEF_1MHZ/INTERRUPT_INTERVAL));
    109          #define TIMER_RELOAD_LONG_COUNT()       (Micro__GetClock()->HCLK_Frequency / (DEF_1MHZ/TIMERITERUPT_LONG_INTERVAL_IN_MS));
    110          #define HCLK_IN_MHZ()                   (Micro__GetClock()->HCLK_Frequency / DEF_1MHZ)
    111          //=====================================================================================================================
    112          //-------------------------------------- Public Functions -------------------------------------------------------------
    113          //=====================================================================================================================
    114          //---------------------------------------------------------------------------------------------------------------------
    115          /**
    116           *    @brief    This method initializes the Timer interrupt module
    117           *    @details  1. This method should be called after initialization of all the modules like micro, Gpio, Hmi, Lsi,
    118           *    				Wide etc.
    119           *
    120           *              2. This function initializes the system tick timer and its interrupt and start the system tick timer.
    121           *		           Counter is in free running mode to generate periodical interrupts.
    122           *
    123           *		        3. You can change the SysTick IRQ priority by changing the below macro -
    124           *		        	#define SYSTICK_PREEMPTION_PRIORITY		0
    125           *
    126           *		        4. SysTick time base uses the below formula:
    127           *		                 Reload Value = SysTick Counter Clock (Hz) x  Desired Time base (s)
    128           */

   \                                 In section .text, align 2, keep-with-next
    129          void TimerInterrupt__Initialize(void)
    130          {
   \                     TimerInterrupt__Initialize: (+1)
   \   00000000   0xB510             PUSH     {R4,LR}
    131          
    132          	//Disable the System Core timer
    133          	SYSTICK.CTRL &= SYSTICK_COUNTER_DISABLE;
   \   00000002   0x....             LDR.N    R4,??DataTable1  ;; 0xe000e010
   \   00000004   0x6820             LDR      R0,[R4, #+0]
   \   00000006   0x0840             LSRS     R0,R0,#+1
   \   00000008   0x0040             LSLS     R0,R0,#+1
   \   0000000A   0x6020             STR      R0,[R4, #+0]
    134          
    135          	 //AHB clock divided by 8 selected as SysTick clock source.
    136          	SYSTICK.LOAD  = TIMER_RELOAD_COUNT();
   \   0000000C   0x.... 0x....      BL       Micro__GetClock
   \   00000010   0xF44F 0x617A      MOV      R1,#+4000
   \   00000014   0x6840             LDR      R0,[R0, #+4]
   \   00000016   0xFBB0 0xF0F1      UDIV     R0,R0,R1
   \   0000001A   0x6060             STR      R0,[R4, #+4]
    137          
    138          	//Set Priority for SysTick_IRQ_CHANNEL
    139          	Micro__NVICEnableIRQ (SYSTICK_IRQ_CHANNEL, SYSTICK_PREEMPTION_PRIORITY, SYSTICK_SUB_PRIORITY);
   \   0000001C   0x2201             MOVS     R2,#+1
   \   0000001E   0x2101             MOVS     R1,#+1
   \   00000020   0xF04F 0x30FF      MOV      R0,#-1
   \   00000024   0x.... 0x....      BL       Micro__NVICEnableIRQ
    140          
    141          	SYSTICK.VAL   = 0;
   \   00000028   0x2000             MOVS     R0,#+0
   \   0000002A   0x60A0             STR      R0,[R4, #+8]
    142          
    143          	// Enable SysTick IRQ CLock source and SysTick Timer
    144          	SYSTICK.CTRL  = SYSTICK_CTRL_CLKSOURCE_MSK | SYSTICK_CTRL_TICKINT_MSK | SYSTICK_CTRL_ENABLE_MSK;
   \   0000002C   0x2007             MOVS     R0,#+7
   \   0000002E   0x6020             STR      R0,[R4, #+0]
    145          
    146          }
   \   00000030   0xBD10             POP      {R4,PC}          ;; return
    147          
    148          
    149          //---------------------------------------------------------------------------------------------------------------------
    150          /**
    151           *    @brief    It sets the timer interrupt for long duration
    152           *    @details  Long interval value is depends on the 'TIMERITERUPT_LONG_INTERVAL_IN_MS' macro value
    153           */

   \                                 In section .text, align 2, keep-with-next
    154          void TimerInterrupt__SetLongInterval(void)
    155          {
   \                     TimerInterrupt__SetLongInterval: (+1)
   \   00000000   0xB510             PUSH     {R4,LR}
    156          	//Disable the System Core timer
    157          	SYSTICK.CTRL &= SYSTICK_COUNTER_DISABLE;
   \   00000002   0x....             LDR.N    R4,??DataTable1  ;; 0xe000e010
   \   00000004   0x6820             LDR      R0,[R4, #+0]
   \   00000006   0x0840             LSRS     R0,R0,#+1
   \   00000008   0x0040             LSLS     R0,R0,#+1
   \   0000000A   0x6020             STR      R0,[R4, #+0]
    158          
    159          	 //AHB clock divided by 8 selected as SysTick clock source.
    160              SYSTICK.LOAD  = TIMER_RELOAD_LONG_COUNT();
   \   0000000C   0x.... 0x....      BL       Micro__GetClock
   \   00000010   0x2164             MOVS     R1,#+100
   \   00000012   0x6840             LDR      R0,[R0, #+4]
   \   00000014   0xFBB0 0xF0F1      UDIV     R0,R0,R1
   \   00000018   0x6060             STR      R0,[R4, #+4]
    161          
    162              //Configure the SysTick handler priority
    163              Micro__NVICEnableIRQ (SYSTICK_IRQ_CHANNEL, SYSTICK_PREEMPTION_PRIORITY, SYSTICK_SUB_PRIORITY);
   \   0000001A   0x2201             MOVS     R2,#+1
   \   0000001C   0x2101             MOVS     R1,#+1
   \   0000001E   0xF04F 0x30FF      MOV      R0,#-1
   \   00000022   0x.... 0x....      BL       Micro__NVICEnableIRQ
    164          
    165              SYSTICK.VAL   = 0;
   \   00000026   0x2000             MOVS     R0,#+0
   \   00000028   0x60A0             STR      R0,[R4, #+8]
    166          
    167              // Enable SysTick IRQ CLock source and SysTick Timer
    168              SYSTICK.CTRL  = SYSTICK_CTRL_CLKSOURCE_MSK | SYSTICK_CTRL_TICKINT_MSK | SYSTICK_CTRL_ENABLE_MSK;
   \   0000002A   0x2007             MOVS     R0,#+7
   \   0000002C   0x6020             STR      R0,[R4, #+0]
    169          
    170              SERVICE_WATCHDOG();
   \   0000002E   0xF3EF 0x8010      MRS      R0,PRIMASK
   \   00000032   0xB672             CPSID    I
   \   00000034   0x....             LDR.N    R1,??DataTable1_1  ;; 0x4005200c
   \   00000036   0xF24A 0x6202      MOVW     R2,#+42498
   \   0000003A   0x800A             STRH     R2,[R1, #+0]
   \   0000003C   0xF24B 0x4280      MOVW     R2,#+46208
   \   00000040   0x800A             STRH     R2,[R1, #+0]
   \   00000042   0xF380 0x8810      MSR      PRIMASK,R0
    171          }
   \   00000046   0xBD10             POP      {R4,PC}          ;; return

   \                                 In section .text, align 4, keep-with-next
   \                     ??DataTable1:
   \   00000000   0xE000E010         DC32     0xe000e010

   \                                 In section .text, align 4, keep-with-next
   \                     ??DataTable1_1:
   \   00000000   0x4005200C         DC32     0x4005200c
    172          

   Maximum stack usage in bytes:

   .cstack Function
   ------- --------
       8   TimerInterrupt__Initialize
         8   -> Micro__GetClock
         8   -> Micro__NVICEnableIRQ
       8   TimerInterrupt__SetLongInterval
         8   -> Micro__GetClock
         8   -> Micro__NVICEnableIRQ


   Section sizes:

   Bytes  Function/Label
   -----  --------------
       4  ??DataTable1
       4  ??DataTable1_1
      50  TimerInterrupt__Initialize
      72  TimerInterrupt__SetLongInterval

 
 130 bytes in section .text
 
 130 bytes of CODE memory

Errors: none
Warnings: none
